Java HotSpot(TM) 64-Bit Server VM (25.91-b14) for linux-amd64 JRE (1.8.0_91-b14), built on Apr  1 2016 00:57:21 by "java_re" with gcc 4.3.0 20080428 (Red Hat 4.3.0-8)
Memory: 4k page, physical 371314764k(304444768k free), swap 0k(0k free)
CommandLine flags: -XX:+HeapDumpOnOutOfMemoryError -XX:HeapDumpPath=/app/logs/heapdump.hprof -XX:InitialHeapSize=3221225472 -XX:+ManagementServer -XX:MaxHeapSize=3221225472 -XX:+PrintGC -XX:+PrintGCDateStamps -XX:+PrintGCDetails -XX:+PrintGCTimeStamps -XX:+PrintHeapAtGC -XX:+UseCompressedClassPointers -XX:+UseCompressedOops -XX:+UseParallelGC 
{Heap before GC invocations=1 (full 0):
 PSYoungGen      total 917504K, used 471864K [0x0000000780000000, 0x00000007c0000000, 0x00000007c0000000)
  eden space 786432K, 60% used [0x0000000780000000,0x000000079ccce098,0x00000007b0000000)
  from space 131072K, 0% used [0x00000007b8000000,0x00000007b8000000,0x00000007c0000000)
  to   space 131072K, 0% used [0x00000007b0000000,0x00000007b0000000,0x00000007b8000000)
 ParOldGen       total 2097152K, used 0K [0x0000000700000000, 0x0000000780000000, 0x0000000780000000)
  object space 2097152K, 0% used [0x0000000700000000,0x0000000700000000,0x0000000780000000)
 Metaspace       used 20657K, capacity 21208K, committed 21376K, reserved 1067008K
  class space    used 2690K, capacity 2848K, committed 2944K, reserved 1048576K
2020-10-26T14:09:51.783+0800: 4.834: [GC (GCLocker Initiated GC) [PSYoungGen: 471864K->14125K(917504K)] 471864K->14213K(3014656K), 0.2900668 secs] [Times: user=0.29 sys=0.10, real=0.29 secs] 
Heap after GC invocations=1 (full 0):
 PSYoungGen      total 917504K, used 14125K [0x0000000780000000, 0x00000007c0000000, 0x00000007c0000000)
  eden space 786432K, 0% used [0x0000000780000000,0x0000000780000000,0x00000007b0000000)
  from space 131072K, 10% used [0x00000007b0000000,0x00000007b0dcb6c0,0x00000007b8000000)
  to   space 131072K, 0% used [0x00000007b8000000,0x00000007b8000000,0x00000007c0000000)
 ParOldGen       total 2097152K, used 88K [0x0000000700000000, 0x0000000780000000, 0x0000000780000000)
  object space 2097152K, 0% used [0x0000000700000000,0x0000000700016010,0x0000000780000000)
 Metaspace       used 20657K, capacity 21208K, committed 21376K, reserved 1067008K
  class space    used 2690K, capacity 2848K, committed 2944K, reserved 1048576K
}
{Heap before GC invocations=2 (full 0):
 PSYoungGen      total 917504K, used 41913K [0x0000000780000000, 0x00000007c0000000, 0x00000007c0000000)
  eden space 786432K, 3% used [0x0000000780000000,0x0000000781b22d90,0x00000007b0000000)
  from space 131072K, 10% used [0x00000007b0000000,0x00000007b0dcb6c0,0x00000007b8000000)
  to   space 131072K, 0% used [0x00000007b8000000,0x00000007b8000000,0x00000007c0000000)
 ParOldGen       total 2097152K, used 88K [0x0000000700000000, 0x0000000780000000, 0x0000000780000000)
  object space 2097152K, 0% used [0x0000000700000000,0x0000000700016010,0x0000000780000000)
 Metaspace       used 21029K, capacity 21538K, committed 21628K, reserved 1069056K
  class space    used 2730K, capacity 2891K, committed 2944K, reserved 1048576K
2020-10-26T14:09:52.154+0800: 5.205: [GC (Metadata GC Threshold) [PSYoungGen: 41913K->6137K(917504K)] 42001K->6233K(3014656K), 0.0090574 secs] [Times: user=0.08 sys=0.01, real=0.01 secs] 
Heap after GC invocations=2 (full 0):
 PSYoungGen      total 917504K, used 6137K [0x0000000780000000, 0x00000007c0000000, 0x00000007c0000000)
  eden space 786432K, 0% used [0x0000000780000000,0x0000000780000000,0x00000007b0000000)
  from space 131072K, 4% used [0x00000007b8000000,0x00000007b85fe640,0x00000007c0000000)
  to   space 131072K, 0% used [0x00000007b0000000,0x00000007b0000000,0x00000007b8000000)
 ParOldGen       total 2097152K, used 96K [0x0000000700000000, 0x0000000780000000, 0x0000000780000000)
  object space 2097152K, 0% used [0x0000000700000000,0x0000000700018010,0x0000000780000000)
 Metaspace       used 21029K, capacity 21538K, committed 21628K, reserved 1069056K
  class space    used 2730K, capacity 2891K, committed 2944K, reserved 1048576K
}
{Heap before GC invocations=3 (full 1):
 PSYoungGen      total 917504K, used 6137K [0x0000000780000000, 0x00000007c0000000, 0x00000007c0000000)
  eden space 786432K, 0% used [0x0000000780000000,0x0000000780000000,0x00000007b0000000)
  from space 131072K, 4% used [0x00000007b8000000,0x00000007b85fe640,0x00000007c0000000)
  to   space 131072K, 0% used [0x00000007b0000000,0x00000007b0000000,0x00000007b8000000)
 ParOldGen       total 2097152K, used 96K [0x0000000700000000, 0x0000000780000000, 0x0000000780000000)
  object space 2097152K, 0% used [0x0000000700000000,0x0000000700018010,0x0000000780000000)
 Metaspace       used 21029K, capacity 21538K, committed 21628K, reserved 1069056K
  class space    used 2730K, capacity 2891K, committed 2944K, reserved 1048576K
2020-10-26T14:09:52.163+0800: 5.214: [Full GC (Metadata GC Threshold) [PSYoungGen: 6137K->0K(917504K)] [ParOldGen: 96K->5818K(2097152K)] 6233K->5818K(3014656K), [Metaspace: 21029K->21028K(1069056K)], 0.1162387 secs] [Times: user=0.17 sys=0.01, real=0.12 secs] 
Heap after GC invocations=3 (full 1):
 PSYoungGen      total 917504K, used 0K [0x0000000780000000, 0x00000007c0000000, 0x00000007c0000000)
  eden space 786432K, 0% used [0x0000000780000000,0x0000000780000000,0x00000007b0000000)
  from space 131072K, 0% used [0x00000007b8000000,0x00000007b8000000,0x00000007c0000000)
  to   space 131072K, 0% used [0x00000007b0000000,0x00000007b0000000,0x00000007b8000000)
 ParOldGen       total 2097152K, used 5818K [0x0000000700000000, 0x0000000780000000, 0x0000000780000000)
  object space 2097152K, 0% used [0x0000000700000000,0x00000007005aebb0,0x0000000780000000)
 Metaspace       used 21028K, capacity 21532K, committed 21628K, reserved 1069056K
  class space    used 2730K, capacity 2890K, committed 2944K, reserved 1048576K
}
{Heap before GC invocations=4 (full 1):
 PSYoungGen      total 917504K, used 679874K [0x0000000780000000, 0x00000007c0000000, 0x00000007c0000000)
  eden space 786432K, 86% used [0x0000000780000000,0x00000007a97f0970,0x00000007b0000000)
  from space 131072K, 0% used [0x00000007b8000000,0x00000007b8000000,0x00000007c0000000)
  to   space 131072K, 0% used [0x00000007b0000000,0x00000007b0000000,0x00000007b8000000)
 ParOldGen       total 2097152K, used 5818K [0x0000000700000000, 0x0000000780000000, 0x0000000780000000)
  object space 2097152K, 0% used [0x0000000700000000,0x00000007005aebb0,0x0000000780000000)
 Metaspace       used 34650K, capacity 35837K, committed 36048K, reserved 1081344K
  class space    used 4360K, capacity 4608K, committed 4608K, reserved 1048576K
2020-10-26T14:10:06.670+0800: 19.721: [GC (Metadata GC Threshold) [PSYoungGen: 679874K->33710K(917504K)] 685693K->39545K(3014656K), 0.6073580 secs] [Times: user=0.67 sys=0.27, real=0.61 secs] 
Heap after GC invocations=4 (full 1):
 PSYoungGen      total 917504K, used 33710K [0x0000000780000000, 0x00000007c0000000, 0x00000007c0000000)
  eden space 786432K, 0% used [0x0000000780000000,0x0000000780000000,0x00000007b0000000)
  from space 131072K, 25% used [0x00000007b0000000,0x00000007b20ebb38,0x00000007b8000000)
  to   space 131072K, 0% used [0x00000007b8000000,0x00000007b8000000,0x00000007c0000000)
 ParOldGen       total 2097152K, used 5834K [0x0000000700000000, 0x0000000780000000, 0x0000000780000000)
  object space 2097152K, 0% used [0x0000000700000000,0x00000007005b2bb0,0x0000000780000000)
 Metaspace       used 34650K, capacity 35837K, committed 36048K, reserved 1081344K
  class space    used 4360K, capacity 4608K, committed 4608K, reserved 1048576K
}
{Heap before GC invocations=5 (full 2):
 PSYoungGen      total 917504K, used 33710K [0x0000000780000000, 0x00000007c0000000, 0x00000007c0000000)
  eden space 786432K, 0% used [0x0000000780000000,0x0000000780000000,0x00000007b0000000)
  from space 131072K, 25% used [0x00000007b0000000,0x00000007b20ebb38,0x00000007b8000000)
  to   space 131072K, 0% used [0x00000007b8000000,0x00000007b8000000,0x00000007c0000000)
 ParOldGen       total 2097152K, used 5834K [0x0000000700000000, 0x0000000780000000, 0x0000000780000000)
  object space 2097152K, 0% used [0x0000000700000000,0x00000007005b2bb0,0x0000000780000000)
 Metaspace       used 34650K, capacity 35837K, committed 36048K, reserved 1081344K
  class space    used 4360K, capacity 4608K, committed 4608K, reserved 1048576K
2020-10-26T14:10:07.353+0800: 20.404: [Full GC (Metadata GC Threshold) [PSYoungGen: 33710K->0K(917504K)] [ParOldGen: 5834K->37633K(2097152K)] 39545K->37633K(3014656K), [Metaspace: 34650K->34650K(1081344K)], 1.1066581 secs] [Times: user=1.60 sys=0.09, real=1.11 secs] 
Heap after GC invocations=5 (full 2):
 PSYoungGen      total 917504K, used 0K [0x0000000780000000, 0x00000007c0000000, 0x00000007c0000000)
  eden space 786432K, 0% used [0x0000000780000000,0x0000000780000000,0x00000007b0000000)
  from space 131072K, 0% used [0x00000007b0000000,0x00000007b0000000,0x00000007b8000000)
  to   space 131072K, 0% used [0x00000007b8000000,0x00000007b8000000,0x00000007c0000000)
 ParOldGen       total 2097152K, used 37633K [0x0000000700000000, 0x0000000780000000, 0x0000000780000000)
  object space 2097152K, 1% used [0x0000000700000000,0x00000007024c06e0,0x0000000780000000)
 Metaspace       used 34650K, capacity 35837K, committed 36048K, reserved 1081344K
  class space    used 4360K, capacity 4608K, committed 4608K, reserved 1048576K
}
{Heap before GC invocations=6 (full 2):
 PSYoungGen      total 917504K, used 786432K [0x0000000780000000, 0x00000007c0000000, 0x00000007c0000000)
  eden space 786432K, 100% used [0x0000000780000000,0x00000007b0000000,0x00000007b0000000)
  from space 131072K, 0% used [0x00000007b0000000,0x00000007b0000000,0x00000007b8000000)
  to   space 131072K, 0% used [0x00000007b8000000,0x00000007b8000000,0x00000007c0000000)
 ParOldGen       total 2097152K, used 37633K [0x0000000700000000, 0x0000000780000000, 0x0000000780000000)
  object space 2097152K, 1% used [0x0000000700000000,0x00000007024c06e0,0x0000000780000000)
 Metaspace       used 55045K, capacity 56973K, committed 57296K, reserved 1099776K
  class space    used 6747K, capacity 7095K, committed 7168K, reserved 1048576K
2020-10-26T14:10:22.454+0800: 35.505: [GC (Allocation Failure) [PSYoungGen: 786432K->32224K(917504K)] 824065K->69873K(3014656K), 0.4080483 secs] [Times: user=0.39 sys=0.22, real=0.41 secs] 
Heap after GC invocations=6 (full 2):
 PSYoungGen      total 917504K, used 32224K [0x0000000780000000, 0x00000007c0000000, 0x00000007c0000000)
  eden space 786432K, 0% used [0x0000000780000000,0x0000000780000000,0x00000007b0000000)
  from space 131072K, 24% used [0x00000007b8000000,0x00000007b9f78060,0x00000007c0000000)
  to   space 131072K, 0% used [0x00000007b0000000,0x00000007b0000000,0x00000007b8000000)
 ParOldGen       total 2097152K, used 37649K [0x0000000700000000, 0x0000000780000000, 0x0000000780000000)
  object space 2097152K, 1% used [0x0000000700000000,0x00000007024c46e0,0x0000000780000000)
 Metaspace       used 55045K, capacity 56973K, committed 57296K, reserved 1099776K
  class space    used 6747K, capacity 7095K, committed 7168K, reserved 1048576K
}
{Heap before GC invocations=7 (full 2):
 PSYoungGen      total 917504K, used 148593K [0x0000000780000000, 0x00000007c0000000, 0x00000007c0000000)
  eden space 786432K, 14% used [0x0000000780000000,0x00000007871a4748,0x00000007b0000000)
  from space 131072K, 24% used [0x00000007b8000000,0x00000007b9f78060,0x00000007c0000000)
  to   space 131072K, 0% used [0x00000007b0000000,0x00000007b0000000,0x00000007b8000000)
 ParOldGen       total 2097152K, used 37649K [0x0000000700000000, 0x0000000780000000, 0x0000000780000000)
  object space 2097152K, 1% used [0x0000000700000000,0x00000007024c46e0,0x0000000780000000)
 Metaspace       used 57960K, capacity 59839K, committed 60080K, reserved 1101824K
  class space    used 7169K, capacity 7552K, committed 7552K, reserved 1048576K
2020-10-26T14:10:25.891+0800: 38.942: [GC (Metadata GC Threshold) [PSYoungGen: 148593K->23785K(917504K)] 186243K->61450K(3014656K), 0.2735332 secs] [Times: user=0.25 sys=0.13, real=0.27 secs] 
Heap after GC invocations=7 (full 2):
 PSYoungGen      total 917504K, used 23785K [0x0000000780000000, 0x00000007c0000000, 0x00000007c0000000)
  eden space 786432K, 0% used [0x0000000780000000,0x0000000780000000,0x00000007b0000000)
  from space 131072K, 18% used [0x00000007b0000000,0x00000007b173a490,0x00000007b8000000)
  to   space 41472K, 0% used [0x00000007bd780000,0x00000007bd780000,0x00000007c0000000)
 ParOldGen       total 2097152K, used 37665K [0x0000000700000000, 0x0000000780000000, 0x0000000780000000)
  object space 2097152K, 1% used [0x0000000700000000,0x00000007024c86f0,0x0000000780000000)
 Metaspace       used 57960K, capacity 59839K, committed 60080K, reserved 1101824K
  class space    used 7169K, capacity 7552K, committed 7552K, reserved 1048576K
}
{Heap before GC invocations=8 (full 3):
 PSYoungGen      total 917504K, used 23785K [0x0000000780000000, 0x00000007c0000000, 0x00000007c0000000)
  eden space 786432K, 0% used [0x0000000780000000,0x0000000780000000,0x00000007b0000000)
  from space 131072K, 18% used [0x00000007b0000000,0x00000007b173a490,0x00000007b8000000)
  to   space 41472K, 0% used [0x00000007bd780000,0x00000007bd780000,0x00000007c0000000)
 ParOldGen       total 2097152K, used 37665K [0x0000000700000000, 0x0000000780000000, 0x0000000780000000)
  object space 2097152K, 1% used [0x0000000700000000,0x00000007024c86f0,0x0000000780000000)
 Metaspace       used 57960K, capacity 59839K, committed 60080K, reserved 1101824K
  class space    used 7169K, capacity 7552K, committed 7552K, reserved 1048576K
2020-10-26T14:10:26.165+0800: 39.216: [Full GC (Metadata GC Threshold) [PSYoungGen: 23785K->0K(917504K)] [ParOldGen: 37665K->44522K(2097152K)] 61450K->44522K(3014656K), [Metaspace: 57960K->57960K(1101824K)], 2.5951010 secs] [Times: user=3.67 sys=0.19, real=2.60 secs] 
Heap after GC invocations=8 (full 3):
 PSYoungGen      total 917504K, used 0K [0x0000000780000000, 0x00000007c0000000, 0x00000007c0000000)
  eden space 786432K, 0% used [0x0000000780000000,0x0000000780000000,0x00000007b0000000)
  from space 131072K, 0% used [0x00000007b0000000,0x00000007b0000000,0x00000007b8000000)
  to   space 41472K, 0% used [0x00000007bd780000,0x00000007bd780000,0x00000007c0000000)
 ParOldGen       total 2097152K, used 44522K [0x0000000700000000, 0x0000000780000000, 0x0000000780000000)
  object space 2097152K, 2% used [0x0000000700000000,0x0000000702b7abc0,0x0000000780000000)
 Metaspace       used 57960K, capacity 59839K, committed 60080K, reserved 1101824K
  class space    used 7169K, capacity 7552K, committed 7552K, reserved 1048576K
}
{Heap before GC invocations=9 (full 3):
 PSYoungGen      total 917504K, used 786432K [0x0000000780000000, 0x00000007c0000000, 0x00000007c0000000)
  eden space 786432K, 100% used [0x0000000780000000,0x00000007b0000000,0x00000007b0000000)
  from space 131072K, 0% used [0x00000007b0000000,0x00000007b0000000,0x00000007b8000000)
  to   space 41472K, 0% used [0x00000007bd780000,0x00000007bd780000,0x00000007c0000000)
 ParOldGen       total 2097152K, used 44522K [0x0000000700000000, 0x0000000780000000, 0x0000000780000000)
  object space 2097152K, 2% used [0x0000000700000000,0x0000000702b7abc0,0x0000000780000000)
 Metaspace       used 80962K, capacity 83835K, committed 83920K, reserved 1122304K
  class space    used 10412K, capacity 10928K, committed 11008K, reserved 1048576K
2020-10-26T14:10:51.868+0800: 64.919: [GC (Allocation Failure) [PSYoungGen: 786432K->36860K(996864K)] 830954K->81399K(3094016K), 0.2861171 secs] [Times: user=0.25 sys=0.12, real=0.28 secs] 
Heap after GC invocations=9 (full 3):
 PSYoungGen      total 996864K, used 36860K [0x0000000780000000, 0x00000007c0000000, 0x00000007c0000000)
  eden space 955392K, 0% used [0x0000000780000000,0x0000000780000000,0x00000007ba500000)
  from space 41472K, 88% used [0x00000007bd780000,0x00000007bfb7f318,0x00000007c0000000)
  to   space 46592K, 0% used [0x00000007ba500000,0x00000007ba500000,0x00000007bd280000)
 ParOldGen       total 2097152K, used 44538K [0x0000000700000000, 0x0000000780000000, 0x0000000780000000)
  object space 2097152K, 2% used [0x0000000700000000,0x0000000702b7ebc0,0x0000000780000000)
 Metaspace       used 80962K, capacity 83835K, committed 83920K, reserved 1122304K
  class space    used 10412K, capacity 10928K, committed 11008K, reserved 1048576K
}
{Heap before GC invocations=10 (full 3):
 PSYoungGen      total 996864K, used 992252K [0x0000000780000000, 0x00000007c0000000, 0x00000007c0000000)
  eden space 955392K, 100% used [0x0000000780000000,0x00000007ba500000,0x00000007ba500000)
  from space 41472K, 88% used [0x00000007bd780000,0x00000007bfb7f318,0x00000007c0000000)
  to   space 46592K, 0% used [0x00000007ba500000,0x00000007ba500000,0x00000007bd280000)
 ParOldGen       total 2097152K, used 44538K [0x0000000700000000, 0x0000000780000000, 0x0000000780000000)
  object space 2097152K, 2% used [0x0000000700000000,0x0000000702b7ebc0,0x0000000780000000)
 Metaspace       used 85423K, capacity 90083K, committed 90192K, reserved 1128448K
  class space    used 11031K, capacity 11862K, committed 11904K, reserved 1048576K
2020-10-26T14:13:32.370+0800: 225.420: [GC (Allocation Failure) [PSYoungGen: 992252K->26442K(1001984K)] 1036791K->70989K(3099136K), 0.3003258 secs] [Times: user=0.32 sys=0.22, real=0.30 secs] 
Heap after GC invocations=10 (full 3):
 PSYoungGen      total 1001984K, used 26442K [0x0000000780000000, 0x00000007c0000000, 0x00000007c0000000)
  eden space 955392K, 0% used [0x0000000780000000,0x0000000780000000,0x00000007ba500000)
  from space 46592K, 56% used [0x00000007ba500000,0x00000007bbed2a98,0x00000007bd280000)
  to   space 44544K, 0% used [0x00000007bd480000,0x00000007bd480000,0x00000007c0000000)
 ParOldGen       total 2097152K, used 44546K [0x0000000700000000, 0x0000000780000000, 0x0000000780000000)
  object space 2097152K, 2% used [0x0000000700000000,0x0000000702b80bc0,0x0000000780000000)
 Metaspace       used 85423K, capacity 90083K, committed 90192K, reserved 1128448K
  class space    used 11031K, capacity 11862K, committed 11904K, reserved 1048576K
}
{Heap before GC invocations=11 (full 3):
 PSYoungGen      total 1001984K, used 981834K [0x0000000780000000, 0x00000007c0000000, 0x00000007c0000000)
  eden space 955392K, 100% used [0x0000000780000000,0x00000007ba500000,0x00000007ba500000)
  from space 46592K, 56% used [0x00000007ba500000,0x00000007bbed2a98,0x00000007bd280000)
  to   space 44544K, 0% used [0x00000007bd480000,0x00000007bd480000,0x00000007c0000000)
 ParOldGen       total 2097152K, used 44546K [0x0000000700000000, 0x0000000780000000, 0x0000000780000000)
  object space 2097152K, 2% used [0x0000000700000000,0x0000000702b80bc0,0x0000000780000000)
 Metaspace       used 85846K, capacity 90445K, committed 90704K, reserved 1128448K
  class space    used 11035K, capacity 11869K, committed 11904K, reserved 1048576K
2020-10-26T14:18:02.362+0800: 495.413: [GC (Allocation Failure) [PSYoungGen: 981834K->24168K(1006080K)] 1026381K->68723K(3103232K), 0.2998405 secs] [Times: user=0.28 sys=0.19, real=0.30 secs] 
Heap after GC invocations=11 (full 3):
 PSYoungGen      total 1006080K, used 24168K [0x0000000780000000, 0x00000007c0000000, 0x00000007c0000000)
  eden space 961536K, 0% used [0x0000000780000000,0x0000000780000000,0x00000007bab00000)
  from space 44544K, 54% used [0x00000007bd480000,0x00000007bec1a1b0,0x00000007c0000000)
  to   space 42496K, 0% used [0x00000007bab00000,0x00000007bab00000,0x00000007bd480000)
 ParOldGen       total 2097152K, used 44554K [0x0000000700000000, 0x0000000780000000, 0x0000000780000000)
  object space 2097152K, 2% used [0x0000000700000000,0x0000000702b82bc0,0x0000000780000000)
 Metaspace       used 85846K, capacity 90445K, committed 90704K, reserved 1128448K
  class space    used 11035K, capacity 11869K, committed 11904K, reserved 1048576K
}
{Heap before GC invocations=12 (full 3):
 PSYoungGen      total 1006080K, used 985704K [0x0000000780000000, 0x00000007c0000000, 0x00000007c0000000)
  eden space 961536K, 100% used [0x0000000780000000,0x00000007bab00000,0x00000007bab00000)
  from space 44544K, 54% used [0x00000007bd480000,0x00000007bec1a1b0,0x00000007c0000000)
  to   space 42496K, 0% used [0x00000007bab00000,0x00000007bab00000,0x00000007bd480000)
 ParOldGen       total 2097152K, used 44554K [0x0000000700000000, 0x0000000780000000, 0x0000000780000000)
  object space 2097152K, 2% used [0x0000000700000000,0x0000000702b82bc0,0x0000000780000000)
 Metaspace       used 86132K, capacity 90701K, committed 90960K, reserved 1128448K
  class space    used 11035K, capacity 11869K, committed 11904K, reserved 1048576K
2020-10-26T14:22:47.389+0800: 780.440: [GC (Allocation Failure) [PSYoungGen: 985704K->24216K(1004032K)] 1030259K->68779K(3101184K), 0.3825385 secs] [Times: user=0.48 sys=0.22, real=0.38 secs] 
Heap after GC invocations=12 (full 3):
 PSYoungGen      total 1004032K, used 24216K [0x0000000780000000, 0x00000007c0000000, 0x00000007c0000000)
  eden space 961536K, 0% used [0x0000000780000000,0x0000000780000000,0x00000007bab00000)
  from space 42496K, 56% used [0x00000007bab00000,0x00000007bc2a61a0,0x00000007bd480000)
  to   space 40448K, 0% used [0x00000007bd880000,0x00000007bd880000,0x00000007c0000000)
 ParOldGen       total 2097152K, used 44562K [0x0000000700000000, 0x0000000780000000, 0x0000000780000000)
  object space 2097152K, 2% used [0x0000000700000000,0x0000000702b84bc0,0x0000000780000000)
 Metaspace       used 86132K, capacity 90701K, committed 90960K, reserved 1128448K
  class space    used 11035K, capacity 11869K, committed 11904K, reserved 1048576K
}
{Heap before GC invocations=13 (full 3):
 PSYoungGen      total 1004032K, used 985752K [0x0000000780000000, 0x00000007c0000000, 0x00000007c0000000)
  eden space 961536K, 100% used [0x0000000780000000,0x00000007bab00000,0x00000007bab00000)
  from space 42496K, 56% used [0x00000007bab00000,0x00000007bc2a61a0,0x00000007bd480000)
  to   space 40448K, 0% used [0x00000007bd880000,0x00000007bd880000,0x00000007c0000000)
 ParOldGen       total 2097152K, used 44562K [0x0000000700000000, 0x0000000780000000, 0x0000000780000000)
  object space 2097152K, 2% used [0x0000000700000000,0x0000000702b84bc0,0x0000000780000000)
 Metaspace       used 86266K, capacity 90835K, committed 90960K, reserved 1128448K
  class space    used 11036K, capacity 11870K, committed 11904K, reserved 1048576K
2020-10-26T14:27:42.389+0800: 1075.440: [GC (Allocation Failure) [PSYoungGen: 985752K->24312K(1009664K)] 1030315K->68883K(3106816K), 0.2829129 secs] [Times: user=0.35 sys=0.20, real=0.28 secs] 
Heap after GC invocations=13 (full 3):
 PSYoungGen      total 1009664K, used 24312K [0x0000000780000000, 0x00000007c0000000, 0x00000007c0000000)
  eden space 969216K, 0% used [0x0000000780000000,0x0000000780000000,0x00000007bb280000)
  from space 40448K, 60% used [0x00000007bd880000,0x00000007bf03e1a0,0x00000007c0000000)
  to   space 38912K, 0% used [0x00000007bb280000,0x00000007bb280000,0x00000007bd880000)
 ParOldGen       total 2097152K, used 44570K [0x0000000700000000, 0x0000000780000000, 0x0000000780000000)
  object space 2097152K, 2% used [0x0000000700000000,0x0000000702b86bc0,0x0000000780000000)
 Metaspace       used 86266K, capacity 90835K, committed 90960K, reserved 1128448K
  class space    used 11036K, capacity 11870K, committed 11904K, reserved 1048576K
}
{Heap before GC invocations=14 (full 3):
 PSYoungGen      total 1009664K, used 993528K [0x0000000780000000, 0x00000007c0000000, 0x00000007c0000000)
  eden space 969216K, 100% used [0x0000000780000000,0x00000007bb280000,0x00000007bb280000)
  from space 40448K, 60% used [0x00000007bd880000,0x00000007bf03e1a0,0x00000007c0000000)
  to   space 38912K, 0% used [0x00000007bb280000,0x00000007bb280000,0x00000007bd880000)
 ParOldGen       total 2097152K, used 44570K [0x0000000700000000, 0x0000000780000000, 0x0000000780000000)
  object space 2097152K, 2% used [0x0000000700000000,0x0000000702b86bc0,0x0000000780000000)
 Metaspace       used 86598K, capacity 91159K, committed 91216K, reserved 1128448K
  class space    used 11036K, capacity 11870K, committed 11904K, reserved 1048576K
2020-10-26T14:32:42.143+0800: 1375.194: [GC (Allocation Failure) [PSYoungGen: 993528K->24264K(1008128K)] 1038099K->68843K(3105280K), 0.3293639 secs] [Times: user=0.30 sys=0.29, real=0.33 secs] 
Heap after GC invocations=14 (full 3):
 PSYoungGen      total 1008128K, used 24264K [0x0000000780000000, 0x00000007c0000000, 0x00000007c0000000)
  eden space 969216K, 0% used [0x0000000780000000,0x0000000780000000,0x00000007bb280000)
  from space 38912K, 62% used [0x00000007bb280000,0x00000007bca321b0,0x00000007bd880000)
  to   space 37888K, 0% used [0x00000007bdb00000,0x00000007bdb00000,0x00000007c0000000)
 ParOldGen       total 2097152K, used 44578K [0x0000000700000000, 0x0000000780000000, 0x0000000780000000)
  object space 2097152K, 2% used [0x0000000700000000,0x0000000702b88bc0,0x0000000780000000)
 Metaspace       used 86598K, capacity 91159K, committed 91216K, reserved 1128448K
  class space    used 11036K, capacity 11870K, committed 11904K, reserved 1048576K
}
{Heap before GC invocations=15 (full 3):
 PSYoungGen      total 1008128K, used 993480K [0x0000000780000000, 0x00000007c0000000, 0x00000007c0000000)
  eden space 969216K, 100% used [0x0000000780000000,0x00000007bb280000,0x00000007bb280000)
  from space 38912K, 62% used [0x00000007bb280000,0x00000007bca321b0,0x00000007bd880000)
  to   space 37888K, 0% used [0x00000007bdb00000,0x00000007bdb00000,0x00000007c0000000)
 ParOldGen       total 2097152K, used 44578K [0x0000000700000000, 0x0000000780000000, 0x0000000780000000)
  object space 2097152K, 2% used [0x0000000700000000,0x0000000702b88bc0,0x0000000780000000)
 Metaspace       used 86712K, capacity 91223K, committed 91472K, reserved 1128448K
  class space    used 11036K, capacity 11870K, committed 11904K, reserved 1048576K
2020-10-26T14:37:42.403+0800: 1675.453: [GC (Allocation Failure) [PSYoungGen: 993480K->24248K(1012224K)] 1038059K->68835K(3109376K), 0.2598431 secs] [Times: user=0.20 sys=0.21, real=0.26 secs] 
Heap after GC invocations=15 (full 3):
 PSYoungGen      total 1012224K, used 24248K [0x0000000780000000, 0x00000007c0000000, 0x00000007c0000000)
  eden space 974336K, 0% used [0x0000000780000000,0x0000000780000000,0x00000007bb780000)
  from space 37888K, 64% used [0x00000007bdb00000,0x00000007bf2ae1a0,0x00000007c0000000)
  to   space 36352K, 0% used [0x00000007bb780000,0x00000007bb780000,0x00000007bdb00000)
 ParOldGen       total 2097152K, used 44586K [0x0000000700000000, 0x0000000780000000, 0x0000000780000000)
  object space 2097152K, 2% used [0x0000000700000000,0x0000000702b8abc0,0x0000000780000000)
 Metaspace       used 86712K, capacity 91223K, committed 91472K, reserved 1128448K
  class space    used 11036K, capacity 11870K, committed 11904K, reserved 1048576K
}
{Heap before GC invocations=16 (full 3):
 PSYoungGen      total 1012224K, used 998584K [0x0000000780000000, 0x00000007c0000000, 0x00000007c0000000)
  eden space 974336K, 100% used [0x0000000780000000,0x00000007bb780000,0x00000007bb780000)
  from space 37888K, 64% used [0x00000007bdb00000,0x00000007bf2ae1a0,0x00000007c0000000)
  to   space 36352K, 0% used [0x00000007bb780000,0x00000007bb780000,0x00000007bdb00000)
 ParOldGen       total 2097152K, used 44586K [0x0000000700000000, 0x0000000780000000, 0x0000000780000000)
  object space 2097152K, 2% used [0x0000000700000000,0x0000000702b8abc0,0x0000000780000000)
 Metaspace       used 86807K, capacity 91229K, committed 91472K, reserved 1128448K
  class space    used 11038K, capacity 11871K, committed 11904K, reserved 1048576K
2020-10-26T14:42:51.470+0800: 1984.521: [GC (Allocation Failure) [PSYoungGen: 998584K->25529K(1010688K)] 1043171K->70123K(3107840K), 0.2904148 secs] [Times: user=0.22 sys=0.24, real=0.29 secs] 
Heap after GC invocations=16 (full 3):
 PSYoungGen      total 1010688K, used 25529K [0x0000000780000000, 0x00000007c0000000, 0x00000007c0000000)
  eden space 974336K, 0% used [0x0000000780000000,0x0000000780000000,0x00000007bb780000)
  from space 36352K, 70% used [0x00000007bb780000,0x00000007bd06e420,0x00000007bdb00000)
  to   space 35840K, 0% used [0x00000007bdd00000,0x00000007bdd00000,0x00000007c0000000)
 ParOldGen       total 2097152K, used 44594K [0x0000000700000000, 0x0000000780000000, 0x0000000780000000)
  object space 2097152K, 2% used [0x0000000700000000,0x0000000702b8cbc0,0x0000000780000000)
 Metaspace       used 86807K, capacity 91229K, committed 91472K, reserved 1128448K
  class space    used 11038K, capacity 11871K, committed 11904K, reserved 1048576K
}
{Heap before GC invocations=17 (full 3):
 PSYoungGen      total 1010688K, used 999865K [0x0000000780000000, 0x00000007c0000000, 0x00000007c0000000)
  eden space 974336K, 100% used [0x0000000780000000,0x00000007bb780000,0x00000007bb780000)
  from space 36352K, 70% used [0x00000007bb780000,0x00000007bd06e420,0x00000007bdb00000)
  to   space 35840K, 0% used [0x00000007bdd00000,0x00000007bdd00000,0x00000007c0000000)
 ParOldGen       total 2097152K, used 44594K [0x0000000700000000, 0x0000000780000000, 0x0000000780000000)
  object space 2097152K, 2% used [0x0000000700000000,0x0000000702b8cbc0,0x0000000780000000)
 Metaspace       used 86966K, capacity 91357K, committed 91472K, reserved 1128448K
  class space    used 11038K, capacity 11871K, committed 11904K, reserved 1048576K
2020-10-26T14:47:57.380+0800: 2290.431: [GC (Allocation Failure) [PSYoungGen: 999865K->25577K(1013760K)] 1044459K->70187K(3110912K), 0.3834588 secs] [Times: user=0.24 sys=0.33, real=0.38 secs] 
Heap after GC invocations=17 (full 3):
 PSYoungGen      total 1013760K, used 25577K [0x0000000780000000, 0x00000007c0000000, 0x00000007c0000000)
  eden space 977920K, 0% used [0x0000000780000000,0x0000000780000000,0x00000007bbb00000)
  from space 35840K, 71% used [0x00000007bdd00000,0x00000007bf5fa410,0x00000007c0000000)
  to   space 34816K, 0% used [0x00000007bbb00000,0x00000007bbb00000,0x00000007bdd00000)
 ParOldGen       total 2097152K, used 44610K [0x0000000700000000, 0x0000000780000000, 0x0000000780000000)
  object space 2097152K, 2% used [0x0000000700000000,0x0000000702b90bc0,0x0000000780000000)
 Metaspace       used 86966K, capacity 91357K, committed 91472K, reserved 1128448K
  class space    used 11038K, capacity 11871K, committed 11904K, reserved 1048576K
}
{Heap before GC invocations=18 (full 3):
 PSYoungGen      total 1013760K, used 1003497K [0x0000000780000000, 0x00000007c0000000, 0x00000007c0000000)
  eden space 977920K, 100% used [0x0000000780000000,0x00000007bbb00000,0x00000007bbb00000)
  from space 35840K, 71% used [0x00000007bdd00000,0x00000007bf5fa410,0x00000007c0000000)
  to   space 34816K, 0% used [0x00000007bbb00000,0x00000007bbb00000,0x00000007bdd00000)
 ParOldGen       total 2097152K, used 44610K [0x0000000700000000, 0x0000000780000000, 0x0000000780000000)
  object space 2097152K, 2% used [0x0000000700000000,0x0000000702b90bc0,0x0000000780000000)
 Metaspace       used 87134K, capacity 91549K, committed 91728K, reserved 1128448K
  class space    used 11039K, capacity 11871K, committed 11904K, reserved 1048576K
2020-10-26T14:53:07.369+0800: 2600.419: [GC (Allocation Failure) [PSYoungGen: 1003497K->25640K(1012736K)] 1048107K->70259K(3109888K), 0.3117170 secs] [Times: user=0.25 sys=0.24, real=0.31 secs] 
Heap after GC invocations=18 (full 3):
 PSYoungGen      total 1012736K, used 25640K [0x0000000780000000, 0x00000007c0000000, 0x00000007c0000000)
  eden space 977920K, 0% used [0x0000000780000000,0x0000000780000000,0x00000007bbb00000)
  from space 34816K, 73% used [0x00000007bbb00000,0x00000007bd40a3f0,0x00000007bdd00000)
  to   space 34304K, 0% used [0x00000007bde80000,0x00000007bde80000,0x00000007c0000000)
 ParOldGen       total 2097152K, used 44618K [0x0000000700000000, 0x0000000780000000, 0x0000000780000000)
  object space 2097152K, 2% used [0x0000000700000000,0x0000000702b92bc0,0x0000000780000000)
 Metaspace       used 87134K, capacity 91549K, committed 91728K, reserved 1128448K
  class space    used 11039K, capacity 11871K, committed 11904K, reserved 1048576K
}
{Heap before GC invocations=19 (full 3):
 PSYoungGen      total 1012736K, used 1003560K [0x0000000780000000, 0x00000007c0000000, 0x00000007c0000000)
  eden space 977920K, 100% used [0x0000000780000000,0x00000007bbb00000,0x00000007bbb00000)
  from space 34816K, 73% used [0x00000007bbb00000,0x00000007bd40a3f0,0x00000007bdd00000)
  to   space 34304K, 0% used [0x00000007bde80000,0x00000007bde80000,0x00000007c0000000)
 ParOldGen       total 2097152K, used 44618K [0x0000000700000000, 0x0000000780000000, 0x0000000780000000)
  object space 2097152K, 2% used [0x0000000700000000,0x0000000702b92bc0,0x0000000780000000)
 Metaspace       used 87387K, capacity 91677K, committed 91728K, reserved 1128448K
  class space    used 11039K, capacity 11871K, committed 11904K, reserved 1048576K
2020-10-26T14:58:17.390+0800: 2910.441: [GC (Allocation Failure) [PSYoungGen: 1003560K->25625K(1014784K)] 1048179K->70259K(3111936K), 0.2787946 secs] [Times: user=0.33 sys=0.14, real=0.28 secs] 
Heap after GC invocations=19 (full 3):
 PSYoungGen      total 1014784K, used 25625K [0x0000000780000000, 0x00000007c0000000, 0x00000007c0000000)
  eden space 980480K, 0% used [0x0000000780000000,0x0000000780000000,0x00000007bbd80000)
  from space 34304K, 74% used [0x00000007bde80000,0x00000007bf786400,0x00000007c0000000)
  to   space 33792K, 0% used [0x00000007bbd80000,0x00000007bbd80000,0x00000007bde80000)
 ParOldGen       total 2097152K, used 44634K [0x0000000700000000, 0x0000000780000000, 0x0000000780000000)
  object space 2097152K, 2% used [0x0000000700000000,0x0000000702b96bc0,0x0000000780000000)
 Metaspace       used 87387K, capacity 91677K, committed 91728K, reserved 1128448K
  class space    used 11039K, capacity 11871K, committed 11904K, reserved 1048576K
}
{Heap before GC invocations=20 (full 3):
 PSYoungGen      total 1014784K, used 1006105K [0x0000000780000000, 0x00000007c0000000, 0x00000007c0000000)
  eden space 980480K, 100% used [0x0000000780000000,0x00000007bbd80000,0x00000007bbd80000)
  from space 34304K, 74% used [0x00000007bde80000,0x00000007bf786400,0x00000007c0000000)
  to   space 33792K, 0% used [0x00000007bbd80000,0x00000007bbd80000,0x00000007bde80000)
 ParOldGen       total 2097152K, used 44634K [0x0000000700000000, 0x0000000780000000, 0x0000000780000000)
  object space 2097152K, 2% used [0x0000000700000000,0x0000000702b96bc0,0x0000000780000000)
 Metaspace       used 91354K, capacity 95653K, committed 95952K, reserved 1132544K
  class space    used 11435K, capacity 12257K, committed 12288K, reserved 1048576K
2020-10-26T15:03:10.563+0800: 3203.614: [GC (Allocation Failure) [PSYoungGen: 1006105K->29844K(1010688K)] 1050739K->74487K(3107840K), 0.2061722 secs] [Times: user=0.26 sys=0.13, real=0.21 secs] 
Heap after GC invocations=20 (full 3):
 PSYoungGen      total 1010688K, used 29844K [0x0000000780000000, 0x00000007c0000000, 0x00000007c0000000)
  eden space 980480K, 0% used [0x0000000780000000,0x0000000780000000,0x00000007bbd80000)
  from space 30208K, 98% used [0x00000007bbd80000,0x00000007bdaa5170,0x00000007bdb00000)
  to   space 34816K, 0% used [0x00000007bde00000,0x00000007bde00000,0x00000007c0000000)
 ParOldGen       total 2097152K, used 44642K [0x0000000700000000, 0x0000000780000000, 0x0000000780000000)
  object space 2097152K, 2% used [0x0000000700000000,0x0000000702b98bc0,0x0000000780000000)
 Metaspace       used 91354K, capacity 95653K, committed 95952K, reserved 1132544K
  class space    used 11435K, capacity 12257K, committed 12288K, reserved 1048576K
}
{Heap before GC invocations=21 (full 3):
 PSYoungGen      total 1010688K, used 1010324K [0x0000000780000000, 0x00000007c0000000, 0x00000007c0000000)
  eden space 980480K, 100% used [0x0000000780000000,0x00000007bbd80000,0x00000007bbd80000)
  from space 30208K, 98% used [0x00000007bbd80000,0x00000007bdaa5170,0x00000007bdb00000)
  to   space 34816K, 0% used [0x00000007bde00000,0x00000007bde00000,0x00000007c0000000)
 ParOldGen       total 2097152K, used 44642K [0x0000000700000000, 0x0000000780000000, 0x0000000780000000)
  object space 2097152K, 2% used [0x0000000700000000,0x0000000702b98bc0,0x0000000780000000)
 Metaspace       used 91367K, capacity 95717K, committed 95952K, reserved 1132544K
  class space    used 11435K, capacity 12257K, committed 12288K, reserved 1048576K
2020-10-26T15:08:12.357+0800: 3505.407: [GC (Allocation Failure) [PSYoungGen: 1010324K->24917K(1014784K)] 1054967K->69568K(3111936K), 0.1979979 secs] [Times: user=0.17 sys=0.14, real=0.19 secs] 
Heap after GC invocations=21 (full 3):
 PSYoungGen      total 1014784K, used 24917K [0x0000000780000000, 0x00000007c0000000, 0x00000007c0000000)
  eden space 979968K, 0% used [0x0000000780000000,0x0000000780000000,0x00000007bbd00000)
  from space 34816K, 71% used [0x00000007bde00000,0x00000007bf6554f8,0x00000007c0000000)
  to   space 33792K, 0% used [0x00000007bbd00000,0x00000007bbd00000,0x00000007bde00000)
 ParOldGen       total 2097152K, used 44650K [0x0000000700000000, 0x0000000780000000, 0x0000000780000000)
  object space 2097152K, 2% used [0x0000000700000000,0x0000000702b9abc0,0x0000000780000000)
 Metaspace       used 91367K, capacity 95717K, committed 95952K, reserved 1132544K
  class space    used 11435K, capacity 12257K, committed 12288K, reserved 1048576K
}
{Heap before GC invocations=22 (full 3):
 PSYoungGen      total 1014784K, used 1004885K [0x0000000780000000, 0x00000007c0000000, 0x00000007c0000000)
  eden space 979968K, 100% used [0x0000000780000000,0x00000007bbd00000,0x00000007bbd00000)
  from space 34816K, 71% used [0x00000007bde00000,0x00000007bf6554f8,0x00000007c0000000)
  to   space 33792K, 0% used [0x00000007bbd00000,0x00000007bbd00000,0x00000007bde00000)
 ParOldGen       total 2097152K, used 44650K [0x0000000700000000, 0x0000000780000000, 0x0000000780000000)
  object space 2097152K, 2% used [0x0000000700000000,0x0000000702b9abc0,0x0000000780000000)
 Metaspace       used 91416K, capacity 95781K, committed 95952K, reserved 1132544K
  class space    used 11435K, capacity 12257K, committed 12288K, reserved 1048576K
2020-10-26T15:13:17.237+0800: 3810.287: [GC (Allocation Failure) [PSYoungGen: 1004885K->25337K(1013760K)] 1049536K->69996K(3110912K), 0.1289516 secs] [Times: user=0.20 sys=0.17, real=0.12 secs] 
Heap after GC invocations=22 (full 3):
 PSYoungGen      total 1013760K, used 25337K [0x0000000780000000, 0x00000007c0000000, 0x00000007c0000000)
  eden space 979968K, 0% used [0x0000000780000000,0x0000000780000000,0x00000007bbd00000)
  from space 33792K, 74% used [0x00000007bbd00000,0x00000007bd5be4a0,0x00000007bde00000)
  to   space 33280K, 0% used [0x00000007bdf80000,0x00000007bdf80000,0x00000007c0000000)
 ParOldGen       total 2097152K, used 44658K [0x0000000700000000, 0x0000000780000000, 0x0000000780000000)
  object space 2097152K, 2% used [0x0000000700000000,0x0000000702b9cbc0,0x0000000780000000)
 Metaspace       used 91416K, capacity 95781K, committed 95952K, reserved 1132544K
  class space    used 11435K, capacity 12257K, committed 12288K, reserved 1048576K
}
{Heap before GC invocations=23 (full 3):
 PSYoungGen      total 1013760K, used 1005305K [0x0000000780000000, 0x00000007c0000000, 0x00000007c0000000)
  eden space 979968K, 100% used [0x0000000780000000,0x00000007bbd00000,0x00000007bbd00000)
  from space 33792K, 74% used [0x00000007bbd00000,0x00000007bd5be4a0,0x00000007bde00000)
  to   space 33280K, 0% used [0x00000007bdf80000,0x00000007bdf80000,0x00000007c0000000)
 ParOldGen       total 2097152K, used 44658K [0x0000000700000000, 0x0000000780000000, 0x0000000780000000)
  object space 2097152K, 2% used [0x0000000700000000,0x0000000702b9cbc0,0x0000000780000000)
 Metaspace       used 91495K, capacity 95845K, committed 95952K, reserved 1132544K
  class space    used 11435K, capacity 12257K, committed 12288K, reserved 1048576K
2020-10-26T15:18:22.369+0800: 4115.420: [GC (Allocation Failure) [PSYoungGen: 1005305K->25093K(1016320K)] 1049964K->69760K(3113472K), 0.2955033 secs] [Times: user=0.29 sys=0.18, real=0.29 secs] 
Heap after GC invocations=23 (full 3):
 PSYoungGen      total 1016320K, used 25093K [0x0000000780000000, 0x00000007c0000000, 0x00000007c0000000)
  eden space 983040K, 0% used [0x0000000780000000,0x0000000780000000,0x00000007bc000000)
  from space 33280K, 75% used [0x00000007bdf80000,0x00000007bf801508,0x00000007c0000000)
  to   space 32256K, 0% used [0x00000007bc000000,0x00000007bc000000,0x00000007bdf80000)
 ParOldGen       total 2097152K, used 44666K [0x0000000700000000, 0x0000000780000000, 0x0000000780000000)
  object space 2097152K, 2% used [0x0000000700000000,0x0000000702b9ebc0,0x0000000780000000)
 Metaspace       used 91495K, capacity 95845K, committed 95952K, reserved 1132544K
  class space    used 11435K, capacity 12257K, committed 12288K, reserved 1048576K
}
{Heap before GC invocations=24 (full 3):
 PSYoungGen      total 1016320K, used 1008133K [0x0000000780000000, 0x00000007c0000000, 0x00000007c0000000)
  eden space 983040K, 100% used [0x0000000780000000,0x00000007bc000000,0x00000007bc000000)
  from space 33280K, 75% used [0x00000007bdf80000,0x00000007bf801508,0x00000007c0000000)
  to   space 32256K, 0% used [0x00000007bc000000,0x00000007bc000000,0x00000007bdf80000)
 ParOldGen       total 2097152K, used 44666K [0x0000000700000000, 0x0000000780000000, 0x0000000780000000)
  object space 2097152K, 2% used [0x0000000700000000,0x0000000702b9ebc0,0x0000000780000000)
 Metaspace       used 91497K, capacity 95845K, committed 95952K, reserved 1132544K
  class space    used 11435K, capacity 12257K, committed 12288K, reserved 1048576K
2020-10-26T15:23:27.705+0800: 4420.756: [GC (Allocation Failure) [PSYoungGen: 1008133K->8608K(991744K)] 1052800K->69875K(3088896K), 0.1505128 secs] [Times: user=0.23 sys=0.06, real=0.15 secs] 
Heap after GC invocations=24 (full 3):
 PSYoungGen      total 991744K, used 8608K [0x0000000780000000, 0x00000007c0000000, 0x00000007c0000000)
  eden space 983040K, 0% used [0x0000000780000000,0x0000000780000000,0x00000007bc000000)
  from space 8704K, 98% used [0x00000007bc000000,0x00000007bc8682b0,0x00000007bc880000)
  to   space 34304K, 0% used [0x00000007bde80000,0x00000007bde80000,0x00000007c0000000)
 ParOldGen       total 2097152K, used 61266K [0x0000000700000000, 0x0000000780000000, 0x0000000780000000)
  object space 2097152K, 2% used [0x0000000700000000,0x0000000703bd4ae0,0x0000000780000000)
 Metaspace       used 91497K, capacity 95845K, committed 95952K, reserved 1132544K
  class space    used 11435K, capacity 12257K, committed 12288K, reserved 1048576K
}
{Heap before GC invocations=25 (full 3):
 PSYoungGen      total 991744K, used 991648K [0x0000000780000000, 0x00000007c0000000, 0x00000007c0000000)
  eden space 983040K, 100% used [0x0000000780000000,0x00000007bc000000,0x00000007bc000000)
  from space 8704K, 98% used [0x00000007bc000000,0x00000007bc8682b0,0x00000007bc880000)
  to   space 34304K, 0% used [0x00000007bde80000,0x00000007bde80000,0x00000007c0000000)
 ParOldGen       total 2097152K, used 61266K [0x0000000700000000, 0x0000000780000000, 0x0000000780000000)
  object space 2097152K, 2% used [0x0000000700000000,0x0000000703bd4ae0,0x0000000780000000)
 Metaspace       used 91499K, capacity 95845K, committed 95952K, reserved 1132544K
  class space    used 11435K, capacity 12257K, committed 12288K, reserved 1048576K
2020-10-26T15:28:37.406+0800: 4730.457: [GC (Allocation Failure) [PSYoungGen: 991648K->4320K(1009152K)] 1052915K->70045K(3106304K), 0.1582683 secs] [Times: user=0.29 sys=0.08, real=0.16 secs] 
Heap after GC invocations=25 (full 3):
 PSYoungGen      total 1009152K, used 4320K [0x0000000780000000, 0x00000007c0000000, 0x00000007c0000000)
  eden space 974848K, 0% used [0x0000000780000000,0x0000000780000000,0x00000007bb800000)
  from space 34304K, 12% used [0x00000007bde80000,0x00000007be2b82a0,0x00000007c0000000)
  to   space 36864K, 0% used [0x00000007bb800000,0x00000007bb800000,0x00000007bdc00000)
 ParOldGen       total 2097152K, used 65725K [0x0000000700000000, 0x0000000780000000, 0x0000000780000000)
  object space 2097152K, 3% used [0x0000000700000000,0x000000070402f490,0x0000000780000000)
 Metaspace       used 91499K, capacity 95845K, committed 95952K, reserved 1132544K
  class space    used 11435K, capacity 12257K, committed 12288K, reserved 1048576K
}
{Heap before GC invocations=26 (full 3):
 PSYoungGen      total 1009152K, used 979168K [0x0000000780000000, 0x00000007c0000000, 0x00000007c0000000)
  eden space 974848K, 100% used [0x0000000780000000,0x00000007bb800000,0x00000007bb800000)
  from space 34304K, 12% used [0x00000007bde80000,0x00000007be2b82a0,0x00000007c0000000)
  to   space 36864K, 0% used [0x00000007bb800000,0x00000007bb800000,0x00000007bdc00000)
 ParOldGen       total 2097152K, used 65725K [0x0000000700000000, 0x0000000780000000, 0x0000000780000000)
  object space 2097152K, 3% used [0x0000000700000000,0x000000070402f490,0x0000000780000000)
 Metaspace       used 91509K, capacity 95845K, committed 95952K, reserved 1132544K
  class space    used 11435K, capacity 12257K, committed 12288K, reserved 1048576K
2020-10-26T15:33:42.391+0800: 5035.442: [GC (Allocation Failure) [PSYoungGen: 979168K->4768K(979968K)] 1044893K->70621K(3077120K), 0.0740135 secs] [Times: user=0.08 sys=0.09, real=0.07 secs] 
Heap after GC invocations=26 (full 3):
 PSYoungGen      total 979968K, used 4768K [0x0000000780000000, 0x00000007c0000000, 0x00000007c0000000)
  eden space 974848K, 0% used [0x0000000780000000,0x0000000780000000,0x00000007bb800000)
  from space 5120K, 93% used [0x00000007bb800000,0x00000007bbca82f0,0x00000007bbd00000)
  to   space 37888K, 0% used [0x00000007bdb00000,0x00000007bdb00000,0x00000007c0000000)
 ParOldGen       total 2097152K, used 65853K [0x0000000700000000, 0x0000000780000000, 0x0000000780000000)
  object space 2097152K, 3% used [0x0000000700000000,0x000000070404f490,0x0000000780000000)
 Metaspace       used 91509K, capacity 95845K, committed 95952K, reserved 1132544K
  class space    used 11435K, capacity 12257K, committed 12288K, reserved 1048576K
}
{Heap before GC invocations=27 (full 3):
 PSYoungGen      total 979968K, used 979616K [0x0000000780000000, 0x00000007c0000000, 0x00000007c0000000)
  eden space 974848K, 100% used [0x0000000780000000,0x00000007bb800000,0x00000007bb800000)
  from space 5120K, 93% used [0x00000007bb800000,0x00000007bbca82f0,0x00000007bbd00000)
  to   space 37888K, 0% used [0x00000007bdb00000,0x00000007bdb00000,0x00000007c0000000)
 ParOldGen       total 2097152K, used 65853K [0x0000000700000000, 0x0000000780000000, 0x0000000780000000)
  object space 2097152K, 3% used [0x0000000700000000,0x000000070404f490,0x0000000780000000)
 Metaspace       used 91567K, capacity 95845K, committed 95952K, reserved 1132544K
  class space    used 11435K, capacity 12257K, committed 12288K, reserved 1048576K
2020-10-26T15:38:50.624+0800: 5343.675: [GC (Allocation Failure) [PSYoungGen: 979616K->4656K(1008640K)] 1045469K->70613K(3105792K), 0.0455068 secs] [Times: user=0.17 sys=0.03, real=0.05 secs] 
Heap after GC invocations=27 (full 3):
 PSYoungGen      total 1008640K, used 4656K [0x0000000780000000, 0x00000007c0000000, 0x00000007c0000000)
  eden space 970752K, 0% used [0x0000000780000000,0x0000000780000000,0x00000007bb400000)
  from space 37888K, 12% used [0x00000007bdb00000,0x00000007bdf8c290,0x00000007c0000000)
  to   space 38912K, 0% used [0x00000007bb400000,0x00000007bb400000,0x00000007bda00000)
 ParOldGen       total 2097152K, used 65957K [0x0000000700000000, 0x0000000780000000, 0x0000000780000000)
  object space 2097152K, 3% used [0x0000000700000000,0x0000000704069490,0x0000000780000000)
 Metaspace       used 91567K, capacity 95845K, committed 95952K, reserved 1132544K
  class space    used 11435K, capacity 12257K, committed 12288K, reserved 1048576K
}
{Heap before GC invocations=28 (full 3):
 PSYoungGen      total 1008640K, used 975408K [0x0000000780000000, 0x00000007c0000000, 0x00000007c0000000)
  eden space 970752K, 100% used [0x0000000780000000,0x00000007bb400000,0x00000007bb400000)
  from space 37888K, 12% used [0x00000007bdb00000,0x00000007bdf8c290,0x00000007c0000000)
  to   space 38912K, 0% used [0x00000007bb400000,0x00000007bb400000,0x00000007bda00000)
 ParOldGen       total 2097152K, used 65957K [0x0000000700000000, 0x0000000780000000, 0x0000000780000000)
  object space 2097152K, 3% used [0x0000000700000000,0x0000000704069490,0x0000000780000000)
 Metaspace       used 91573K, capacity 95909K, committed 96208K, reserved 1132544K
  class space    used 11435K, capacity 12257K, committed 12288K, reserved 1048576K
2020-10-26T15:43:53.517+0800: 5646.567: [GC (Allocation Failure) [PSYoungGen: 975408K->4224K(975360K)] 1041365K->70261K(3072512K), 0.0460459 secs] [Times: user=0.13 sys=0.07, real=0.04 secs] 
Heap after GC invocations=28 (full 3):
 PSYoungGen      total 975360K, used 4224K [0x0000000780000000, 0x00000007c0000000, 0x00000007c0000000)
  eden space 970752K, 0% used [0x0000000780000000,0x0000000780000000,0x00000007bb400000)
  from space 4608K, 91% used [0x00000007bb400000,0x00000007bb820240,0x00000007bb880000)
  to   space 39424K, 0% used [0x00000007bd980000,0x00000007bd980000,0x00000007c0000000)
 ParOldGen       total 2097152K, used 66037K [0x0000000700000000, 0x0000000780000000, 0x0000000780000000)
  object space 2097152K, 3% used [0x0000000700000000,0x000000070407d490,0x0000000780000000)
 Metaspace       used 91573K, capacity 95909K, committed 96208K, reserved 1132544K
  class space    used 11435K, capacity 12257K, committed 12288K, reserved 1048576K
}
{Heap before GC invocations=29 (full 3):
 PSYoungGen      total 975360K, used 974976K [0x0000000780000000, 0x00000007c0000000, 0x00000007c0000000)
  eden space 970752K, 100% used [0x0000000780000000,0x00000007bb400000,0x00000007bb400000)
  from space 4608K, 91% used [0x00000007bb400000,0x00000007bb820240,0x00000007bb880000)
  to   space 39424K, 0% used [0x00000007bd980000,0x00000007bd980000,0x00000007c0000000)
 ParOldGen       total 2097152K, used 66037K [0x0000000700000000, 0x0000000780000000, 0x0000000780000000)
  object space 2097152K, 3% used [0x0000000700000000,0x000000070407d490,0x0000000780000000)
 Metaspace       used 91579K, capacity 95909K, committed 96208K, reserved 1132544K
  class space    used 11435K, capacity 12257K, committed 12288K, reserved 1048576K
2020-10-26T15:48:57.420+0800: 5950.471: [GC (Allocation Failure) [PSYoungGen: 974976K->4240K(1009152K)] 1041013K->70341K(3106304K), 0.0170423 secs] [Times: user=0.05 sys=0.02, real=0.02 secs] 
Heap after GC invocations=29 (full 3):
 PSYoungGen      total 1009152K, used 4240K [0x0000000780000000, 0x00000007c0000000, 0x00000007c0000000)
  eden space 969728K, 0% used [0x0000000780000000,0x0000000780000000,0x00000007bb300000)
  from space 39424K, 10% used [0x00000007bd980000,0x00000007bdda4270,0x00000007c0000000)
  to   space 39424K, 0% used [0x00000007bb300000,0x00000007bb300000,0x00000007bd980000)
 ParOldGen       total 2097152K, used 66101K [0x0000000700000000, 0x0000000780000000, 0x0000000780000000)
  object space 2097152K, 3% used [0x0000000700000000,0x000000070408d490,0x0000000780000000)
 Metaspace       used 91579K, capacity 95909K, committed 96208K, reserved 1132544K
  class space    used 11435K, capacity 12257K, committed 12288K, reserved 1048576K
}
{Heap before GC invocations=30 (full 3):
 PSYoungGen      total 1009152K, used 643847K [0x0000000780000000, 0x00000007c0000000, 0x00000007c0000000)
  eden space 969728K, 65% used [0x0000000780000000,0x00000007a709dc40,0x00000007bb300000)
  from space 39424K, 10% used [0x00000007bd980000,0x00000007bdda4270,0x00000007c0000000)
  to   space 39424K, 0% used [0x00000007bb300000,0x00000007bb300000,0x00000007bd980000)
 ParOldGen       total 2097152K, used 66101K [0x0000000700000000, 0x0000000780000000, 0x0000000780000000)
  object space 2097152K, 3% used [0x0000000700000000,0x000000070408d490,0x0000000780000000)
 Metaspace       used 95517K, capacity 99989K, committed 100136K, reserved 1136640K
  class space    used 11942K, capacity 12831K, committed 12928K, reserved 1048576K
2020-10-26T15:51:59.699+0800: 6132.750: [GC (Metadata GC Threshold) [PSYoungGen: 643847K->9625K(1009152K)] 709948K->75766K(3106304K), 0.5741526 secs] [Times: user=0.81 sys=0.15, real=0.57 secs] 
Heap after GC invocations=30 (full 3):
 PSYoungGen      total 1009152K, used 9625K [0x0000000780000000, 0x00000007c0000000, 0x00000007c0000000)
  eden space 969728K, 0% used [0x0000000780000000,0x0000000780000000,0x00000007bb300000)
  from space 39424K, 24% used [0x00000007bb300000,0x00000007bbc666b8,0x00000007bd980000)
  to   space 37888K, 0% used [0x00000007bdb00000,0x00000007bdb00000,0x00000007c0000000)
 ParOldGen       total 2097152K, used 66141K [0x0000000700000000, 0x0000000780000000, 0x0000000780000000)
  object space 2097152K, 3% used [0x0000000700000000,0x0000000704097490,0x0000000780000000)
 Metaspace       used 95517K, capacity 99989K, committed 100136K, reserved 1136640K
  class space    used 11942K, capacity 12831K, committed 12928K, reserved 1048576K
}
{Heap before GC invocations=31 (full 4):
 PSYoungGen      total 1009152K, used 9625K [0x0000000780000000, 0x00000007c0000000, 0x00000007c0000000)
  eden space 969728K, 0% used [0x0000000780000000,0x0000000780000000,0x00000007bb300000)
  from space 39424K, 24% used [0x00000007bb300000,0x00000007bbc666b8,0x00000007bd980000)
  to   space 37888K, 0% used [0x00000007bdb00000,0x00000007bdb00000,0x00000007c0000000)
 ParOldGen       total 2097152K, used 66141K [0x0000000700000000, 0x0000000780000000, 0x0000000780000000)
  object space 2097152K, 3% used [0x0000000700000000,0x0000000704097490,0x0000000780000000)
 Metaspace       used 95517K, capacity 99989K, committed 100136K, reserved 1136640K
  class space    used 11942K, capacity 12831K, committed 12928K, reserved 1048576K
2020-10-26T15:52:00.273+0800: 6133.324: [Full GC (Metadata GC Threshold) [PSYoungGen: 9625K->0K(1009152K)] [ParOldGen: 66141K->61006K(2097152K)] 75766K->61006K(3106304K), [Metaspace: 95517K->95024K(1136640K)], 1.8389899 secs] [Times: user=2.28 sys=0.33, real=1.84 secs] 
Heap after GC invocations=31 (full 4):
 PSYoungGen      total 1009152K, used 0K [0x0000000780000000, 0x00000007c0000000, 0x00000007c0000000)
  eden space 969728K, 0% used [0x0000000780000000,0x0000000780000000,0x00000007bb300000)
  from space 39424K, 0% used [0x00000007bb300000,0x00000007bb300000,0x00000007bd980000)
  to   space 37888K, 0% used [0x00000007bdb00000,0x00000007bdb00000,0x00000007c0000000)
 ParOldGen       total 2097152K, used 61006K [0x0000000700000000, 0x0000000780000000, 0x0000000780000000)
  object space 2097152K, 2% used [0x0000000700000000,0x0000000703b93a28,0x0000000780000000)
 Metaspace       used 95024K, capacity 99201K, committed 100136K, reserved 1136640K
  class space    used 11866K, capacity 12695K, committed 12928K, reserved 1048576K
}
{Heap before GC invocations=32 (full 4):
 PSYoungGen      total 1009152K, used 969728K [0x0000000780000000, 0x00000007c0000000, 0x00000007c0000000)
  eden space 969728K, 100% used [0x0000000780000000,0x00000007bb300000,0x00000007bb300000)
  from space 39424K, 0% used [0x00000007bb300000,0x00000007bb300000,0x00000007bd980000)
  to   space 37888K, 0% used [0x00000007bdb00000,0x00000007bdb00000,0x00000007c0000000)
 ParOldGen       total 2097152K, used 61006K [0x0000000700000000, 0x0000000780000000, 0x0000000780000000)
  object space 2097152K, 2% used [0x0000000700000000,0x0000000703b93a28,0x0000000780000000)
 Metaspace       used 98680K, capacity 102973K, committed 103848K, reserved 1140736K
  class space    used 12309K, capacity 13159K, committed 13312K, reserved 1048576K
2020-10-26T15:56:37.414+0800: 6410.465: [GC (Allocation Failure) [PSYoungGen: 969728K->14046K(1012736K)] 1030734K->75068K(3109888K), 0.1499795 secs] [Times: user=0.18 sys=0.12, real=0.15 secs] 
Heap after GC invocations=32 (full 4):
 PSYoungGen      total 1012736K, used 14046K [0x0000000780000000, 0x00000007c0000000, 0x00000007c0000000)
  eden space 974848K, 0% used [0x0000000780000000,0x0000000780000000,0x00000007bb800000)
  from space 37888K, 37% used [0x00000007bdb00000,0x00000007be8b78b0,0x00000007c0000000)
  to   space 35840K, 0% used [0x00000007bb800000,0x00000007bb800000,0x00000007bdb00000)
 ParOldGen       total 2097152K, used 61022K [0x0000000700000000, 0x0000000780000000, 0x0000000780000000)
  object space 2097152K, 2% used [0x0000000700000000,0x0000000703b97a28,0x0000000780000000)
 Metaspace       used 98680K, capacity 102973K, committed 103848K, reserved 1140736K
  class space    used 12309K, capacity 13159K, committed 13312K, reserved 1048576K
}
{Heap before GC invocations=33 (full 4):
 PSYoungGen      total 1012736K, used 988894K [0x0000000780000000, 0x00000007c0000000, 0x00000007c0000000)
  eden space 974848K, 100% used [0x0000000780000000,0x00000007bb800000,0x00000007bb800000)
  from space 37888K, 37% used [0x00000007bdb00000,0x00000007be8b78b0,0x00000007c0000000)
  to   space 35840K, 0% used [0x00000007bb800000,0x00000007bb800000,0x00000007bdb00000)
 ParOldGen       total 2097152K, used 61022K [0x0000000700000000, 0x0000000780000000, 0x0000000780000000)
  object space 2097152K, 2% used [0x0000000700000000,0x0000000703b97a28,0x0000000780000000)
 Metaspace       used 98686K, capacity 102973K, committed 103848K, reserved 1140736K
  class space    used 12309K, capacity 13159K, committed 13312K, reserved 1048576K
2020-10-26T16:01:37.405+0800: 6710.456: [GC (Allocation Failure) [PSYoungGen: 988894K->11865K(1010688K)] 1049916K->72887K(3107840K), 0.0607267 secs] [Times: user=0.11 sys=0.10, real=0.06 secs] 
Heap after GC invocations=33 (full 4):
 PSYoungGen      total 1010688K, used 11865K [0x0000000780000000, 0x00000007c0000000, 0x00000007c0000000)
  eden space 974848K, 0% used [0x0000000780000000,0x0000000780000000,0x00000007bb800000)
  from space 35840K, 33% used [0x00000007bb800000,0x00000007bc396410,0x00000007bdb00000)
  to   space 34304K, 0% used [0x00000007bde80000,0x00000007bde80000,0x00000007c0000000)
 ParOldGen       total 2097152K, used 61022K [0x0000000700000000, 0x0000000780000000, 0x0000000780000000)
  object space 2097152K, 2% used [0x0000000700000000,0x0000000703b97a28,0x0000000780000000)
 Metaspace       used 98686K, capacity 102973K, committed 103848K, reserved 1140736K
  class space    used 12309K, capacity 13159K, committed 13312K, reserved 1048576K
}
{Heap before GC invocations=34 (full 4):
 PSYoungGen      total 1010688K, used 986713K [0x0000000780000000, 0x00000007c0000000, 0x00000007c0000000)
  eden space 974848K, 100% used [0x0000000780000000,0x00000007bb800000,0x00000007bb800000)
  from space 35840K, 33% used [0x00000007bb800000,0x00000007bc396410,0x00000007bdb00000)
  to   space 34304K, 0% used [0x00000007bde80000,0x00000007bde80000,0x00000007c0000000)
 ParOldGen       total 2097152K, used 61022K [0x0000000700000000, 0x0000000780000000, 0x0000000780000000)
  object space 2097152K, 2% used [0x0000000700000000,0x0000000703b97a28,0x0000000780000000)
 Metaspace       used 98687K, capacity 102973K, committed 103848K, reserved 1140736K
  class space    used 12309K, capacity 13159K, committed 13312K, reserved 1048576K
2020-10-26T16:06:42.394+0800: 7015.444: [GC (Allocation Failure) [PSYoungGen: 986713K->11738K(1015808K)] 1047735K->72768K(3112960K), 0.0751313 secs] [Times: user=0.12 sys=0.14, real=0.08 secs] 
Heap after GC invocations=34 (full 4):
 PSYoungGen      total 1015808K, used 11738K [0x0000000780000000, 0x00000007c0000000, 0x00000007c0000000)
  eden space 981504K, 0% used [0x0000000780000000,0x0000000780000000,0x00000007bbe80000)
  from space 34304K, 34% used [0x00000007bde80000,0x00000007be9f6870,0x00000007c0000000)
  to   space 32768K, 0% used [0x00000007bbe80000,0x00000007bbe80000,0x00000007bde80000)
 ParOldGen       total 2097152K, used 61030K [0x0000000700000000, 0x0000000780000000, 0x0000000780000000)
  object space 2097152K, 2% used [0x0000000700000000,0x0000000703b99a28,0x0000000780000000)
 Metaspace       used 98687K, capacity 102973K, committed 103848K, reserved 1140736K
  class space    used 12309K, capacity 13159K, committed 13312K, reserved 1048576K
}
{Heap before GC invocations=35 (full 4):
 PSYoungGen      total 1015808K, used 993242K [0x0000000780000000, 0x00000007c0000000, 0x00000007c0000000)
  eden space 981504K, 100% used [0x0000000780000000,0x00000007bbe80000,0x00000007bbe80000)
  from space 34304K, 34% used [0x00000007bde80000,0x00000007be9f6870,0x00000007c0000000)
  to   space 32768K, 0% used [0x00000007bbe80000,0x00000007bbe80000,0x00000007bde80000)
 ParOldGen       total 2097152K, used 61030K [0x0000000700000000, 0x0000000780000000, 0x0000000780000000)
  object space 2097152K, 2% used [0x0000000700000000,0x0000000703b99a28,0x0000000780000000)
 Metaspace       used 98689K, capacity 102973K, committed 103848K, reserved 1140736K
  class space    used 12309K, capacity 13159K, committed 13312K, reserved 1048576K
2020-10-26T16:11:47.380+0800: 7320.431: [GC (Allocation Failure) [PSYoungGen: 993242K->12443K(1014272K)] 1054272K->73474K(3111424K), 0.0890289 secs] [Times: user=0.15 sys=0.13, real=0.09 secs] 
Heap after GC invocations=35 (full 4):
 PSYoungGen      total 1014272K, used 12443K [0x0000000780000000, 0x00000007c0000000, 0x00000007c0000000)
  eden space 981504K, 0% used [0x0000000780000000,0x0000000780000000,0x00000007bbe80000)
  from space 32768K, 37% used [0x00000007bbe80000,0x00000007bcaa6e10,0x00000007bde80000)
  to   space 31232K, 0% used [0x00000007be180000,0x00000007be180000,0x00000007c0000000)
 ParOldGen       total 2097152K, used 61030K [0x0000000700000000, 0x0000000780000000, 0x0000000780000000)
  object space 2097152K, 2% used [0x0000000700000000,0x0000000703b99a28,0x0000000780000000)
 Metaspace       used 98689K, capacity 102973K, committed 103848K, reserved 1140736K
  class space    used 12309K, capacity 13159K, committed 13312K, reserved 1048576K
}
{Heap before GC invocations=36 (full 4):
 PSYoungGen      total 1014272K, used 993947K [0x0000000780000000, 0x00000007c0000000, 0x00000007c0000000)
  eden space 981504K, 100% used [0x0000000780000000,0x00000007bbe80000,0x00000007bbe80000)
  from space 32768K, 37% used [0x00000007bbe80000,0x00000007bcaa6e10,0x00000007bde80000)
  to   space 31232K, 0% used [0x00000007be180000,0x00000007be180000,0x00000007c0000000)
 ParOldGen       total 2097152K, used 61030K [0x0000000700000000, 0x0000000780000000, 0x0000000780000000)
  object space 2097152K, 2% used [0x0000000700000000,0x0000000703b99a28,0x0000000780000000)
 Metaspace       used 98695K, capacity 102973K, committed 103848K, reserved 1140736K
  class space    used 12309K, capacity 13159K, committed 13312K, reserved 1048576K
2020-10-26T16:16:52.411+0800: 7625.461: [GC (Allocation Failure) [PSYoungGen: 993947K->12554K(1018368K)] 1054978K->73585K(3115520K), 0.1573922 secs] [Times: user=0.25 sys=0.08, real=0.16 secs] 
Heap after GC invocations=36 (full 4):
 PSYoungGen      total 1018368K, used 12554K [0x0000000780000000, 0x00000007c0000000, 0x00000007c0000000)
  eden space 987136K, 0% used [0x0000000780000000,0x0000000780000000,0x00000007bc400000)
  from space 31232K, 40% used [0x00000007be180000,0x00000007bedc2bc0,0x00000007c0000000)
  to   space 30208K, 0% used [0x00000007bc400000,0x00000007bc400000,0x00000007be180000)
 ParOldGen       total 2097152K, used 61030K [0x0000000700000000, 0x0000000780000000, 0x0000000780000000)
  object space 2097152K, 2% used [0x0000000700000000,0x0000000703b99a28,0x0000000780000000)
 Metaspace       used 98695K, capacity 102973K, committed 103848K, reserved 1140736K
  class space    used 12309K, capacity 13159K, committed 13312K, reserved 1048576K
}
{Heap before GC invocations=37 (full 4):
 PSYoungGen      total 1018368K, used 999690K [0x0000000780000000, 0x00000007c0000000, 0x00000007c0000000)
  eden space 987136K, 100% used [0x0000000780000000,0x00000007bc400000,0x00000007bc400000)
  from space 31232K, 40% used [0x00000007be180000,0x00000007bedc2bc0,0x00000007c0000000)
  to   space 30208K, 0% used [0x00000007bc400000,0x00000007bc400000,0x00000007be180000)
 ParOldGen       total 2097152K, used 61030K [0x0000000700000000, 0x0000000780000000, 0x0000000780000000)
  object space 2097152K, 2% used [0x0000000700000000,0x0000000703b99a28,0x0000000780000000)
 Metaspace       used 98713K, capacity 102973K, committed 103848K, reserved 1140736K
  class space    used 12309K, capacity 13159K, committed 13312K, reserved 1048576K
2020-10-26T16:22:02.385+0800: 7935.436: [GC (Allocation Failure) [PSYoungGen: 999690K->13227K(1017344K)] 1060721K->74266K(3114496K), 0.1699437 secs] [Times: user=0.15 sys=0.14, real=0.17 secs] 
Heap after GC invocations=37 (full 4):
 PSYoungGen      total 1017344K, used 13227K [0x0000000780000000, 0x00000007c0000000, 0x00000007c0000000)
  eden space 987136K, 0% used [0x0000000780000000,0x0000000780000000,0x00000007bc400000)
  from space 30208K, 43% used [0x00000007bc400000,0x00000007bd0eaf00,0x00000007be180000)
  to   space 28672K, 0% used [0x00000007be400000,0x00000007be400000,0x00000007c0000000)
 ParOldGen       total 2097152K, used 61038K [0x0000000700000000, 0x0000000780000000, 0x0000000780000000)
  object space 2097152K, 2% used [0x0000000700000000,0x0000000703b9ba28,0x0000000780000000)
 Metaspace       used 98713K, capacity 102973K, committed 103848K, reserved 1140736K
  class space    used 12309K, capacity 13159K, committed 13312K, reserved 1048576K
}
{Heap before GC invocations=38 (full 4):
 PSYoungGen      total 1017344K, used 1000363K [0x0000000780000000, 0x00000007c0000000, 0x00000007c0000000)
  eden space 987136K, 100% used [0x0000000780000000,0x00000007bc400000,0x00000007bc400000)
  from space 30208K, 43% used [0x00000007bc400000,0x00000007bd0eaf00,0x00000007be180000)
  to   space 28672K, 0% used [0x00000007be400000,0x00000007be400000,0x00000007c0000000)
 ParOldGen       total 2097152K, used 61038K [0x0000000700000000, 0x0000000780000000, 0x0000000780000000)
  object space 2097152K, 2% used [0x0000000700000000,0x0000000703b9ba28,0x0000000780000000)
 Metaspace       used 98715K, capacity 102973K, committed 103848K, reserved 1140736K
  class space    used 12309K, capacity 13159K, committed 13312K, reserved 1048576K
2020-10-26T16:27:07.434+0800: 8240.485: [GC (Allocation Failure) [PSYoungGen: 1000363K->13147K(1021440K)] 1061402K->74186K(3118592K), 0.1254043 secs] [Times: user=0.12 sys=0.12, real=0.13 secs] 
Heap after GC invocations=38 (full 4):
 PSYoungGen      total 1021440K, used 13147K [0x0000000780000000, 0x00000007c0000000, 0x00000007c0000000)
  eden space 992768K, 0% used [0x0000000780000000,0x0000000780000000,0x00000007bc980000)
  from space 28672K, 45% used [0x00000007be400000,0x00000007bf0d6f10,0x00000007c0000000)
  to   space 27136K, 0% used [0x00000007bc980000,0x00000007bc980000,0x00000007be400000)
 ParOldGen       total 2097152K, used 61038K [0x0000000700000000, 0x0000000780000000, 0x0000000780000000)
  object space 2097152K, 2% used [0x0000000700000000,0x0000000703b9ba28,0x0000000780000000)
 Metaspace       used 98715K, capacity 102973K, committed 103848K, reserved 1140736K
  class space    used 12309K, capacity 13159K, committed 13312K, reserved 1048576K
}
{Heap before GC invocations=39 (full 4):
 PSYoungGen      total 1021440K, used 1005915K [0x0000000780000000, 0x00000007c0000000, 0x00000007c0000000)
  eden space 992768K, 100% used [0x0000000780000000,0x00000007bc980000,0x00000007bc980000)
  from space 28672K, 45% used [0x00000007be400000,0x00000007bf0d6f10,0x00000007c0000000)
  to   space 27136K, 0% used [0x00000007bc980000,0x00000007bc980000,0x00000007be400000)
 ParOldGen       total 2097152K, used 61038K [0x0000000700000000, 0x0000000780000000, 0x0000000780000000)
  object space 2097152K, 2% used [0x0000000700000000,0x0000000703b9ba28,0x0000000780000000)
 Metaspace       used 98716K, capacity 102973K, committed 103848K, reserved 1140736K
  class space    used 12309K, capacity 13159K, committed 13312K, reserved 1048576K
2020-10-26T16:32:17.400+0800: 8550.450: [GC (Allocation Failure) [PSYoungGen: 1005915K->13146K(1019904K)] 1066954K->74185K(3117056K), 0.0663045 secs] [Times: user=0.09 sys=0.12, real=0.07 secs] 
Heap after GC invocations=39 (full 4):
 PSYoungGen      total 1019904K, used 13146K [0x0000000780000000, 0x00000007c0000000, 0x00000007c0000000)
  eden space 992768K, 0% used [0x0000000780000000,0x0000000780000000,0x00000007bc980000)
  from space 27136K, 48% used [0x00000007bc980000,0x00000007bd656ad0,0x00000007be400000)
  to   space 26112K, 0% used [0x00000007be680000,0x00000007be680000,0x00000007c0000000)
 ParOldGen       total 2097152K, used 61038K [0x0000000700000000, 0x0000000780000000, 0x0000000780000000)
  object space 2097152K, 2% used [0x0000000700000000,0x0000000703b9ba28,0x0000000780000000)
 Metaspace       used 98716K, capacity 102973K, committed 103848K, reserved 1140736K
  class space    used 12309K, capacity 13159K, committed 13312K, reserved 1048576K
}
{Heap before GC invocations=40 (full 4):
 PSYoungGen      total 1019904K, used 1005914K [0x0000000780000000, 0x00000007c0000000, 0x00000007c0000000)
  eden space 992768K, 100% used [0x0000000780000000,0x00000007bc980000,0x00000007bc980000)
  from space 27136K, 48% used [0x00000007bc980000,0x00000007bd656ad0,0x00000007be400000)
  to   space 26112K, 0% used [0x00000007be680000,0x00000007be680000,0x00000007c0000000)
 ParOldGen       total 2097152K, used 61038K [0x0000000700000000, 0x0000000780000000, 0x0000000780000000)
  object space 2097152K, 2% used [0x0000000700000000,0x0000000703b9ba28,0x0000000780000000)
 Metaspace       used 98719K, capacity 102973K, committed 103848K, reserved 1140736K
  class space    used 12309K, capacity 13159K, committed 13312K, reserved 1048576K
2020-10-26T16:37:27.412+0800: 8860.463: [GC (Allocation Failure) [PSYoungGen: 1005914K->13258K(1023488K)] 1066953K->74297K(3120640K), 0.1571276 secs] [Times: user=0.23 sys=0.14, real=0.16 secs] 
Heap after GC invocations=40 (full 4):
 PSYoungGen      total 1023488K, used 13258K [0x0000000780000000, 0x00000007c0000000, 0x00000007c0000000)
  eden space 997376K, 0% used [0x0000000780000000,0x0000000780000000,0x00000007bce00000)
  from space 26112K, 50% used [0x00000007be680000,0x00000007bf372ae0,0x00000007c0000000)
  to   space 25088K, 0% used [0x00000007bce00000,0x00000007bce00000,0x00000007be680000)
 ParOldGen       total 2097152K, used 61038K [0x0000000700000000, 0x0000000780000000, 0x0000000780000000)
  object space 2097152K, 2% used [0x0000000700000000,0x0000000703b9ba28,0x0000000780000000)
 Metaspace       used 98719K, capacity 102973K, committed 103848K, reserved 1140736K
  class space    used 12309K, capacity 13159K, committed 13312K, reserved 1048576K
}
{Heap before GC invocations=41 (full 4):
 PSYoungGen      total 1023488K, used 1010634K [0x0000000780000000, 0x00000007c0000000, 0x00000007c0000000)
  eden space 997376K, 100% used [0x0000000780000000,0x00000007bce00000,0x00000007bce00000)
  from space 26112K, 50% used [0x00000007be680000,0x00000007bf372ae0,0x00000007c0000000)
  to   space 25088K, 0% used [0x00000007bce00000,0x00000007bce00000,0x00000007be680000)
 ParOldGen       total 2097152K, used 61038K [0x0000000700000000, 0x0000000780000000, 0x0000000780000000)
  object space 2097152K, 2% used [0x0000000700000000,0x0000000703b9ba28,0x0000000780000000)
 Metaspace       used 98721K, capacity 102973K, committed 103848K, reserved 1140736K
  class space    used 12309K, capacity 13159K, committed 13312K, reserved 1048576K
2020-10-26T16:42:37.383+0800: 9170.434: [GC (Allocation Failure) [PSYoungGen: 1010634K->13500K(1022464K)] 1071673K->74538K(3119616K), 0.0843683 secs] [Times: user=0.12 sys=0.09, real=0.09 secs] 
Heap after GC invocations=41 (full 4):
 PSYoungGen      total 1022464K, used 13500K [0x0000000780000000, 0x00000007c0000000, 0x00000007c0000000)
  eden space 997376K, 0% used [0x0000000780000000,0x0000000780000000,0x00000007bce00000)
  from space 25088K, 53% used [0x00000007bce00000,0x00000007bdb2f1d0,0x00000007be680000)
  to   space 24064K, 0% used [0x00000007be880000,0x00000007be880000,0x00000007c0000000)
 ParOldGen       total 2097152K, used 61038K [0x0000000700000000, 0x0000000780000000, 0x0000000780000000)
  object space 2097152K, 2% used [0x0000000700000000,0x0000000703b9ba28,0x0000000780000000)
 Metaspace       used 98721K, capacity 102973K, committed 103848K, reserved 1140736K
  class space    used 12309K, capacity 13159K, committed 13312K, reserved 1048576K
}
{Heap before GC invocations=42 (full 4):
 PSYoungGen      total 1022464K, used 1010876K [0x0000000780000000, 0x00000007c0000000, 0x00000007c0000000)
  eden space 997376K, 100% used [0x0000000780000000,0x00000007bce00000,0x00000007bce00000)
  from space 25088K, 53% used [0x00000007bce00000,0x00000007bdb2f1d0,0x00000007be680000)
  to   space 24064K, 0% used [0x00000007be880000,0x00000007be880000,0x00000007c0000000)
 ParOldGen       total 2097152K, used 61038K [0x0000000700000000, 0x0000000780000000, 0x0000000780000000)
  object space 2097152K, 2% used [0x0000000700000000,0x0000000703b9ba28,0x0000000780000000)
 Metaspace       used 98722K, capacity 102973K, committed 103848K, reserved 1140736K
  class space    used 12309K, capacity 13159K, committed 13312K, reserved 1048576K
2020-10-26T16:47:47.388+0800: 9480.439: [GC (Allocation Failure) [PSYoungGen: 1010876K->12890K(1025536K)] 1071914K->73929K(3122688K), 0.1648344 secs] [Times: user=0.18 sys=0.08, real=0.16 secs] 
Heap after GC invocations=42 (full 4):
 PSYoungGen      total 1025536K, used 12890K [0x0000000780000000, 0x00000007c0000000, 0x00000007c0000000)
  eden space 1001472K, 0% used [0x0000000780000000,0x0000000780000000,0x00000007bd200000)
  from space 24064K, 53% used [0x00000007be880000,0x00000007bf516ab0,0x00000007c0000000)
  to   space 23040K, 0% used [0x00000007bd200000,0x00000007bd200000,0x00000007be880000)
 ParOldGen       total 2097152K, used 61038K [0x0000000700000000, 0x0000000780000000, 0x0000000780000000)
  object space 2097152K, 2% used [0x0000000700000000,0x0000000703b9ba28,0x0000000780000000)
 Metaspace       used 98722K, capacity 102973K, committed 103848K, reserved 1140736K
  class space    used 12309K, capacity 13159K, committed 13312K, reserved 1048576K
}
{Heap before GC invocations=43 (full 4):
 PSYoungGen      total 1025536K, used 1014362K [0x0000000780000000, 0x00000007c0000000, 0x00000007c0000000)
  eden space 1001472K, 100% used [0x0000000780000000,0x00000007bd200000,0x00000007bd200000)
  from space 24064K, 53% used [0x00000007be880000,0x00000007bf516ab0,0x00000007c0000000)
  to   space 23040K, 0% used [0x00000007bd200000,0x00000007bd200000,0x00000007be880000)
 ParOldGen       total 2097152K, used 61038K [0x0000000700000000, 0x0000000780000000, 0x0000000780000000)
  object space 2097152K, 2% used [0x0000000700000000,0x0000000703b9ba28,0x0000000780000000)
 Metaspace       used 98742K, capacity 103037K, committed 103848K, reserved 1140736K
  class space    used 12309K, capacity 13159K, committed 13312K, reserved 1048576K
2020-10-26T16:53:02.369+0800: 9795.419: [GC (Allocation Failure) [PSYoungGen: 1014362K->13164K(1024512K)] 1075401K->74210K(3121664K), 0.0898854 secs] [Times: user=0.10 sys=0.04, real=0.09 secs] 
Heap after GC invocations=43 (full 4):
 PSYoungGen      total 1024512K, used 13164K [0x0000000780000000, 0x00000007c0000000, 0x00000007c0000000)
  eden space 1001472K, 0% used [0x0000000780000000,0x0000000780000000,0x00000007bd200000)
  from space 23040K, 57% used [0x00000007bd200000,0x00000007bdedb1c0,0x00000007be880000)
  to   space 22528K, 0% used [0x00000007bea00000,0x00000007bea00000,0x00000007c0000000)
 ParOldGen       total 2097152K, used 61046K [0x0000000700000000, 0x0000000780000000, 0x0000000780000000)
  object space 2097152K, 2% used [0x0000000700000000,0x0000000703b9da28,0x0000000780000000)
 Metaspace       used 98742K, capacity 103037K, committed 103848K, reserved 1140736K
  class space    used 12309K, capacity 13159K, committed 13312K, reserved 1048576K
}
{Heap before GC invocations=44 (full 4):
 PSYoungGen      total 1024512K, used 1014636K [0x0000000780000000, 0x00000007c0000000, 0x00000007c0000000)
  eden space 1001472K, 100% used [0x0000000780000000,0x00000007bd200000,0x00000007bd200000)
  from space 23040K, 57% used [0x00000007bd200000,0x00000007bdedb1c0,0x00000007be880000)
  to   space 22528K, 0% used [0x00000007bea00000,0x00000007bea00000,0x00000007c0000000)
 ParOldGen       total 2097152K, used 61046K [0x0000000700000000, 0x0000000780000000, 0x0000000780000000)
  object space 2097152K, 2% used [0x0000000700000000,0x0000000703b9da28,0x0000000780000000)
 Metaspace       used 98742K, capacity 103037K, committed 103848K, reserved 1140736K
  class space    used 12309K, capacity 13159K, committed 13312K, reserved 1048576K
2020-10-26T16:58:12.504+0800: 10105.554: [GC (Allocation Failure) [PSYoungGen: 1014636K->12682K(1027072K)] 1075682K->73729K(3124224K), 0.0604128 secs] [Times: user=0.11 sys=0.14, real=0.06 secs] 
Heap after GC invocations=44 (full 4):
 PSYoungGen      total 1027072K, used 12682K [0x0000000780000000, 0x00000007c0000000, 0x00000007c0000000)
  eden space 1004544K, 0% used [0x0000000780000000,0x0000000780000000,0x00000007bd500000)
  from space 22528K, 56% used [0x00000007bea00000,0x00000007bf662ac0,0x00000007c0000000)
  to   space 21504K, 0% used [0x00000007bd500000,0x00000007bd500000,0x00000007bea00000)
 ParOldGen       total 2097152K, used 61046K [0x0000000700000000, 0x0000000780000000, 0x0000000780000000)
  object space 2097152K, 2% used [0x0000000700000000,0x0000000703b9da28,0x0000000780000000)
 Metaspace       used 98742K, capacity 103037K, committed 103848K, reserved 1140736K
  class space    used 12309K, capacity 13159K, committed 13312K, reserved 1048576K
}
{Heap before GC invocations=45 (full 4):
 PSYoungGen      total 1027072K, used 1017226K [0x0000000780000000, 0x00000007c0000000, 0x00000007c0000000)
  eden space 1004544K, 100% used [0x0000000780000000,0x00000007bd500000,0x00000007bd500000)
  from space 22528K, 56% used [0x00000007bea00000,0x00000007bf662ac0,0x00000007c0000000)
  to   space 21504K, 0% used [0x00000007bd500000,0x00000007bd500000,0x00000007bea00000)
 ParOldGen       total 2097152K, used 61046K [0x0000000700000000, 0x0000000780000000, 0x0000000780000000)
  object space 2097152K, 2% used [0x0000000700000000,0x0000000703b9da28,0x0000000780000000)
 Metaspace       used 98742K, capacity 103037K, committed 103848K, reserved 1140736K
  class space    used 12309K, capacity 13159K, committed 13312K, reserved 1048576K
2020-10-26T17:03:27.389+0800: 10420.439: [GC (Allocation Failure) [PSYoungGen: 1017226K->12700K(1026048K)] 1078273K->73747K(3123200K), 0.0739309 secs] [Times: user=0.09 sys=0.08, real=0.07 secs] 
Heap after GC invocations=45 (full 4):
 PSYoungGen      total 1026048K, used 12700K [0x0000000780000000, 0x00000007c0000000, 0x00000007c0000000)
  eden space 1004544K, 0% used [0x0000000780000000,0x0000000780000000,0x00000007bd500000)
  from space 21504K, 59% used [0x00000007bd500000,0x00000007be167390,0x00000007bea00000)
  to   space 20992K, 0% used [0x00000007beb80000,0x00000007beb80000,0x00000007c0000000)
 ParOldGen       total 2097152K, used 61046K [0x0000000700000000, 0x0000000780000000, 0x0000000780000000)
  object space 2097152K, 2% used [0x0000000700000000,0x0000000703b9da28,0x0000000780000000)
 Metaspace       used 98742K, capacity 103037K, committed 103848K, reserved 1140736K
  class space    used 12309K, capacity 13159K, committed 13312K, reserved 1048576K
}
{Heap before GC invocations=46 (full 4):
 PSYoungGen      total 1026048K, used 1017244K [0x0000000780000000, 0x00000007c0000000, 0x00000007c0000000)
  eden space 1004544K, 100% used [0x0000000780000000,0x00000007bd500000,0x00000007bd500000)
  from space 21504K, 59% used [0x00000007bd500000,0x00000007be167390,0x00000007bea00000)
  to   space 20992K, 0% used [0x00000007beb80000,0x00000007beb80000,0x00000007c0000000)
 ParOldGen       total 2097152K, used 61046K [0x0000000700000000, 0x0000000780000000, 0x0000000780000000)
  object space 2097152K, 2% used [0x0000000700000000,0x0000000703b9da28,0x0000000780000000)
 Metaspace       used 98760K, capacity 103101K, committed 103848K, reserved 1140736K
  class space    used 12309K, capacity 13159K, committed 13312K, reserved 1048576K
2020-10-26T17:08:42.360+0800: 10735.411: [GC (Allocation Failure) [PSYoungGen: 1017244K->13100K(1028096K)] 1078291K->74146K(3125248K), 0.1010747 secs] [Times: user=0.18 sys=0.04, real=0.10 secs] 
Heap after GC invocations=46 (full 4):
 PSYoungGen      total 1028096K, used 13100K [0x0000000780000000, 0x00000007c0000000, 0x00000007c0000000)
  eden space 1007104K, 0% used [0x0000000780000000,0x0000000780000000,0x00000007bd780000)
  from space 20992K, 62% used [0x00000007beb80000,0x00000007bf84b1c0,0x00000007c0000000)
  to   space 20480K, 0% used [0x00000007bd780000,0x00000007bd780000,0x00000007beb80000)
 ParOldGen       total 2097152K, used 61046K [0x0000000700000000, 0x0000000780000000, 0x0000000780000000)
  object space 2097152K, 2% used [0x0000000700000000,0x0000000703b9da28,0x0000000780000000)
 Metaspace       used 98760K, capacity 103101K, committed 103848K, reserved 1140736K
  class space    used 12309K, capacity 13159K, committed 13312K, reserved 1048576K
}
{Heap before GC invocations=47 (full 4):
 PSYoungGen      total 1028096K, used 1020204K [0x0000000780000000, 0x00000007c0000000, 0x00000007c0000000)
  eden space 1007104K, 100% used [0x0000000780000000,0x00000007bd780000,0x00000007bd780000)
  from space 20992K, 62% used [0x00000007beb80000,0x00000007bf84b1c0,0x00000007c0000000)
  to   space 20480K, 0% used [0x00000007bd780000,0x00000007bd780000,0x00000007beb80000)
 ParOldGen       total 2097152K, used 61046K [0x0000000700000000, 0x0000000780000000, 0x0000000780000000)
  object space 2097152K, 2% used [0x0000000700000000,0x0000000703b9da28,0x0000000780000000)
 Metaspace       used 98760K, capacity 103101K, committed 103848K, reserved 1140736K
  class space    used 12309K, capacity 13159K, committed 13312K, reserved 1048576K
2020-10-26T17:13:57.360+0800: 11050.411: [GC (Allocation Failure) [PSYoungGen: 1020204K->3088K(1010688K)] 1081250K->73963K(3107840K), 0.1040993 secs] [Times: user=0.17 sys=0.04, real=0.10 secs] 
Heap after GC invocations=47 (full 4):
 PSYoungGen      total 1010688K, used 3088K [0x0000000780000000, 0x00000007c0000000, 0x00000007c0000000)
  eden space 1007104K, 0% used [0x0000000780000000,0x0000000780000000,0x00000007bd780000)
  from space 3584K, 86% used [0x00000007bd780000,0x00000007bda84250,0x00000007bdb00000)
  to   space 21504K, 0% used [0x00000007beb00000,0x00000007beb00000,0x00000007c0000000)
 ParOldGen       total 2097152K, used 70874K [0x0000000700000000, 0x0000000780000000, 0x0000000780000000)
  object space 2097152K, 3% used [0x0000000700000000,0x0000000704536bc8,0x0000000780000000)
 Metaspace       used 98760K, capacity 103101K, committed 103848K, reserved 1140736K
  class space    used 12309K, capacity 13159K, committed 13312K, reserved 1048576K
}
{Heap before GC invocations=48 (full 4):
 PSYoungGen      total 1010688K, used 1010192K [0x0000000780000000, 0x00000007c0000000, 0x00000007c0000000)
  eden space 1007104K, 100% used [0x0000000780000000,0x00000007bd780000,0x00000007bd780000)
  from space 3584K, 86% used [0x00000007bd780000,0x00000007bda84250,0x00000007bdb00000)
  to   space 21504K, 0% used [0x00000007beb00000,0x00000007beb00000,0x00000007c0000000)
 ParOldGen       total 2097152K, used 70874K [0x0000000700000000, 0x0000000780000000, 0x0000000780000000)
  object space 2097152K, 3% used [0x0000000700000000,0x0000000704536bc8,0x0000000780000000)
 Metaspace       used 98760K, capacity 103101K, committed 103848K, reserved 1140736K
  class space    used 12309K, capacity 13159K, committed 13312K, reserved 1048576K
2020-10-26T17:19:12.402+0800: 11365.452: [GC (Allocation Failure) [PSYoungGen: 1010192K->2768K(1026048K)] 1081067K->73699K(3123200K), 0.0609803 secs] [Times: user=0.17 sys=0.01, real=0.06 secs] 
Heap after GC invocations=48 (full 4):
 PSYoungGen      total 1026048K, used 2768K [0x0000000780000000, 0x00000007c0000000, 0x00000007c0000000)
  eden space 1004544K, 0% used [0x0000000780000000,0x0000000780000000,0x00000007bd500000)
  from space 21504K, 12% used [0x00000007beb00000,0x00000007bedb4250,0x00000007c0000000)
  to   space 22016K, 0% used [0x00000007bd500000,0x00000007bd500000,0x00000007bea80000)
 ParOldGen       total 2097152K, used 70930K [0x0000000700000000, 0x0000000780000000, 0x0000000780000000)
  object space 2097152K, 3% used [0x0000000700000000,0x0000000704544bc8,0x0000000780000000)
 Metaspace       used 98760K, capacity 103101K, committed 103848K, reserved 1140736K
  class space    used 12309K, capacity 13159K, committed 13312K, reserved 1048576K
}
{Heap before GC invocations=49 (full 4):
 PSYoungGen      total 1026048K, used 1007312K [0x0000000780000000, 0x00000007c0000000, 0x00000007c0000000)
  eden space 1004544K, 100% used [0x0000000780000000,0x00000007bd500000,0x00000007bd500000)
  from space 21504K, 12% used [0x00000007beb00000,0x00000007bedb4250,0x00000007c0000000)
  to   space 22016K, 0% used [0x00000007bd500000,0x00000007bd500000,0x00000007bea80000)
 ParOldGen       total 2097152K, used 70930K [0x0000000700000000, 0x0000000780000000, 0x0000000780000000)
  object space 2097152K, 3% used [0x0000000700000000,0x0000000704544bc8,0x0000000780000000)
 Metaspace       used 98760K, capacity 103101K, committed 103848K, reserved 1140736K
  class space    used 12309K, capacity 13159K, committed 13312K, reserved 1048576K
2020-10-26T17:24:22.390+0800: 11675.440: [GC (Allocation Failure) [PSYoungGen: 1007312K->3296K(1008128K)] 1078243K->74291K(3105280K), 0.1721417 secs] [Times: user=0.28 sys=0.06, real=0.17 secs] 
Heap after GC invocations=49 (full 4):
 PSYoungGen      total 1008128K, used 3296K [0x0000000780000000, 0x00000007c0000000, 0x00000007c0000000)
  eden space 1004544K, 0% used [0x0000000780000000,0x0000000780000000,0x00000007bd500000)
  from space 3584K, 91% used [0x00000007bd500000,0x00000007bd8382c0,0x00000007bd880000)
  to   space 22528K, 0% used [0x00000007bea00000,0x00000007bea00000,0x00000007c0000000)
 ParOldGen       total 2097152K, used 70994K [0x0000000700000000, 0x0000000780000000, 0x0000000780000000)
  object space 2097152K, 3% used [0x0000000700000000,0x0000000704554bc8,0x0000000780000000)
 Metaspace       used 98760K, capacity 103101K, committed 103848K, reserved 1140736K
  class space    used 12309K, capacity 13159K, committed 13312K, reserved 1048576K
}
{Heap before GC invocations=50 (full 4):
 PSYoungGen      total 1008128K, used 1007840K [0x0000000780000000, 0x00000007c0000000, 0x00000007c0000000)
  eden space 1004544K, 100% used [0x0000000780000000,0x00000007bd500000,0x00000007bd500000)
  from space 3584K, 91% used [0x00000007bd500000,0x00000007bd8382c0,0x00000007bd880000)
  to   space 22528K, 0% used [0x00000007bea00000,0x00000007bea00000,0x00000007c0000000)
 ParOldGen       total 2097152K, used 70994K [0x0000000700000000, 0x0000000780000000, 0x0000000780000000)
  object space 2097152K, 3% used [0x0000000700000000,0x0000000704554bc8,0x0000000780000000)
 Metaspace       used 98761K, capacity 103101K, committed 103848K, reserved 1140736K
  class space    used 12309K, capacity 13159K, committed 13312K, reserved 1048576K
2020-10-26T17:29:37.367+0800: 11990.418: [GC (Allocation Failure) [PSYoungGen: 1007840K->2848K(1026048K)] 1078835K->73907K(3123200K), 0.0904268 secs] [Times: user=0.13 sys=0.03, real=0.09 secs] 
Heap after GC invocations=50 (full 4):
 PSYoungGen      total 1026048K, used 2848K [0x0000000780000000, 0x00000007c0000000, 0x00000007c0000000)
  eden space 1003520K, 0% used [0x0000000780000000,0x0000000780000000,0x00000007bd400000)
  from space 22528K, 12% used [0x00000007bea00000,0x00000007becc8240,0x00000007c0000000)
  to   space 22528K, 0% used [0x00000007bd400000,0x00000007bd400000,0x00000007bea00000)
 ParOldGen       total 2097152K, used 71058K [0x0000000700000000, 0x0000000780000000, 0x0000000780000000)
  object space 2097152K, 3% used [0x0000000700000000,0x0000000704564bc8,0x0000000780000000)
 Metaspace       used 98761K, capacity 103101K, committed 103848K, reserved 1140736K
  class space    used 12309K, capacity 13159K, committed 13312K, reserved 1048576K
}
{Heap before GC invocations=51 (full 4):
 PSYoungGen      total 1026048K, used 1006368K [0x0000000780000000, 0x00000007c0000000, 0x00000007c0000000)
  eden space 1003520K, 100% used [0x0000000780000000,0x00000007bd400000,0x00000007bd400000)
  from space 22528K, 12% used [0x00000007bea00000,0x00000007becc8240,0x00000007c0000000)
  to   space 22528K, 0% used [0x00000007bd400000,0x00000007bd400000,0x00000007bea00000)
 ParOldGen       total 2097152K, used 71058K [0x0000000700000000, 0x0000000780000000, 0x0000000780000000)
  object space 2097152K, 3% used [0x0000000700000000,0x0000000704564bc8,0x0000000780000000)
 Metaspace       used 98772K, capacity 103101K, committed 103848K, reserved 1140736K
  class space    used 12309K, capacity 13159K, committed 13312K, reserved 1048576K
2020-10-26T17:34:47.655+0800: 12300.706: [GC (Allocation Failure) [PSYoungGen: 1006368K->2880K(1026048K)] 1077427K->73955K(3123200K), 0.1021138 secs] [Times: user=0.13 sys=0.02, real=0.11 secs] 
Heap after GC invocations=51 (full 4):
 PSYoungGen      total 1026048K, used 2880K [0x0000000780000000, 0x00000007c0000000, 0x00000007c0000000)
  eden space 1003520K, 0% used [0x0000000780000000,0x0000000780000000,0x00000007bd400000)
  from space 22528K, 12% used [0x00000007bd400000,0x00000007bd6d01e0,0x00000007bea00000)
  to   space 22528K, 0% used [0x00000007bea00000,0x00000007bea00000,0x00000007c0000000)
 ParOldGen       total 2097152K, used 71074K [0x0000000700000000, 0x0000000780000000, 0x0000000780000000)
  object space 2097152K, 3% used [0x0000000700000000,0x0000000704568bc8,0x0000000780000000)
 Metaspace       used 98772K, capacity 103101K, committed 103848K, reserved 1140736K
  class space    used 12309K, capacity 13159K, committed 13312K, reserved 1048576K
}
{Heap before GC invocations=52 (full 4):
 PSYoungGen      total 1026048K, used 1006400K [0x0000000780000000, 0x00000007c0000000, 0x00000007c0000000)
  eden space 1003520K, 100% used [0x0000000780000000,0x00000007bd400000,0x00000007bd400000)
  from space 22528K, 12% used [0x00000007bd400000,0x00000007bd6d01e0,0x00000007bea00000)
  to   space 22528K, 0% used [0x00000007bea00000,0x00000007bea00000,0x00000007c0000000)
 ParOldGen       total 2097152K, used 71074K [0x0000000700000000, 0x0000000780000000, 0x0000000780000000)
  object space 2097152K, 3% used [0x0000000700000000,0x0000000704568bc8,0x0000000780000000)
 Metaspace       used 98788K, capacity 103101K, committed 103848K, reserved 1140736K
  class space    used 12309K, capacity 13159K, committed 13312K, reserved 1048576K
2020-10-26T17:40:02.385+0800: 12615.436: [GC (Allocation Failure) [PSYoungGen: 1006400K->3344K(1026560K)] 1077475K->74491K(3123712K), 0.0763712 secs] [Times: user=0.14 sys=0.00, real=0.08 secs] 
Heap after GC invocations=52 (full 4):
 PSYoungGen      total 1026560K, used 3344K [0x0000000780000000, 0x00000007c0000000, 0x00000007c0000000)
  eden space 1004032K, 0% used [0x0000000780000000,0x0000000780000000,0x00000007bd480000)
  from space 22528K, 14% used [0x00000007bea00000,0x00000007bed442d0,0x00000007c0000000)
  to   space 22016K, 0% used [0x00000007bd480000,0x00000007bd480000,0x00000007bea00000)
 ParOldGen       total 2097152K, used 71146K [0x0000000700000000, 0x0000000780000000, 0x0000000780000000)
  object space 2097152K, 3% used [0x0000000700000000,0x000000070457abc8,0x0000000780000000)
 Metaspace       used 98788K, capacity 103101K, committed 103848K, reserved 1140736K
  class space    used 12309K, capacity 13159K, committed 13312K, reserved 1048576K
}
{Heap before GC invocations=53 (full 4):
 PSYoungGen      total 1026560K, used 1007376K [0x0000000780000000, 0x00000007c0000000, 0x00000007c0000000)
  eden space 1004032K, 100% used [0x0000000780000000,0x00000007bd480000,0x00000007bd480000)
  from space 22528K, 14% used [0x00000007bea00000,0x00000007bed442d0,0x00000007c0000000)
  to   space 22016K, 0% used [0x00000007bd480000,0x00000007bd480000,0x00000007bea00000)
 ParOldGen       total 2097152K, used 71146K [0x0000000700000000, 0x0000000780000000, 0x0000000780000000)
  object space 2097152K, 3% used [0x0000000700000000,0x000000070457abc8,0x0000000780000000)
 Metaspace       used 98791K, capacity 103101K, committed 103848K, reserved 1140736K
  class space    used 12309K, capacity 13159K, committed 13312K, reserved 1048576K
2020-10-26T17:45:17.371+0800: 12930.422: [GC (Allocation Failure) [PSYoungGen: 1007376K->2816K(1026048K)] 1078523K->73995K(3123200K), 0.0877041 secs] [Times: user=0.17 sys=0.01, real=0.09 secs] 
Heap after GC invocations=53 (full 4):
 PSYoungGen      total 1026048K, used 2816K [0x0000000780000000, 0x00000007c0000000, 0x00000007c0000000)
  eden space 1004032K, 0% used [0x0000000780000000,0x0000000780000000,0x00000007bd480000)
  from space 22016K, 12% used [0x00000007bd480000,0x00000007bd740200,0x00000007bea00000)
  to   space 22016K, 0% used [0x00000007bea80000,0x00000007bea80000,0x00000007c0000000)
 ParOldGen       total 2097152K, used 71178K [0x0000000700000000, 0x0000000780000000, 0x0000000780000000)
  object space 2097152K, 3% used [0x0000000700000000,0x0000000704582bc8,0x0000000780000000)
 Metaspace       used 98791K, capacity 103101K, committed 103848K, reserved 1140736K
  class space    used 12309K, capacity 13159K, committed 13312K, reserved 1048576K
}
{Heap before GC invocations=54 (full 4):
 PSYoungGen      total 1026048K, used 1006848K [0x0000000780000000, 0x00000007c0000000, 0x00000007c0000000)
  eden space 1004032K, 100% used [0x0000000780000000,0x00000007bd480000,0x00000007bd480000)
  from space 22016K, 12% used [0x00000007bd480000,0x00000007bd740200,0x00000007bea00000)
  to   space 22016K, 0% used [0x00000007bea80000,0x00000007bea80000,0x00000007c0000000)
 ParOldGen       total 2097152K, used 71178K [0x0000000700000000, 0x0000000780000000, 0x0000000780000000)
  object space 2097152K, 3% used [0x0000000700000000,0x0000000704582bc8,0x0000000780000000)
 Metaspace       used 98792K, capacity 103101K, committed 103848K, reserved 1140736K
  class space    used 12310K, capacity 13159K, committed 13312K, reserved 1048576K
2020-10-26T17:50:27.389+0800: 13240.439: [GC (Allocation Failure) [PSYoungGen: 1006848K->3104K(1027072K)] 1078027K->74331K(3124224K), 0.0734777 secs] [Times: user=0.15 sys=0.02, real=0.07 secs] 
Heap after GC invocations=54 (full 4):
 PSYoungGen      total 1027072K, used 3104K [0x0000000780000000, 0x00000007c0000000, 0x00000007c0000000)
  eden space 1005056K, 0% used [0x0000000780000000,0x0000000780000000,0x00000007bd580000)
  from space 22016K, 14% used [0x00000007bea80000,0x00000007bed88240,0x00000007c0000000)
  to   space 21504K, 0% used [0x00000007bd580000,0x00000007bd580000,0x00000007bea80000)
 ParOldGen       total 2097152K, used 71226K [0x0000000700000000, 0x0000000780000000, 0x0000000780000000)
  object space 2097152K, 3% used [0x0000000700000000,0x000000070458ebc8,0x0000000780000000)
 Metaspace       used 98792K, capacity 103101K, committed 103848K, reserved 1140736K
  class space    used 12310K, capacity 13159K, committed 13312K, reserved 1048576K
}
{Heap before GC invocations=55 (full 4):
 PSYoungGen      total 1027072K, used 1008160K [0x0000000780000000, 0x00000007c0000000, 0x00000007c0000000)
  eden space 1005056K, 100% used [0x0000000780000000,0x00000007bd580000,0x00000007bd580000)
  from space 22016K, 14% used [0x00000007bea80000,0x00000007bed88240,0x00000007c0000000)
  to   space 21504K, 0% used [0x00000007bd580000,0x00000007bd580000,0x00000007bea80000)
 ParOldGen       total 2097152K, used 71226K [0x0000000700000000, 0x0000000780000000, 0x0000000780000000)
  object space 2097152K, 3% used [0x0000000700000000,0x000000070458ebc8,0x0000000780000000)
 Metaspace       used 98793K, capacity 103101K, committed 103848K, reserved 1140736K
  class space    used 12310K, capacity 13159K, committed 13312K, reserved 1048576K
2020-10-26T17:55:42.378+0800: 13555.429: [GC (Allocation Failure) [PSYoungGen: 1008160K->3152K(1026560K)] 1079387K->74387K(3123712K), 0.0795683 secs] [Times: user=0.12 sys=0.02, real=0.08 secs] 
Heap after GC invocations=55 (full 4):
 PSYoungGen      total 1026560K, used 3152K [0x0000000780000000, 0x00000007c0000000, 0x00000007c0000000)
  eden space 1005056K, 0% used [0x0000000780000000,0x0000000780000000,0x00000007bd580000)
  from space 21504K, 14% used [0x00000007bd580000,0x00000007bd894230,0x00000007bea80000)
  to   space 20480K, 0% used [0x00000007bec00000,0x00000007bec00000,0x00000007c0000000)
 ParOldGen       total 2097152K, used 71234K [0x0000000700000000, 0x0000000780000000, 0x0000000780000000)
  object space 2097152K, 3% used [0x0000000700000000,0x0000000704590bc8,0x0000000780000000)
 Metaspace       used 98793K, capacity 103101K, committed 103848K, reserved 1140736K
  class space    used 12310K, capacity 13159K, committed 13312K, reserved 1048576K
}
{Heap before GC invocations=56 (full 4):
 PSYoungGen      total 1026560K, used 1008208K [0x0000000780000000, 0x00000007c0000000, 0x00000007c0000000)
  eden space 1005056K, 100% used [0x0000000780000000,0x00000007bd580000,0x00000007bd580000)
  from space 21504K, 14% used [0x00000007bd580000,0x00000007bd894230,0x00000007bea80000)
  to   space 20480K, 0% used [0x00000007bec00000,0x00000007bec00000,0x00000007c0000000)
 ParOldGen       total 2097152K, used 71234K [0x0000000700000000, 0x0000000780000000, 0x0000000780000000)
  object space 2097152K, 3% used [0x0000000700000000,0x0000000704590bc8,0x0000000780000000)
 Metaspace       used 98795K, capacity 103101K, committed 103848K, reserved 1140736K
  class space    used 12310K, capacity 13159K, committed 13312K, reserved 1048576K
2020-10-26T18:00:52.509+0800: 13865.560: [GC (Allocation Failure) [PSYoungGen: 1008208K->2816K(1028608K)] 1079443K->74115K(3125760K), 0.0534878 secs] [Times: user=0.17 sys=0.02, real=0.05 secs] 
Heap after GC invocations=56 (full 4):
 PSYoungGen      total 1028608K, used 2816K [0x0000000780000000, 0x00000007c0000000, 0x00000007c0000000)
  eden space 1008128K, 0% used [0x0000000780000000,0x0000000780000000,0x00000007bd880000)
  from space 20480K, 13% used [0x00000007bec00000,0x00000007beec0240,0x00000007c0000000)
  to   space 19968K, 0% used [0x00000007bd880000,0x00000007bd880000,0x00000007bec00000)
 ParOldGen       total 2097152K, used 71298K [0x0000000700000000, 0x0000000780000000, 0x0000000780000000)
  object space 2097152K, 3% used [0x0000000700000000,0x00000007045a0bc8,0x0000000780000000)
 Metaspace       used 98795K, capacity 103101K, committed 103848K, reserved 1140736K
  class space    used 12310K, capacity 13159K, committed 13312K, reserved 1048576K
}
{Heap before GC invocations=57 (full 4):
 PSYoungGen      total 1028608K, used 1010944K [0x0000000780000000, 0x00000007c0000000, 0x00000007c0000000)
  eden space 1008128K, 100% used [0x0000000780000000,0x00000007bd880000,0x00000007bd880000)
  from space 20480K, 13% used [0x00000007bec00000,0x00000007beec0240,0x00000007c0000000)
  to   space 19968K, 0% used [0x00000007bd880000,0x00000007bd880000,0x00000007bec00000)
 ParOldGen       total 2097152K, used 71298K [0x0000000700000000, 0x0000000780000000, 0x0000000780000000)
  object space 2097152K, 3% used [0x0000000700000000,0x00000007045a0bc8,0x0000000780000000)
 Metaspace       used 98800K, capacity 103101K, committed 103848K, reserved 1140736K
  class space    used 12310K, capacity 13159K, committed 13312K, reserved 1048576K
2020-10-26T18:06:07.399+0800: 14180.450: [GC (Allocation Failure) [PSYoungGen: 1010944K->3424K(1028096K)] 1082243K->74763K(3125248K), 0.0631383 secs] [Times: user=0.18 sys=0.01, real=0.06 secs] 
Heap after GC invocations=57 (full 4):
 PSYoungGen      total 1028096K, used 3424K [0x0000000780000000, 0x00000007c0000000, 0x00000007c0000000)
  eden space 1008128K, 0% used [0x0000000780000000,0x0000000780000000,0x00000007bd880000)
  from space 19968K, 17% used [0x00000007bd880000,0x00000007bdbd82c0,0x00000007bec00000)
  to   space 19456K, 0% used [0x00000007bed00000,0x00000007bed00000,0x00000007c0000000)
 ParOldGen       total 2097152K, used 71338K [0x0000000700000000, 0x0000000780000000, 0x0000000780000000)
  object space 2097152K, 3% used [0x0000000700000000,0x00000007045aabc8,0x0000000780000000)
 Metaspace       used 98800K, capacity 103101K, committed 103848K, reserved 1140736K
  class space    used 12310K, capacity 13159K, committed 13312K, reserved 1048576K
}
{Heap before GC invocations=58 (full 4):
 PSYoungGen      total 1028096K, used 1011552K [0x0000000780000000, 0x00000007c0000000, 0x00000007c0000000)
  eden space 1008128K, 100% used [0x0000000780000000,0x00000007bd880000,0x00000007bd880000)
  from space 19968K, 17% used [0x00000007bd880000,0x00000007bdbd82c0,0x00000007bec00000)
  to   space 19456K, 0% used [0x00000007bed00000,0x00000007bed00000,0x00000007c0000000)
 ParOldGen       total 2097152K, used 71338K [0x0000000700000000, 0x0000000780000000, 0x0000000780000000)
  object space 2097152K, 3% used [0x0000000700000000,0x00000007045aabc8,0x0000000780000000)
 Metaspace       used 98806K, capacity 103101K, committed 103848K, reserved 1140736K
  class space    used 12310K, capacity 13159K, committed 13312K, reserved 1048576K
2020-10-26T18:11:22.382+0800: 14495.433: [GC (Allocation Failure) [PSYoungGen: 1011552K->2896K(1030144K)] 1082891K->74243K(3127296K), 0.0810279 secs] [Times: user=0.17 sys=0.02, real=0.08 secs] 
Heap after GC invocations=58 (full 4):
 PSYoungGen      total 1030144K, used 2896K [0x0000000780000000, 0x00000007c0000000, 0x00000007c0000000)
  eden space 1010688K, 0% used [0x0000000780000000,0x0000000780000000,0x00000007bdb00000)
  from space 19456K, 14% used [0x00000007bed00000,0x00000007befd4250,0x00000007c0000000)
  to   space 18432K, 0% used [0x00000007bdb00000,0x00000007bdb00000,0x00000007bed00000)
 ParOldGen       total 2097152K, used 71346K [0x0000000700000000, 0x0000000780000000, 0x0000000780000000)
  object space 2097152K, 3% used [0x0000000700000000,0x00000007045acbc8,0x0000000780000000)
 Metaspace       used 98806K, capacity 103101K, committed 103848K, reserved 1140736K
  class space    used 12310K, capacity 13159K, committed 13312K, reserved 1048576K
}
{Heap before GC invocations=59 (full 4):
 PSYoungGen      total 1030144K, used 1013584K [0x0000000780000000, 0x00000007c0000000, 0x00000007c0000000)
  eden space 1010688K, 100% used [0x0000000780000000,0x00000007bdb00000,0x00000007bdb00000)
  from space 19456K, 14% used [0x00000007bed00000,0x00000007befd4250,0x00000007c0000000)
  to   space 18432K, 0% used [0x00000007bdb00000,0x00000007bdb00000,0x00000007bed00000)
 ParOldGen       total 2097152K, used 71346K [0x0000000700000000, 0x0000000780000000, 0x0000000780000000)
  object space 2097152K, 3% used [0x0000000700000000,0x00000007045acbc8,0x0000000780000000)
 Metaspace       used 98809K, capacity 103101K, committed 103848K, reserved 1140736K
  class space    used 12310K, capacity 13159K, committed 13312K, reserved 1048576K
2020-10-26T18:16:37.385+0800: 14810.436: [GC (Allocation Failure) [PSYoungGen: 1013584K->2960K(1029120K)] 1084931K->74371K(3126272K), 0.0772077 secs] [Times: user=0.16 sys=0.02, real=0.08 secs] 
Heap after GC invocations=59 (full 4):
 PSYoungGen      total 1029120K, used 2960K [0x0000000780000000, 0x00000007c0000000, 0x00000007c0000000)
  eden space 1010688K, 0% used [0x0000000780000000,0x0000000780000000,0x00000007bdb00000)
  from space 18432K, 16% used [0x00000007bdb00000,0x00000007bdde41f0,0x00000007bed00000)
  to   space 17920K, 0% used [0x00000007bee80000,0x00000007bee80000,0x00000007c0000000)
 ParOldGen       total 2097152K, used 71410K [0x0000000700000000, 0x0000000780000000, 0x0000000780000000)
  object space 2097152K, 3% used [0x0000000700000000,0x00000007045bcbc8,0x0000000780000000)
 Metaspace       used 98809K, capacity 103101K, committed 103848K, reserved 1140736K
  class space    used 12310K, capacity 13159K, committed 13312K, reserved 1048576K
}
{Heap before GC invocations=60 (full 4):
 PSYoungGen      total 1029120K, used 1013648K [0x0000000780000000, 0x00000007c0000000, 0x00000007c0000000)
  eden space 1010688K, 100% used [0x0000000780000000,0x00000007bdb00000,0x00000007bdb00000)
  from space 18432K, 16% used [0x00000007bdb00000,0x00000007bdde41f0,0x00000007bed00000)
  to   space 17920K, 0% used [0x00000007bee80000,0x00000007bee80000,0x00000007c0000000)
 ParOldGen       total 2097152K, used 71410K [0x0000000700000000, 0x0000000780000000, 0x0000000780000000)
  object space 2097152K, 3% used [0x0000000700000000,0x00000007045bcbc8,0x0000000780000000)
 Metaspace       used 98816K, capacity 103101K, committed 103848K, reserved 1140736K
  class space    used 12310K, capacity 13159K, committed 13312K, reserved 1048576K
2020-10-26T18:21:52.394+0800: 15125.444: [GC (Allocation Failure) [PSYoungGen: 1013648K->3280K(1031680K)] 1085059K->74699K(3128832K), 0.0667227 secs] [Times: user=0.11 sys=0.02, real=0.07 secs] 
Heap after GC invocations=60 (full 4):
 PSYoungGen      total 1031680K, used 3280K [0x0000000780000000, 0x00000007c0000000, 0x00000007c0000000)
  eden space 1013760K, 0% used [0x0000000780000000,0x0000000780000000,0x00000007bde00000)
  from space 17920K, 18% used [0x00000007bee80000,0x00000007bf1b42f0,0x00000007c0000000)
  to   space 16896K, 0% used [0x00000007bde00000,0x00000007bde00000,0x00000007bee80000)
 ParOldGen       total 2097152K, used 71418K [0x0000000700000000, 0x0000000780000000, 0x0000000780000000)
  object space 2097152K, 3% used [0x0000000700000000,0x00000007045bebc8,0x0000000780000000)
 Metaspace       used 98816K, capacity 103101K, committed 103848K, reserved 1140736K
  class space    used 12310K, capacity 13159K, committed 13312K, reserved 1048576K
}
{Heap before GC invocations=61 (full 4):
 PSYoungGen      total 1031680K, used 1017040K [0x0000000780000000, 0x00000007c0000000, 0x00000007c0000000)
  eden space 1013760K, 100% used [0x0000000780000000,0x00000007bde00000,0x00000007bde00000)
  from space 17920K, 18% used [0x00000007bee80000,0x00000007bf1b42f0,0x00000007c0000000)
  to   space 16896K, 0% used [0x00000007bde00000,0x00000007bde00000,0x00000007bee80000)
 ParOldGen       total 2097152K, used 71418K [0x0000000700000000, 0x0000000780000000, 0x0000000780000000)
  object space 2097152K, 3% used [0x0000000700000000,0x00000007045bebc8,0x0000000780000000)
 Metaspace       used 98846K, capacity 103165K, committed 103848K, reserved 1140736K
  class space    used 12310K, capacity 13159K, committed 13312K, reserved 1048576K
2020-10-26T18:27:07.400+0800: 15440.451: [GC (Allocation Failure) [PSYoungGen: 1017040K->2800K(1030656K)] 1088459K->74235K(3127808K), 0.0170006 secs] [Times: user=0.05 sys=0.01, real=0.02 secs] 
Heap after GC invocations=61 (full 4):
 PSYoungGen      total 1030656K, used 2800K [0x0000000780000000, 0x00000007c0000000, 0x00000007c0000000)
  eden space 1013760K, 0% used [0x0000000780000000,0x0000000780000000,0x00000007bde00000)
  from space 16896K, 16% used [0x00000007bde00000,0x00000007be0bc250,0x00000007bee80000)
  to   space 16384K, 0% used [0x00000007bf000000,0x00000007bf000000,0x00000007c0000000)
 ParOldGen       total 2097152K, used 71434K [0x0000000700000000, 0x0000000780000000, 0x0000000780000000)
  object space 2097152K, 3% used [0x0000000700000000,0x00000007045c2bc8,0x0000000780000000)
 Metaspace       used 98846K, capacity 103165K, committed 103848K, reserved 1140736K
  class space    used 12310K, capacity 13159K, committed 13312K, reserved 1048576K
}
{Heap before GC invocations=62 (full 4):
 PSYoungGen      total 1030656K, used 1016560K [0x0000000780000000, 0x00000007c0000000, 0x00000007c0000000)
  eden space 1013760K, 100% used [0x0000000780000000,0x00000007bde00000,0x00000007bde00000)
  from space 16896K, 16% used [0x00000007bde00000,0x00000007be0bc250,0x00000007bee80000)
  to   space 16384K, 0% used [0x00000007bf000000,0x00000007bf000000,0x00000007c0000000)
 ParOldGen       total 2097152K, used 71434K [0x0000000700000000, 0x0000000780000000, 0x0000000780000000)
  object space 2097152K, 3% used [0x0000000700000000,0x00000007045c2bc8,0x0000000780000000)
 Metaspace       used 98846K, capacity 103165K, committed 103848K, reserved 1140736K
  class space    used 12310K, capacity 13159K, committed 13312K, reserved 1048576K
2020-10-26T18:32:27.377+0800: 15760.427: [GC (Allocation Failure) [PSYoungGen: 1016560K->2944K(1032704K)] 1087995K->74403K(3129856K), 0.0172615 secs] [Times: user=0.07 sys=0.02, real=0.01 secs] 
Heap after GC invocations=62 (full 4):
 PSYoungGen      total 1032704K, used 2944K [0x0000000780000000, 0x00000007c0000000, 0x00000007c0000000)
  eden space 1016320K, 0% used [0x0000000780000000,0x0000000780000000,0x00000007be080000)
  from space 16384K, 17% used [0x00000007bf000000,0x00000007bf2e0220,0x00000007c0000000)
  to   space 15872K, 0% used [0x00000007be080000,0x00000007be080000,0x00000007bf000000)
 ParOldGen       total 2097152K, used 71458K [0x0000000700000000, 0x0000000780000000, 0x0000000780000000)
  object space 2097152K, 3% used [0x0000000700000000,0x00000007045c8bc8,0x0000000780000000)
 Metaspace       used 98846K, capacity 103165K, committed 103848K, reserved 1140736K
  class space    used 12310K, capacity 13159K, committed 13312K, reserved 1048576K
}
{Heap before GC invocations=63 (full 4):
 PSYoungGen      total 1032704K, used 1019264K [0x0000000780000000, 0x00000007c0000000, 0x00000007c0000000)
  eden space 1016320K, 100% used [0x0000000780000000,0x00000007be080000,0x00000007be080000)
  from space 16384K, 17% used [0x00000007bf000000,0x00000007bf2e0220,0x00000007c0000000)
  to   space 15872K, 0% used [0x00000007be080000,0x00000007be080000,0x00000007bf000000)
 ParOldGen       total 2097152K, used 71458K [0x0000000700000000, 0x0000000780000000, 0x0000000780000000)
  object space 2097152K, 3% used [0x0000000700000000,0x00000007045c8bc8,0x0000000780000000)
 Metaspace       used 98855K, capacity 103165K, committed 103848K, reserved 1140736K
  class space    used 12310K, capacity 13159K, committed 13312K, reserved 1048576K
2020-10-26T18:37:42.395+0800: 16075.446: [GC (Allocation Failure) [PSYoungGen: 1019264K->3280K(1032192K)] 1090723K->74739K(3129344K), 0.0178578 secs] [Times: user=0.06 sys=0.01, real=0.02 secs] 
Heap after GC invocations=63 (full 4):
 PSYoungGen      total 1032192K, used 3280K [0x0000000780000000, 0x00000007c0000000, 0x00000007c0000000)
  eden space 1016320K, 0% used [0x0000000780000000,0x0000000780000000,0x00000007be080000)
  from space 15872K, 20% used [0x00000007be080000,0x00000007be3b42b0,0x00000007bf000000)
  to   space 14848K, 0% used [0x00000007bf180000,0x00000007bf180000,0x00000007c0000000)
 ParOldGen       total 2097152K, used 71458K [0x0000000700000000, 0x0000000780000000, 0x0000000780000000)
  object space 2097152K, 3% used [0x0000000700000000,0x00000007045c8bc8,0x0000000780000000)
 Metaspace       used 98855K, capacity 103165K, committed 103848K, reserved 1140736K
  class space    used 12310K, capacity 13159K, committed 13312K, reserved 1048576K
}
{Heap before GC invocations=64 (full 4):
 PSYoungGen      total 1032192K, used 1019600K [0x0000000780000000, 0x00000007c0000000, 0x00000007c0000000)
  eden space 1016320K, 100% used [0x0000000780000000,0x00000007be080000,0x00000007be080000)
  from space 15872K, 20% used [0x00000007be080000,0x00000007be3b42b0,0x00000007bf000000)
  to   space 14848K, 0% used [0x00000007bf180000,0x00000007bf180000,0x00000007c0000000)
 ParOldGen       total 2097152K, used 71458K [0x0000000700000000, 0x0000000780000000, 0x0000000780000000)
  object space 2097152K, 3% used [0x0000000700000000,0x00000007045c8bc8,0x0000000780000000)
 Metaspace       used 98858K, capacity 103165K, committed 103848K, reserved 1140736K
  class space    used 12310K, capacity 13159K, committed 13312K, reserved 1048576K
2020-10-26T18:43:02.392+0800: 16395.443: [GC (Allocation Failure) [PSYoungGen: 1019600K->2736K(1034240K)] 1091059K->74195K(3131392K), 0.0667607 secs] [Times: user=0.09 sys=0.02, real=0.07 secs] 
Heap after GC invocations=64 (full 4):
 PSYoungGen      total 1034240K, used 2736K [0x0000000780000000, 0x00000007c0000000, 0x00000007c0000000)
  eden space 1019392K, 0% used [0x0000000780000000,0x0000000780000000,0x00000007be380000)
  from space 14848K, 18% used [0x00000007bf180000,0x00000007bf42c250,0x00000007c0000000)
  to   space 14336K, 0% used [0x00000007be380000,0x00000007be380000,0x00000007bf180000)
 ParOldGen       total 2097152K, used 71458K [0x0000000700000000, 0x0000000780000000, 0x0000000780000000)
  object space 2097152K, 3% used [0x0000000700000000,0x00000007045c8bc8,0x0000000780000000)
 Metaspace       used 98858K, capacity 103165K, committed 103848K, reserved 1140736K
  class space    used 12310K, capacity 13159K, committed 13312K, reserved 1048576K
}
{Heap before GC invocations=65 (full 4):
 PSYoungGen      total 1034240K, used 1022128K [0x0000000780000000, 0x00000007c0000000, 0x00000007c0000000)
  eden space 1019392K, 100% used [0x0000000780000000,0x00000007be380000,0x00000007be380000)
  from space 14848K, 18% used [0x00000007bf180000,0x00000007bf42c250,0x00000007c0000000)
  to   space 14336K, 0% used [0x00000007be380000,0x00000007be380000,0x00000007bf180000)
 ParOldGen       total 2097152K, used 71458K [0x0000000700000000, 0x0000000780000000, 0x0000000780000000)
  object space 2097152K, 3% used [0x0000000700000000,0x00000007045c8bc8,0x0000000780000000)
 Metaspace       used 98858K, capacity 103165K, committed 103848K, reserved 1140736K
  class space    used 12310K, capacity 13159K, committed 13312K, reserved 1048576K
2020-10-26T18:48:22.375+0800: 16715.426: [GC (Allocation Failure) [PSYoungGen: 1022128K->3008K(1033728K)] 1093587K->74467K(3130880K), 0.0841516 secs] [Times: user=0.12 sys=0.02, real=0.09 secs] 
Heap after GC invocations=65 (full 4):
 PSYoungGen      total 1033728K, used 3008K [0x0000000780000000, 0x00000007c0000000, 0x00000007c0000000)
  eden space 1019392K, 0% used [0x0000000780000000,0x0000000780000000,0x00000007be380000)
  from space 14336K, 20% used [0x00000007be380000,0x00000007be670220,0x00000007bf180000)
  to   space 13824K, 0% used [0x00000007bf280000,0x00000007bf280000,0x00000007c0000000)
 ParOldGen       total 2097152K, used 71458K [0x0000000700000000, 0x0000000780000000, 0x0000000780000000)
  object space 2097152K, 3% used [0x0000000700000000,0x00000007045c8bc8,0x0000000780000000)
 Metaspace       used 98858K, capacity 103165K, committed 103848K, reserved 1140736K
  class space    used 12310K, capacity 13159K, committed 13312K, reserved 1048576K
}
{Heap before GC invocations=66 (full 4):
 PSYoungGen      total 1033728K, used 1022400K [0x0000000780000000, 0x00000007c0000000, 0x00000007c0000000)
  eden space 1019392K, 100% used [0x0000000780000000,0x00000007be380000,0x00000007be380000)
  from space 14336K, 20% used [0x00000007be380000,0x00000007be670220,0x00000007bf180000)
  to   space 13824K, 0% used [0x00000007bf280000,0x00000007bf280000,0x00000007c0000000)
 ParOldGen       total 2097152K, used 71458K [0x0000000700000000, 0x0000000780000000, 0x0000000780000000)
  object space 2097152K, 3% used [0x0000000700000000,0x00000007045c8bc8,0x0000000780000000)
 Metaspace       used 98861K, capacity 103165K, committed 103848K, reserved 1140736K
  class space    used 12310K, capacity 13159K, committed 13312K, reserved 1048576K
2020-10-26T18:53:42.332+0800: 17035.383: [GC (Allocation Failure) [PSYoungGen: 1022400K->3408K(1035776K)] 1093859K->74875K(3132928K), 0.0271670 secs] [Times: user=0.08 sys=0.05, real=0.03 secs] 
Heap after GC invocations=66 (full 4):
 PSYoungGen      total 1035776K, used 3408K [0x0000000780000000, 0x00000007c0000000, 0x00000007c0000000)
  eden space 1021952K, 0% used [0x0000000780000000,0x0000000780000000,0x00000007be600000)
  from space 13824K, 24% used [0x00000007bf280000,0x00000007bf5d4250,0x00000007c0000000)
  to   space 12800K, 0% used [0x00000007be600000,0x00000007be600000,0x00000007bf280000)
 ParOldGen       total 2097152K, used 71466K [0x0000000700000000, 0x0000000780000000, 0x0000000780000000)
  object space 2097152K, 3% used [0x0000000700000000,0x00000007045cabc8,0x0000000780000000)
 Metaspace       used 98861K, capacity 103165K, committed 103848K, reserved 1140736K
  class space    used 12310K, capacity 13159K, committed 13312K, reserved 1048576K
}
{Heap before GC invocations=67 (full 4):
 PSYoungGen      total 1035776K, used 1025360K [0x0000000780000000, 0x00000007c0000000, 0x00000007c0000000)
  eden space 1021952K, 100% used [0x0000000780000000,0x00000007be600000,0x00000007be600000)
  from space 13824K, 24% used [0x00000007bf280000,0x00000007bf5d4250,0x00000007c0000000)
  to   space 12800K, 0% used [0x00000007be600000,0x00000007be600000,0x00000007bf280000)
 ParOldGen       total 2097152K, used 71466K [0x0000000700000000, 0x0000000780000000, 0x0000000780000000)
  object space 2097152K, 3% used [0x0000000700000000,0x00000007045cabc8,0x0000000780000000)
 Metaspace       used 98861K, capacity 103165K, committed 103848K, reserved 1140736K
  class space    used 12310K, capacity 13159K, committed 13312K, reserved 1048576K
2020-10-26T18:58:57.397+0800: 17350.447: [GC (Allocation Failure) [PSYoungGen: 1025360K->2976K(1034752K)] 1096827K->74499K(3131904K), 0.0647254 secs] [Times: user=0.13 sys=0.02, real=0.06 secs] 
Heap after GC invocations=67 (full 4):
 PSYoungGen      total 1034752K, used 2976K [0x0000000780000000, 0x00000007c0000000, 0x00000007c0000000)
  eden space 1021952K, 0% used [0x0000000780000000,0x0000000780000000,0x00000007be600000)
  from space 12800K, 23% used [0x00000007be600000,0x00000007be8e8200,0x00000007bf280000)
  to   space 12288K, 0% used [0x00000007bf400000,0x00000007bf400000,0x00000007c0000000)
 ParOldGen       total 2097152K, used 71522K [0x0000000700000000, 0x0000000780000000, 0x0000000780000000)
  object space 2097152K, 3% used [0x0000000700000000,0x00000007045d8bc8,0x0000000780000000)
 Metaspace       used 98861K, capacity 103165K, committed 103848K, reserved 1140736K
  class space    used 12310K, capacity 13159K, committed 13312K, reserved 1048576K
}
{Heap before GC invocations=68 (full 4):
 PSYoungGen      total 1034752K, used 1024928K [0x0000000780000000, 0x00000007c0000000, 0x00000007c0000000)
  eden space 1021952K, 100% used [0x0000000780000000,0x00000007be600000,0x00000007be600000)
  from space 12800K, 23% used [0x00000007be600000,0x00000007be8e8200,0x00000007bf280000)
  to   space 12288K, 0% used [0x00000007bf400000,0x00000007bf400000,0x00000007c0000000)
 ParOldGen       total 2097152K, used 71522K [0x0000000700000000, 0x0000000780000000, 0x0000000780000000)
  object space 2097152K, 3% used [0x0000000700000000,0x00000007045d8bc8,0x0000000780000000)
 Metaspace       used 98861K, capacity 103165K, committed 103848K, reserved 1140736K
  class space    used 12310K, capacity 13159K, committed 13312K, reserved 1048576K
2020-10-26T19:04:17.396+0800: 17670.447: [GC (Allocation Failure) [PSYoungGen: 1024928K->2880K(1036800K)] 1096451K->74467K(3133952K), 0.0666634 secs] [Times: user=0.09 sys=0.03, real=0.06 secs] 
Heap after GC invocations=68 (full 4):
 PSYoungGen      total 1036800K, used 2880K [0x0000000780000000, 0x00000007c0000000, 0x00000007c0000000)
  eden space 1024512K, 0% used [0x0000000780000000,0x0000000780000000,0x00000007be880000)
  from space 12288K, 23% used [0x00000007bf400000,0x00000007bf6d0260,0x00000007c0000000)
  to   space 11776K, 0% used [0x00000007be880000,0x00000007be880000,0x00000007bf400000)
 ParOldGen       total 2097152K, used 71586K [0x0000000700000000, 0x0000000780000000, 0x0000000780000000)
  object space 2097152K, 3% used [0x0000000700000000,0x00000007045e8bc8,0x0000000780000000)
 Metaspace       used 98861K, capacity 103165K, committed 103848K, reserved 1140736K
  class space    used 12310K, capacity 13159K, committed 13312K, reserved 1048576K
}
{Heap before GC invocations=69 (full 4):
 PSYoungGen      total 1036800K, used 1027392K [0x0000000780000000, 0x00000007c0000000, 0x00000007c0000000)
  eden space 1024512K, 100% used [0x0000000780000000,0x00000007be880000,0x00000007be880000)
  from space 12288K, 23% used [0x00000007bf400000,0x00000007bf6d0260,0x00000007c0000000)
  to   space 11776K, 0% used [0x00000007be880000,0x00000007be880000,0x00000007bf400000)
 ParOldGen       total 2097152K, used 71586K [0x0000000700000000, 0x0000000780000000, 0x0000000780000000)
  object space 2097152K, 3% used [0x0000000700000000,0x00000007045e8bc8,0x0000000780000000)
 Metaspace       used 98865K, capacity 103165K, committed 103848K, reserved 1140736K
  class space    used 12310K, capacity 13159K, committed 13312K, reserved 1048576K
2020-10-26T19:09:37.392+0800: 17990.443: [GC (Allocation Failure) [PSYoungGen: 1027392K->3328K(1036288K)] 1098979K->74955K(3133440K), 0.0699456 secs] [Times: user=0.10 sys=0.03, real=0.07 secs] 
Heap after GC invocations=69 (full 4):
 PSYoungGen      total 1036288K, used 3328K [0x0000000780000000, 0x00000007c0000000, 0x00000007c0000000)
  eden space 1024512K, 0% used [0x0000000780000000,0x0000000780000000,0x00000007be880000)
  from space 11776K, 28% used [0x00000007be880000,0x00000007bebc0240,0x00000007bf400000)
  to   space 11264K, 0% used [0x00000007bf500000,0x00000007bf500000,0x00000007c0000000)
 ParOldGen       total 2097152K, used 71626K [0x0000000700000000, 0x0000000780000000, 0x0000000780000000)
  object space 2097152K, 3% used [0x0000000700000000,0x00000007045f2bc8,0x0000000780000000)
 Metaspace       used 98865K, capacity 103165K, committed 103848K, reserved 1140736K
  class space    used 12310K, capacity 13159K, committed 13312K, reserved 1048576K
}
{Heap before GC invocations=70 (full 4):
 PSYoungGen      total 1036288K, used 1027840K [0x0000000780000000, 0x00000007c0000000, 0x00000007c0000000)
  eden space 1024512K, 100% used [0x0000000780000000,0x00000007be880000,0x00000007be880000)
  from space 11776K, 28% used [0x00000007be880000,0x00000007bebc0240,0x00000007bf400000)
  to   space 11264K, 0% used [0x00000007bf500000,0x00000007bf500000,0x00000007c0000000)
 ParOldGen       total 2097152K, used 71626K [0x0000000700000000, 0x0000000780000000, 0x0000000780000000)
  object space 2097152K, 3% used [0x0000000700000000,0x00000007045f2bc8,0x0000000780000000)
 Metaspace       used 98869K, capacity 103165K, committed 103848K, reserved 1140736K
  class space    used 12310K, capacity 13159K, committed 13312K, reserved 1048576K
2020-10-26T19:14:57.398+0800: 18310.448: [GC (Allocation Failure) [PSYoungGen: 1027840K->2912K(1037824K)] 1099467K->74595K(3134976K), 0.0622748 secs] [Times: user=0.10 sys=0.03, real=0.06 secs] 
Heap after GC invocations=70 (full 4):
 PSYoungGen      total 1037824K, used 2912K [0x0000000780000000, 0x00000007c0000000, 0x00000007c0000000)
  eden space 1026560K, 0% used [0x0000000780000000,0x0000000780000000,0x00000007bea80000)
  from space 11264K, 25% used [0x00000007bf500000,0x00000007bf7d8200,0x00000007c0000000)
  to   space 10752K, 0% used [0x00000007bea80000,0x00000007bea80000,0x00000007bf500000)
 ParOldGen       total 2097152K, used 71682K [0x0000000700000000, 0x0000000780000000, 0x0000000780000000)
  object space 2097152K, 3% used [0x0000000700000000,0x0000000704600bc8,0x0000000780000000)
 Metaspace       used 98869K, capacity 103165K, committed 103848K, reserved 1140736K
  class space    used 12310K, capacity 13159K, committed 13312K, reserved 1048576K
}
{Heap before GC invocations=71 (full 4):
 PSYoungGen      total 1037824K, used 1029472K [0x0000000780000000, 0x00000007c0000000, 0x00000007c0000000)
  eden space 1026560K, 100% used [0x0000000780000000,0x00000007bea80000,0x00000007bea80000)
  from space 11264K, 25% used [0x00000007bf500000,0x00000007bf7d8200,0x00000007c0000000)
  to   space 10752K, 0% used [0x00000007bea80000,0x00000007bea80000,0x00000007bf500000)
 ParOldGen       total 2097152K, used 71682K [0x0000000700000000, 0x0000000780000000, 0x0000000780000000)
  object space 2097152K, 3% used [0x0000000700000000,0x0000000704600bc8,0x0000000780000000)
 Metaspace       used 98875K, capacity 103165K, committed 103848K, reserved 1140736K
  class space    used 12310K, capacity 13159K, committed 13312K, reserved 1048576K
2020-10-26T19:20:17.436+0800: 18630.486: [GC (Allocation Failure) [PSYoungGen: 1029472K->3440K(1037312K)] 1101155K->75163K(3134464K), 0.0276071 secs] [Times: user=0.13 sys=0.02, real=0.03 secs] 
Heap after GC invocations=71 (full 4):
 PSYoungGen      total 1037312K, used 3440K [0x0000000780000000, 0x00000007c0000000, 0x00000007c0000000)
  eden space 1026560K, 0% used [0x0000000780000000,0x0000000780000000,0x00000007bea80000)
  from space 10752K, 32% used [0x00000007bea80000,0x00000007beddc2d0,0x00000007bf500000)
  to   space 10240K, 0% used [0x00000007bf600000,0x00000007bf600000,0x00000007c0000000)
 ParOldGen       total 2097152K, used 71722K [0x0000000700000000, 0x0000000780000000, 0x0000000780000000)
  object space 2097152K, 3% used [0x0000000700000000,0x000000070460abc8,0x0000000780000000)
 Metaspace       used 98875K, capacity 103165K, committed 103848K, reserved 1140736K
  class space    used 12310K, capacity 13159K, committed 13312K, reserved 1048576K
}
{Heap before GC invocations=72 (full 4):
 PSYoungGen      total 1037312K, used 1030000K [0x0000000780000000, 0x00000007c0000000, 0x00000007c0000000)
  eden space 1026560K, 100% used [0x0000000780000000,0x00000007bea80000,0x00000007bea80000)
  from space 10752K, 32% used [0x00000007bea80000,0x00000007beddc2d0,0x00000007bf500000)
  to   space 10240K, 0% used [0x00000007bf600000,0x00000007bf600000,0x00000007c0000000)
 ParOldGen       total 2097152K, used 71722K [0x0000000700000000, 0x0000000780000000, 0x0000000780000000)
  object space 2097152K, 3% used [0x0000000700000000,0x000000070460abc8,0x0000000780000000)
 Metaspace       used 98893K, capacity 103165K, committed 103848K, reserved 1140736K
  class space    used 12310K, capacity 13159K, committed 13312K, reserved 1048576K
2020-10-26T19:25:42.363+0800: 18955.413: [GC (Allocation Failure) [PSYoungGen: 1030000K->2912K(1038848K)] 1101723K->74659K(3136000K), 0.0224606 secs] [Times: user=0.08 sys=0.06, real=0.02 secs] 
Heap after GC invocations=72 (full 4):
 PSYoungGen      total 1038848K, used 2912K [0x0000000780000000, 0x00000007c0000000, 0x00000007c0000000)
  eden space 1028608K, 0% used [0x0000000780000000,0x0000000780000000,0x00000007bec80000)
  from space 10240K, 28% used [0x00000007bf600000,0x00000007bf8d8220,0x00000007c0000000)
  to   space 9728K, 0% used [0x00000007bec80000,0x00000007bec80000,0x00000007bf600000)
 ParOldGen       total 2097152K, used 71746K [0x0000000700000000, 0x0000000780000000, 0x0000000780000000)
  object space 2097152K, 3% used [0x0000000700000000,0x0000000704610bc8,0x0000000780000000)
 Metaspace       used 98893K, capacity 103165K, committed 103848K, reserved 1140736K
  class space    used 12310K, capacity 13159K, committed 13312K, reserved 1048576K
}
{Heap before GC invocations=73 (full 4):
 PSYoungGen      total 1038848K, used 1031520K [0x0000000780000000, 0x00000007c0000000, 0x00000007c0000000)
  eden space 1028608K, 100% used [0x0000000780000000,0x00000007bec80000,0x00000007bec80000)
  from space 10240K, 28% used [0x00000007bf600000,0x00000007bf8d8220,0x00000007c0000000)
  to   space 9728K, 0% used [0x00000007bec80000,0x00000007bec80000,0x00000007bf600000)
 ParOldGen       total 2097152K, used 71746K [0x0000000700000000, 0x0000000780000000, 0x0000000780000000)
  object space 2097152K, 3% used [0x0000000700000000,0x0000000704610bc8,0x0000000780000000)
 Metaspace       used 98893K, capacity 103165K, committed 103848K, reserved 1140736K
  class space    used 12310K, capacity 13159K, committed 13312K, reserved 1048576K
2020-10-26T19:31:02.391+0800: 19275.442: [GC (Allocation Failure) [PSYoungGen: 1031520K->2832K(1038336K)] 1103267K->74587K(3135488K), 0.0774666 secs] [Times: user=0.19 sys=0.06, real=0.08 secs] 
Heap after GC invocations=73 (full 4):
 PSYoungGen      total 1038336K, used 2832K [0x0000000780000000, 0x00000007c0000000, 0x00000007c0000000)
  eden space 1028608K, 0% used [0x0000000780000000,0x0000000780000000,0x00000007bec80000)
  from space 9728K, 29% used [0x00000007bec80000,0x00000007bef44230,0x00000007bf600000)
  to   space 9216K, 0% used [0x00000007bf700000,0x00000007bf700000,0x00000007c0000000)
 ParOldGen       total 2097152K, used 71754K [0x0000000700000000, 0x0000000780000000, 0x0000000780000000)
  object space 2097152K, 3% used [0x0000000700000000,0x0000000704612bc8,0x0000000780000000)
 Metaspace       used 98893K, capacity 103165K, committed 103848K, reserved 1140736K
  class space    used 12310K, capacity 13159K, committed 13312K, reserved 1048576K
}
{Heap before GC invocations=74 (full 4):
 PSYoungGen      total 1038336K, used 1031440K [0x0000000780000000, 0x00000007c0000000, 0x00000007c0000000)
  eden space 1028608K, 100% used [0x0000000780000000,0x00000007bec80000,0x00000007bec80000)
  from space 9728K, 29% used [0x00000007bec80000,0x00000007bef44230,0x00000007bf600000)
  to   space 9216K, 0% used [0x00000007bf700000,0x00000007bf700000,0x00000007c0000000)
 ParOldGen       total 2097152K, used 71754K [0x0000000700000000, 0x0000000780000000, 0x0000000780000000)
  object space 2097152K, 3% used [0x0000000700000000,0x0000000704612bc8,0x0000000780000000)
 Metaspace       used 98895K, capacity 103165K, committed 103848K, reserved 1140736K
  class space    used 12310K, capacity 13159K, committed 13312K, reserved 1048576K
2020-10-26T19:36:22.394+0800: 19595.445: [GC (Allocation Failure) [PSYoungGen: 1031440K->3328K(1039872K)] 1103195K->75083K(3137024K), 0.0679249 secs] [Times: user=0.12 sys=0.05, real=0.07 secs] 
Heap after GC invocations=74 (full 4):
 PSYoungGen      total 1039872K, used 3328K [0x0000000780000000, 0x00000007c0000000, 0x00000007c0000000)
  eden space 1030656K, 0% used [0x0000000780000000,0x0000000780000000,0x00000007bee80000)
  from space 9216K, 36% used [0x00000007bf700000,0x00000007bfa40280,0x00000007c0000000)
  to   space 8704K, 0% used [0x00000007bee80000,0x00000007bee80000,0x00000007bf700000)
 ParOldGen       total 2097152K, used 71754K [0x0000000700000000, 0x0000000780000000, 0x0000000780000000)
  object space 2097152K, 3% used [0x0000000700000000,0x0000000704612bc8,0x0000000780000000)
 Metaspace       used 98895K, capacity 103165K, committed 103848K, reserved 1140736K
  class space    used 12310K, capacity 13159K, committed 13312K, reserved 1048576K
}
{Heap before GC invocations=75 (full 4):
 PSYoungGen      total 1039872K, used 1033984K [0x0000000780000000, 0x00000007c0000000, 0x00000007c0000000)
  eden space 1030656K, 100% used [0x0000000780000000,0x00000007bee80000,0x00000007bee80000)
  from space 9216K, 36% used [0x00000007bf700000,0x00000007bfa40280,0x00000007c0000000)
  to   space 8704K, 0% used [0x00000007bee80000,0x00000007bee80000,0x00000007bf700000)
 ParOldGen       total 2097152K, used 71754K [0x0000000700000000, 0x0000000780000000, 0x0000000780000000)
  object space 2097152K, 3% used [0x0000000700000000,0x0000000704612bc8,0x0000000780000000)
 Metaspace       used 98895K, capacity 103165K, committed 103848K, reserved 1140736K
  class space    used 12310K, capacity 13159K, committed 13312K, reserved 1048576K
2020-10-26T19:41:42.403+0800: 19915.454: [GC (Allocation Failure) [PSYoungGen: 1033984K->2912K(1039360K)] 1105739K->74667K(3136512K), 0.0562535 secs] [Times: user=0.09 sys=0.03, real=0.06 secs] 
Heap after GC invocations=75 (full 4):
 PSYoungGen      total 1039360K, used 2912K [0x0000000780000000, 0x00000007c0000000, 0x00000007c0000000)
  eden space 1030656K, 0% used [0x0000000780000000,0x0000000780000000,0x00000007bee80000)
  from space 8704K, 33% used [0x00000007bee80000,0x00000007bf158240,0x00000007bf700000)
  to   space 8192K, 0% used [0x00000007bf800000,0x00000007bf800000,0x00000007c0000000)
 ParOldGen       total 2097152K, used 71754K [0x0000000700000000, 0x0000000780000000, 0x0000000780000000)
  object space 2097152K, 3% used [0x0000000700000000,0x0000000704612bc8,0x0000000780000000)
 Metaspace       used 98895K, capacity 103165K, committed 103848K, reserved 1140736K
  class space    used 12310K, capacity 13159K, committed 13312K, reserved 1048576K
}
{Heap before GC invocations=76 (full 4):
 PSYoungGen      total 1039360K, used 1033568K [0x0000000780000000, 0x00000007c0000000, 0x00000007c0000000)
  eden space 1030656K, 100% used [0x0000000780000000,0x00000007bee80000,0x00000007bee80000)
  from space 8704K, 33% used [0x00000007bee80000,0x00000007bf158240,0x00000007bf700000)
  to   space 8192K, 0% used [0x00000007bf800000,0x00000007bf800000,0x00000007c0000000)
 ParOldGen       total 2097152K, used 71754K [0x0000000700000000, 0x0000000780000000, 0x0000000780000000)
  object space 2097152K, 3% used [0x0000000700000000,0x0000000704612bc8,0x0000000780000000)
 Metaspace       used 98897K, capacity 103165K, committed 103848K, reserved 1140736K
  class space    used 12310K, capacity 13159K, committed 13312K, reserved 1048576K
2020-10-26T19:47:02.552+0800: 20235.602: [GC (Allocation Failure) [PSYoungGen: 1033568K->2928K(1040384K)] 1105323K->74723K(3137536K), 0.2140280 secs] [Times: user=0.32 sys=0.02, real=0.21 secs] 
Heap after GC invocations=76 (full 4):
 PSYoungGen      total 1040384K, used 2928K [0x0000000780000000, 0x00000007c0000000, 0x00000007c0000000)
  eden space 1032192K, 0% used [0x0000000780000000,0x0000000780000000,0x00000007bf000000)
  from space 8192K, 35% used [0x00000007bf800000,0x00000007bfadc1f0,0x00000007c0000000)
  to   space 8192K, 0% used [0x00000007bf000000,0x00000007bf000000,0x00000007bf800000)
 ParOldGen       total 2097152K, used 71794K [0x0000000700000000, 0x0000000780000000, 0x0000000780000000)
  object space 2097152K, 3% used [0x0000000700000000,0x000000070461cbc8,0x0000000780000000)
 Metaspace       used 98897K, capacity 103165K, committed 103848K, reserved 1140736K
  class space    used 12310K, capacity 13159K, committed 13312K, reserved 1048576K
}
{Heap before GC invocations=77 (full 4):
 PSYoungGen      total 1040384K, used 1035120K [0x0000000780000000, 0x00000007c0000000, 0x00000007c0000000)
  eden space 1032192K, 100% used [0x0000000780000000,0x00000007bf000000,0x00000007bf000000)
  from space 8192K, 35% used [0x00000007bf800000,0x00000007bfadc1f0,0x00000007c0000000)
  to   space 8192K, 0% used [0x00000007bf000000,0x00000007bf000000,0x00000007bf800000)
 ParOldGen       total 2097152K, used 71794K [0x0000000700000000, 0x0000000780000000, 0x0000000780000000)
  object space 2097152K, 3% used [0x0000000700000000,0x000000070461cbc8,0x0000000780000000)
 Metaspace       used 98908K, capacity 103165K, committed 103848K, reserved 1140736K
  class space    used 12310K, capacity 13159K, committed 13312K, reserved 1048576K
2020-10-26T19:52:23.116+0800: 20556.167: [GC (Allocation Failure) [PSYoungGen: 1035120K->3488K(1040384K)] 1106915K->75283K(3137536K), 0.0195164 secs] [Times: user=0.04 sys=0.04, real=0.02 secs] 
Heap after GC invocations=77 (full 4):
 PSYoungGen      total 1040384K, used 3488K [0x0000000780000000, 0x00000007c0000000, 0x00000007c0000000)
  eden space 1032192K, 0% used [0x0000000780000000,0x0000000780000000,0x00000007bf000000)
  from space 8192K, 42% used [0x00000007bf000000,0x00000007bf368280,0x00000007bf800000)
  to   space 7680K, 0% used [0x00000007bf880000,0x00000007bf880000,0x00000007c0000000)
 ParOldGen       total 2097152K, used 71794K [0x0000000700000000, 0x0000000780000000, 0x0000000780000000)
  object space 2097152K, 3% used [0x0000000700000000,0x000000070461cbc8,0x0000000780000000)
 Metaspace       used 98908K, capacity 103165K, committed 103848K, reserved 1140736K
  class space    used 12310K, capacity 13159K, committed 13312K, reserved 1048576K
}
{Heap before GC invocations=78 (full 4):
 PSYoungGen      total 1040384K, used 1035680K [0x0000000780000000, 0x00000007c0000000, 0x00000007c0000000)
  eden space 1032192K, 100% used [0x0000000780000000,0x00000007bf000000,0x00000007bf000000)
  from space 8192K, 42% used [0x00000007bf000000,0x00000007bf368280,0x00000007bf800000)
  to   space 7680K, 0% used [0x00000007bf880000,0x00000007bf880000,0x00000007c0000000)
 ParOldGen       total 2097152K, used 71794K [0x0000000700000000, 0x0000000780000000, 0x0000000780000000)
  object space 2097152K, 3% used [0x0000000700000000,0x000000070461cbc8,0x0000000780000000)
 Metaspace       used 98908K, capacity 103165K, committed 103848K, reserved 1140736K
  class space    used 12310K, capacity 13159K, committed 13312K, reserved 1048576K
2020-10-26T19:57:47.375+0800: 20880.426: [GC (Allocation Failure) [PSYoungGen: 1035680K->2896K(1041408K)] 1107475K->74691K(3138560K), 0.0848375 secs] [Times: user=0.12 sys=0.02, real=0.09 secs] 
Heap after GC invocations=78 (full 4):
 PSYoungGen      total 1041408K, used 2896K [0x0000000780000000, 0x00000007c0000000, 0x00000007c0000000)
  eden space 1033728K, 0% used [0x0000000780000000,0x0000000780000000,0x00000007bf180000)
  from space 7680K, 37% used [0x00000007bf880000,0x00000007bfb54210,0x00000007c0000000)
  to   space 7168K, 0% used [0x00000007bf180000,0x00000007bf180000,0x00000007bf880000)
 ParOldGen       total 2097152K, used 71794K [0x0000000700000000, 0x0000000780000000, 0x0000000780000000)
  object space 2097152K, 3% used [0x0000000700000000,0x000000070461cbc8,0x0000000780000000)
 Metaspace       used 98908K, capacity 103165K, committed 103848K, reserved 1140736K
  class space    used 12310K, capacity 13159K, committed 13312K, reserved 1048576K
}
{Heap before GC invocations=79 (full 4):
 PSYoungGen      total 1041408K, used 1036624K [0x0000000780000000, 0x00000007c0000000, 0x00000007c0000000)
  eden space 1033728K, 100% used [0x0000000780000000,0x00000007bf180000,0x00000007bf180000)
  from space 7680K, 37% used [0x00000007bf880000,0x00000007bfb54210,0x00000007c0000000)
  to   space 7168K, 0% used [0x00000007bf180000,0x00000007bf180000,0x00000007bf880000)
 ParOldGen       total 2097152K, used 71794K [0x0000000700000000, 0x0000000780000000, 0x0000000780000000)
  object space 2097152K, 3% used [0x0000000700000000,0x000000070461cbc8,0x0000000780000000)
 Metaspace       used 98908K, capacity 103165K, committed 103848K, reserved 1140736K
  class space    used 12310K, capacity 13159K, committed 13312K, reserved 1048576K
2020-10-26T20:03:08.230+0800: 21201.281: [GC (Allocation Failure) [PSYoungGen: 1036624K->2832K(1040896K)] 1108419K->74627K(3138048K), 0.0166405 secs] [Times: user=0.10 sys=0.03, real=0.02 secs] 
Heap after GC invocations=79 (full 4):
 PSYoungGen      total 1040896K, used 2832K [0x0000000780000000, 0x00000007c0000000, 0x00000007c0000000)
  eden space 1033728K, 0% used [0x0000000780000000,0x0000000780000000,0x00000007bf180000)
  from space 7168K, 39% used [0x00000007bf180000,0x00000007bf444190,0x00000007bf880000)
  to   space 7168K, 0% used [0x00000007bf900000,0x00000007bf900000,0x00000007c0000000)
 ParOldGen       total 2097152K, used 71794K [0x0000000700000000, 0x0000000780000000, 0x0000000780000000)
  object space 2097152K, 3% used [0x0000000700000000,0x000000070461cbc8,0x0000000780000000)
 Metaspace       used 98908K, capacity 103165K, committed 103848K, reserved 1140736K
  class space    used 12310K, capacity 13159K, committed 13312K, reserved 1048576K
}
{Heap before GC invocations=80 (full 4):
 PSYoungGen      total 1040896K, used 1036560K [0x0000000780000000, 0x00000007c0000000, 0x00000007c0000000)
  eden space 1033728K, 100% used [0x0000000780000000,0x00000007bf180000,0x00000007bf180000)
  from space 7168K, 39% used [0x00000007bf180000,0x00000007bf444190,0x00000007bf880000)
  to   space 7168K, 0% used [0x00000007bf900000,0x00000007bf900000,0x00000007c0000000)
 ParOldGen       total 2097152K, used 71794K [0x0000000700000000, 0x0000000780000000, 0x0000000780000000)
  object space 2097152K, 3% used [0x0000000700000000,0x000000070461cbc8,0x0000000780000000)
 Metaspace       used 98991K, capacity 103293K, committed 104104K, reserved 1140736K
  class space    used 12310K, capacity 13159K, committed 13312K, reserved 1048576K
2020-10-26T20:08:32.367+0800: 21525.418: [GC (Allocation Failure) [PSYoungGen: 1036560K->3328K(1041920K)] 1108355K->75131K(3139072K), 0.0918850 secs] [Times: user=0.09 sys=0.08, real=0.09 secs] 
Heap after GC invocations=80 (full 4):
 PSYoungGen      total 1041920K, used 3328K [0x0000000780000000, 0x00000007c0000000, 0x00000007c0000000)
  eden space 1034752K, 0% used [0x0000000780000000,0x0000000780000000,0x00000007bf280000)
  from space 7168K, 46% used [0x00000007bf900000,0x00000007bfc40280,0x00000007c0000000)
  to   space 6656K, 0% used [0x00000007bf280000,0x00000007bf280000,0x00000007bf900000)
 ParOldGen       total 2097152K, used 71802K [0x0000000700000000, 0x0000000780000000, 0x0000000780000000)
  object space 2097152K, 3% used [0x0000000700000000,0x000000070461ebc8,0x0000000780000000)
 Metaspace       used 98991K, capacity 103293K, committed 104104K, reserved 1140736K
  class space    used 12310K, capacity 13159K, committed 13312K, reserved 1048576K
}
{Heap before GC invocations=81 (full 4):
 PSYoungGen      total 1041920K, used 1038080K [0x0000000780000000, 0x00000007c0000000, 0x00000007c0000000)
  eden space 1034752K, 100% used [0x0000000780000000,0x00000007bf280000,0x00000007bf280000)
  from space 7168K, 46% used [0x00000007bf900000,0x00000007bfc40280,0x00000007c0000000)
  to   space 6656K, 0% used [0x00000007bf280000,0x00000007bf280000,0x00000007bf900000)
 ParOldGen       total 2097152K, used 71802K [0x0000000700000000, 0x0000000780000000, 0x0000000780000000)
  object space 2097152K, 3% used [0x0000000700000000,0x000000070461ebc8,0x0000000780000000)
 Metaspace       used 98991K, capacity 103293K, committed 104104K, reserved 1140736K
  class space    used 12310K, capacity 13159K, committed 13312K, reserved 1048576K
2020-10-26T20:13:52.393+0800: 21845.444: [GC (Allocation Failure) [PSYoungGen: 1038080K->2800K(1041408K)] 1109883K->74611K(3138560K), 0.0682753 secs] [Times: user=0.16 sys=0.03, real=0.07 secs] 
Heap after GC invocations=81 (full 4):
 PSYoungGen      total 1041408K, used 2800K [0x0000000780000000, 0x00000007c0000000, 0x00000007c0000000)
  eden space 1034752K, 0% used [0x0000000780000000,0x0000000780000000,0x00000007bf280000)
  from space 6656K, 42% used [0x00000007bf280000,0x00000007bf53c230,0x00000007bf900000)
  to   space 6656K, 0% used [0x00000007bf980000,0x00000007bf980000,0x00000007c0000000)
 ParOldGen       total 2097152K, used 71810K [0x0000000700000000, 0x0000000780000000, 0x0000000780000000)
  object space 2097152K, 3% used [0x0000000700000000,0x0000000704620bc8,0x0000000780000000)
 Metaspace       used 98991K, capacity 103293K, committed 104104K, reserved 1140736K
  class space    used 12310K, capacity 13159K, committed 13312K, reserved 1048576K
}
{Heap before GC invocations=82 (full 4):
 PSYoungGen      total 1041408K, used 1037552K [0x0000000780000000, 0x00000007c0000000, 0x00000007c0000000)
  eden space 1034752K, 100% used [0x0000000780000000,0x00000007bf280000,0x00000007bf280000)
  from space 6656K, 42% used [0x00000007bf280000,0x00000007bf53c230,0x00000007bf900000)
  to   space 6656K, 0% used [0x00000007bf980000,0x00000007bf980000,0x00000007c0000000)
 ParOldGen       total 2097152K, used 71810K [0x0000000700000000, 0x0000000780000000, 0x0000000780000000)
  object space 2097152K, 3% used [0x0000000700000000,0x0000000704620bc8,0x0000000780000000)
 Metaspace       used 98991K, capacity 103293K, committed 104104K, reserved 1140736K
  class space    used 12310K, capacity 13159K, committed 13312K, reserved 1048576K
2020-10-26T20:19:17.364+0800: 22170.415: [GC (Allocation Failure) [PSYoungGen: 1037552K->3392K(1042432K)] 1109363K->75203K(3139584K), 0.0976744 secs] [Times: user=0.18 sys=0.04, real=0.10 secs] 
Heap after GC invocations=82 (full 4):
 PSYoungGen      total 1042432K, used 3392K [0x0000000780000000, 0x00000007c0000000, 0x00000007c0000000)
  eden space 1035776K, 0% used [0x0000000780000000,0x0000000780000000,0x00000007bf380000)
  from space 6656K, 50% used [0x00000007bf980000,0x00000007bfcd0260,0x00000007c0000000)
  to   space 6144K, 0% used [0x00000007bf380000,0x00000007bf380000,0x00000007bf980000)
 ParOldGen       total 2097152K, used 71810K [0x0000000700000000, 0x0000000780000000, 0x0000000780000000)
  object space 2097152K, 3% used [0x0000000700000000,0x0000000704620bc8,0x0000000780000000)
 Metaspace       used 98991K, capacity 103293K, committed 104104K, reserved 1140736K
  class space    used 12310K, capacity 13159K, committed 13312K, reserved 1048576K
}
{Heap before GC invocations=83 (full 4):
 PSYoungGen      total 1042432K, used 1039168K [0x0000000780000000, 0x00000007c0000000, 0x00000007c0000000)
  eden space 1035776K, 100% used [0x0000000780000000,0x00000007bf380000,0x00000007bf380000)
  from space 6656K, 50% used [0x00000007bf980000,0x00000007bfcd0260,0x00000007c0000000)
  to   space 6144K, 0% used [0x00000007bf380000,0x00000007bf380000,0x00000007bf980000)
 ParOldGen       total 2097152K, used 71810K [0x0000000700000000, 0x0000000780000000, 0x0000000780000000)
  object space 2097152K, 3% used [0x0000000700000000,0x0000000704620bc8,0x0000000780000000)
 Metaspace       used 99000K, capacity 103293K, committed 104104K, reserved 1140736K
  class space    used 12310K, capacity 13159K, committed 13312K, reserved 1048576K
2020-10-26T20:24:40.564+0800: 22493.614: [GC (Allocation Failure) [PSYoungGen: 1039168K->2960K(1041920K)] 1110979K->74835K(3139072K), 2.0045521 secs] [Times: user=2.99 sys=0.13, real=2.01 secs] 
Heap after GC invocations=83 (full 4):
 PSYoungGen      total 1041920K, used 2960K [0x0000000780000000, 0x00000007c0000000, 0x00000007c0000000)
  eden space 1035776K, 0% used [0x0000000780000000,0x0000000780000000,0x00000007bf380000)
  from space 6144K, 48% used [0x00000007bf380000,0x00000007bf6641b0,0x00000007bf980000)
  to   space 6144K, 0% used [0x00000007bfa00000,0x00000007bfa00000,0x00000007c0000000)
 ParOldGen       total 2097152K, used 71874K [0x0000000700000000, 0x0000000780000000, 0x0000000780000000)
  object space 2097152K, 3% used [0x0000000700000000,0x0000000704630bc8,0x0000000780000000)
 Metaspace       used 99000K, capacity 103293K, committed 104104K, reserved 1140736K
  class space    used 12310K, capacity 13159K, committed 13312K, reserved 1048576K
}
{Heap before GC invocations=84 (full 4):
 PSYoungGen      total 1041920K, used 1038736K [0x0000000780000000, 0x00000007c0000000, 0x00000007c0000000)
  eden space 1035776K, 100% used [0x0000000780000000,0x00000007bf380000,0x00000007bf380000)
  from space 6144K, 48% used [0x00000007bf380000,0x00000007bf6641b0,0x00000007bf980000)
  to   space 6144K, 0% used [0x00000007bfa00000,0x00000007bfa00000,0x00000007c0000000)
 ParOldGen       total 2097152K, used 71874K [0x0000000700000000, 0x0000000780000000, 0x0000000780000000)
  object space 2097152K, 3% used [0x0000000700000000,0x0000000704630bc8,0x0000000780000000)
 Metaspace       used 99000K, capacity 103293K, committed 104104K, reserved 1140736K
  class space    used 12310K, capacity 13159K, committed 13312K, reserved 1048576K
2020-10-26T20:30:02.368+0800: 22815.419: [GC (Allocation Failure) [PSYoungGen: 1038736K->3024K(1042944K)] 1110611K->74907K(3140096K), 0.0916385 secs] [Times: user=0.12 sys=0.02, real=0.09 secs] 
Heap after GC invocations=84 (full 4):
 PSYoungGen      total 1042944K, used 3024K [0x0000000780000000, 0x00000007c0000000, 0x00000007c0000000)
  eden space 1036800K, 0% used [0x0000000780000000,0x0000000780000000,0x00000007bf480000)
  from space 6144K, 49% used [0x00000007bfa00000,0x00000007bfcf4210,0x00000007c0000000)
  to   space 5632K, 0% used [0x00000007bf480000,0x00000007bf480000,0x00000007bfa00000)
 ParOldGen       total 2097152K, used 71882K [0x0000000700000000, 0x0000000780000000, 0x0000000780000000)
  object space 2097152K, 3% used [0x0000000700000000,0x0000000704632bc8,0x0000000780000000)
 Metaspace       used 99000K, capacity 103293K, committed 104104K, reserved 1140736K
  class space    used 12310K, capacity 13159K, committed 13312K, reserved 1048576K
}
{Heap before GC invocations=85 (full 4):
 PSYoungGen      total 1042944K, used 1039824K [0x0000000780000000, 0x00000007c0000000, 0x00000007c0000000)
  eden space 1036800K, 100% used [0x0000000780000000,0x00000007bf480000,0x00000007bf480000)
  from space 6144K, 49% used [0x00000007bfa00000,0x00000007bfcf4210,0x00000007c0000000)
  to   space 5632K, 0% used [0x00000007bf480000,0x00000007bf480000,0x00000007bfa00000)
 ParOldGen       total 2097152K, used 71882K [0x0000000700000000, 0x0000000780000000, 0x0000000780000000)
  object space 2097152K, 3% used [0x0000000700000000,0x0000000704632bc8,0x0000000780000000)
 Metaspace       used 99037K, capacity 103293K, committed 104104K, reserved 1140736K
  class space    used 12311K, capacity 13159K, committed 13312K, reserved 1048576K
2020-10-26T20:35:27.361+0800: 23140.412: [GC (Allocation Failure) [PSYoungGen: 1039824K->3504K(1042432K)] 1111707K->75395K(3139584K), 0.0934922 secs] [Times: user=0.12 sys=0.01, real=0.09 secs] 
Heap after GC invocations=85 (full 4):
 PSYoungGen      total 1042432K, used 3504K [0x0000000780000000, 0x00000007c0000000, 0x00000007c0000000)
  eden space 1036800K, 0% used [0x0000000780000000,0x0000000780000000,0x00000007bf480000)
  from space 5632K, 62% used [0x00000007bf480000,0x00000007bf7ec270,0x00000007bfa00000)
  to   space 5632K, 0% used [0x00000007bfa80000,0x00000007bfa80000,0x00000007c0000000)
 ParOldGen       total 2097152K, used 71890K [0x0000000700000000, 0x0000000780000000, 0x0000000780000000)
  object space 2097152K, 3% used [0x0000000700000000,0x0000000704634bc8,0x0000000780000000)
 Metaspace       used 99037K, capacity 103293K, committed 104104K, reserved 1140736K
  class space    used 12311K, capacity 13159K, committed 13312K, reserved 1048576K
}
{Heap before GC invocations=86 (full 4):
 PSYoungGen      total 1042432K, used 1040304K [0x0000000780000000, 0x00000007c0000000, 0x00000007c0000000)
  eden space 1036800K, 100% used [0x0000000780000000,0x00000007bf480000,0x00000007bf480000)
  from space 5632K, 62% used [0x00000007bf480000,0x00000007bf7ec270,0x00000007bfa00000)
  to   space 5632K, 0% used [0x00000007bfa80000,0x00000007bfa80000,0x00000007c0000000)
 ParOldGen       total 2097152K, used 71890K [0x0000000700000000, 0x0000000780000000, 0x0000000780000000)
  object space 2097152K, 3% used [0x0000000700000000,0x0000000704634bc8,0x0000000780000000)
 Metaspace       used 99037K, capacity 103293K, committed 104104K, reserved 1140736K
  class space    used 12311K, capacity 13159K, committed 13312K, reserved 1048576K
2020-10-26T20:40:47.397+0800: 23460.448: [GC (Allocation Failure) [PSYoungGen: 1040304K->2944K(1042944K)] 1112195K->74843K(3140096K), 0.0666022 secs] [Times: user=0.15 sys=0.06, real=0.06 secs] 
Heap after GC invocations=86 (full 4):
 PSYoungGen      total 1042944K, used 2944K [0x0000000780000000, 0x00000007c0000000, 0x00000007c0000000)
  eden space 1037312K, 0% used [0x0000000780000000,0x0000000780000000,0x00000007bf500000)
  from space 5632K, 52% used [0x00000007bfa80000,0x00000007bfd60240,0x00000007c0000000)
  to   space 5632K, 0% used [0x00000007bf500000,0x00000007bf500000,0x00000007bfa80000)
 ParOldGen       total 2097152K, used 71898K [0x0000000700000000, 0x0000000780000000, 0x0000000780000000)
  object space 2097152K, 3% used [0x0000000700000000,0x0000000704636bc8,0x0000000780000000)
 Metaspace       used 99037K, capacity 103293K, committed 104104K, reserved 1140736K
  class space    used 12311K, capacity 13159K, committed 13312K, reserved 1048576K
}
{Heap before GC invocations=87 (full 4):
 PSYoungGen      total 1042944K, used 1040256K [0x0000000780000000, 0x00000007c0000000, 0x00000007c0000000)
  eden space 1037312K, 100% used [0x0000000780000000,0x00000007bf500000,0x00000007bf500000)
  from space 5632K, 52% used [0x00000007bfa80000,0x00000007bfd60240,0x00000007c0000000)
  to   space 5632K, 0% used [0x00000007bf500000,0x00000007bf500000,0x00000007bfa80000)
 ParOldGen       total 2097152K, used 71898K [0x0000000700000000, 0x0000000780000000, 0x0000000780000000)
  object space 2097152K, 3% used [0x0000000700000000,0x0000000704636bc8,0x0000000780000000)
 Metaspace       used 99037K, capacity 103293K, committed 104104K, reserved 1140736K
  class space    used 12311K, capacity 13159K, committed 13312K, reserved 1048576K
2020-10-26T20:46:13.268+0800: 23786.319: [GC (Allocation Failure) [PSYoungGen: 1040256K->2928K(1042944K)] 1112155K->74923K(3140096K), 0.0942692 secs] [Times: user=0.16 sys=0.08, real=0.09 secs] 
Heap after GC invocations=87 (full 4):
 PSYoungGen      total 1042944K, used 2928K [0x0000000780000000, 0x00000007c0000000, 0x00000007c0000000)
  eden space 1037312K, 0% used [0x0000000780000000,0x0000000780000000,0x00000007bf500000)
  from space 5632K, 51% used [0x00000007bf500000,0x00000007bf7dc230,0x00000007bfa80000)
  to   space 5120K, 0% used [0x00000007bfb00000,0x00000007bfb00000,0x00000007c0000000)
 ParOldGen       total 2097152K, used 71994K [0x0000000700000000, 0x0000000780000000, 0x0000000780000000)
  object space 2097152K, 3% used [0x0000000700000000,0x000000070464ebc8,0x0000000780000000)
 Metaspace       used 99037K, capacity 103293K, committed 104104K, reserved 1140736K
  class space    used 12311K, capacity 13159K, committed 13312K, reserved 1048576K
}
{Heap before GC invocations=88 (full 4):
 PSYoungGen      total 1042944K, used 1040240K [0x0000000780000000, 0x00000007c0000000, 0x00000007c0000000)
  eden space 1037312K, 100% used [0x0000000780000000,0x00000007bf500000,0x00000007bf500000)
  from space 5632K, 51% used [0x00000007bf500000,0x00000007bf7dc230,0x00000007bfa80000)
  to   space 5120K, 0% used [0x00000007bfb00000,0x00000007bfb00000,0x00000007c0000000)
 ParOldGen       total 2097152K, used 71994K [0x0000000700000000, 0x0000000780000000, 0x0000000780000000)
  object space 2097152K, 3% used [0x0000000700000000,0x000000070464ebc8,0x0000000780000000)
 Metaspace       used 99037K, capacity 103293K, committed 104104K, reserved 1140736K
  class space    used 12311K, capacity 13159K, committed 13312K, reserved 1048576K
2020-10-26T20:51:37.362+0800: 24110.413: [GC (Allocation Failure) [PSYoungGen: 1040240K->3376K(1043456K)] 1112235K->75371K(3140608K), 0.1064057 secs] [Times: user=0.22 sys=0.04, real=0.11 secs] 
Heap after GC invocations=88 (full 4):
 PSYoungGen      total 1043456K, used 3376K [0x0000000780000000, 0x00000007c0000000, 0x00000007c0000000)
  eden space 1038336K, 0% used [0x0000000780000000,0x0000000780000000,0x00000007bf600000)
  from space 5120K, 65% used [0x00000007bfb00000,0x00000007bfe4c230,0x00000007c0000000)
  to   space 5120K, 0% used [0x00000007bf600000,0x00000007bf600000,0x00000007bfb00000)
 ParOldGen       total 2097152K, used 71994K [0x0000000700000000, 0x0000000780000000, 0x0000000780000000)
  object space 2097152K, 3% used [0x0000000700000000,0x000000070464ebc8,0x0000000780000000)
 Metaspace       used 99037K, capacity 103293K, committed 104104K, reserved 1140736K
  class space    used 12311K, capacity 13159K, committed 13312K, reserved 1048576K
}
{Heap before GC invocations=89 (full 4):
 PSYoungGen      total 1043456K, used 1041712K [0x0000000780000000, 0x00000007c0000000, 0x00000007c0000000)
  eden space 1038336K, 100% used [0x0000000780000000,0x00000007bf600000,0x00000007bf600000)
  from space 5120K, 65% used [0x00000007bfb00000,0x00000007bfe4c230,0x00000007c0000000)
  to   space 5120K, 0% used [0x00000007bf600000,0x00000007bf600000,0x00000007bfb00000)
 ParOldGen       total 2097152K, used 71994K [0x0000000700000000, 0x0000000780000000, 0x0000000780000000)
  object space 2097152K, 3% used [0x0000000700000000,0x000000070464ebc8,0x0000000780000000)
 Metaspace       used 99037K, capacity 103293K, committed 104104K, reserved 1140736K
  class space    used 12311K, capacity 13159K, committed 13312K, reserved 1048576K
2020-10-26T20:57:02.379+0800: 24435.430: [GC (Allocation Failure) [PSYoungGen: 1041712K->2832K(1043456K)] 1113707K->74835K(3140608K), 0.0834651 secs] [Times: user=0.16 sys=0.04, real=0.08 secs] 
Heap after GC invocations=89 (full 4):
 PSYoungGen      total 1043456K, used 2832K [0x0000000780000000, 0x00000007c0000000, 0x00000007c0000000)
  eden space 1038336K, 0% used [0x0000000780000000,0x0000000780000000,0x00000007bf600000)
  from space 5120K, 55% used [0x00000007bf600000,0x00000007bf8c4230,0x00000007bfb00000)
  to   space 5120K, 0% used [0x00000007bfb00000,0x00000007bfb00000,0x00000007c0000000)
 ParOldGen       total 2097152K, used 72002K [0x0000000700000000, 0x0000000780000000, 0x0000000780000000)
  object space 2097152K, 3% used [0x0000000700000000,0x0000000704650bc8,0x0000000780000000)
 Metaspace       used 99037K, capacity 103293K, committed 104104K, reserved 1140736K
  class space    used 12311K, capacity 13159K, committed 13312K, reserved 1048576K
}
{Heap before GC invocations=90 (full 4):
 PSYoungGen      total 1043456K, used 1041168K [0x0000000780000000, 0x00000007c0000000, 0x00000007c0000000)
  eden space 1038336K, 100% used [0x0000000780000000,0x00000007bf600000,0x00000007bf600000)
  from space 5120K, 55% used [0x00000007bf600000,0x00000007bf8c4230,0x00000007bfb00000)
  to   space 5120K, 0% used [0x00000007bfb00000,0x00000007bfb00000,0x00000007c0000000)
 ParOldGen       total 2097152K, used 72002K [0x0000000700000000, 0x0000000780000000, 0x0000000780000000)
  object space 2097152K, 3% used [0x0000000700000000,0x0000000704650bc8,0x0000000780000000)
 Metaspace       used 99038K, capacity 103293K, committed 104104K, reserved 1140736K
  class space    used 12311K, capacity 13159K, committed 13312K, reserved 1048576K
2020-10-26T21:02:22.498+0800: 24755.549: [GC (Allocation Failure) [PSYoungGen: 1041168K->3072K(1043456K)] 1113171K->75091K(3140608K), 0.0635063 secs] [Times: user=0.18 sys=0.02, real=0.06 secs] 
Heap after GC invocations=90 (full 4):
 PSYoungGen      total 1043456K, used 3072K [0x0000000780000000, 0x00000007c0000000, 0x00000007c0000000)
  eden space 1038336K, 0% used [0x0000000780000000,0x0000000780000000,0x00000007bf600000)
  from space 5120K, 60% used [0x00000007bfb00000,0x00000007bfe002a0,0x00000007c0000000)
  to   space 5120K, 0% used [0x00000007bf600000,0x00000007bf600000,0x00000007bfb00000)
 ParOldGen       total 2097152K, used 72018K [0x0000000700000000, 0x0000000780000000, 0x0000000780000000)
  object space 2097152K, 3% used [0x0000000700000000,0x0000000704654bc8,0x0000000780000000)
 Metaspace       used 99038K, capacity 103293K, committed 104104K, reserved 1140736K
  class space    used 12311K, capacity 13159K, committed 13312K, reserved 1048576K
}
{Heap before GC invocations=91 (full 4):
 PSYoungGen      total 1043456K, used 1041408K [0x0000000780000000, 0x00000007c0000000, 0x00000007c0000000)
  eden space 1038336K, 100% used [0x0000000780000000,0x00000007bf600000,0x00000007bf600000)
  from space 5120K, 60% used [0x00000007bfb00000,0x00000007bfe002a0,0x00000007c0000000)
  to   space 5120K, 0% used [0x00000007bf600000,0x00000007bf600000,0x00000007bfb00000)
 ParOldGen       total 2097152K, used 72018K [0x0000000700000000, 0x0000000780000000, 0x0000000780000000)
  object space 2097152K, 3% used [0x0000000700000000,0x0000000704654bc8,0x0000000780000000)
 Metaspace       used 99038K, capacity 103293K, committed 104104K, reserved 1140736K
  class space    used 12311K, capacity 13159K, committed 13312K, reserved 1048576K
2020-10-26T21:07:52.365+0800: 25085.416: [GC (Allocation Failure) [PSYoungGen: 1041408K->2848K(1043456K)] 1113427K->74867K(3140608K), 0.0970431 secs] [Times: user=0.18 sys=0.03, real=0.10 secs] 
Heap after GC invocations=91 (full 4):
 PSYoungGen      total 1043456K, used 2848K [0x0000000780000000, 0x00000007c0000000, 0x00000007c0000000)
  eden space 1038336K, 0% used [0x0000000780000000,0x0000000780000000,0x00000007bf600000)
  from space 5120K, 55% used [0x00000007bf600000,0x00000007bf8c8220,0x00000007bfb00000)
  to   space 5120K, 0% used [0x00000007bfb00000,0x00000007bfb00000,0x00000007c0000000)
 ParOldGen       total 2097152K, used 72018K [0x0000000700000000, 0x0000000780000000, 0x0000000780000000)
  object space 2097152K, 3% used [0x0000000700000000,0x0000000704654bc8,0x0000000780000000)
 Metaspace       used 99038K, capacity 103293K, committed 104104K, reserved 1140736K
  class space    used 12311K, capacity 13159K, committed 13312K, reserved 1048576K
}
{Heap before GC invocations=92 (full 4):
 PSYoungGen      total 1043456K, used 1041184K [0x0000000780000000, 0x00000007c0000000, 0x00000007c0000000)
  eden space 1038336K, 100% used [0x0000000780000000,0x00000007bf600000,0x00000007bf600000)
  from space 5120K, 55% used [0x00000007bf600000,0x00000007bf8c8220,0x00000007bfb00000)
  to   space 5120K, 0% used [0x00000007bfb00000,0x00000007bfb00000,0x00000007c0000000)
 ParOldGen       total 2097152K, used 72018K [0x0000000700000000, 0x0000000780000000, 0x0000000780000000)
  object space 2097152K, 3% used [0x0000000700000000,0x0000000704654bc8,0x0000000780000000)
 Metaspace       used 99713K, capacity 104043K, committed 104744K, reserved 1140736K
  class space    used 12384K, capacity 13279K, committed 13440K, reserved 1048576K
2020-10-26T21:13:07.392+0800: 25400.443: [GC (Allocation Failure) [PSYoungGen: 1041184K->5107K(1042432K)] 1113203K->78123K(3139584K), 0.1681644 secs] [Times: user=0.24 sys=0.04, real=0.17 secs] 
Heap after GC invocations=92 (full 4):
 PSYoungGen      total 1042432K, used 5107K [0x0000000780000000, 0x00000007c0000000, 0x00000007c0000000)
  eden space 1037312K, 0% used [0x0000000780000000,0x0000000780000000,0x00000007bf500000)
  from space 5120K, 99% used [0x00000007bfb00000,0x00000007bfffcd58,0x00000007c0000000)
  to   space 5632K, 0% used [0x00000007bf500000,0x00000007bf500000,0x00000007bfa80000)
 ParOldGen       total 2097152K, used 73016K [0x0000000700000000, 0x0000000780000000, 0x0000000780000000)
  object space 2097152K, 3% used [0x0000000700000000,0x000000070474e158,0x0000000780000000)
 Metaspace       used 99713K, capacity 104043K, committed 104744K, reserved 1140736K
  class space    used 12384K, capacity 13279K, committed 13440K, reserved 1048576K
}
{Heap before GC invocations=93 (full 4):
 PSYoungGen      total 1042432K, used 1042419K [0x0000000780000000, 0x00000007c0000000, 0x00000007c0000000)
  eden space 1037312K, 100% used [0x0000000780000000,0x00000007bf500000,0x00000007bf500000)
  from space 5120K, 99% used [0x00000007bfb00000,0x00000007bfffcd58,0x00000007c0000000)
  to   space 5632K, 0% used [0x00000007bf500000,0x00000007bf500000,0x00000007bfa80000)
 ParOldGen       total 2097152K, used 73016K [0x0000000700000000, 0x0000000780000000, 0x0000000780000000)
  object space 2097152K, 3% used [0x0000000700000000,0x000000070474e158,0x0000000780000000)
 Metaspace       used 99713K, capacity 104043K, committed 104744K, reserved 1140736K
  class space    used 12384K, capacity 13279K, committed 13440K, reserved 1048576K
2020-10-26T21:18:32.371+0800: 25725.421: [GC (Allocation Failure) [PSYoungGen: 1042419K->5042K(1042432K)] 1115435K->78066K(3139584K), 0.0897342 secs] [Times: user=0.15 sys=0.02, real=0.09 secs] 
Heap after GC invocations=93 (full 4):
 PSYoungGen      total 1042432K, used 5042K [0x0000000780000000, 0x00000007c0000000, 0x00000007c0000000)
  eden space 1037312K, 0% used [0x0000000780000000,0x0000000780000000,0x00000007bf500000)
  from space 5120K, 98% used [0x00000007bf500000,0x00000007bf9eca58,0x00000007bfa00000)
  to   space 6144K, 0% used [0x00000007bfa00000,0x00000007bfa00000,0x00000007c0000000)
 ParOldGen       total 2097152K, used 73024K [0x0000000700000000, 0x0000000780000000, 0x0000000780000000)
  object space 2097152K, 3% used [0x0000000700000000,0x0000000704750158,0x0000000780000000)
 Metaspace       used 99713K, capacity 104043K, committed 104744K, reserved 1140736K
  class space    used 12384K, capacity 13279K, committed 13440K, reserved 1048576K
}
{Heap before GC invocations=94 (full 4):
 PSYoungGen      total 1042432K, used 1042354K [0x0000000780000000, 0x00000007c0000000, 0x00000007c0000000)
  eden space 1037312K, 100% used [0x0000000780000000,0x00000007bf500000,0x00000007bf500000)
  from space 5120K, 98% used [0x00000007bf500000,0x00000007bf9eca58,0x00000007bfa00000)
  to   space 6144K, 0% used [0x00000007bfa00000,0x00000007bfa00000,0x00000007c0000000)
 ParOldGen       total 2097152K, used 73024K [0x0000000700000000, 0x0000000780000000, 0x0000000780000000)
  object space 2097152K, 3% used [0x0000000700000000,0x0000000704750158,0x0000000780000000)
 Metaspace       used 99713K, capacity 104043K, committed 104744K, reserved 1140736K
  class space    used 12384K, capacity 13279K, committed 13440K, reserved 1048576K
2020-10-26T21:23:57.359+0800: 26050.409: [GC (Allocation Failure) [PSYoungGen: 1042354K->5010K(1041408K)] 1115378K->78042K(3138560K), 0.1029780 secs] [Times: user=0.20 sys=0.03, real=0.10 secs] 
Heap after GC invocations=94 (full 4):
 PSYoungGen      total 1041408K, used 5010K [0x0000000780000000, 0x00000007c0000000, 0x00000007c0000000)
  eden space 1035264K, 0% used [0x0000000780000000,0x0000000780000000,0x00000007bf300000)
  from space 6144K, 81% used [0x00000007bfa00000,0x00000007bfee4a98,0x00000007c0000000)
  to   space 6656K, 0% used [0x00000007bf300000,0x00000007bf300000,0x00000007bf980000)
 ParOldGen       total 2097152K, used 73032K [0x0000000700000000, 0x0000000780000000, 0x0000000780000000)
  object space 2097152K, 3% used [0x0000000700000000,0x0000000704752158,0x0000000780000000)
 Metaspace       used 99713K, capacity 104043K, committed 104744K, reserved 1140736K
  class space    used 12384K, capacity 13279K, committed 13440K, reserved 1048576K
}
{Heap before GC invocations=95 (full 4):
 PSYoungGen      total 1041408K, used 1040274K [0x0000000780000000, 0x00000007c0000000, 0x00000007c0000000)
  eden space 1035264K, 100% used [0x0000000780000000,0x00000007bf300000,0x00000007bf300000)
  from space 6144K, 81% used [0x00000007bfa00000,0x00000007bfee4a98,0x00000007c0000000)
  to   space 6656K, 0% used [0x00000007bf300000,0x00000007bf300000,0x00000007bf980000)
 ParOldGen       total 2097152K, used 73032K [0x0000000700000000, 0x0000000780000000, 0x0000000780000000)
  object space 2097152K, 3% used [0x0000000700000000,0x0000000704752158,0x0000000780000000)
 Metaspace       used 99713K, capacity 104043K, committed 104744K, reserved 1140736K
  class space    used 12384K, capacity 13279K, committed 13440K, reserved 1048576K
2020-10-26T21:29:17.393+0800: 26370.444: [GC (Allocation Failure) [PSYoungGen: 1040274K->5009K(1041920K)] 1113306K->78050K(3139072K), 0.0679585 secs] [Times: user=0.13 sys=0.03, real=0.07 secs] 
Heap after GC invocations=95 (full 4):
 PSYoungGen      total 1041920K, used 5009K [0x0000000780000000, 0x00000007c0000000, 0x00000007c0000000)
  eden space 1035264K, 0% used [0x0000000780000000,0x0000000780000000,0x00000007bf300000)
  from space 6656K, 75% used [0x00000007bf300000,0x00000007bf7e47f8,0x00000007bf980000)
  to   space 6656K, 0% used [0x00000007bf980000,0x00000007bf980000,0x00000007c0000000)
 ParOldGen       total 2097152K, used 73040K [0x0000000700000000, 0x0000000780000000, 0x0000000780000000)
  object space 2097152K, 3% used [0x0000000700000000,0x0000000704754158,0x0000000780000000)
 Metaspace       used 99713K, capacity 104043K, committed 104744K, reserved 1140736K
  class space    used 12384K, capacity 13279K, committed 13440K, reserved 1048576K
}
{Heap before GC invocations=96 (full 4):
 PSYoungGen      total 1041920K, used 1040270K [0x0000000780000000, 0x00000007c0000000, 0x00000007c0000000)
  eden space 1035264K, 99% used [0x0000000780000000,0x00000007bf2ff190,0x00000007bf300000)
  from space 6656K, 75% used [0x00000007bf300000,0x00000007bf7e47f8,0x00000007bf980000)
  to   space 6656K, 0% used [0x00000007bf980000,0x00000007bf980000,0x00000007c0000000)
 ParOldGen       total 2097152K, used 73040K [0x0000000700000000, 0x0000000780000000, 0x0000000780000000)
  object space 2097152K, 3% used [0x0000000700000000,0x0000000704754158,0x0000000780000000)
 Metaspace       used 107143K, capacity 111539K, committed 112168K, reserved 1146880K
  class space    used 13161K, capacity 14061K, committed 14208K, reserved 1048576K
2020-10-26T21:34:03.851+0800: 26656.901: [GC (Allocation Failure) [PSYoungGen: 1040270K->6644K(1030656K)] 1113310K->92244K(3127808K), 0.1174052 secs] [Times: user=0.21 sys=0.06, real=0.12 secs] 
Heap after GC invocations=96 (full 4):
 PSYoungGen      total 1030656K, used 6644K [0x0000000780000000, 0x00000007c0000000, 0x00000007c0000000)
  eden space 1024000K, 0% used [0x0000000780000000,0x0000000780000000,0x00000007be800000)
  from space 6656K, 99% used [0x00000007bf980000,0x00000007bfffd2c8,0x00000007c0000000)
  to   space 12288K, 0% used [0x00000007be800000,0x00000007be800000,0x00000007bf400000)
 ParOldGen       total 2097152K, used 85600K [0x0000000700000000, 0x0000000780000000, 0x0000000780000000)
  object space 2097152K, 4% used [0x0000000700000000,0x0000000705398010,0x0000000780000000)
 Metaspace       used 107143K, capacity 111539K, committed 112168K, reserved 1146880K
  class space    used 13161K, capacity 14061K, committed 14208K, reserved 1048576K
}
{Heap before GC invocations=97 (full 4):
 PSYoungGen      total 1030656K, used 1030644K [0x0000000780000000, 0x00000007c0000000, 0x00000007c0000000)
  eden space 1024000K, 100% used [0x0000000780000000,0x00000007be800000,0x00000007be800000)
  from space 6656K, 99% used [0x00000007bf980000,0x00000007bfffd2c8,0x00000007c0000000)
  to   space 12288K, 0% used [0x00000007be800000,0x00000007be800000,0x00000007bf400000)
 ParOldGen       total 2097152K, used 85600K [0x0000000700000000, 0x0000000780000000, 0x0000000780000000)
  object space 2097152K, 4% used [0x0000000700000000,0x0000000705398010,0x0000000780000000)
 Metaspace       used 114410K, capacity 118809K, committed 119336K, reserved 1153024K
  class space    used 13948K, capacity 14864K, committed 14976K, reserved 1048576K
2020-10-26T21:38:52.361+0800: 26945.412: [GC (Allocation Failure) [PSYoungGen: 1030644K->12264K(1036288K)] 1116244K->100695K(3133440K), 0.1105360 secs] [Times: user=0.18 sys=0.05, real=0.11 secs] 
Heap after GC invocations=97 (full 4):
 PSYoungGen      total 1036288K, used 12264K [0x0000000780000000, 0x00000007c0000000, 0x00000007c0000000)
  eden space 1024000K, 0% used [0x0000000780000000,0x0000000780000000,0x00000007be800000)
  from space 12288K, 99% used [0x00000007be800000,0x00000007bf3fa350,0x00000007bf400000)
  to   space 12288K, 0% used [0x00000007bf400000,0x00000007bf400000,0x00000007c0000000)
 ParOldGen       total 2097152K, used 88430K [0x0000000700000000, 0x0000000780000000, 0x0000000780000000)
  object space 2097152K, 4% used [0x0000000700000000,0x000000070565bab0,0x0000000780000000)
 Metaspace       used 114410K, capacity 118809K, committed 119336K, reserved 1153024K
  class space    used 13948K, capacity 14864K, committed 14976K, reserved 1048576K
}
{Heap before GC invocations=98 (full 4):
 PSYoungGen      total 1036288K, used 1036264K [0x0000000780000000, 0x00000007c0000000, 0x00000007c0000000)
  eden space 1024000K, 100% used [0x0000000780000000,0x00000007be800000,0x00000007be800000)
  from space 12288K, 99% used [0x00000007be800000,0x00000007bf3fa350,0x00000007bf400000)
  to   space 12288K, 0% used [0x00000007bf400000,0x00000007bf400000,0x00000007c0000000)
 ParOldGen       total 2097152K, used 88430K [0x0000000700000000, 0x0000000780000000, 0x0000000780000000)
  object space 2097152K, 4% used [0x0000000700000000,0x000000070565bab0,0x0000000780000000)
 Metaspace       used 114413K, capacity 118809K, committed 119336K, reserved 1153024K
  class space    used 13949K, capacity 14864K, committed 14976K, reserved 1048576K
2020-10-26T21:44:07.374+0800: 27260.425: [GC (Allocation Failure) [PSYoungGen: 1036264K->9348K(1030144K)] 1124695K->97803K(3127296K), 0.1856578 secs] [Times: user=0.30 sys=0.02, real=0.19 secs] 
Heap after GC invocations=98 (full 4):
 PSYoungGen      total 1030144K, used 9348K [0x0000000780000000, 0x00000007c0000000, 0x00000007c0000000)
  eden space 1017856K, 0% used [0x0000000780000000,0x0000000780000000,0x00000007be200000)
  from space 12288K, 76% used [0x00000007bf400000,0x00000007bfd21328,0x00000007c0000000)
  to   space 15360K, 0% used [0x00000007be200000,0x00000007be200000,0x00000007bf100000)
 ParOldGen       total 2097152K, used 88454K [0x0000000700000000, 0x0000000780000000, 0x0000000780000000)
  object space 2097152K, 4% used [0x0000000700000000,0x0000000705661ab0,0x0000000780000000)
 Metaspace       used 114413K, capacity 118809K, committed 119336K, reserved 1153024K
  class space    used 13949K, capacity 14864K, committed 14976K, reserved 1048576K
}
{Heap before GC invocations=99 (full 4):
 PSYoungGen      total 1030144K, used 1027204K [0x0000000780000000, 0x00000007c0000000, 0x00000007c0000000)
  eden space 1017856K, 100% used [0x0000000780000000,0x00000007be200000,0x00000007be200000)
  from space 12288K, 76% used [0x00000007bf400000,0x00000007bfd21328,0x00000007c0000000)
  to   space 15360K, 0% used [0x00000007be200000,0x00000007be200000,0x00000007bf100000)
 ParOldGen       total 2097152K, used 88454K [0x0000000700000000, 0x0000000780000000, 0x0000000780000000)
  object space 2097152K, 4% used [0x0000000700000000,0x0000000705661ab0,0x0000000780000000)
 Metaspace       used 114414K, capacity 118809K, committed 119336K, reserved 1153024K
  class space    used 13949K, capacity 14864K, committed 14976K, reserved 1048576K
2020-10-26T21:49:22.398+0800: 27575.449: [GC (Allocation Failure) [PSYoungGen: 1027204K->9300K(1033216K)] 1115659K->97763K(3130368K), 0.1633783 secs] [Times: user=0.27 sys=0.03, real=0.16 secs] 
Heap after GC invocations=99 (full 4):
 PSYoungGen      total 1033216K, used 9300K [0x0000000780000000, 0x00000007c0000000, 0x00000007c0000000)
  eden space 1017856K, 0% used [0x0000000780000000,0x0000000780000000,0x00000007be200000)
  from space 15360K, 60% used [0x00000007be200000,0x00000007beb15160,0x00000007bf100000)
  to   space 15360K, 0% used [0x00000007bf100000,0x00000007bf100000,0x00000007c0000000)
 ParOldGen       total 2097152K, used 88462K [0x0000000700000000, 0x0000000780000000, 0x0000000780000000)
  object space 2097152K, 4% used [0x0000000700000000,0x0000000705663ab0,0x0000000780000000)
 Metaspace       used 114414K, capacity 118809K, committed 119336K, reserved 1153024K
  class space    used 13949K, capacity 14864K, committed 14976K, reserved 1048576K
}
{Heap before GC invocations=100 (full 4):
 PSYoungGen      total 1033216K, used 1027156K [0x0000000780000000, 0x00000007c0000000, 0x00000007c0000000)
  eden space 1017856K, 100% used [0x0000000780000000,0x00000007be200000,0x00000007be200000)
  from space 15360K, 60% used [0x00000007be200000,0x00000007beb15160,0x00000007bf100000)
  to   space 15360K, 0% used [0x00000007bf100000,0x00000007bf100000,0x00000007c0000000)
 ParOldGen       total 2097152K, used 88462K [0x0000000700000000, 0x0000000780000000, 0x0000000780000000)
  object space 2097152K, 4% used [0x0000000700000000,0x0000000705663ab0,0x0000000780000000)
 Metaspace       used 114425K, capacity 118809K, committed 119336K, reserved 1153024K
  class space    used 13949K, capacity 14864K, committed 14976K, reserved 1048576K
2020-10-26T21:54:42.369+0800: 27895.420: [GC (Allocation Failure) [PSYoungGen: 1027156K->9332K(1033216K)] 1115619K->97803K(3130368K), 0.2003492 secs] [Times: user=0.35 sys=0.07, real=0.20 secs] 
Heap after GC invocations=100 (full 4):
 PSYoungGen      total 1033216K, used 9332K [0x0000000780000000, 0x00000007c0000000, 0x00000007c0000000)
  eden space 1017856K, 0% used [0x0000000780000000,0x0000000780000000,0x00000007be200000)
  from space 15360K, 60% used [0x00000007bf100000,0x00000007bfa1d318,0x00000007c0000000)
  to   space 15360K, 0% used [0x00000007be200000,0x00000007be200000,0x00000007bf100000)
 ParOldGen       total 2097152K, used 88470K [0x0000000700000000, 0x0000000780000000, 0x0000000780000000)
  object space 2097152K, 4% used [0x0000000700000000,0x0000000705665ab0,0x0000000780000000)
 Metaspace       used 114425K, capacity 118809K, committed 119336K, reserved 1153024K
  class space    used 13949K, capacity 14864K, committed 14976K, reserved 1048576K
}
{Heap before GC invocations=101 (full 4):
 PSYoungGen      total 1033216K, used 1027188K [0x0000000780000000, 0x00000007c0000000, 0x00000007c0000000)
  eden space 1017856K, 100% used [0x0000000780000000,0x00000007be200000,0x00000007be200000)
  from space 15360K, 60% used [0x00000007bf100000,0x00000007bfa1d318,0x00000007c0000000)
  to   space 15360K, 0% used [0x00000007be200000,0x00000007be200000,0x00000007bf100000)
 ParOldGen       total 2097152K, used 88470K [0x0000000700000000, 0x0000000780000000, 0x0000000780000000)
  object space 2097152K, 4% used [0x0000000700000000,0x0000000705665ab0,0x0000000780000000)
 Metaspace       used 114437K, capacity 118809K, committed 119336K, reserved 1153024K
  class space    used 13949K, capacity 14864K, committed 14976K, reserved 1048576K
2020-10-26T21:59:57.377+0800: 28210.428: [GC (Allocation Failure) [PSYoungGen: 1027188K->9332K(1033216K)] 1115659K->97811K(3130368K), 0.1864867 secs] [Times: user=0.30 sys=0.06, real=0.18 secs] 
Heap after GC invocations=101 (full 4):
 PSYoungGen      total 1033216K, used 9332K [0x0000000780000000, 0x00000007c0000000, 0x00000007c0000000)
  eden space 1017856K, 0% used [0x0000000780000000,0x0000000780000000,0x00000007be200000)
  from space 15360K, 60% used [0x00000007be200000,0x00000007beb1d1c0,0x00000007bf100000)
  to   space 15360K, 0% used [0x00000007bf100000,0x00000007bf100000,0x00000007c0000000)
 ParOldGen       total 2097152K, used 88478K [0x0000000700000000, 0x0000000780000000, 0x0000000780000000)
  object space 2097152K, 4% used [0x0000000700000000,0x0000000705667ab0,0x0000000780000000)
 Metaspace       used 114437K, capacity 118809K, committed 119336K, reserved 1153024K
  class space    used 13949K, capacity 14864K, committed 14976K, reserved 1048576K
}
{Heap before GC invocations=102 (full 4):
 PSYoungGen      total 1033216K, used 1027188K [0x0000000780000000, 0x00000007c0000000, 0x00000007c0000000)
  eden space 1017856K, 100% used [0x0000000780000000,0x00000007be200000,0x00000007be200000)
  from space 15360K, 60% used [0x00000007be200000,0x00000007beb1d1c0,0x00000007bf100000)
  to   space 15360K, 0% used [0x00000007bf100000,0x00000007bf100000,0x00000007c0000000)
 ParOldGen       total 2097152K, used 88478K [0x0000000700000000, 0x0000000780000000, 0x0000000780000000)
  object space 2097152K, 4% used [0x0000000700000000,0x0000000705667ab0,0x0000000780000000)
 Metaspace       used 114437K, capacity 118809K, committed 119336K, reserved 1153024K
  class space    used 13949K, capacity 14864K, committed 14976K, reserved 1048576K
2020-10-26T22:05:12.401+0800: 28525.452: [GC (Allocation Failure) [PSYoungGen: 1027188K->9924K(1032192K)] 1115667K->98410K(3129344K), 0.0678488 secs] [Times: user=0.18 sys=0.05, real=0.07 secs] 
Heap after GC invocations=102 (full 4):
 PSYoungGen      total 1032192K, used 9924K [0x0000000780000000, 0x00000007c0000000, 0x00000007c0000000)
  eden space 1016832K, 0% used [0x0000000780000000,0x0000000780000000,0x00000007be100000)
  from space 15360K, 64% used [0x00000007bf100000,0x00000007bfab1050,0x00000007c0000000)
  to   space 15872K, 0% used [0x00000007be100000,0x00000007be100000,0x00000007bf080000)
 ParOldGen       total 2097152K, used 88486K [0x0000000700000000, 0x0000000780000000, 0x0000000780000000)
  object space 2097152K, 4% used [0x0000000700000000,0x0000000705669ab0,0x0000000780000000)
 Metaspace       used 114437K, capacity 118809K, committed 119336K, reserved 1153024K
  class space    used 13949K, capacity 14864K, committed 14976K, reserved 1048576K
}
{Heap before GC invocations=103 (full 4):
 PSYoungGen      total 1032192K, used 1026756K [0x0000000780000000, 0x00000007c0000000, 0x00000007c0000000)
  eden space 1016832K, 100% used [0x0000000780000000,0x00000007be100000,0x00000007be100000)
  from space 15360K, 64% used [0x00000007bf100000,0x00000007bfab1050,0x00000007c0000000)
  to   space 15872K, 0% used [0x00000007be100000,0x00000007be100000,0x00000007bf080000)
 ParOldGen       total 2097152K, used 88486K [0x0000000700000000, 0x0000000780000000, 0x0000000780000000)
  object space 2097152K, 4% used [0x0000000700000000,0x0000000705669ab0,0x0000000780000000)
 Metaspace       used 114437K, capacity 118809K, committed 119336K, reserved 1153024K
  class space    used 13949K, capacity 14864K, committed 14976K, reserved 1048576K
2020-10-26T22:10:32.354+0800: 28845.405: [GC (Allocation Failure) [PSYoungGen: 1026756K->10276K(1032704K)] 1115242K->98795K(3129856K), 0.1070418 secs] [Times: user=0.17 sys=0.05, real=0.11 secs] 
Heap after GC invocations=103 (full 4):
 PSYoungGen      total 1032704K, used 10276K [0x0000000780000000, 0x00000007c0000000, 0x00000007c0000000)
  eden space 1016832K, 0% used [0x0000000780000000,0x0000000780000000,0x00000007be100000)
  from space 15872K, 64% used [0x00000007be100000,0x00000007beb092f0,0x00000007bf080000)
  to   space 15872K, 0% used [0x00000007bf080000,0x00000007bf080000,0x00000007c0000000)
 ParOldGen       total 2097152K, used 88518K [0x0000000700000000, 0x0000000780000000, 0x0000000780000000)
  object space 2097152K, 4% used [0x0000000700000000,0x0000000705671ab0,0x0000000780000000)
 Metaspace       used 114437K, capacity 118809K, committed 119336K, reserved 1153024K
  class space    used 13949K, capacity 14864K, committed 14976K, reserved 1048576K
}
{Heap before GC invocations=104 (full 4):
 PSYoungGen      total 1032704K, used 1027108K [0x0000000780000000, 0x00000007c0000000, 0x00000007c0000000)
  eden space 1016832K, 100% used [0x0000000780000000,0x00000007be100000,0x00000007be100000)
  from space 15872K, 64% used [0x00000007be100000,0x00000007beb092f0,0x00000007bf080000)
  to   space 15872K, 0% used [0x00000007bf080000,0x00000007bf080000,0x00000007c0000000)
 ParOldGen       total 2097152K, used 88518K [0x0000000700000000, 0x0000000780000000, 0x0000000780000000)
  object space 2097152K, 4% used [0x0000000700000000,0x0000000705671ab0,0x0000000780000000)
 Metaspace       used 114437K, capacity 118809K, committed 119336K, reserved 1153024K
  class space    used 13949K, capacity 14864K, committed 14976K, reserved 1048576K
2020-10-26T22:15:47.364+0800: 29160.415: [GC (Allocation Failure) [PSYoungGen: 1027108K->9876K(1032704K)] 1115627K->98402K(3129856K), 0.0981776 secs] [Times: user=0.14 sys=0.05, real=0.10 secs] 
Heap after GC invocations=104 (full 4):
 PSYoungGen      total 1032704K, used 9876K [0x0000000780000000, 0x00000007c0000000, 0x00000007c0000000)
  eden space 1016832K, 0% used [0x0000000780000000,0x0000000780000000,0x00000007be100000)
  from space 15872K, 62% used [0x00000007bf080000,0x00000007bfa25060,0x00000007c0000000)
  to   space 15872K, 0% used [0x00000007be100000,0x00000007be100000,0x00000007bf080000)
 ParOldGen       total 2097152K, used 88526K [0x0000000700000000, 0x0000000780000000, 0x0000000780000000)
  object space 2097152K, 4% used [0x0000000700000000,0x0000000705673ab0,0x0000000780000000)
 Metaspace       used 114437K, capacity 118809K, committed 119336K, reserved 1153024K
  class space    used 13949K, capacity 14864K, committed 14976K, reserved 1048576K
}
{Heap before GC invocations=105 (full 4):
 PSYoungGen      total 1032704K, used 1026708K [0x0000000780000000, 0x00000007c0000000, 0x00000007c0000000)
  eden space 1016832K, 100% used [0x0000000780000000,0x00000007be100000,0x00000007be100000)
  from space 15872K, 62% used [0x00000007bf080000,0x00000007bfa25060,0x00000007c0000000)
  to   space 15872K, 0% used [0x00000007be100000,0x00000007be100000,0x00000007bf080000)
 ParOldGen       total 2097152K, used 88526K [0x0000000700000000, 0x0000000780000000, 0x0000000780000000)
  object space 2097152K, 4% used [0x0000000700000000,0x0000000705673ab0,0x0000000780000000)
 Metaspace       used 114450K, capacity 118809K, committed 119336K, reserved 1153024K
  class space    used 13949K, capacity 14864K, committed 14976K, reserved 1048576K
2020-10-26T22:21:02.381+0800: 29475.432: [GC (Allocation Failure) [PSYoungGen: 1026708K->9781K(1032704K)] 1115234K->98347K(3129856K), 0.1819381 secs] [Times: user=0.28 sys=0.06, real=0.18 secs] 
Heap after GC invocations=105 (full 4):
 PSYoungGen      total 1032704K, used 9781K [0x0000000780000000, 0x00000007c0000000, 0x00000007c0000000)
  eden space 1016832K, 0% used [0x0000000780000000,0x0000000780000000,0x00000007be100000)
  from space 15872K, 61% used [0x00000007be100000,0x00000007bea8d4a0,0x00000007bf080000)
  to   space 15872K, 0% used [0x00000007bf080000,0x00000007bf080000,0x00000007c0000000)
 ParOldGen       total 2097152K, used 88566K [0x0000000700000000, 0x0000000780000000, 0x0000000780000000)
  object space 2097152K, 4% used [0x0000000700000000,0x000000070567dab0,0x0000000780000000)
 Metaspace       used 114450K, capacity 118809K, committed 119336K, reserved 1153024K
  class space    used 13949K, capacity 14864K, committed 14976K, reserved 1048576K
}
{Heap before GC invocations=106 (full 4):
 PSYoungGen      total 1032704K, used 1026613K [0x0000000780000000, 0x00000007c0000000, 0x00000007c0000000)
  eden space 1016832K, 100% used [0x0000000780000000,0x00000007be100000,0x00000007be100000)
  from space 15872K, 61% used [0x00000007be100000,0x00000007bea8d4a0,0x00000007bf080000)
  to   space 15872K, 0% used [0x00000007bf080000,0x00000007bf080000,0x00000007c0000000)
 ParOldGen       total 2097152K, used 88566K [0x0000000700000000, 0x0000000780000000, 0x0000000780000000)
  object space 2097152K, 4% used [0x0000000700000000,0x000000070567dab0,0x0000000780000000)
 Metaspace       used 114450K, capacity 118809K, committed 119336K, reserved 1153024K
  class space    used 13949K, capacity 14864K, committed 14976K, reserved 1048576K
2020-10-26T22:26:22.367+0800: 29795.418: [GC (Allocation Failure) [PSYoungGen: 1026613K->9780K(1033216K)] 1115179K->98347K(3130368K), 0.0929069 secs] [Times: user=0.11 sys=0.07, real=0.09 secs] 
Heap after GC invocations=106 (full 4):
 PSYoungGen      total 1033216K, used 9780K [0x0000000780000000, 0x00000007c0000000, 0x00000007c0000000)
  eden space 1017344K, 0% used [0x0000000780000000,0x0000000780000000,0x00000007be180000)
  from space 15872K, 61% used [0x00000007bf080000,0x00000007bfa0d2a0,0x00000007c0000000)
  to   space 15360K, 0% used [0x00000007be180000,0x00000007be180000,0x00000007bf080000)
 ParOldGen       total 2097152K, used 88566K [0x0000000700000000, 0x0000000780000000, 0x0000000780000000)
  object space 2097152K, 4% used [0x0000000700000000,0x000000070567dab0,0x0000000780000000)
 Metaspace       used 114450K, capacity 118809K, committed 119336K, reserved 1153024K
  class space    used 13949K, capacity 14864K, committed 14976K, reserved 1048576K
}
{Heap before GC invocations=107 (full 4):
 PSYoungGen      total 1033216K, used 1027124K [0x0000000780000000, 0x00000007c0000000, 0x00000007c0000000)
  eden space 1017344K, 100% used [0x0000000780000000,0x00000007be180000,0x00000007be180000)
  from space 15872K, 61% used [0x00000007bf080000,0x00000007bfa0d2a0,0x00000007c0000000)
  to   space 15360K, 0% used [0x00000007be180000,0x00000007be180000,0x00000007bf080000)
 ParOldGen       total 2097152K, used 88566K [0x0000000700000000, 0x0000000780000000, 0x0000000780000000)
  object space 2097152K, 4% used [0x0000000700000000,0x000000070567dab0,0x0000000780000000)
 Metaspace       used 114454K, capacity 118809K, committed 119336K, reserved 1153024K
  class space    used 13949K, capacity 14864K, committed 14976K, reserved 1048576K
2020-10-26T22:31:37.393+0800: 30110.444: [GC (Allocation Failure) [PSYoungGen: 1027124K->9493K(1032704K)] 1115691K->98807K(3129856K), 0.1785113 secs] [Times: user=0.24 sys=0.14, real=0.18 secs] 
Heap after GC invocations=107 (full 4):
 PSYoungGen      total 1032704K, used 9493K [0x0000000780000000, 0x00000007c0000000, 0x00000007c0000000)
  eden space 1017344K, 0% used [0x0000000780000000,0x0000000780000000,0x00000007be180000)
  from space 15360K, 61% used [0x00000007be180000,0x00000007beac56c0,0x00000007bf080000)
  to   space 15360K, 0% used [0x00000007bf100000,0x00000007bf100000,0x00000007c0000000)
 ParOldGen       total 2097152K, used 89313K [0x0000000700000000, 0x0000000780000000, 0x0000000780000000)
  object space 2097152K, 4% used [0x0000000700000000,0x00000007057385f8,0x0000000780000000)
 Metaspace       used 114454K, capacity 118809K, committed 119336K, reserved 1153024K
  class space    used 13949K, capacity 14864K, committed 14976K, reserved 1048576K
}
{Heap before GC invocations=108 (full 4):
 PSYoungGen      total 1032704K, used 1026837K [0x0000000780000000, 0x00000007c0000000, 0x00000007c0000000)
  eden space 1017344K, 100% used [0x0000000780000000,0x00000007be180000,0x00000007be180000)
  from space 15360K, 61% used [0x00000007be180000,0x00000007beac56c0,0x00000007bf080000)
  to   space 15360K, 0% used [0x00000007bf100000,0x00000007bf100000,0x00000007c0000000)
 ParOldGen       total 2097152K, used 89313K [0x0000000700000000, 0x0000000780000000, 0x0000000780000000)
  object space 2097152K, 4% used [0x0000000700000000,0x00000007057385f8,0x0000000780000000)
 Metaspace       used 114454K, capacity 118809K, committed 119336K, reserved 1153024K
  class space    used 13949K, capacity 14864K, committed 14976K, reserved 1048576K
2020-10-26T22:36:57.359+0800: 30430.410: [GC (Allocation Failure) [PSYoungGen: 1026837K->8979K(1033728K)] 1116151K->98325K(3130880K), 0.4974930 secs] [Times: user=0.67 sys=0.07, real=0.50 secs] 
Heap after GC invocations=108 (full 4):
 PSYoungGen      total 1033728K, used 8979K [0x0000000780000000, 0x00000007c0000000, 0x00000007c0000000)
  eden space 1018368K, 0% used [0x0000000780000000,0x0000000780000000,0x00000007be280000)
  from space 15360K, 58% used [0x00000007bf100000,0x00000007bf9c4fe0,0x00000007c0000000)
  to   space 14848K, 0% used [0x00000007be280000,0x00000007be280000,0x00000007bf100000)
 ParOldGen       total 2097152K, used 89345K [0x0000000700000000, 0x0000000780000000, 0x0000000780000000)
  object space 2097152K, 4% used [0x0000000700000000,0x00000007057405f8,0x0000000780000000)
 Metaspace       used 114454K, capacity 118809K, committed 119336K, reserved 1153024K
  class space    used 13949K, capacity 14864K, committed 14976K, reserved 1048576K
}
{Heap before GC invocations=109 (full 4):
 PSYoungGen      total 1033728K, used 1027347K [0x0000000780000000, 0x00000007c0000000, 0x00000007c0000000)
  eden space 1018368K, 100% used [0x0000000780000000,0x00000007be280000,0x00000007be280000)
  from space 15360K, 58% used [0x00000007bf100000,0x00000007bf9c4fe0,0x00000007c0000000)
  to   space 14848K, 0% used [0x00000007be280000,0x00000007be280000,0x00000007bf100000)
 ParOldGen       total 2097152K, used 89345K [0x0000000700000000, 0x0000000780000000, 0x0000000780000000)
  object space 2097152K, 4% used [0x0000000700000000,0x00000007057405f8,0x0000000780000000)
 Metaspace       used 114455K, capacity 118809K, committed 119336K, reserved 1153024K
  class space    used 13949K, capacity 14864K, committed 14976K, reserved 1048576K
2020-10-26T22:42:12.388+0800: 30745.439: [GC (Allocation Failure) [PSYoungGen: 1027347K->9428K(1033216K)] 1116693K->98773K(3130368K), 0.1710571 secs] [Times: user=0.22 sys=0.07, real=0.17 secs] 
Heap after GC invocations=109 (full 4):
 PSYoungGen      total 1033216K, used 9428K [0x0000000780000000, 0x00000007c0000000, 0x00000007c0000000)
  eden space 1018368K, 0% used [0x0000000780000000,0x0000000780000000,0x00000007be280000)
  from space 14848K, 63% used [0x00000007be280000,0x00000007bebb5000,0x00000007bf100000)
  to   space 14336K, 0% used [0x00000007bf200000,0x00000007bf200000,0x00000007c0000000)
 ParOldGen       total 2097152K, used 89345K [0x0000000700000000, 0x0000000780000000, 0x0000000780000000)
  object space 2097152K, 4% used [0x0000000700000000,0x00000007057405f8,0x0000000780000000)
 Metaspace       used 114455K, capacity 118809K, committed 119336K, reserved 1153024K
  class space    used 13949K, capacity 14864K, committed 14976K, reserved 1048576K
}
{Heap before GC invocations=110 (full 4):
 PSYoungGen      total 1033216K, used 1027796K [0x0000000780000000, 0x00000007c0000000, 0x00000007c0000000)
  eden space 1018368K, 100% used [0x0000000780000000,0x00000007be280000,0x00000007be280000)
  from space 14848K, 63% used [0x00000007be280000,0x00000007bebb5000,0x00000007bf100000)
  to   space 14336K, 0% used [0x00000007bf200000,0x00000007bf200000,0x00000007c0000000)
 ParOldGen       total 2097152K, used 89345K [0x0000000700000000, 0x0000000780000000, 0x0000000780000000)
  object space 2097152K, 4% used [0x0000000700000000,0x00000007057405f8,0x0000000780000000)
 Metaspace       used 114460K, capacity 118809K, committed 119336K, reserved 1153024K
  class space    used 13949K, capacity 14864K, committed 14976K, reserved 1048576K
2020-10-26T22:47:27.402+0800: 31060.452: [GC (Allocation Failure) [PSYoungGen: 1027796K->8900K(1034752K)] 1117141K->98246K(3131904K), 0.1619694 secs] [Times: user=0.28 sys=0.04, real=0.16 secs] 
Heap after GC invocations=110 (full 4):
 PSYoungGen      total 1034752K, used 8900K [0x0000000780000000, 0x00000007c0000000, 0x00000007c0000000)
  eden space 1020416K, 0% used [0x0000000780000000,0x0000000780000000,0x00000007be480000)
  from space 14336K, 62% used [0x00000007bf200000,0x00000007bfab1230,0x00000007c0000000)
  to   space 13824K, 0% used [0x00000007be480000,0x00000007be480000,0x00000007bf200000)
 ParOldGen       total 2097152K, used 89345K [0x0000000700000000, 0x0000000780000000, 0x0000000780000000)
  object space 2097152K, 4% used [0x0000000700000000,0x00000007057405f8,0x0000000780000000)
 Metaspace       used 114460K, capacity 118809K, committed 119336K, reserved 1153024K
  class space    used 13949K, capacity 14864K, committed 14976K, reserved 1048576K
}
{Heap before GC invocations=111 (full 4):
 PSYoungGen      total 1034752K, used 1029316K [0x0000000780000000, 0x00000007c0000000, 0x00000007c0000000)
  eden space 1020416K, 100% used [0x0000000780000000,0x00000007be480000,0x00000007be480000)
  from space 14336K, 62% used [0x00000007bf200000,0x00000007bfab1230,0x00000007c0000000)
  to   space 13824K, 0% used [0x00000007be480000,0x00000007be480000,0x00000007bf200000)
 ParOldGen       total 2097152K, used 89345K [0x0000000700000000, 0x0000000780000000, 0x0000000780000000)
  object space 2097152K, 4% used [0x0000000700000000,0x00000007057405f8,0x0000000780000000)
 Metaspace       used 114460K, capacity 118809K, committed 119336K, reserved 1153024K
  class space    used 13949K, capacity 14864K, committed 14976K, reserved 1048576K
2020-10-26T22:52:47.390+0800: 31380.441: [GC (Allocation Failure) [PSYoungGen: 1029316K->4736K(1034240K)] 1118662K->98377K(3131392K), 0.0741777 secs] [Times: user=0.18 sys=0.01, real=0.07 secs] 
Heap after GC invocations=111 (full 4):
 PSYoungGen      total 1034240K, used 4736K [0x0000000780000000, 0x00000007c0000000, 0x00000007c0000000)
  eden space 1020416K, 0% used [0x0000000780000000,0x0000000780000000,0x00000007be480000)
  from space 13824K, 34% used [0x00000007be480000,0x00000007be920210,0x00000007bf200000)
  to   space 14336K, 0% used [0x00000007bf200000,0x00000007bf200000,0x00000007c0000000)
 ParOldGen       total 2097152K, used 93640K [0x0000000700000000, 0x0000000780000000, 0x0000000780000000)
  object space 2097152K, 4% used [0x0000000700000000,0x0000000705b722d0,0x0000000780000000)
 Metaspace       used 114460K, capacity 118809K, committed 119336K, reserved 1153024K
  class space    used 13949K, capacity 14864K, committed 14976K, reserved 1048576K
}
{Heap before GC invocations=112 (full 4):
 PSYoungGen      total 1034240K, used 1025152K [0x0000000780000000, 0x00000007c0000000, 0x00000007c0000000)
  eden space 1020416K, 100% used [0x0000000780000000,0x00000007be480000,0x00000007be480000)
  from space 13824K, 34% used [0x00000007be480000,0x00000007be920210,0x00000007bf200000)
  to   space 14336K, 0% used [0x00000007bf200000,0x00000007bf200000,0x00000007c0000000)
 ParOldGen       total 2097152K, used 93640K [0x0000000700000000, 0x0000000780000000, 0x0000000780000000)
  object space 2097152K, 4% used [0x0000000700000000,0x0000000705b722d0,0x0000000780000000)
 Metaspace       used 114460K, capacity 118809K, committed 119336K, reserved 1153024K
  class space    used 13949K, capacity 14864K, committed 14976K, reserved 1048576K
2020-10-26T22:58:07.366+0800: 31700.417: [GC (Allocation Failure) [PSYoungGen: 1025152K->3056K(1034240K)] 1118793K->98597K(3131392K), 0.0974819 secs] [Times: user=0.19 sys=0.04, real=0.10 secs] 
Heap after GC invocations=112 (full 4):
 PSYoungGen      total 1034240K, used 3056K [0x0000000780000000, 0x00000007c0000000, 0x00000007c0000000)
  eden space 1019904K, 0% used [0x0000000780000000,0x0000000780000000,0x00000007be400000)
  from space 14336K, 21% used [0x00000007bf200000,0x00000007bf4fc1f0,0x00000007c0000000)
  to   space 14336K, 0% used [0x00000007be400000,0x00000007be400000,0x00000007bf200000)
 ParOldGen       total 2097152K, used 95540K [0x0000000700000000, 0x0000000780000000, 0x0000000780000000)
  object space 2097152K, 4% used [0x0000000700000000,0x0000000705d4d308,0x0000000780000000)
 Metaspace       used 114460K, capacity 118809K, committed 119336K, reserved 1153024K
  class space    used 13949K, capacity 14864K, committed 14976K, reserved 1048576K
}
{Heap before GC invocations=113 (full 4):
 PSYoungGen      total 1034240K, used 1022960K [0x0000000780000000, 0x00000007c0000000, 0x00000007c0000000)
  eden space 1019904K, 100% used [0x0000000780000000,0x00000007be400000,0x00000007be400000)
  from space 14336K, 21% used [0x00000007bf200000,0x00000007bf4fc1f0,0x00000007c0000000)
  to   space 14336K, 0% used [0x00000007be400000,0x00000007be400000,0x00000007bf200000)
 ParOldGen       total 2097152K, used 95540K [0x0000000700000000, 0x0000000780000000, 0x0000000780000000)
  object space 2097152K, 4% used [0x0000000700000000,0x0000000705d4d308,0x0000000780000000)
 Metaspace       used 114460K, capacity 118809K, committed 119336K, reserved 1153024K
  class space    used 13949K, capacity 14864K, committed 14976K, reserved 1048576K
2020-10-26T23:03:22.408+0800: 32015.459: [GC (Allocation Failure) [PSYoungGen: 1022960K->3296K(1023488K)] 1118501K->98965K(3120640K), 0.1544951 secs] [Times: user=0.30 sys=0.02, real=0.15 secs] 
Heap after GC invocations=113 (full 4):
 PSYoungGen      total 1023488K, used 3296K [0x0000000780000000, 0x00000007c0000000, 0x00000007c0000000)
  eden space 1019904K, 0% used [0x0000000780000000,0x0000000780000000,0x00000007be400000)
  from space 3584K, 91% used [0x00000007be400000,0x00000007be738260,0x00000007be780000)
  to   space 14848K, 0% used [0x00000007bf180000,0x00000007bf180000,0x00000007c0000000)
 ParOldGen       total 2097152K, used 95668K [0x0000000700000000, 0x0000000780000000, 0x0000000780000000)
  object space 2097152K, 4% used [0x0000000700000000,0x0000000705d6d308,0x0000000780000000)
 Metaspace       used 114460K, capacity 118809K, committed 119336K, reserved 1153024K
  class space    used 13949K, capacity 14864K, committed 14976K, reserved 1048576K
}
{Heap before GC invocations=114 (full 4):
 PSYoungGen      total 1023488K, used 1023200K [0x0000000780000000, 0x00000007c0000000, 0x00000007c0000000)
  eden space 1019904K, 100% used [0x0000000780000000,0x00000007be400000,0x00000007be400000)
  from space 3584K, 91% used [0x00000007be400000,0x00000007be738260,0x00000007be780000)
  to   space 14848K, 0% used [0x00000007bf180000,0x00000007bf180000,0x00000007c0000000)
 ParOldGen       total 2097152K, used 95668K [0x0000000700000000, 0x0000000780000000, 0x0000000780000000)
  object space 2097152K, 4% used [0x0000000700000000,0x0000000705d6d308,0x0000000780000000)
 Metaspace       used 114539K, capacity 118937K, committed 119592K, reserved 1155072K
  class space    used 13949K, capacity 14864K, committed 14976K, reserved 1048576K
2020-10-26T23:08:42.371+0800: 32335.422: [GC (Allocation Failure) [PSYoungGen: 1023200K->2944K(1033728K)] 1118869K->98645K(3130880K), 0.0918136 secs] [Times: user=0.19 sys=0.01, real=0.09 secs] 
Heap after GC invocations=114 (full 4):
 PSYoungGen      total 1033728K, used 2944K [0x0000000780000000, 0x00000007c0000000, 0x00000007c0000000)
  eden space 1018880K, 0% used [0x0000000780000000,0x0000000780000000,0x00000007be300000)
  from space 14848K, 19% used [0x00000007bf180000,0x00000007bf4601e0,0x00000007c0000000)
  to   space 14848K, 0% used [0x00000007be300000,0x00000007be300000,0x00000007bf180000)
 ParOldGen       total 2097152K, used 95700K [0x0000000700000000, 0x0000000780000000, 0x0000000780000000)
  object space 2097152K, 4% used [0x0000000700000000,0x0000000705d75308,0x0000000780000000)
 Metaspace       used 114539K, capacity 118937K, committed 119592K, reserved 1155072K
  class space    used 13949K, capacity 14864K, committed 14976K, reserved 1048576K
}
{Heap before GC invocations=115 (full 4):
 PSYoungGen      total 1033728K, used 1021824K [0x0000000780000000, 0x00000007c0000000, 0x00000007c0000000)
  eden space 1018880K, 100% used [0x0000000780000000,0x00000007be300000,0x00000007be300000)
  from space 14848K, 19% used [0x00000007bf180000,0x00000007bf4601e0,0x00000007c0000000)
  to   space 14848K, 0% used [0x00000007be300000,0x00000007be300000,0x00000007bf180000)
 ParOldGen       total 2097152K, used 95700K [0x0000000700000000, 0x0000000780000000, 0x0000000780000000)
  object space 2097152K, 4% used [0x0000000700000000,0x0000000705d75308,0x0000000780000000)
 Metaspace       used 114539K, capacity 118937K, committed 119592K, reserved 1155072K
  class space    used 13949K, capacity 14864K, committed 14976K, reserved 1048576K
2020-10-26T23:14:02.362+0800: 32655.412: [GC (Allocation Failure) [PSYoungGen: 1021824K->3120K(1033728K)] 1117525K->98829K(3130880K), 0.0971575 secs] [Times: user=0.15 sys=0.01, real=0.10 secs] 
Heap after GC invocations=115 (full 4):
 PSYoungGen      total 1033728K, used 3120K [0x0000000780000000, 0x00000007c0000000, 0x00000007c0000000)
  eden space 1018880K, 0% used [0x0000000780000000,0x0000000780000000,0x00000007be300000)
  from space 14848K, 21% used [0x00000007be300000,0x00000007be60c250,0x00000007bf180000)
  to   space 14336K, 0% used [0x00000007bf200000,0x00000007bf200000,0x00000007c0000000)
 ParOldGen       total 2097152K, used 95708K [0x0000000700000000, 0x0000000780000000, 0x0000000780000000)
  object space 2097152K, 4% used [0x0000000700000000,0x0000000705d77308,0x0000000780000000)
 Metaspace       used 114539K, capacity 118937K, committed 119592K, reserved 1155072K
  class space    used 13949K, capacity 14864K, committed 14976K, reserved 1048576K
}
{Heap before GC invocations=116 (full 4):
 PSYoungGen      total 1033728K, used 1022000K [0x0000000780000000, 0x00000007c0000000, 0x00000007c0000000)
  eden space 1018880K, 100% used [0x0000000780000000,0x00000007be300000,0x00000007be300000)
  from space 14848K, 21% used [0x00000007be300000,0x00000007be60c250,0x00000007bf180000)
  to   space 14336K, 0% used [0x00000007bf200000,0x00000007bf200000,0x00000007c0000000)
 ParOldGen       total 2097152K, used 95708K [0x0000000700000000, 0x0000000780000000, 0x0000000780000000)
  object space 2097152K, 4% used [0x0000000700000000,0x0000000705d77308,0x0000000780000000)
 Metaspace       used 114539K, capacity 118937K, committed 119592K, reserved 1155072K
  class space    used 13949K, capacity 14864K, committed 14976K, reserved 1048576K
2020-10-26T23:19:17.385+0800: 32970.436: [GC (Allocation Failure) [PSYoungGen: 1022000K->2976K(1034240K)] 1117709K->98709K(3131392K), 0.0815609 secs] [Times: user=0.21 sys=0.02, real=0.09 secs] 
Heap after GC invocations=116 (full 4):
 PSYoungGen      total 1034240K, used 2976K [0x0000000780000000, 0x00000007c0000000, 0x00000007c0000000)
  eden space 1019904K, 0% used [0x0000000780000000,0x0000000780000000,0x00000007be400000)
  from space 14336K, 20% used [0x00000007bf200000,0x00000007bf4e81e0,0x00000007c0000000)
  to   space 14336K, 0% used [0x00000007be400000,0x00000007be400000,0x00000007bf200000)
 ParOldGen       total 2097152K, used 95732K [0x0000000700000000, 0x0000000780000000, 0x0000000780000000)
  object space 2097152K, 4% used [0x0000000700000000,0x0000000705d7d308,0x0000000780000000)
 Metaspace       used 114539K, capacity 118937K, committed 119592K, reserved 1155072K
  class space    used 13949K, capacity 14864K, committed 14976K, reserved 1048576K
}
{Heap before GC invocations=117 (full 4):
 PSYoungGen      total 1034240K, used 1022880K [0x0000000780000000, 0x00000007c0000000, 0x00000007c0000000)
  eden space 1019904K, 100% used [0x0000000780000000,0x00000007be400000,0x00000007be400000)
  from space 14336K, 20% used [0x00000007bf200000,0x00000007bf4e81e0,0x00000007c0000000)
  to   space 14336K, 0% used [0x00000007be400000,0x00000007be400000,0x00000007bf200000)
 ParOldGen       total 2097152K, used 95732K [0x0000000700000000, 0x0000000780000000, 0x0000000780000000)
  object space 2097152K, 4% used [0x0000000700000000,0x0000000705d7d308,0x0000000780000000)
 Metaspace       used 114558K, capacity 118937K, committed 119592K, reserved 1155072K
  class space    used 13949K, capacity 14864K, committed 14976K, reserved 1048576K
2020-10-26T23:24:37.364+0800: 33290.415: [GC (Allocation Failure) [PSYoungGen: 1022880K->2848K(1034240K)] 1118613K->98669K(3131392K), 0.0984999 secs] [Times: user=0.18 sys=0.02, real=0.10 secs] 
Heap after GC invocations=117 (full 4):
 PSYoungGen      total 1034240K, used 2848K [0x0000000780000000, 0x00000007c0000000, 0x00000007c0000000)
  eden space 1019904K, 0% used [0x0000000780000000,0x0000000780000000,0x00000007be400000)
  from space 14336K, 19% used [0x00000007be400000,0x00000007be6c81a0,0x00000007bf200000)
  to   space 14336K, 0% used [0x00000007bf200000,0x00000007bf200000,0x00000007c0000000)
 ParOldGen       total 2097152K, used 95820K [0x0000000700000000, 0x0000000780000000, 0x0000000780000000)
  object space 2097152K, 4% used [0x0000000700000000,0x0000000705d93308,0x0000000780000000)
 Metaspace       used 114558K, capacity 118937K, committed 119592K, reserved 1155072K
  class space    used 13949K, capacity 14864K, committed 14976K, reserved 1048576K
}
{Heap before GC invocations=118 (full 4):
 PSYoungGen      total 1034240K, used 1022752K [0x0000000780000000, 0x00000007c0000000, 0x00000007c0000000)
  eden space 1019904K, 100% used [0x0000000780000000,0x00000007be400000,0x00000007be400000)
  from space 14336K, 19% used [0x00000007be400000,0x00000007be6c81a0,0x00000007bf200000)
  to   space 14336K, 0% used [0x00000007bf200000,0x00000007bf200000,0x00000007c0000000)
 ParOldGen       total 2097152K, used 95820K [0x0000000700000000, 0x0000000780000000, 0x0000000780000000)
  object space 2097152K, 4% used [0x0000000700000000,0x0000000705d93308,0x0000000780000000)
 Metaspace       used 114567K, capacity 118937K, committed 119592K, reserved 1155072K
  class space    used 13949K, capacity 14864K, committed 14976K, reserved 1048576K
2020-10-26T23:29:52.400+0800: 33605.451: [GC (Allocation Failure) [PSYoungGen: 1022752K->3264K(1034752K)] 1118573K->99093K(3131904K), 0.1644705 secs] [Times: user=0.29 sys=0.04, real=0.16 secs] 
Heap after GC invocations=118 (full 4):
 PSYoungGen      total 1034752K, used 3264K [0x0000000780000000, 0x00000007c0000000, 0x00000007c0000000)
  eden space 1020416K, 0% used [0x0000000780000000,0x0000000780000000,0x00000007be480000)
  from space 14336K, 22% used [0x00000007bf200000,0x00000007bf530220,0x00000007c0000000)
  to   space 13824K, 0% used [0x00000007be480000,0x00000007be480000,0x00000007bf200000)
 ParOldGen       total 2097152K, used 95828K [0x0000000700000000, 0x0000000780000000, 0x0000000780000000)
  object space 2097152K, 4% used [0x0000000700000000,0x0000000705d95308,0x0000000780000000)
 Metaspace       used 114567K, capacity 118937K, committed 119592K, reserved 1155072K
  class space    used 13949K, capacity 14864K, committed 14976K, reserved 1048576K
}
{Heap before GC invocations=119 (full 4):
 PSYoungGen      total 1034752K, used 1023680K [0x0000000780000000, 0x00000007c0000000, 0x00000007c0000000)
  eden space 1020416K, 100% used [0x0000000780000000,0x00000007be480000,0x00000007be480000)
  from space 14336K, 22% used [0x00000007bf200000,0x00000007bf530220,0x00000007c0000000)
  to   space 13824K, 0% used [0x00000007be480000,0x00000007be480000,0x00000007bf200000)
 ParOldGen       total 2097152K, used 95828K [0x0000000700000000, 0x0000000780000000, 0x0000000780000000)
  object space 2097152K, 4% used [0x0000000700000000,0x0000000705d95308,0x0000000780000000)
 Metaspace       used 114567K, capacity 118937K, committed 119592K, reserved 1155072K
  class space    used 13949K, capacity 14864K, committed 14976K, reserved 1048576K
2020-10-26T23:35:12.373+0800: 33925.424: [GC (Allocation Failure) [PSYoungGen: 1023680K->3008K(1034240K)] 1119509K->98837K(3131392K), 0.0951723 secs] [Times: user=0.23 sys=0.02, real=0.10 secs] 
Heap after GC invocations=119 (full 4):
 PSYoungGen      total 1034240K, used 3008K [0x0000000780000000, 0x00000007c0000000, 0x00000007c0000000)
  eden space 1020416K, 0% used [0x0000000780000000,0x0000000780000000,0x00000007be480000)
  from space 13824K, 21% used [0x00000007be480000,0x00000007be7701e0,0x00000007bf200000)
  to   space 13312K, 0% used [0x00000007bf300000,0x00000007bf300000,0x00000007c0000000)
 ParOldGen       total 2097152K, used 95828K [0x0000000700000000, 0x0000000780000000, 0x0000000780000000)
  object space 2097152K, 4% used [0x0000000700000000,0x0000000705d95308,0x0000000780000000)
 Metaspace       used 114567K, capacity 118937K, committed 119592K, reserved 1155072K
  class space    used 13949K, capacity 14864K, committed 14976K, reserved 1048576K
}
{Heap before GC invocations=120 (full 4):
 PSYoungGen      total 1034240K, used 1023424K [0x0000000780000000, 0x00000007c0000000, 0x00000007c0000000)
  eden space 1020416K, 100% used [0x0000000780000000,0x00000007be480000,0x00000007be480000)
  from space 13824K, 21% used [0x00000007be480000,0x00000007be7701e0,0x00000007bf200000)
  to   space 13312K, 0% used [0x00000007bf300000,0x00000007bf300000,0x00000007c0000000)
 ParOldGen       total 2097152K, used 95828K [0x0000000700000000, 0x0000000780000000, 0x0000000780000000)
  object space 2097152K, 4% used [0x0000000700000000,0x0000000705d95308,0x0000000780000000)
 Metaspace       used 114575K, capacity 118937K, committed 119592K, reserved 1155072K
  class space    used 13949K, capacity 14864K, committed 14976K, reserved 1048576K
2020-10-26T23:40:27.403+0800: 34240.454: [GC (Allocation Failure) [PSYoungGen: 1023424K->3392K(1035776K)] 1119253K->99245K(3132928K), 0.0570814 secs] [Times: user=0.14 sys=0.02, real=0.06 secs] 
Heap after GC invocations=120 (full 4):
 PSYoungGen      total 1035776K, used 3392K [0x0000000780000000, 0x00000007c0000000, 0x00000007c0000000)
  eden space 1022464K, 0% used [0x0000000780000000,0x0000000780000000,0x00000007be680000)
  from space 13312K, 25% used [0x00000007bf300000,0x00000007bf650240,0x00000007c0000000)
  to   space 12800K, 0% used [0x00000007be680000,0x00000007be680000,0x00000007bf300000)
 ParOldGen       total 2097152K, used 95852K [0x0000000700000000, 0x0000000780000000, 0x0000000780000000)
  object space 2097152K, 4% used [0x0000000700000000,0x0000000705d9b308,0x0000000780000000)
 Metaspace       used 114575K, capacity 118937K, committed 119592K, reserved 1155072K
  class space    used 13949K, capacity 14864K, committed 14976K, reserved 1048576K
}
{Heap before GC invocations=121 (full 4):
 PSYoungGen      total 1035776K, used 1025856K [0x0000000780000000, 0x00000007c0000000, 0x00000007c0000000)
  eden space 1022464K, 100% used [0x0000000780000000,0x00000007be680000,0x00000007be680000)
  from space 13312K, 25% used [0x00000007bf300000,0x00000007bf650240,0x00000007c0000000)
  to   space 12800K, 0% used [0x00000007be680000,0x00000007be680000,0x00000007bf300000)
 ParOldGen       total 2097152K, used 95852K [0x0000000700000000, 0x0000000780000000, 0x0000000780000000)
  object space 2097152K, 4% used [0x0000000700000000,0x0000000705d9b308,0x0000000780000000)
 Metaspace       used 114576K, capacity 118937K, committed 119592K, reserved 1155072K
  class space    used 13949K, capacity 14864K, committed 14976K, reserved 1048576K
2020-10-26T23:45:47.386+0800: 34560.437: [GC (Allocation Failure) [PSYoungGen: 1025856K->3040K(1035264K)] 1121709K->98893K(3132416K), 0.0705682 secs] [Times: user=0.11 sys=0.02, real=0.07 secs] 
Heap after GC invocations=121 (full 4):
 PSYoungGen      total 1035264K, used 3040K [0x0000000780000000, 0x00000007c0000000, 0x00000007c0000000)
  eden space 1022464K, 0% used [0x0000000780000000,0x0000000780000000,0x00000007be680000)
  from space 12800K, 23% used [0x00000007be680000,0x00000007be9781e0,0x00000007bf300000)
  to   space 12288K, 0% used [0x00000007bf400000,0x00000007bf400000,0x00000007c0000000)
 ParOldGen       total 2097152K, used 95852K [0x0000000700000000, 0x0000000780000000, 0x0000000780000000)
  object space 2097152K, 4% used [0x0000000700000000,0x0000000705d9b308,0x0000000780000000)
 Metaspace       used 114576K, capacity 118937K, committed 119592K, reserved 1155072K
  class space    used 13949K, capacity 14864K, committed 14976K, reserved 1048576K
}
{Heap before GC invocations=122 (full 4):
 PSYoungGen      total 1035264K, used 1025504K [0x0000000780000000, 0x00000007c0000000, 0x00000007c0000000)
  eden space 1022464K, 100% used [0x0000000780000000,0x00000007be680000,0x00000007be680000)
  from space 12800K, 23% used [0x00000007be680000,0x00000007be9781e0,0x00000007bf300000)
  to   space 12288K, 0% used [0x00000007bf400000,0x00000007bf400000,0x00000007c0000000)
 ParOldGen       total 2097152K, used 95852K [0x0000000700000000, 0x0000000780000000, 0x0000000780000000)
  object space 2097152K, 4% used [0x0000000700000000,0x0000000705d9b308,0x0000000780000000)
 Metaspace       used 114576K, capacity 118937K, committed 119592K, reserved 1155072K
  class space    used 13949K, capacity 14864K, committed 14976K, reserved 1048576K
2020-10-26T23:51:07.383+0800: 34880.434: [GC (Allocation Failure) [PSYoungGen: 1025504K->2944K(1036288K)] 1121357K->98837K(3133440K), 0.0801996 secs] [Times: user=0.20 sys=0.00, real=0.08 secs] 
Heap after GC invocations=122 (full 4):
 PSYoungGen      total 1036288K, used 2944K [0x0000000780000000, 0x00000007c0000000, 0x00000007c0000000)
  eden space 1024000K, 0% used [0x0000000780000000,0x0000000780000000,0x00000007be800000)
  from space 12288K, 23% used [0x00000007bf400000,0x00000007bf6e0200,0x00000007c0000000)
  to   space 12288K, 0% used [0x00000007be800000,0x00000007be800000,0x00000007bf400000)
 ParOldGen       total 2097152K, used 95892K [0x0000000700000000, 0x0000000780000000, 0x0000000780000000)
  object space 2097152K, 4% used [0x0000000700000000,0x0000000705da5308,0x0000000780000000)
 Metaspace       used 114576K, capacity 118937K, committed 119592K, reserved 1155072K
  class space    used 13949K, capacity 14864K, committed 14976K, reserved 1048576K
}
{Heap before GC invocations=123 (full 4):
 PSYoungGen      total 1036288K, used 1026944K [0x0000000780000000, 0x00000007c0000000, 0x00000007c0000000)
  eden space 1024000K, 100% used [0x0000000780000000,0x00000007be800000,0x00000007be800000)
  from space 12288K, 23% used [0x00000007bf400000,0x00000007bf6e0200,0x00000007c0000000)
  to   space 12288K, 0% used [0x00000007be800000,0x00000007be800000,0x00000007bf400000)
 ParOldGen       total 2097152K, used 95892K [0x0000000700000000, 0x0000000780000000, 0x0000000780000000)
  object space 2097152K, 4% used [0x0000000700000000,0x0000000705da5308,0x0000000780000000)
 Metaspace       used 114576K, capacity 118937K, committed 119592K, reserved 1155072K
  class space    used 13949K, capacity 14864K, committed 14976K, reserved 1048576K
2020-10-26T23:56:27.374+0800: 35200.424: [GC (Allocation Failure) [PSYoungGen: 1026944K->2880K(1036288K)] 1122837K->98781K(3133440K), 0.0846975 secs] [Times: user=0.12 sys=0.04, real=0.09 secs] 
Heap after GC invocations=123 (full 4):
 PSYoungGen      total 1036288K, used 2880K [0x0000000780000000, 0x00000007c0000000, 0x00000007c0000000)
  eden space 1024000K, 0% used [0x0000000780000000,0x0000000780000000,0x00000007be800000)
  from space 12288K, 23% used [0x00000007be800000,0x00000007bead0180,0x00000007bf400000)
  to   space 11776K, 0% used [0x00000007bf480000,0x00000007bf480000,0x00000007c0000000)
 ParOldGen       total 2097152K, used 95900K [0x0000000700000000, 0x0000000780000000, 0x0000000780000000)
  object space 2097152K, 4% used [0x0000000700000000,0x0000000705da7308,0x0000000780000000)
 Metaspace       used 114576K, capacity 118937K, committed 119592K, reserved 1155072K
  class space    used 13949K, capacity 14864K, committed 14976K, reserved 1048576K
}
{Heap before GC invocations=124 (full 4):
 PSYoungGen      total 1036288K, used 1026880K [0x0000000780000000, 0x00000007c0000000, 0x00000007c0000000)
  eden space 1024000K, 100% used [0x0000000780000000,0x00000007be800000,0x00000007be800000)
  from space 12288K, 23% used [0x00000007be800000,0x00000007bead0180,0x00000007bf400000)
  to   space 11776K, 0% used [0x00000007bf480000,0x00000007bf480000,0x00000007c0000000)
 ParOldGen       total 2097152K, used 95900K [0x0000000700000000, 0x0000000780000000, 0x0000000780000000)
  object space 2097152K, 4% used [0x0000000700000000,0x0000000705da7308,0x0000000780000000)
 Metaspace       used 114578K, capacity 118937K, committed 119592K, reserved 1155072K
  class space    used 13950K, capacity 14864K, committed 14976K, reserved 1048576K
2020-10-27T00:01:47.361+0800: 35520.412: [GC (Allocation Failure) [PSYoungGen: 1026880K->3392K(1037312K)] 1122781K->99309K(3134464K), 0.0985422 secs] [Times: user=0.13 sys=0.03, real=0.10 secs] 
Heap after GC invocations=124 (full 4):
 PSYoungGen      total 1037312K, used 3392K [0x0000000780000000, 0x00000007c0000000, 0x00000007c0000000)
  eden space 1025536K, 0% used [0x0000000780000000,0x0000000780000000,0x00000007be980000)
  from space 11776K, 28% used [0x00000007bf480000,0x00000007bf7d0240,0x00000007c0000000)
  to   space 11264K, 0% used [0x00000007be980000,0x00000007be980000,0x00000007bf480000)
 ParOldGen       total 2097152K, used 95916K [0x0000000700000000, 0x0000000780000000, 0x0000000780000000)
  object space 2097152K, 4% used [0x0000000700000000,0x0000000705dab308,0x0000000780000000)
 Metaspace       used 114578K, capacity 118937K, committed 119592K, reserved 1155072K
  class space    used 13950K, capacity 14864K, committed 14976K, reserved 1048576K
}
{Heap before GC invocations=125 (full 4):
 PSYoungGen      total 1037312K, used 1028928K [0x0000000780000000, 0x00000007c0000000, 0x00000007c0000000)
  eden space 1025536K, 100% used [0x0000000780000000,0x00000007be980000,0x00000007be980000)
  from space 11776K, 28% used [0x00000007bf480000,0x00000007bf7d0240,0x00000007c0000000)
  to   space 11264K, 0% used [0x00000007be980000,0x00000007be980000,0x00000007bf480000)
 ParOldGen       total 2097152K, used 95916K [0x0000000700000000, 0x0000000780000000, 0x0000000780000000)
  object space 2097152K, 4% used [0x0000000700000000,0x0000000705dab308,0x0000000780000000)
 Metaspace       used 114578K, capacity 118937K, committed 119592K, reserved 1155072K
  class space    used 13950K, capacity 14864K, committed 14976K, reserved 1048576K
2020-10-27T00:07:07.360+0800: 35840.410: [GC (Allocation Failure) [PSYoungGen: 1028928K->3072K(1036800K)] 1124845K->98989K(3133952K), 0.1098643 secs] [Times: user=0.21 sys=0.05, real=0.11 secs] 
Heap after GC invocations=125 (full 4):
 PSYoungGen      total 1036800K, used 3072K [0x0000000780000000, 0x00000007c0000000, 0x00000007c0000000)
  eden space 1025536K, 0% used [0x0000000780000000,0x0000000780000000,0x00000007be980000)
  from space 11264K, 27% used [0x00000007be980000,0x00000007bec801e0,0x00000007bf480000)
  to   space 10752K, 0% used [0x00000007bf580000,0x00000007bf580000,0x00000007c0000000)
 ParOldGen       total 2097152K, used 95916K [0x0000000700000000, 0x0000000780000000, 0x0000000780000000)
  object space 2097152K, 4% used [0x0000000700000000,0x0000000705dab308,0x0000000780000000)
 Metaspace       used 114578K, capacity 118937K, committed 119592K, reserved 1155072K
  class space    used 13950K, capacity 14864K, committed 14976K, reserved 1048576K
}
{Heap before GC invocations=126 (full 4):
 PSYoungGen      total 1036800K, used 1028608K [0x0000000780000000, 0x00000007c0000000, 0x00000007c0000000)
  eden space 1025536K, 100% used [0x0000000780000000,0x00000007be980000,0x00000007be980000)
  from space 11264K, 27% used [0x00000007be980000,0x00000007bec801e0,0x00000007bf480000)
  to   space 10752K, 0% used [0x00000007bf580000,0x00000007bf580000,0x00000007c0000000)
 ParOldGen       total 2097152K, used 95916K [0x0000000700000000, 0x0000000780000000, 0x0000000780000000)
  object space 2097152K, 4% used [0x0000000700000000,0x0000000705dab308,0x0000000780000000)
 Metaspace       used 114582K, capacity 118937K, committed 119592K, reserved 1155072K
  class space    used 13950K, capacity 14864K, committed 14976K, reserved 1048576K
2020-10-27T00:12:22.510+0800: 36155.561: [GC (Allocation Failure) [PSYoungGen: 1028608K->3296K(1038336K)] 1124525K->99213K(3135488K), 0.0513531 secs] [Times: user=0.18 sys=0.02, real=0.05 secs] 
Heap after GC invocations=126 (full 4):
 PSYoungGen      total 1038336K, used 3296K [0x0000000780000000, 0x00000007c0000000, 0x00000007c0000000)
  eden space 1027584K, 0% used [0x0000000780000000,0x0000000780000000,0x00000007beb80000)
  from space 10752K, 30% used [0x00000007bf580000,0x00000007bf8b8220,0x00000007c0000000)
  to   space 10240K, 0% used [0x00000007beb80000,0x00000007beb80000,0x00000007bf580000)
 ParOldGen       total 2097152K, used 95916K [0x0000000700000000, 0x0000000780000000, 0x0000000780000000)
  object space 2097152K, 4% used [0x0000000700000000,0x0000000705dab308,0x0000000780000000)
 Metaspace       used 114582K, capacity 118937K, committed 119592K, reserved 1155072K
  class space    used 13950K, capacity 14864K, committed 14976K, reserved 1048576K
}
{Heap before GC invocations=127 (full 4):
 PSYoungGen      total 1038336K, used 1030880K [0x0000000780000000, 0x00000007c0000000, 0x00000007c0000000)
  eden space 1027584K, 100% used [0x0000000780000000,0x00000007beb80000,0x00000007beb80000)
  from space 10752K, 30% used [0x00000007bf580000,0x00000007bf8b8220,0x00000007c0000000)
  to   space 10240K, 0% used [0x00000007beb80000,0x00000007beb80000,0x00000007bf580000)
 ParOldGen       total 2097152K, used 95916K [0x0000000700000000, 0x0000000780000000, 0x0000000780000000)
  object space 2097152K, 4% used [0x0000000700000000,0x0000000705dab308,0x0000000780000000)
 Metaspace       used 114582K, capacity 118937K, committed 119592K, reserved 1155072K
  class space    used 13950K, capacity 14864K, committed 14976K, reserved 1048576K
2020-10-27T00:17:42.415+0800: 36475.466: [GC (Allocation Failure) [PSYoungGen: 1030880K->2928K(1037824K)] 1126797K->98845K(3134976K), 0.0467142 secs] [Times: user=0.16 sys=0.02, real=0.05 secs] 
Heap after GC invocations=127 (full 4):
 PSYoungGen      total 1037824K, used 2928K [0x0000000780000000, 0x00000007c0000000, 0x00000007c0000000)
  eden space 1027584K, 0% used [0x0000000780000000,0x0000000780000000,0x00000007beb80000)
  from space 10240K, 28% used [0x00000007beb80000,0x00000007bee5c1b0,0x00000007bf580000)
  to   space 9728K, 0% used [0x00000007bf680000,0x00000007bf680000,0x00000007c0000000)
 ParOldGen       total 2097152K, used 95916K [0x0000000700000000, 0x0000000780000000, 0x0000000780000000)
  object space 2097152K, 4% used [0x0000000700000000,0x0000000705dab308,0x0000000780000000)
 Metaspace       used 114582K, capacity 118937K, committed 119592K, reserved 1155072K
  class space    used 13950K, capacity 14864K, committed 14976K, reserved 1048576K
}
{Heap before GC invocations=128 (full 4):
 PSYoungGen      total 1037824K, used 1030512K [0x0000000780000000, 0x00000007c0000000, 0x00000007c0000000)
  eden space 1027584K, 100% used [0x0000000780000000,0x00000007beb80000,0x00000007beb80000)
  from space 10240K, 28% used [0x00000007beb80000,0x00000007bee5c1b0,0x00000007bf580000)
  to   space 9728K, 0% used [0x00000007bf680000,0x00000007bf680000,0x00000007c0000000)
 ParOldGen       total 2097152K, used 95916K [0x0000000700000000, 0x0000000780000000, 0x0000000780000000)
  object space 2097152K, 4% used [0x0000000700000000,0x0000000705dab308,0x0000000780000000)
 Metaspace       used 114582K, capacity 118937K, committed 119592K, reserved 1155072K
  class space    used 13950K, capacity 14864K, committed 14976K, reserved 1048576K
2020-10-27T00:23:07.364+0800: 36800.415: [GC (Allocation Failure) [PSYoungGen: 1030512K->2976K(1038848K)] 1126429K->98901K(3136000K), 0.1008420 secs] [Times: user=0.21 sys=0.04, real=0.10 secs] 
Heap after GC invocations=128 (full 4):
 PSYoungGen      total 1038848K, used 2976K [0x0000000780000000, 0x00000007c0000000, 0x00000007c0000000)
  eden space 1029120K, 0% used [0x0000000780000000,0x0000000780000000,0x00000007bed00000)
  from space 9728K, 30% used [0x00000007bf680000,0x00000007bf968200,0x00000007c0000000)
  to   space 9728K, 0% used [0x00000007bed00000,0x00000007bed00000,0x00000007bf680000)
 ParOldGen       total 2097152K, used 95924K [0x0000000700000000, 0x0000000780000000, 0x0000000780000000)
  object space 2097152K, 4% used [0x0000000700000000,0x0000000705dad308,0x0000000780000000)
 Metaspace       used 114582K, capacity 118937K, committed 119592K, reserved 1155072K
  class space    used 13950K, capacity 14864K, committed 14976K, reserved 1048576K
}
{Heap before GC invocations=129 (full 4):
 PSYoungGen      total 1038848K, used 1032096K [0x0000000780000000, 0x00000007c0000000, 0x00000007c0000000)
  eden space 1029120K, 100% used [0x0000000780000000,0x00000007bed00000,0x00000007bed00000)
  from space 9728K, 30% used [0x00000007bf680000,0x00000007bf968200,0x00000007c0000000)
  to   space 9728K, 0% used [0x00000007bed00000,0x00000007bed00000,0x00000007bf680000)
 ParOldGen       total 2097152K, used 95924K [0x0000000700000000, 0x0000000780000000, 0x0000000780000000)
  object space 2097152K, 4% used [0x0000000700000000,0x0000000705dad308,0x0000000780000000)
 Metaspace       used 114583K, capacity 118937K, committed 119592K, reserved 1155072K
  class space    used 13950K, capacity 14864K, committed 14976K, reserved 1048576K
2020-10-27T00:28:27.373+0800: 37120.423: [GC (Allocation Failure) [PSYoungGen: 1032096K->3424K(1038848K)] 1128021K->99365K(3136000K), 0.0975472 secs] [Times: user=0.19 sys=0.05, real=0.10 secs] 
Heap after GC invocations=129 (full 4):
 PSYoungGen      total 1038848K, used 3424K [0x0000000780000000, 0x00000007c0000000, 0x00000007c0000000)
  eden space 1029120K, 0% used [0x0000000780000000,0x0000000780000000,0x00000007bed00000)
  from space 9728K, 35% used [0x00000007bed00000,0x00000007bf058240,0x00000007bf680000)
  to   space 9216K, 0% used [0x00000007bf700000,0x00000007bf700000,0x00000007c0000000)
 ParOldGen       total 2097152K, used 95940K [0x0000000700000000, 0x0000000780000000, 0x0000000780000000)
  object space 2097152K, 4% used [0x0000000700000000,0x0000000705db1308,0x0000000780000000)
 Metaspace       used 114583K, capacity 118937K, committed 119592K, reserved 1155072K
  class space    used 13950K, capacity 14864K, committed 14976K, reserved 1048576K
}
{Heap before GC invocations=130 (full 4):
 PSYoungGen      total 1038848K, used 1032544K [0x0000000780000000, 0x00000007c0000000, 0x00000007c0000000)
  eden space 1029120K, 100% used [0x0000000780000000,0x00000007bed00000,0x00000007bed00000)
  from space 9728K, 35% used [0x00000007bed00000,0x00000007bf058240,0x00000007bf680000)
  to   space 9216K, 0% used [0x00000007bf700000,0x00000007bf700000,0x00000007c0000000)
 ParOldGen       total 2097152K, used 95940K [0x0000000700000000, 0x0000000780000000, 0x0000000780000000)
  object space 2097152K, 4% used [0x0000000700000000,0x0000000705db1308,0x0000000780000000)
 Metaspace       used 114583K, capacity 118937K, committed 119592K, reserved 1155072K
  class space    used 13950K, capacity 14864K, committed 14976K, reserved 1048576K
2020-10-27T00:33:47.384+0800: 37440.435: [GC (Allocation Failure) [PSYoungGen: 1032544K->2816K(1039872K)] 1128485K->98773K(3137024K), 0.1861724 secs] [Times: user=0.37 sys=0.03, real=0.19 secs] 
Heap after GC invocations=130 (full 4):
 PSYoungGen      total 1039872K, used 2816K [0x0000000780000000, 0x00000007c0000000, 0x00000007c0000000)
  eden space 1030656K, 0% used [0x0000000780000000,0x0000000780000000,0x00000007bee80000)
  from space 9216K, 30% used [0x00000007bf700000,0x00000007bf9c01c0,0x00000007c0000000)
  to   space 8704K, 0% used [0x00000007bee80000,0x00000007bee80000,0x00000007bf700000)
 ParOldGen       total 2097152K, used 95956K [0x0000000700000000, 0x0000000780000000, 0x0000000780000000)
  object space 2097152K, 4% used [0x0000000700000000,0x0000000705db5308,0x0000000780000000)
 Metaspace       used 114583K, capacity 118937K, committed 119592K, reserved 1155072K
  class space    used 13950K, capacity 14864K, committed 14976K, reserved 1048576K
}
{Heap before GC invocations=131 (full 4):
 PSYoungGen      total 1039872K, used 1033472K [0x0000000780000000, 0x00000007c0000000, 0x00000007c0000000)
  eden space 1030656K, 100% used [0x0000000780000000,0x00000007bee80000,0x00000007bee80000)
  from space 9216K, 30% used [0x00000007bf700000,0x00000007bf9c01c0,0x00000007c0000000)
  to   space 8704K, 0% used [0x00000007bee80000,0x00000007bee80000,0x00000007bf700000)
 ParOldGen       total 2097152K, used 95956K [0x0000000700000000, 0x0000000780000000, 0x0000000780000000)
  object space 2097152K, 4% used [0x0000000700000000,0x0000000705db5308,0x0000000780000000)
 Metaspace       used 114583K, capacity 118937K, committed 119592K, reserved 1155072K
  class space    used 13950K, capacity 14864K, committed 14976K, reserved 1048576K
2020-10-27T00:39:07.389+0800: 37760.440: [GC (Allocation Failure) [PSYoungGen: 1033472K->3504K(1039360K)] 1129429K->99461K(3136512K), 0.0792826 secs] [Times: user=0.20 sys=0.03, real=0.08 secs] 
Heap after GC invocations=131 (full 4):
 PSYoungGen      total 1039360K, used 3504K [0x0000000780000000, 0x00000007c0000000, 0x00000007c0000000)
  eden space 1030656K, 0% used [0x0000000780000000,0x0000000780000000,0x00000007bee80000)
  from space 8704K, 40% used [0x00000007bee80000,0x00000007bf1ec250,0x00000007bf700000)
  to   space 8192K, 0% used [0x00000007bf800000,0x00000007bf800000,0x00000007c0000000)
 ParOldGen       total 2097152K, used 95956K [0x0000000700000000, 0x0000000780000000, 0x0000000780000000)
  object space 2097152K, 4% used [0x0000000700000000,0x0000000705db5308,0x0000000780000000)
 Metaspace       used 114583K, capacity 118937K, committed 119592K, reserved 1155072K
  class space    used 13950K, capacity 14864K, committed 14976K, reserved 1048576K
}
{Heap before GC invocations=132 (full 4):
 PSYoungGen      total 1039360K, used 1034160K [0x0000000780000000, 0x00000007c0000000, 0x00000007c0000000)
  eden space 1030656K, 100% used [0x0000000780000000,0x00000007bee80000,0x00000007bee80000)
  from space 8704K, 40% used [0x00000007bee80000,0x00000007bf1ec250,0x00000007bf700000)
  to   space 8192K, 0% used [0x00000007bf800000,0x00000007bf800000,0x00000007c0000000)
 ParOldGen       total 2097152K, used 95956K [0x0000000700000000, 0x0000000780000000, 0x0000000780000000)
  object space 2097152K, 4% used [0x0000000700000000,0x0000000705db5308,0x0000000780000000)
 Metaspace       used 114584K, capacity 118937K, committed 119592K, reserved 1155072K
  class space    used 13950K, capacity 14864K, committed 14976K, reserved 1048576K
2020-10-27T00:44:32.357+0800: 38085.408: [GC (Allocation Failure) [PSYoungGen: 1034160K->2976K(1040384K)] 1130117K->98949K(3137536K), 0.1032818 secs] [Times: user=0.15 sys=0.05, real=0.10 secs] 
Heap after GC invocations=132 (full 4):
 PSYoungGen      total 1040384K, used 2976K [0x0000000780000000, 0x00000007c0000000, 0x00000007c0000000)
  eden space 1032192K, 0% used [0x0000000780000000,0x0000000780000000,0x00000007bf000000)
  from space 8192K, 36% used [0x00000007bf800000,0x00000007bfae8200,0x00000007c0000000)
  to   space 8192K, 0% used [0x00000007bf000000,0x00000007bf000000,0x00000007bf800000)
 ParOldGen       total 2097152K, used 95972K [0x0000000700000000, 0x0000000780000000, 0x0000000780000000)
  object space 2097152K, 4% used [0x0000000700000000,0x0000000705db9308,0x0000000780000000)
 Metaspace       used 114584K, capacity 118937K, committed 119592K, reserved 1155072K
  class space    used 13950K, capacity 14864K, committed 14976K, reserved 1048576K
}
{Heap before GC invocations=133 (full 4):
 PSYoungGen      total 1040384K, used 1035168K [0x0000000780000000, 0x00000007c0000000, 0x00000007c0000000)
  eden space 1032192K, 100% used [0x0000000780000000,0x00000007bf000000,0x00000007bf000000)
  from space 8192K, 36% used [0x00000007bf800000,0x00000007bfae8200,0x00000007c0000000)
  to   space 8192K, 0% used [0x00000007bf000000,0x00000007bf000000,0x00000007bf800000)
 ParOldGen       total 2097152K, used 95972K [0x0000000700000000, 0x0000000780000000, 0x0000000780000000)
  object space 2097152K, 4% used [0x0000000700000000,0x0000000705db9308,0x0000000780000000)
 Metaspace       used 114584K, capacity 118937K, committed 119592K, reserved 1155072K
  class space    used 13950K, capacity 14864K, committed 14976K, reserved 1048576K
2020-10-27T00:49:52.372+0800: 38405.423: [GC (Allocation Failure) [PSYoungGen: 1035168K->2832K(1040384K)] 1131141K->98805K(3137536K), 0.1868244 secs] [Times: user=0.23 sys=0.08, real=0.19 secs] 
Heap after GC invocations=133 (full 4):
 PSYoungGen      total 1040384K, used 2832K [0x0000000780000000, 0x00000007c0000000, 0x00000007c0000000)
  eden space 1032192K, 0% used [0x0000000780000000,0x0000000780000000,0x00000007bf000000)
  from space 8192K, 34% used [0x00000007bf000000,0x00000007bf2c41b0,0x00000007bf800000)
  to   space 7680K, 0% used [0x00000007bf880000,0x00000007bf880000,0x00000007c0000000)
 ParOldGen       total 2097152K, used 95972K [0x0000000700000000, 0x0000000780000000, 0x0000000780000000)
  object space 2097152K, 4% used [0x0000000700000000,0x0000000705db9308,0x0000000780000000)
 Metaspace       used 114584K, capacity 118937K, committed 119592K, reserved 1155072K
  class space    used 13950K, capacity 14864K, committed 14976K, reserved 1048576K
}
{Heap before GC invocations=134 (full 4):
 PSYoungGen      total 1040384K, used 1035024K [0x0000000780000000, 0x00000007c0000000, 0x00000007c0000000)
  eden space 1032192K, 100% used [0x0000000780000000,0x00000007bf000000,0x00000007bf000000)
  from space 8192K, 34% used [0x00000007bf000000,0x00000007bf2c41b0,0x00000007bf800000)
  to   space 7680K, 0% used [0x00000007bf880000,0x00000007bf880000,0x00000007c0000000)
 ParOldGen       total 2097152K, used 95972K [0x0000000700000000, 0x0000000780000000, 0x0000000780000000)
  object space 2097152K, 4% used [0x0000000700000000,0x0000000705db9308,0x0000000780000000)
 Metaspace       used 114584K, capacity 118937K, committed 119592K, reserved 1155072K
  class space    used 13950K, capacity 14864K, committed 14976K, reserved 1048576K
2020-10-27T00:55:12.403+0800: 38725.454: [GC (Allocation Failure) [PSYoungGen: 1035024K->2912K(1040896K)] 1130997K->98885K(3138048K), 0.0617262 secs] [Times: user=0.12 sys=0.08, real=0.06 secs] 
Heap after GC invocations=134 (full 4):
 PSYoungGen      total 1040896K, used 2912K [0x0000000780000000, 0x00000007c0000000, 0x00000007c0000000)
  eden space 1033216K, 0% used [0x0000000780000000,0x0000000780000000,0x00000007bf100000)
  from space 7680K, 37% used [0x00000007bf880000,0x00000007bfb581c0,0x00000007c0000000)
  to   space 7680K, 0% used [0x00000007bf100000,0x00000007bf100000,0x00000007bf880000)
 ParOldGen       total 2097152K, used 95972K [0x0000000700000000, 0x0000000780000000, 0x0000000780000000)
  object space 2097152K, 4% used [0x0000000700000000,0x0000000705db9308,0x0000000780000000)
 Metaspace       used 114584K, capacity 118937K, committed 119592K, reserved 1155072K
  class space    used 13950K, capacity 14864K, committed 14976K, reserved 1048576K
}
{Heap before GC invocations=135 (full 4):
 PSYoungGen      total 1040896K, used 1036128K [0x0000000780000000, 0x00000007c0000000, 0x00000007c0000000)
  eden space 1033216K, 100% used [0x0000000780000000,0x00000007bf100000,0x00000007bf100000)
  from space 7680K, 37% used [0x00000007bf880000,0x00000007bfb581c0,0x00000007c0000000)
  to   space 7680K, 0% used [0x00000007bf100000,0x00000007bf100000,0x00000007bf880000)
 ParOldGen       total 2097152K, used 95972K [0x0000000700000000, 0x0000000780000000, 0x0000000780000000)
  object space 2097152K, 4% used [0x0000000700000000,0x0000000705db9308,0x0000000780000000)
 Metaspace       used 114584K, capacity 118937K, committed 119592K, reserved 1155072K
  class space    used 13950K, capacity 14864K, committed 14976K, reserved 1048576K
2020-10-27T01:00:32.389+0800: 39045.440: [GC (Allocation Failure) [PSYoungGen: 1036128K->3296K(1040896K)] 1132101K->99269K(3138048K), 0.0802723 secs] [Times: user=0.15 sys=0.08, real=0.08 secs] 
Heap after GC invocations=135 (full 4):
 PSYoungGen      total 1040896K, used 3296K [0x0000000780000000, 0x00000007c0000000, 0x00000007c0000000)
  eden space 1033216K, 0% used [0x0000000780000000,0x0000000780000000,0x00000007bf100000)
  from space 7680K, 42% used [0x00000007bf100000,0x00000007bf438280,0x00000007bf880000)
  to   space 7168K, 0% used [0x00000007bf900000,0x00000007bf900000,0x00000007c0000000)
 ParOldGen       total 2097152K, used 95972K [0x0000000700000000, 0x0000000780000000, 0x0000000780000000)
  object space 2097152K, 4% used [0x0000000700000000,0x0000000705db9308,0x0000000780000000)
 Metaspace       used 114584K, capacity 118937K, committed 119592K, reserved 1155072K
  class space    used 13950K, capacity 14864K, committed 14976K, reserved 1048576K
}
{Heap before GC invocations=136 (full 4):
 PSYoungGen      total 1040896K, used 1036512K [0x0000000780000000, 0x00000007c0000000, 0x00000007c0000000)
  eden space 1033216K, 100% used [0x0000000780000000,0x00000007bf100000,0x00000007bf100000)
  from space 7680K, 42% used [0x00000007bf100000,0x00000007bf438280,0x00000007bf880000)
  to   space 7168K, 0% used [0x00000007bf900000,0x00000007bf900000,0x00000007c0000000)
 ParOldGen       total 2097152K, used 95972K [0x0000000700000000, 0x0000000780000000, 0x0000000780000000)
  object space 2097152K, 4% used [0x0000000700000000,0x0000000705db9308,0x0000000780000000)
 Metaspace       used 114584K, capacity 118937K, committed 119592K, reserved 1155072K
  class space    used 13950K, capacity 14864K, committed 14976K, reserved 1048576K
2020-10-27T01:05:57.361+0800: 39370.411: [GC (Allocation Failure) [PSYoungGen: 1036512K->2912K(1041408K)] 1132485K->98885K(3138560K), 0.0976226 secs] [Times: user=0.12 sys=0.03, real=0.10 secs] 
Heap after GC invocations=136 (full 4):
 PSYoungGen      total 1041408K, used 2912K [0x0000000780000000, 0x00000007c0000000, 0x00000007c0000000)
  eden space 1034240K, 0% used [0x0000000780000000,0x0000000780000000,0x00000007bf200000)
  from space 7168K, 40% used [0x00000007bf900000,0x00000007bfbd81e0,0x00000007c0000000)
  to   space 7168K, 0% used [0x00000007bf200000,0x00000007bf200000,0x00000007bf900000)
 ParOldGen       total 2097152K, used 95972K [0x0000000700000000, 0x0000000780000000, 0x0000000780000000)
  object space 2097152K, 4% used [0x0000000700000000,0x0000000705db9308,0x0000000780000000)
 Metaspace       used 114584K, capacity 118937K, committed 119592K, reserved 1155072K
  class space    used 13950K, capacity 14864K, committed 14976K, reserved 1048576K
}
{Heap before GC invocations=137 (full 4):
 PSYoungGen      total 1041408K, used 1037152K [0x0000000780000000, 0x00000007c0000000, 0x00000007c0000000)
  eden space 1034240K, 100% used [0x0000000780000000,0x00000007bf200000,0x00000007bf200000)
  from space 7168K, 40% used [0x00000007bf900000,0x00000007bfbd81e0,0x00000007c0000000)
  to   space 7168K, 0% used [0x00000007bf200000,0x00000007bf200000,0x00000007bf900000)
 ParOldGen       total 2097152K, used 95972K [0x0000000700000000, 0x0000000780000000, 0x0000000780000000)
  object space 2097152K, 4% used [0x0000000700000000,0x0000000705db9308,0x0000000780000000)
 Metaspace       used 114584K, capacity 118937K, committed 119592K, reserved 1155072K
  class space    used 13950K, capacity 14864K, committed 14976K, reserved 1048576K
2020-10-27T01:11:17.400+0800: 39690.451: [GC (Allocation Failure) [PSYoungGen: 1037152K->3264K(1041408K)] 1133125K->99237K(3138560K), 0.1639531 secs] [Times: user=0.30 sys=0.03, real=0.16 secs] 
Heap after GC invocations=137 (full 4):
 PSYoungGen      total 1041408K, used 3264K [0x0000000780000000, 0x00000007c0000000, 0x00000007c0000000)
  eden space 1034240K, 0% used [0x0000000780000000,0x0000000780000000,0x00000007bf200000)
  from space 7168K, 45% used [0x00000007bf200000,0x00000007bf530260,0x00000007bf900000)
  to   space 6656K, 0% used [0x00000007bf980000,0x00000007bf980000,0x00000007c0000000)
 ParOldGen       total 2097152K, used 95972K [0x0000000700000000, 0x0000000780000000, 0x0000000780000000)
  object space 2097152K, 4% used [0x0000000700000000,0x0000000705db9308,0x0000000780000000)
 Metaspace       used 114584K, capacity 118937K, committed 119592K, reserved 1155072K
  class space    used 13950K, capacity 14864K, committed 14976K, reserved 1048576K
}
{Heap before GC invocations=138 (full 4):
 PSYoungGen      total 1041408K, used 1037504K [0x0000000780000000, 0x00000007c0000000, 0x00000007c0000000)
  eden space 1034240K, 100% used [0x0000000780000000,0x00000007bf200000,0x00000007bf200000)
  from space 7168K, 45% used [0x00000007bf200000,0x00000007bf530260,0x00000007bf900000)
  to   space 6656K, 0% used [0x00000007bf980000,0x00000007bf980000,0x00000007c0000000)
 ParOldGen       total 2097152K, used 95972K [0x0000000700000000, 0x0000000780000000, 0x0000000780000000)
  object space 2097152K, 4% used [0x0000000700000000,0x0000000705db9308,0x0000000780000000)
 Metaspace       used 114584K, capacity 118937K, committed 119592K, reserved 1155072K
  class space    used 13950K, capacity 14864K, committed 14976K, reserved 1048576K
2020-10-27T01:16:37.637+0800: 40010.688: [GC (Allocation Failure) [PSYoungGen: 1037504K->2864K(1041920K)] 1133477K->98837K(3139072K), 0.0246060 secs] [Times: user=0.18 sys=0.05, real=0.02 secs] 
Heap after GC invocations=138 (full 4):
 PSYoungGen      total 1041920K, used 2864K [0x0000000780000000, 0x00000007c0000000, 0x00000007c0000000)
  eden space 1035264K, 0% used [0x0000000780000000,0x0000000780000000,0x00000007bf300000)
  from space 6656K, 43% used [0x00000007bf980000,0x00000007bfc4c1d0,0x00000007c0000000)
  to   space 6656K, 0% used [0x00000007bf300000,0x00000007bf300000,0x00000007bf980000)
 ParOldGen       total 2097152K, used 95972K [0x0000000700000000, 0x0000000780000000, 0x0000000780000000)
  object space 2097152K, 4% used [0x0000000700000000,0x0000000705db9308,0x0000000780000000)
 Metaspace       used 114584K, capacity 118937K, committed 119592K, reserved 1155072K
  class space    used 13950K, capacity 14864K, committed 14976K, reserved 1048576K
}
{Heap before GC invocations=139 (full 4):
 PSYoungGen      total 1041920K, used 1038128K [0x0000000780000000, 0x00000007c0000000, 0x00000007c0000000)
  eden space 1035264K, 100% used [0x0000000780000000,0x00000007bf300000,0x00000007bf300000)
  from space 6656K, 43% used [0x00000007bf980000,0x00000007bfc4c1d0,0x00000007c0000000)
  to   space 6656K, 0% used [0x00000007bf300000,0x00000007bf300000,0x00000007bf980000)
 ParOldGen       total 2097152K, used 95972K [0x0000000700000000, 0x0000000780000000, 0x0000000780000000)
  object space 2097152K, 4% used [0x0000000700000000,0x0000000705db9308,0x0000000780000000)
 Metaspace       used 114584K, capacity 118937K, committed 119592K, reserved 1155072K
  class space    used 13950K, capacity 14864K, committed 14976K, reserved 1048576K
2020-10-27T01:22:02.378+0800: 40335.429: [GC (Allocation Failure) [PSYoungGen: 1038128K->2816K(1041920K)] 1134101K->98885K(3139072K), 0.0889582 secs] [Times: user=0.17 sys=0.06, real=0.09 secs] 
Heap after GC invocations=139 (full 4):
 PSYoungGen      total 1041920K, used 2816K [0x0000000780000000, 0x00000007c0000000, 0x00000007c0000000)
  eden space 1035264K, 0% used [0x0000000780000000,0x0000000780000000,0x00000007bf300000)
  from space 6656K, 42% used [0x00000007bf300000,0x00000007bf5c01c0,0x00000007bf980000)
  to   space 6144K, 0% used [0x00000007bfa00000,0x00000007bfa00000,0x00000007c0000000)
 ParOldGen       total 2097152K, used 96068K [0x0000000700000000, 0x0000000780000000, 0x0000000780000000)
  object space 2097152K, 4% used [0x0000000700000000,0x0000000705dd1318,0x0000000780000000)
 Metaspace       used 114584K, capacity 118937K, committed 119592K, reserved 1155072K
  class space    used 13950K, capacity 14864K, committed 14976K, reserved 1048576K
}
{Heap before GC invocations=140 (full 4):
 PSYoungGen      total 1041920K, used 1038080K [0x0000000780000000, 0x00000007c0000000, 0x00000007c0000000)
  eden space 1035264K, 100% used [0x0000000780000000,0x00000007bf300000,0x00000007bf300000)
  from space 6656K, 42% used [0x00000007bf300000,0x00000007bf5c01c0,0x00000007bf980000)
  to   space 6144K, 0% used [0x00000007bfa00000,0x00000007bfa00000,0x00000007c0000000)
 ParOldGen       total 2097152K, used 96068K [0x0000000700000000, 0x0000000780000000, 0x0000000780000000)
  object space 2097152K, 4% used [0x0000000700000000,0x0000000705dd1318,0x0000000780000000)
 Metaspace       used 114584K, capacity 118937K, committed 119592K, reserved 1155072K
  class space    used 13950K, capacity 14864K, committed 14976K, reserved 1048576K
2020-10-27T01:27:22.385+0800: 40655.436: [GC (Allocation Failure) [PSYoungGen: 1038080K->3392K(1042432K)] 1134149K->99517K(3139584K), 0.0784063 secs] [Times: user=0.16 sys=0.05, real=0.08 secs] 
Heap after GC invocations=140 (full 4):
 PSYoungGen      total 1042432K, used 3392K [0x0000000780000000, 0x00000007c0000000, 0x00000007c0000000)
  eden space 1036288K, 0% used [0x0000000780000000,0x0000000780000000,0x00000007bf400000)
  from space 6144K, 55% used [0x00000007bfa00000,0x00000007bfd502c0,0x00000007c0000000)
  to   space 6144K, 0% used [0x00000007bf400000,0x00000007bf400000,0x00000007bfa00000)
 ParOldGen       total 2097152K, used 96124K [0x0000000700000000, 0x0000000780000000, 0x0000000780000000)
  object space 2097152K, 4% used [0x0000000700000000,0x0000000705ddf318,0x0000000780000000)
 Metaspace       used 114584K, capacity 118937K, committed 119592K, reserved 1155072K
  class space    used 13950K, capacity 14864K, committed 14976K, reserved 1048576K
}
{Heap before GC invocations=141 (full 4):
 PSYoungGen      total 1042432K, used 1039680K [0x0000000780000000, 0x00000007c0000000, 0x00000007c0000000)
  eden space 1036288K, 100% used [0x0000000780000000,0x00000007bf400000,0x00000007bf400000)
  from space 6144K, 55% used [0x00000007bfa00000,0x00000007bfd502c0,0x00000007c0000000)
  to   space 6144K, 0% used [0x00000007bf400000,0x00000007bf400000,0x00000007bfa00000)
 ParOldGen       total 2097152K, used 96124K [0x0000000700000000, 0x0000000780000000, 0x0000000780000000)
  object space 2097152K, 4% used [0x0000000700000000,0x0000000705ddf318,0x0000000780000000)
 Metaspace       used 114584K, capacity 118937K, committed 119592K, reserved 1155072K
  class space    used 13950K, capacity 14864K, committed 14976K, reserved 1048576K
2020-10-27T01:32:47.364+0800: 40980.415: [GC (Allocation Failure) [PSYoungGen: 1039680K->2848K(1042432K)] 1135805K->98973K(3139584K), 0.0964930 secs] [Times: user=0.12 sys=0.06, real=0.10 secs] 
Heap after GC invocations=141 (full 4):
 PSYoungGen      total 1042432K, used 2848K [0x0000000780000000, 0x00000007c0000000, 0x00000007c0000000)
  eden space 1036288K, 0% used [0x0000000780000000,0x0000000780000000,0x00000007bf400000)
  from space 6144K, 46% used [0x00000007bf400000,0x00000007bf6c81e0,0x00000007bfa00000)
  to   space 5632K, 0% used [0x00000007bfa80000,0x00000007bfa80000,0x00000007c0000000)
 ParOldGen       total 2097152K, used 96124K [0x0000000700000000, 0x0000000780000000, 0x0000000780000000)
  object space 2097152K, 4% used [0x0000000700000000,0x0000000705ddf318,0x0000000780000000)
 Metaspace       used 114584K, capacity 118937K, committed 119592K, reserved 1155072K
  class space    used 13950K, capacity 14864K, committed 14976K, reserved 1048576K
}
{Heap before GC invocations=142 (full 4):
 PSYoungGen      total 1042432K, used 1039136K [0x0000000780000000, 0x00000007c0000000, 0x00000007c0000000)
  eden space 1036288K, 100% used [0x0000000780000000,0x00000007bf400000,0x00000007bf400000)
  from space 6144K, 46% used [0x00000007bf400000,0x00000007bf6c81e0,0x00000007bfa00000)
  to   space 5632K, 0% used [0x00000007bfa80000,0x00000007bfa80000,0x00000007c0000000)
 ParOldGen       total 2097152K, used 96124K [0x0000000700000000, 0x0000000780000000, 0x0000000780000000)
  object space 2097152K, 4% used [0x0000000700000000,0x0000000705ddf318,0x0000000780000000)
 Metaspace       used 114584K, capacity 118937K, committed 119592K, reserved 1155072K
  class space    used 13950K, capacity 14864K, committed 14976K, reserved 1048576K
2020-10-27T01:38:07.391+0800: 41300.441: [GC (Allocation Failure) [PSYoungGen: 1039136K->3328K(1042944K)] 1135261K->99453K(3140096K), 0.0720581 secs] [Times: user=0.15 sys=0.05, real=0.07 secs] 
Heap after GC invocations=142 (full 4):
 PSYoungGen      total 1042944K, used 3328K [0x0000000780000000, 0x00000007c0000000, 0x00000007c0000000)
  eden space 1037312K, 0% used [0x0000000780000000,0x0000000780000000,0x00000007bf500000)
  from space 5632K, 59% used [0x00000007bfa80000,0x00000007bfdc0220,0x00000007c0000000)
  to   space 5632K, 0% used [0x00000007bf500000,0x00000007bf500000,0x00000007bfa80000)
 ParOldGen       total 2097152K, used 96124K [0x0000000700000000, 0x0000000780000000, 0x0000000780000000)
  object space 2097152K, 4% used [0x0000000700000000,0x0000000705ddf318,0x0000000780000000)
 Metaspace       used 114584K, capacity 118937K, committed 119592K, reserved 1155072K
  class space    used 13950K, capacity 14864K, committed 14976K, reserved 1048576K
}
{Heap before GC invocations=143 (full 4):
 PSYoungGen      total 1042944K, used 1040640K [0x0000000780000000, 0x00000007c0000000, 0x00000007c0000000)
  eden space 1037312K, 100% used [0x0000000780000000,0x00000007bf500000,0x00000007bf500000)
  from space 5632K, 59% used [0x00000007bfa80000,0x00000007bfdc0220,0x00000007c0000000)
  to   space 5632K, 0% used [0x00000007bf500000,0x00000007bf500000,0x00000007bfa80000)
 ParOldGen       total 2097152K, used 96124K [0x0000000700000000, 0x0000000780000000, 0x0000000780000000)
  object space 2097152K, 4% used [0x0000000700000000,0x0000000705ddf318,0x0000000780000000)
 Metaspace       used 114584K, capacity 118937K, committed 119592K, reserved 1155072K
  class space    used 13950K, capacity 14864K, committed 14976K, reserved 1048576K
2020-10-27T01:43:32.387+0800: 41625.438: [GC (Allocation Failure) [PSYoungGen: 1040640K->2832K(1042944K)] 1136765K->98957K(3140096K), 0.0725225 secs] [Times: user=0.12 sys=0.03, real=0.07 secs] 
Heap after GC invocations=143 (full 4):
 PSYoungGen      total 1042944K, used 2832K [0x0000000780000000, 0x00000007c0000000, 0x00000007c0000000)
  eden space 1037312K, 0% used [0x0000000780000000,0x0000000780000000,0x00000007bf500000)
  from space 5632K, 50% used [0x00000007bf500000,0x00000007bf7c41f0,0x00000007bfa80000)
  to   space 5632K, 0% used [0x00000007bfa80000,0x00000007bfa80000,0x00000007c0000000)
 ParOldGen       total 2097152K, used 96124K [0x0000000700000000, 0x0000000780000000, 0x0000000780000000)
  object space 2097152K, 4% used [0x0000000700000000,0x0000000705ddf318,0x0000000780000000)
 Metaspace       used 114584K, capacity 118937K, committed 119592K, reserved 1155072K
  class space    used 13950K, capacity 14864K, committed 14976K, reserved 1048576K
}
{Heap before GC invocations=144 (full 4):
 PSYoungGen      total 1042944K, used 1040144K [0x0000000780000000, 0x00000007c0000000, 0x00000007c0000000)
  eden space 1037312K, 100% used [0x0000000780000000,0x00000007bf500000,0x00000007bf500000)
  from space 5632K, 50% used [0x00000007bf500000,0x00000007bf7c41f0,0x00000007bfa80000)
  to   space 5632K, 0% used [0x00000007bfa80000,0x00000007bfa80000,0x00000007c0000000)
 ParOldGen       total 2097152K, used 96124K [0x0000000700000000, 0x0000000780000000, 0x0000000780000000)
  object space 2097152K, 4% used [0x0000000700000000,0x0000000705ddf318,0x0000000780000000)
 Metaspace       used 114584K, capacity 118937K, committed 119592K, reserved 1155072K
  class space    used 13950K, capacity 14864K, committed 14976K, reserved 1048576K
2020-10-27T01:48:57.376+0800: 41950.427: [GC (Allocation Failure) [PSYoungGen: 1040144K->2864K(1042944K)] 1136269K->98997K(3140096K), 0.0889348 secs] [Times: user=0.19 sys=0.04, real=0.09 secs] 
Heap after GC invocations=144 (full 4):
 PSYoungGen      total 1042944K, used 2864K [0x0000000780000000, 0x00000007c0000000, 0x00000007c0000000)
  eden space 1037312K, 0% used [0x0000000780000000,0x0000000780000000,0x00000007bf500000)
  from space 5632K, 50% used [0x00000007bfa80000,0x00000007bfd4c1d0,0x00000007c0000000)
  to   space 5632K, 0% used [0x00000007bf500000,0x00000007bf500000,0x00000007bfa80000)
 ParOldGen       total 2097152K, used 96132K [0x0000000700000000, 0x0000000780000000, 0x0000000780000000)
  object space 2097152K, 4% used [0x0000000700000000,0x0000000705de1318,0x0000000780000000)
 Metaspace       used 114584K, capacity 118937K, committed 119592K, reserved 1155072K
  class space    used 13950K, capacity 14864K, committed 14976K, reserved 1048576K
}
{Heap before GC invocations=145 (full 4):
 PSYoungGen      total 1042944K, used 1040176K [0x0000000780000000, 0x00000007c0000000, 0x00000007c0000000)
  eden space 1037312K, 100% used [0x0000000780000000,0x00000007bf500000,0x00000007bf500000)
  from space 5632K, 50% used [0x00000007bfa80000,0x00000007bfd4c1d0,0x00000007c0000000)
  to   space 5632K, 0% used [0x00000007bf500000,0x00000007bf500000,0x00000007bfa80000)
 ParOldGen       total 2097152K, used 96132K [0x0000000700000000, 0x0000000780000000, 0x0000000780000000)
  object space 2097152K, 4% used [0x0000000700000000,0x0000000705de1318,0x0000000780000000)
 Metaspace       used 114584K, capacity 118937K, committed 119592K, reserved 1155072K
  class space    used 13950K, capacity 14864K, committed 14976K, reserved 1048576K
2020-10-27T01:54:22.357+0800: 42275.408: [GC (Allocation Failure) [PSYoungGen: 1040176K->2864K(1042944K)] 1136309K->99005K(3140096K), 0.1007097 secs] [Times: user=0.11 sys=0.05, real=0.10 secs] 
Heap after GC invocations=145 (full 4):
 PSYoungGen      total 1042944K, used 2864K [0x0000000780000000, 0x00000007c0000000, 0x00000007c0000000)
  eden space 1037312K, 0% used [0x0000000780000000,0x0000000780000000,0x00000007bf500000)
  from space 5632K, 50% used [0x00000007bf500000,0x00000007bf7cc1d0,0x00000007bfa80000)
  to   space 5120K, 0% used [0x00000007bfb00000,0x00000007bfb00000,0x00000007c0000000)
 ParOldGen       total 2097152K, used 96140K [0x0000000700000000, 0x0000000780000000, 0x0000000780000000)
  object space 2097152K, 4% used [0x0000000700000000,0x0000000705de3318,0x0000000780000000)
 Metaspace       used 114584K, capacity 118937K, committed 119592K, reserved 1155072K
  class space    used 13950K, capacity 14864K, committed 14976K, reserved 1048576K
}
{Heap before GC invocations=146 (full 4):
 PSYoungGen      total 1042944K, used 1040176K [0x0000000780000000, 0x00000007c0000000, 0x00000007c0000000)
  eden space 1037312K, 100% used [0x0000000780000000,0x00000007bf500000,0x00000007bf500000)
  from space 5632K, 50% used [0x00000007bf500000,0x00000007bf7cc1d0,0x00000007bfa80000)
  to   space 5120K, 0% used [0x00000007bfb00000,0x00000007bfb00000,0x00000007c0000000)
 ParOldGen       total 2097152K, used 96140K [0x0000000700000000, 0x0000000780000000, 0x0000000780000000)
  object space 2097152K, 4% used [0x0000000700000000,0x0000000705de3318,0x0000000780000000)
 Metaspace       used 114584K, capacity 118937K, committed 119592K, reserved 1155072K
  class space    used 13950K, capacity 14864K, committed 14976K, reserved 1048576K
2020-10-27T01:59:42.397+0800: 42595.448: [GC (Allocation Failure) [PSYoungGen: 1040176K->3392K(1043456K)] 1136317K->99533K(3140608K), 0.0615021 secs] [Times: user=0.10 sys=0.04, real=0.06 secs] 
Heap after GC invocations=146 (full 4):
 PSYoungGen      total 1043456K, used 3392K [0x0000000780000000, 0x00000007c0000000, 0x00000007c0000000)
  eden space 1038336K, 0% used [0x0000000780000000,0x0000000780000000,0x00000007bf600000)
  from space 5120K, 66% used [0x00000007bfb00000,0x00000007bfe502c0,0x00000007c0000000)
  to   space 5120K, 0% used [0x00000007bf600000,0x00000007bf600000,0x00000007bfb00000)
 ParOldGen       total 2097152K, used 96140K [0x0000000700000000, 0x0000000780000000, 0x0000000780000000)
  object space 2097152K, 4% used [0x0000000700000000,0x0000000705de3318,0x0000000780000000)
 Metaspace       used 114584K, capacity 118937K, committed 119592K, reserved 1155072K
  class space    used 13950K, capacity 14864K, committed 14976K, reserved 1048576K
}
{Heap before GC invocations=147 (full 4):
 PSYoungGen      total 1043456K, used 1041728K [0x0000000780000000, 0x00000007c0000000, 0x00000007c0000000)
  eden space 1038336K, 100% used [0x0000000780000000,0x00000007bf600000,0x00000007bf600000)
  from space 5120K, 66% used [0x00000007bfb00000,0x00000007bfe502c0,0x00000007c0000000)
  to   space 5120K, 0% used [0x00000007bf600000,0x00000007bf600000,0x00000007bfb00000)
 ParOldGen       total 2097152K, used 96140K [0x0000000700000000, 0x0000000780000000, 0x0000000780000000)
  object space 2097152K, 4% used [0x0000000700000000,0x0000000705de3318,0x0000000780000000)
 Metaspace       used 114584K, capacity 118937K, committed 119592K, reserved 1155072K
  class space    used 13950K, capacity 14864K, committed 14976K, reserved 1048576K
2020-10-27T02:05:07.370+0800: 42920.421: [GC (Allocation Failure) [PSYoungGen: 1041728K->3120K(1043456K)] 1137869K->99261K(3140608K), 0.0893545 secs] [Times: user=0.15 sys=0.01, real=0.09 secs] 
Heap after GC invocations=147 (full 4):
 PSYoungGen      total 1043456K, used 3120K [0x0000000780000000, 0x00000007c0000000, 0x00000007c0000000)
  eden space 1038336K, 0% used [0x0000000780000000,0x0000000780000000,0x00000007bf600000)
  from space 5120K, 60% used [0x00000007bf600000,0x00000007bf90c210,0x00000007bfb00000)
  to   space 5120K, 0% used [0x00000007bfb00000,0x00000007bfb00000,0x00000007c0000000)
 ParOldGen       total 2097152K, used 96140K [0x0000000700000000, 0x0000000780000000, 0x0000000780000000)
  object space 2097152K, 4% used [0x0000000700000000,0x0000000705de3318,0x0000000780000000)
 Metaspace       used 114584K, capacity 118937K, committed 119592K, reserved 1155072K
  class space    used 13950K, capacity 14864K, committed 14976K, reserved 1048576K
}
{Heap before GC invocations=148 (full 4):
 PSYoungGen      total 1043456K, used 1041456K [0x0000000780000000, 0x00000007c0000000, 0x00000007c0000000)
  eden space 1038336K, 100% used [0x0000000780000000,0x00000007bf600000,0x00000007bf600000)
  from space 5120K, 60% used [0x00000007bf600000,0x00000007bf90c210,0x00000007bfb00000)
  to   space 5120K, 0% used [0x00000007bfb00000,0x00000007bfb00000,0x00000007c0000000)
 ParOldGen       total 2097152K, used 96140K [0x0000000700000000, 0x0000000780000000, 0x0000000780000000)
  object space 2097152K, 4% used [0x0000000700000000,0x0000000705de3318,0x0000000780000000)
 Metaspace       used 114584K, capacity 118937K, committed 119592K, reserved 1155072K
  class space    used 13950K, capacity 14864K, committed 14976K, reserved 1048576K
2020-10-27T02:10:28.288+0800: 43241.339: [GC (Allocation Failure) [PSYoungGen: 1041456K->3296K(1043456K)] 1137597K->99437K(3140608K), 0.0767959 secs] [Times: user=0.12 sys=0.06, real=0.07 secs] 
Heap after GC invocations=148 (full 4):
 PSYoungGen      total 1043456K, used 3296K [0x0000000780000000, 0x00000007c0000000, 0x00000007c0000000)
  eden space 1038336K, 0% used [0x0000000780000000,0x0000000780000000,0x00000007bf600000)
  from space 5120K, 64% used [0x00000007bfb00000,0x00000007bfe38200,0x00000007c0000000)
  to   space 5120K, 0% used [0x00000007bf600000,0x00000007bf600000,0x00000007bfb00000)
 ParOldGen       total 2097152K, used 96140K [0x0000000700000000, 0x0000000780000000, 0x0000000780000000)
  object space 2097152K, 4% used [0x0000000700000000,0x0000000705de3318,0x0000000780000000)
 Metaspace       used 114584K, capacity 118937K, committed 119592K, reserved 1155072K
  class space    used 13950K, capacity 14864K, committed 14976K, reserved 1048576K
}
{Heap before GC invocations=149 (full 4):
 PSYoungGen      total 1043456K, used 1041632K [0x0000000780000000, 0x00000007c0000000, 0x00000007c0000000)
  eden space 1038336K, 100% used [0x0000000780000000,0x00000007bf600000,0x00000007bf600000)
  from space 5120K, 64% used [0x00000007bfb00000,0x00000007bfe38200,0x00000007c0000000)
  to   space 5120K, 0% used [0x00000007bf600000,0x00000007bf600000,0x00000007bfb00000)
 ParOldGen       total 2097152K, used 96140K [0x0000000700000000, 0x0000000780000000, 0x0000000780000000)
  object space 2097152K, 4% used [0x0000000700000000,0x0000000705de3318,0x0000000780000000)
 Metaspace       used 114584K, capacity 118937K, committed 119592K, reserved 1155072K
  class space    used 13950K, capacity 14864K, committed 14976K, reserved 1048576K
2020-10-27T02:15:52.405+0800: 43565.456: [GC (Allocation Failure) [PSYoungGen: 1041632K->2880K(1043456K)] 1137773K->99021K(3140608K), 0.0591883 secs] [Times: user=0.17 sys=0.04, real=0.06 secs] 
Heap after GC invocations=149 (full 4):
 PSYoungGen      total 1043456K, used 2880K [0x0000000780000000, 0x00000007c0000000, 0x00000007c0000000)
  eden space 1038336K, 0% used [0x0000000780000000,0x0000000780000000,0x00000007bf600000)
  from space 5120K, 56% used [0x00000007bf600000,0x00000007bf8d01c0,0x00000007bfb00000)
  to   space 4608K, 0% used [0x00000007bfb80000,0x00000007bfb80000,0x00000007c0000000)
 ParOldGen       total 2097152K, used 96140K [0x0000000700000000, 0x0000000780000000, 0x0000000780000000)
  object space 2097152K, 4% used [0x0000000700000000,0x0000000705de3318,0x0000000780000000)
 Metaspace       used 114584K, capacity 118937K, committed 119592K, reserved 1155072K
  class space    used 13950K, capacity 14864K, committed 14976K, reserved 1048576K
}
{Heap before GC invocations=150 (full 4):
 PSYoungGen      total 1043456K, used 1041216K [0x0000000780000000, 0x00000007c0000000, 0x00000007c0000000)
  eden space 1038336K, 100% used [0x0000000780000000,0x00000007bf600000,0x00000007bf600000)
  from space 5120K, 56% used [0x00000007bf600000,0x00000007bf8d01c0,0x00000007bfb00000)
  to   space 4608K, 0% used [0x00000007bfb80000,0x00000007bfb80000,0x00000007c0000000)
 ParOldGen       total 2097152K, used 96140K [0x0000000700000000, 0x0000000780000000, 0x0000000780000000)
  object space 2097152K, 4% used [0x0000000700000000,0x0000000705de3318,0x0000000780000000)
 Metaspace       used 114584K, capacity 118937K, committed 119592K, reserved 1155072K
  class space    used 13950K, capacity 14864K, committed 14976K, reserved 1048576K
2020-10-27T02:21:17.416+0800: 43890.466: [GC (Allocation Failure) [PSYoungGen: 1041216K->2944K(1043968K)] 1137357K->99085K(3141120K), 0.0464999 secs] [Times: user=0.13 sys=0.03, real=0.05 secs] 
Heap after GC invocations=150 (full 4):
 PSYoungGen      total 1043968K, used 2944K [0x0000000780000000, 0x00000007c0000000, 0x00000007c0000000)
  eden space 1039360K, 0% used [0x0000000780000000,0x0000000780000000,0x00000007bf700000)
  from space 4608K, 63% used [0x00000007bfb80000,0x00000007bfe601c0,0x00000007c0000000)
  to   space 4608K, 0% used [0x00000007bf700000,0x00000007bf700000,0x00000007bfb80000)
 ParOldGen       total 2097152K, used 96140K [0x0000000700000000, 0x0000000780000000, 0x0000000780000000)
  object space 2097152K, 4% used [0x0000000700000000,0x0000000705de3318,0x0000000780000000)
 Metaspace       used 114584K, capacity 118937K, committed 119592K, reserved 1155072K
  class space    used 13950K, capacity 14864K, committed 14976K, reserved 1048576K
}
{Heap before GC invocations=151 (full 4):
 PSYoungGen      total 1043968K, used 1042304K [0x0000000780000000, 0x00000007c0000000, 0x00000007c0000000)
  eden space 1039360K, 100% used [0x0000000780000000,0x00000007bf700000,0x00000007bf700000)
  from space 4608K, 63% used [0x00000007bfb80000,0x00000007bfe601c0,0x00000007c0000000)
  to   space 4608K, 0% used [0x00000007bf700000,0x00000007bf700000,0x00000007bfb80000)
 ParOldGen       total 2097152K, used 96140K [0x0000000700000000, 0x0000000780000000, 0x0000000780000000)
  object space 2097152K, 4% used [0x0000000700000000,0x0000000705de3318,0x0000000780000000)
 Metaspace       used 114587K, capacity 118937K, committed 119592K, reserved 1155072K
  class space    used 13950K, capacity 14864K, committed 14976K, reserved 1048576K
2020-10-27T02:26:42.375+0800: 44215.426: [GC (Allocation Failure) [PSYoungGen: 1042304K->3344K(1043968K)] 1138445K->99493K(3141120K), 0.0884492 secs] [Times: user=0.16 sys=0.05, real=0.09 secs] 
Heap after GC invocations=151 (full 4):
 PSYoungGen      total 1043968K, used 3344K [0x0000000780000000, 0x00000007c0000000, 0x00000007c0000000)
  eden space 1039360K, 0% used [0x0000000780000000,0x0000000780000000,0x00000007bf700000)
  from space 4608K, 72% used [0x00000007bf700000,0x00000007bfa442b0,0x00000007bfb80000)
  to   space 4608K, 0% used [0x00000007bfb80000,0x00000007bfb80000,0x00000007c0000000)
 ParOldGen       total 2097152K, used 96148K [0x0000000700000000, 0x0000000780000000, 0x0000000780000000)
  object space 2097152K, 4% used [0x0000000700000000,0x0000000705de5318,0x0000000780000000)
 Metaspace       used 114587K, capacity 118937K, committed 119592K, reserved 1155072K
  class space    used 13950K, capacity 14864K, committed 14976K, reserved 1048576K
}
{Heap before GC invocations=152 (full 4):
 PSYoungGen      total 1043968K, used 1042704K [0x0000000780000000, 0x00000007c0000000, 0x00000007c0000000)
  eden space 1039360K, 100% used [0x0000000780000000,0x00000007bf700000,0x00000007bf700000)
  from space 4608K, 72% used [0x00000007bf700000,0x00000007bfa442b0,0x00000007bfb80000)
  to   space 4608K, 0% used [0x00000007bfb80000,0x00000007bfb80000,0x00000007c0000000)
 ParOldGen       total 2097152K, used 96148K [0x0000000700000000, 0x0000000780000000, 0x0000000780000000)
  object space 2097152K, 4% used [0x0000000700000000,0x0000000705de5318,0x0000000780000000)
 Metaspace       used 114587K, capacity 118937K, committed 119592K, reserved 1155072K
  class space    used 13950K, capacity 14864K, committed 14976K, reserved 1048576K
2020-10-27T02:32:07.365+0800: 44540.415: [GC (Allocation Failure) [PSYoungGen: 1042704K->2928K(1043968K)] 1138853K->99077K(3141120K), 0.0947619 secs] [Times: user=0.12 sys=0.02, real=0.10 secs] 
Heap after GC invocations=152 (full 4):
 PSYoungGen      total 1043968K, used 2928K [0x0000000780000000, 0x00000007c0000000, 0x00000007c0000000)
  eden space 1039360K, 0% used [0x0000000780000000,0x0000000780000000,0x00000007bf700000)
  from space 4608K, 63% used [0x00000007bfb80000,0x00000007bfe5c190,0x00000007c0000000)
  to   space 4608K, 0% used [0x00000007bf700000,0x00000007bf700000,0x00000007bfb80000)
 ParOldGen       total 2097152K, used 96148K [0x0000000700000000, 0x0000000780000000, 0x0000000780000000)
  object space 2097152K, 4% used [0x0000000700000000,0x0000000705de5318,0x0000000780000000)
 Metaspace       used 114587K, capacity 118937K, committed 119592K, reserved 1155072K
  class space    used 13950K, capacity 14864K, committed 14976K, reserved 1048576K
}
{Heap before GC invocations=153 (full 4):
 PSYoungGen      total 1043968K, used 1042288K [0x0000000780000000, 0x00000007c0000000, 0x00000007c0000000)
  eden space 1039360K, 100% used [0x0000000780000000,0x00000007bf700000,0x00000007bf700000)
  from space 4608K, 63% used [0x00000007bfb80000,0x00000007bfe5c190,0x00000007c0000000)
  to   space 4608K, 0% used [0x00000007bf700000,0x00000007bf700000,0x00000007bfb80000)
 ParOldGen       total 2097152K, used 96148K [0x0000000700000000, 0x0000000780000000, 0x0000000780000000)
  object space 2097152K, 4% used [0x0000000700000000,0x0000000705de5318,0x0000000780000000)
 Metaspace       used 114587K, capacity 118937K, committed 119592K, reserved 1155072K
  class space    used 13950K, capacity 14864K, committed 14976K, reserved 1048576K
2020-10-27T02:37:32.358+0800: 44865.408: [GC (Allocation Failure) [PSYoungGen: 1042288K->3424K(1043968K)] 1138437K->99573K(3141120K), 0.1069274 secs] [Times: user=0.22 sys=0.01, real=0.10 secs] 
Heap after GC invocations=153 (full 4):
 PSYoungGen      total 1043968K, used 3424K [0x0000000780000000, 0x00000007c0000000, 0x00000007c0000000)
  eden space 1039360K, 0% used [0x0000000780000000,0x0000000780000000,0x00000007bf700000)
  from space 4608K, 74% used [0x00000007bf700000,0x00000007bfa58260,0x00000007bfb80000)
  to   space 4608K, 0% used [0x00000007bfb80000,0x00000007bfb80000,0x00000007c0000000)
 ParOldGen       total 2097152K, used 96148K [0x0000000700000000, 0x0000000780000000, 0x0000000780000000)
  object space 2097152K, 4% used [0x0000000700000000,0x0000000705de5318,0x0000000780000000)
 Metaspace       used 114587K, capacity 118937K, committed 119592K, reserved 1155072K
  class space    used 13950K, capacity 14864K, committed 14976K, reserved 1048576K
}
{Heap before GC invocations=154 (full 4):
 PSYoungGen      total 1043968K, used 1042784K [0x0000000780000000, 0x00000007c0000000, 0x00000007c0000000)
  eden space 1039360K, 100% used [0x0000000780000000,0x00000007bf700000,0x00000007bf700000)
  from space 4608K, 74% used [0x00000007bf700000,0x00000007bfa58260,0x00000007bfb80000)
  to   space 4608K, 0% used [0x00000007bfb80000,0x00000007bfb80000,0x00000007c0000000)
 ParOldGen       total 2097152K, used 96148K [0x0000000700000000, 0x0000000780000000, 0x0000000780000000)
  object space 2097152K, 4% used [0x0000000700000000,0x0000000705de5318,0x0000000780000000)
 Metaspace       used 114587K, capacity 118937K, committed 119592K, reserved 1155072K
  class space    used 13950K, capacity 14864K, committed 14976K, reserved 1048576K
2020-10-27T02:42:53.288+0800: 45186.338: [GC (Allocation Failure) [PSYoungGen: 1042784K->2864K(1043968K)] 1138933K->99013K(3141120K), 0.0754189 secs] [Times: user=0.11 sys=0.05, real=0.07 secs] 
Heap after GC invocations=154 (full 4):
 PSYoungGen      total 1043968K, used 2864K [0x0000000780000000, 0x00000007c0000000, 0x00000007c0000000)
  eden space 1039360K, 0% used [0x0000000780000000,0x0000000780000000,0x00000007bf700000)
  from space 4608K, 62% used [0x00000007bfb80000,0x00000007bfe4c1d0,0x00000007c0000000)
  to   space 4608K, 0% used [0x00000007bf700000,0x00000007bf700000,0x00000007bfb80000)
 ParOldGen       total 2097152K, used 96148K [0x0000000700000000, 0x0000000780000000, 0x0000000780000000)
  object space 2097152K, 4% used [0x0000000700000000,0x0000000705de5318,0x0000000780000000)
 Metaspace       used 114587K, capacity 118937K, committed 119592K, reserved 1155072K
  class space    used 13950K, capacity 14864K, committed 14976K, reserved 1048576K
}
{Heap before GC invocations=155 (full 4):
 PSYoungGen      total 1043968K, used 1042224K [0x0000000780000000, 0x00000007c0000000, 0x00000007c0000000)
  eden space 1039360K, 100% used [0x0000000780000000,0x00000007bf700000,0x00000007bf700000)
  from space 4608K, 62% used [0x00000007bfb80000,0x00000007bfe4c1d0,0x00000007c0000000)
  to   space 4608K, 0% used [0x00000007bf700000,0x00000007bf700000,0x00000007bfb80000)
 ParOldGen       total 2097152K, used 96148K [0x0000000700000000, 0x0000000780000000, 0x0000000780000000)
  object space 2097152K, 4% used [0x0000000700000000,0x0000000705de5318,0x0000000780000000)
 Metaspace       used 114587K, capacity 118937K, committed 119592K, reserved 1155072K
  class space    used 13950K, capacity 14864K, committed 14976K, reserved 1048576K
2020-10-27T02:48:20.571+0800: 45513.622: [GC (Allocation Failure) [PSYoungGen: 1042224K->2912K(1043968K)] 1138373K->99069K(3141120K), 0.0901519 secs] [Times: user=0.17 sys=0.02, real=0.09 secs] 
Heap after GC invocations=155 (full 4):
 PSYoungGen      total 1043968K, used 2912K [0x0000000780000000, 0x00000007c0000000, 0x00000007c0000000)
  eden space 1039360K, 0% used [0x0000000780000000,0x0000000780000000,0x00000007bf700000)
  from space 4608K, 63% used [0x00000007bf700000,0x00000007bf9d8180,0x00000007bfb80000)
  to   space 4608K, 0% used [0x00000007bfb80000,0x00000007bfb80000,0x00000007c0000000)
 ParOldGen       total 2097152K, used 96156K [0x0000000700000000, 0x0000000780000000, 0x0000000780000000)
  object space 2097152K, 4% used [0x0000000700000000,0x0000000705de7318,0x0000000780000000)
 Metaspace       used 114587K, capacity 118937K, committed 119592K, reserved 1155072K
  class space    used 13950K, capacity 14864K, committed 14976K, reserved 1048576K
}
{Heap before GC invocations=156 (full 4):
 PSYoungGen      total 1043968K, used 1042272K [0x0000000780000000, 0x00000007c0000000, 0x00000007c0000000)
  eden space 1039360K, 100% used [0x0000000780000000,0x00000007bf700000,0x00000007bf700000)
  from space 4608K, 63% used [0x00000007bf700000,0x00000007bf9d8180,0x00000007bfb80000)
  to   space 4608K, 0% used [0x00000007bfb80000,0x00000007bfb80000,0x00000007c0000000)
 ParOldGen       total 2097152K, used 96156K [0x0000000700000000, 0x0000000780000000, 0x0000000780000000)
  object space 2097152K, 4% used [0x0000000700000000,0x0000000705de7318,0x0000000780000000)
 Metaspace       used 114587K, capacity 118937K, committed 119592K, reserved 1155072K
  class space    used 13950K, capacity 14864K, committed 14976K, reserved 1048576K
2020-10-27T02:53:42.394+0800: 45835.445: [GC (Allocation Failure) [PSYoungGen: 1042272K->2960K(1044480K)] 1138429K->99117K(3141632K), 0.1709353 secs] [Times: user=0.32 sys=0.02, real=0.17 secs] 
Heap after GC invocations=156 (full 4):
 PSYoungGen      total 1044480K, used 2960K [0x0000000780000000, 0x00000007c0000000, 0x00000007c0000000)
  eden space 1039872K, 0% used [0x0000000780000000,0x0000000780000000,0x00000007bf780000)
  from space 4608K, 64% used [0x00000007bfb80000,0x00000007bfe641d0,0x00000007c0000000)
  to   space 4096K, 0% used [0x00000007bf780000,0x00000007bf780000,0x00000007bfb80000)
 ParOldGen       total 2097152K, used 96156K [0x0000000700000000, 0x0000000780000000, 0x0000000780000000)
  object space 2097152K, 4% used [0x0000000700000000,0x0000000705de7318,0x0000000780000000)
 Metaspace       used 114587K, capacity 118937K, committed 119592K, reserved 1155072K
  class space    used 13950K, capacity 14864K, committed 14976K, reserved 1048576K
}
{Heap before GC invocations=157 (full 4):
 PSYoungGen      total 1044480K, used 1042832K [0x0000000780000000, 0x00000007c0000000, 0x00000007c0000000)
  eden space 1039872K, 100% used [0x0000000780000000,0x00000007bf780000,0x00000007bf780000)
  from space 4608K, 64% used [0x00000007bfb80000,0x00000007bfe641d0,0x00000007c0000000)
  to   space 4096K, 0% used [0x00000007bf780000,0x00000007bf780000,0x00000007bfb80000)
 ParOldGen       total 2097152K, used 96156K [0x0000000700000000, 0x0000000780000000, 0x0000000780000000)
  object space 2097152K, 4% used [0x0000000700000000,0x0000000705de7318,0x0000000780000000)
 Metaspace       used 114587K, capacity 118937K, committed 119592K, reserved 1155072K
  class space    used 13950K, capacity 14864K, committed 14976K, reserved 1048576K
2020-10-27T02:59:07.367+0800: 46160.418: [GC (Allocation Failure) [PSYoungGen: 1042832K->3440K(1043968K)] 1138989K->99597K(3141120K), 0.0975382 secs] [Times: user=0.19 sys=0.03, real=0.09 secs] 
Heap after GC invocations=157 (full 4):
 PSYoungGen      total 1043968K, used 3440K [0x0000000780000000, 0x00000007c0000000, 0x00000007c0000000)
  eden space 1039872K, 0% used [0x0000000780000000,0x0000000780000000,0x00000007bf780000)
  from space 4096K, 84% used [0x00000007bf780000,0x00000007bfadc290,0x00000007bfb80000)
  to   space 4608K, 0% used [0x00000007bfb80000,0x00000007bfb80000,0x00000007c0000000)
 ParOldGen       total 2097152K, used 96156K [0x0000000700000000, 0x0000000780000000, 0x0000000780000000)
  object space 2097152K, 4% used [0x0000000700000000,0x0000000705de7318,0x0000000780000000)
 Metaspace       used 114587K, capacity 118937K, committed 119592K, reserved 1155072K
  class space    used 13950K, capacity 14864K, committed 14976K, reserved 1048576K
}
{Heap before GC invocations=158 (full 4):
 PSYoungGen      total 1043968K, used 1043312K [0x0000000780000000, 0x00000007c0000000, 0x00000007c0000000)
  eden space 1039872K, 100% used [0x0000000780000000,0x00000007bf780000,0x00000007bf780000)
  from space 4096K, 84% used [0x00000007bf780000,0x00000007bfadc290,0x00000007bfb80000)
  to   space 4608K, 0% used [0x00000007bfb80000,0x00000007bfb80000,0x00000007c0000000)
 ParOldGen       total 2097152K, used 96156K [0x0000000700000000, 0x0000000780000000, 0x0000000780000000)
  object space 2097152K, 4% used [0x0000000700000000,0x0000000705de7318,0x0000000780000000)
 Metaspace       used 114587K, capacity 118937K, committed 119592K, reserved 1155072K
  class space    used 13950K, capacity 14864K, committed 14976K, reserved 1048576K
2020-10-27T03:04:28.287+0800: 46481.338: [GC (Allocation Failure) [PSYoungGen: 1043312K->2912K(1044480K)] 1139469K->99069K(3141632K), 0.0199085 secs] [Times: user=0.11 sys=0.02, real=0.02 secs] 
Heap after GC invocations=158 (full 4):
 PSYoungGen      total 1044480K, used 2912K [0x0000000780000000, 0x00000007c0000000, 0x00000007c0000000)
  eden space 1039872K, 0% used [0x0000000780000000,0x0000000780000000,0x00000007bf780000)
  from space 4608K, 63% used [0x00000007bfb80000,0x00000007bfe581a0,0x00000007c0000000)
  to   space 4096K, 0% used [0x00000007bf780000,0x00000007bf780000,0x00000007bfb80000)
 ParOldGen       total 2097152K, used 96156K [0x0000000700000000, 0x0000000780000000, 0x0000000780000000)
  object space 2097152K, 4% used [0x0000000700000000,0x0000000705de7318,0x0000000780000000)
 Metaspace       used 114587K, capacity 118937K, committed 119592K, reserved 1155072K
  class space    used 13950K, capacity 14864K, committed 14976K, reserved 1048576K
}
{Heap before GC invocations=159 (full 4):
 PSYoungGen      total 1044480K, used 1042784K [0x0000000780000000, 0x00000007c0000000, 0x00000007c0000000)
  eden space 1039872K, 100% used [0x0000000780000000,0x00000007bf780000,0x00000007bf780000)
  from space 4608K, 63% used [0x00000007bfb80000,0x00000007bfe581a0,0x00000007c0000000)
  to   space 4096K, 0% used [0x00000007bf780000,0x00000007bf780000,0x00000007bfb80000)
 ParOldGen       total 2097152K, used 96156K [0x0000000700000000, 0x0000000780000000, 0x0000000780000000)
  object space 2097152K, 4% used [0x0000000700000000,0x0000000705de7318,0x0000000780000000)
 Metaspace       used 114587K, capacity 118937K, committed 119592K, reserved 1155072K
  class space    used 13950K, capacity 14864K, committed 14976K, reserved 1048576K
2020-10-27T03:09:52.406+0800: 46805.456: [GC (Allocation Failure) [PSYoungGen: 1042784K->3360K(1043968K)] 1138941K->99517K(3141120K), 0.0595622 secs] [Times: user=0.16 sys=0.02, real=0.06 secs] 
Heap after GC invocations=159 (full 4):
 PSYoungGen      total 1043968K, used 3360K [0x0000000780000000, 0x00000007c0000000, 0x00000007c0000000)
  eden space 1039872K, 0% used [0x0000000780000000,0x0000000780000000,0x00000007bf780000)
  from space 4096K, 82% used [0x00000007bf780000,0x00000007bfac8220,0x00000007bfb80000)
  to   space 4096K, 0% used [0x00000007bfc00000,0x00000007bfc00000,0x00000007c0000000)
 ParOldGen       total 2097152K, used 96156K [0x0000000700000000, 0x0000000780000000, 0x0000000780000000)
  object space 2097152K, 4% used [0x0000000700000000,0x0000000705de7318,0x0000000780000000)
 Metaspace       used 114587K, capacity 118937K, committed 119592K, reserved 1155072K
  class space    used 13950K, capacity 14864K, committed 14976K, reserved 1048576K
}
{Heap before GC invocations=160 (full 4):
 PSYoungGen      total 1043968K, used 1043232K [0x0000000780000000, 0x00000007c0000000, 0x00000007c0000000)
  eden space 1039872K, 100% used [0x0000000780000000,0x00000007bf780000,0x00000007bf780000)
  from space 4096K, 82% used [0x00000007bf780000,0x00000007bfac8220,0x00000007bfb80000)
  to   space 4096K, 0% used [0x00000007bfc00000,0x00000007bfc00000,0x00000007c0000000)
 ParOldGen       total 2097152K, used 96156K [0x0000000700000000, 0x0000000780000000, 0x0000000780000000)
  object space 2097152K, 4% used [0x0000000700000000,0x0000000705de7318,0x0000000780000000)
 Metaspace       used 114587K, capacity 118937K, committed 119592K, reserved 1155072K
  class space    used 13950K, capacity 14864K, committed 14976K, reserved 1048576K
2020-10-27T03:15:17.380+0800: 47130.431: [GC (Allocation Failure) [PSYoungGen: 1043232K->2864K(1044480K)] 1139389K->99029K(3141632K), 0.0810587 secs] [Times: user=0.13 sys=0.02, real=0.08 secs] 
Heap after GC invocations=160 (full 4):
 PSYoungGen      total 1044480K, used 2864K [0x0000000780000000, 0x00000007c0000000, 0x00000007c0000000)
  eden space 1040384K, 0% used [0x0000000780000000,0x0000000780000000,0x00000007bf800000)
  from space 4096K, 69% used [0x00000007bfc00000,0x00000007bfecc210,0x00000007c0000000)
  to   space 4096K, 0% used [0x00000007bf800000,0x00000007bf800000,0x00000007bfc00000)
 ParOldGen       total 2097152K, used 96164K [0x0000000700000000, 0x0000000780000000, 0x0000000780000000)
  object space 2097152K, 4% used [0x0000000700000000,0x0000000705de9318,0x0000000780000000)
 Metaspace       used 114587K, capacity 118937K, committed 119592K, reserved 1155072K
  class space    used 13950K, capacity 14864K, committed 14976K, reserved 1048576K
}
{Heap before GC invocations=161 (full 4):
 PSYoungGen      total 1044480K, used 1043248K [0x0000000780000000, 0x00000007c0000000, 0x00000007c0000000)
  eden space 1040384K, 100% used [0x0000000780000000,0x00000007bf800000,0x00000007bf800000)
  from space 4096K, 69% used [0x00000007bfc00000,0x00000007bfecc210,0x00000007c0000000)
  to   space 4096K, 0% used [0x00000007bf800000,0x00000007bf800000,0x00000007bfc00000)
 ParOldGen       total 2097152K, used 96164K [0x0000000700000000, 0x0000000780000000, 0x0000000780000000)
  object space 2097152K, 4% used [0x0000000700000000,0x0000000705de9318,0x0000000780000000)
 Metaspace       used 114587K, capacity 118937K, committed 119592K, reserved 1155072K
  class space    used 13950K, capacity 14864K, committed 14976K, reserved 1048576K
2020-10-27T03:20:42.397+0800: 47455.448: [GC (Allocation Failure) [PSYoungGen: 1043248K->3008K(1044480K)] 1139413K->99189K(3141632K), 0.0663065 secs] [Times: user=0.14 sys=0.03, real=0.06 secs] 
Heap after GC invocations=161 (full 4):
 PSYoungGen      total 1044480K, used 3008K [0x0000000780000000, 0x00000007c0000000, 0x00000007c0000000)
  eden space 1040384K, 0% used [0x0000000780000000,0x0000000780000000,0x00000007bf800000)
  from space 4096K, 73% used [0x00000007bf800000,0x00000007bfaf0200,0x00000007bfc00000)
  to   space 4096K, 0% used [0x00000007bfc00000,0x00000007bfc00000,0x00000007c0000000)
 ParOldGen       total 2097152K, used 96180K [0x0000000700000000, 0x0000000780000000, 0x0000000780000000)
  object space 2097152K, 4% used [0x0000000700000000,0x0000000705ded318,0x0000000780000000)
 Metaspace       used 114587K, capacity 118937K, committed 119592K, reserved 1155072K
  class space    used 13950K, capacity 14864K, committed 14976K, reserved 1048576K
}
{Heap before GC invocations=162 (full 4):
 PSYoungGen      total 1044480K, used 1043392K [0x0000000780000000, 0x00000007c0000000, 0x00000007c0000000)
  eden space 1040384K, 100% used [0x0000000780000000,0x00000007bf800000,0x00000007bf800000)
  from space 4096K, 73% used [0x00000007bf800000,0x00000007bfaf0200,0x00000007bfc00000)
  to   space 4096K, 0% used [0x00000007bfc00000,0x00000007bfc00000,0x00000007c0000000)
 ParOldGen       total 2097152K, used 96180K [0x0000000700000000, 0x0000000780000000, 0x0000000780000000)
  object space 2097152K, 4% used [0x0000000700000000,0x0000000705ded318,0x0000000780000000)
 Metaspace       used 114587K, capacity 118937K, committed 119592K, reserved 1155072K
  class space    used 13950K, capacity 14864K, committed 14976K, reserved 1048576K
2020-10-27T03:26:07.371+0800: 47780.422: [GC (Allocation Failure) [PSYoungGen: 1043392K->3488K(1044480K)] 1139573K->99669K(3141632K), 0.0888860 secs] [Times: user=0.13 sys=0.02, real=0.09 secs] 
Heap after GC invocations=162 (full 4):
 PSYoungGen      total 1044480K, used 3488K [0x0000000780000000, 0x00000007c0000000, 0x00000007c0000000)
  eden space 1040384K, 0% used [0x0000000780000000,0x0000000780000000,0x00000007bf800000)
  from space 4096K, 85% used [0x00000007bfc00000,0x00000007bff682a0,0x00000007c0000000)
  to   space 4096K, 0% used [0x00000007bf800000,0x00000007bf800000,0x00000007bfc00000)
 ParOldGen       total 2097152K, used 96180K [0x0000000700000000, 0x0000000780000000, 0x0000000780000000)
  object space 2097152K, 4% used [0x0000000700000000,0x0000000705ded318,0x0000000780000000)
 Metaspace       used 114587K, capacity 118937K, committed 119592K, reserved 1155072K
  class space    used 13950K, capacity 14864K, committed 14976K, reserved 1048576K
}
{Heap before GC invocations=163 (full 4):
 PSYoungGen      total 1044480K, used 1043872K [0x0000000780000000, 0x00000007c0000000, 0x00000007c0000000)
  eden space 1040384K, 100% used [0x0000000780000000,0x00000007bf800000,0x00000007bf800000)
  from space 4096K, 85% used [0x00000007bfc00000,0x00000007bff682a0,0x00000007c0000000)
  to   space 4096K, 0% used [0x00000007bf800000,0x00000007bf800000,0x00000007bfc00000)
 ParOldGen       total 2097152K, used 96180K [0x0000000700000000, 0x0000000780000000, 0x0000000780000000)
  object space 2097152K, 4% used [0x0000000700000000,0x0000000705ded318,0x0000000780000000)
 Metaspace       used 114587K, capacity 118937K, committed 119592K, reserved 1155072K
  class space    used 13950K, capacity 14864K, committed 14976K, reserved 1048576K
2020-10-27T03:31:32.370+0800: 48105.421: [GC (Allocation Failure) [PSYoungGen: 1043872K->2896K(1044480K)] 1140053K->99077K(3141632K), 0.0890755 secs] [Times: user=0.12 sys=0.02, real=0.09 secs] 
Heap after GC invocations=163 (full 4):
 PSYoungGen      total 1044480K, used 2896K [0x0000000780000000, 0x00000007c0000000, 0x00000007c0000000)
  eden space 1040384K, 0% used [0x0000000780000000,0x0000000780000000,0x00000007bf800000)
  from space 4096K, 70% used [0x00000007bf800000,0x00000007bfad41f0,0x00000007bfc00000)
  to   space 4096K, 0% used [0x00000007bfc00000,0x00000007bfc00000,0x00000007c0000000)
 ParOldGen       total 2097152K, used 96180K [0x0000000700000000, 0x0000000780000000, 0x0000000780000000)
  object space 2097152K, 4% used [0x0000000700000000,0x0000000705ded318,0x0000000780000000)
 Metaspace       used 114587K, capacity 118937K, committed 119592K, reserved 1155072K
  class space    used 13950K, capacity 14864K, committed 14976K, reserved 1048576K
}
{Heap before GC invocations=164 (full 4):
 PSYoungGen      total 1044480K, used 1043280K [0x0000000780000000, 0x00000007c0000000, 0x00000007c0000000)
  eden space 1040384K, 100% used [0x0000000780000000,0x00000007bf800000,0x00000007bf800000)
  from space 4096K, 70% used [0x00000007bf800000,0x00000007bfad41f0,0x00000007bfc00000)
  to   space 4096K, 0% used [0x00000007bfc00000,0x00000007bfc00000,0x00000007c0000000)
 ParOldGen       total 2097152K, used 96180K [0x0000000700000000, 0x0000000780000000, 0x0000000780000000)
  object space 2097152K, 4% used [0x0000000700000000,0x0000000705ded318,0x0000000780000000)
 Metaspace       used 114587K, capacity 118937K, committed 119592K, reserved 1155072K
  class space    used 13950K, capacity 14864K, committed 14976K, reserved 1048576K
2020-10-27T03:36:52.399+0800: 48425.450: [GC (Allocation Failure) [PSYoungGen: 1043280K->3296K(1044480K)] 1139461K->99477K(3141632K), 0.0640489 secs] [Times: user=0.16 sys=0.02, real=0.06 secs] 
Heap after GC invocations=164 (full 4):
 PSYoungGen      total 1044480K, used 3296K [0x0000000780000000, 0x00000007c0000000, 0x00000007c0000000)
  eden space 1040384K, 0% used [0x0000000780000000,0x0000000780000000,0x00000007bf800000)
  from space 4096K, 80% used [0x00000007bfc00000,0x00000007bff38220,0x00000007c0000000)
  to   space 4096K, 0% used [0x00000007bf800000,0x00000007bf800000,0x00000007bfc00000)
 ParOldGen       total 2097152K, used 96180K [0x0000000700000000, 0x0000000780000000, 0x0000000780000000)
  object space 2097152K, 4% used [0x0000000700000000,0x0000000705ded318,0x0000000780000000)
 Metaspace       used 114587K, capacity 118937K, committed 119592K, reserved 1155072K
  class space    used 13950K, capacity 14864K, committed 14976K, reserved 1048576K
}
{Heap before GC invocations=165 (full 4):
 PSYoungGen      total 1044480K, used 1043680K [0x0000000780000000, 0x00000007c0000000, 0x00000007c0000000)
  eden space 1040384K, 100% used [0x0000000780000000,0x00000007bf800000,0x00000007bf800000)
  from space 4096K, 80% used [0x00000007bfc00000,0x00000007bff38220,0x00000007c0000000)
  to   space 4096K, 0% used [0x00000007bf800000,0x00000007bf800000,0x00000007bfc00000)
 ParOldGen       total 2097152K, used 96180K [0x0000000700000000, 0x0000000780000000, 0x0000000780000000)
  object space 2097152K, 4% used [0x0000000700000000,0x0000000705ded318,0x0000000780000000)
 Metaspace       used 114587K, capacity 118937K, committed 119592K, reserved 1155072K
  class space    used 13950K, capacity 14864K, committed 14976K, reserved 1048576K
2020-10-27T03:42:22.366+0800: 48755.417: [GC (Allocation Failure) [PSYoungGen: 1043680K->3024K(1044480K)] 1139861K->99205K(3141632K), 0.0911094 secs] [Times: user=0.14 sys=0.01, real=0.09 secs] 
Heap after GC invocations=165 (full 4):
 PSYoungGen      total 1044480K, used 3024K [0x0000000780000000, 0x00000007c0000000, 0x00000007c0000000)
  eden space 1040384K, 0% used [0x0000000780000000,0x0000000780000000,0x00000007bf800000)
  from space 4096K, 73% used [0x00000007bf800000,0x00000007bfaf4230,0x00000007bfc00000)
  to   space 4096K, 0% used [0x00000007bfc00000,0x00000007bfc00000,0x00000007c0000000)
 ParOldGen       total 2097152K, used 96180K [0x0000000700000000, 0x0000000780000000, 0x0000000780000000)
  object space 2097152K, 4% used [0x0000000700000000,0x0000000705ded318,0x0000000780000000)
 Metaspace       used 114587K, capacity 118937K, committed 119592K, reserved 1155072K
  class space    used 13950K, capacity 14864K, committed 14976K, reserved 1048576K
}
{Heap before GC invocations=166 (full 4):
 PSYoungGen      total 1044480K, used 1043408K [0x0000000780000000, 0x00000007c0000000, 0x00000007c0000000)
  eden space 1040384K, 100% used [0x0000000780000000,0x00000007bf800000,0x00000007bf800000)
  from space 4096K, 73% used [0x00000007bf800000,0x00000007bfaf4230,0x00000007bfc00000)
  to   space 4096K, 0% used [0x00000007bfc00000,0x00000007bfc00000,0x00000007c0000000)
 ParOldGen       total 2097152K, used 96180K [0x0000000700000000, 0x0000000780000000, 0x0000000780000000)
  object space 2097152K, 4% used [0x0000000700000000,0x0000000705ded318,0x0000000780000000)
 Metaspace       used 114587K, capacity 118937K, committed 119592K, reserved 1155072K
  class space    used 13950K, capacity 14864K, committed 14976K, reserved 1048576K
2020-10-27T03:47:42.561+0800: 49075.612: [GC (Allocation Failure) [PSYoungGen: 1043408K->2944K(1044480K)] 1139589K->99133K(3141632K), 0.1004104 secs] [Times: user=0.17 sys=0.01, real=0.10 secs] 
Heap after GC invocations=166 (full 4):
 PSYoungGen      total 1044480K, used 2944K [0x0000000780000000, 0x00000007c0000000, 0x00000007c0000000)
  eden space 1040384K, 0% used [0x0000000780000000,0x0000000780000000,0x00000007bf800000)
  from space 4096K, 71% used [0x00000007bfc00000,0x00000007bfee01e0,0x00000007c0000000)
  to   space 4096K, 0% used [0x00000007bf800000,0x00000007bf800000,0x00000007bfc00000)
 ParOldGen       total 2097152K, used 96188K [0x0000000700000000, 0x0000000780000000, 0x0000000780000000)
  object space 2097152K, 4% used [0x0000000700000000,0x0000000705def318,0x0000000780000000)
 Metaspace       used 114587K, capacity 118937K, committed 119592K, reserved 1155072K
  class space    used 13950K, capacity 14864K, committed 14976K, reserved 1048576K
}
{Heap before GC invocations=167 (full 4):
 PSYoungGen      total 1044480K, used 1043328K [0x0000000780000000, 0x00000007c0000000, 0x00000007c0000000)
  eden space 1040384K, 100% used [0x0000000780000000,0x00000007bf800000,0x00000007bf800000)
  from space 4096K, 71% used [0x00000007bfc00000,0x00000007bfee01e0,0x00000007c0000000)
  to   space 4096K, 0% used [0x00000007bf800000,0x00000007bf800000,0x00000007bfc00000)
 ParOldGen       total 2097152K, used 96188K [0x0000000700000000, 0x0000000780000000, 0x0000000780000000)
  object space 2097152K, 4% used [0x0000000700000000,0x0000000705def318,0x0000000780000000)
 Metaspace       used 114587K, capacity 118937K, committed 119592K, reserved 1155072K
  class space    used 13950K, capacity 14864K, committed 14976K, reserved 1048576K
2020-10-27T03:53:12.365+0800: 49405.415: [GC (Allocation Failure) [PSYoungGen: 1043328K->3008K(1044480K)] 1139517K->99205K(3141632K), 0.0982661 secs] [Times: user=0.18 sys=0.01, real=0.10 secs] 
Heap after GC invocations=167 (full 4):
 PSYoungGen      total 1044480K, used 3008K [0x0000000780000000, 0x00000007c0000000, 0x00000007c0000000)
  eden space 1040384K, 0% used [0x0000000780000000,0x0000000780000000,0x00000007bf800000)
  from space 4096K, 73% used [0x00000007bf800000,0x00000007bfaf01c0,0x00000007bfc00000)
  to   space 4096K, 0% used [0x00000007bfc00000,0x00000007bfc00000,0x00000007c0000000)
 ParOldGen       total 2097152K, used 96196K [0x0000000700000000, 0x0000000780000000, 0x0000000780000000)
  object space 2097152K, 4% used [0x0000000700000000,0x0000000705df1318,0x0000000780000000)
 Metaspace       used 114587K, capacity 118937K, committed 119592K, reserved 1155072K
  class space    used 13950K, capacity 14864K, committed 14976K, reserved 1048576K
}
{Heap before GC invocations=168 (full 4):
 PSYoungGen      total 1044480K, used 1043392K [0x0000000780000000, 0x00000007c0000000, 0x00000007c0000000)
  eden space 1040384K, 100% used [0x0000000780000000,0x00000007bf800000,0x00000007bf800000)
  from space 4096K, 73% used [0x00000007bf800000,0x00000007bfaf01c0,0x00000007bfc00000)
  to   space 4096K, 0% used [0x00000007bfc00000,0x00000007bfc00000,0x00000007c0000000)
 ParOldGen       total 2097152K, used 96196K [0x0000000700000000, 0x0000000780000000, 0x0000000780000000)
  object space 2097152K, 4% used [0x0000000700000000,0x0000000705df1318,0x0000000780000000)
 Metaspace       used 114587K, capacity 118937K, committed 119592K, reserved 1155072K
  class space    used 13950K, capacity 14864K, committed 14976K, reserved 1048576K
2020-10-27T03:58:32.403+0800: 49725.454: [GC (Allocation Failure) [PSYoungGen: 1043392K->3408K(1044480K)] 1139589K->99605K(3141632K), 0.0603174 secs] [Times: user=0.15 sys=0.01, real=0.06 secs] 
Heap after GC invocations=168 (full 4):
 PSYoungGen      total 1044480K, used 3408K [0x0000000780000000, 0x00000007c0000000, 0x00000007c0000000)
  eden space 1040384K, 0% used [0x0000000780000000,0x0000000780000000,0x00000007bf800000)
  from space 4096K, 83% used [0x00000007bfc00000,0x00000007bff54250,0x00000007c0000000)
  to   space 4096K, 0% used [0x00000007bf800000,0x00000007bf800000,0x00000007bfc00000)
 ParOldGen       total 2097152K, used 96196K [0x0000000700000000, 0x0000000780000000, 0x0000000780000000)
  object space 2097152K, 4% used [0x0000000700000000,0x0000000705df1318,0x0000000780000000)
 Metaspace       used 114587K, capacity 118937K, committed 119592K, reserved 1155072K
  class space    used 13950K, capacity 14864K, committed 14976K, reserved 1048576K
}
{Heap before GC invocations=169 (full 4):
 PSYoungGen      total 1044480K, used 1043792K [0x0000000780000000, 0x00000007c0000000, 0x00000007c0000000)
  eden space 1040384K, 100% used [0x0000000780000000,0x00000007bf800000,0x00000007bf800000)
  from space 4096K, 83% used [0x00000007bfc00000,0x00000007bff54250,0x00000007c0000000)
  to   space 4096K, 0% used [0x00000007bf800000,0x00000007bf800000,0x00000007bfc00000)
 ParOldGen       total 2097152K, used 96196K [0x0000000700000000, 0x0000000780000000, 0x0000000780000000)
  object space 2097152K, 4% used [0x0000000700000000,0x0000000705df1318,0x0000000780000000)
 Metaspace       used 114587K, capacity 118937K, committed 119592K, reserved 1155072K
  class space    used 13950K, capacity 14864K, committed 14976K, reserved 1048576K
2020-10-27T04:04:00.564+0800: 50053.615: [GC (Allocation Failure) [PSYoungGen: 1043792K->3088K(1044480K)] 1139989K->99285K(3141632K), 0.0954650 secs] [Times: user=0.14 sys=0.03, real=0.10 secs] 
Heap after GC invocations=169 (full 4):
 PSYoungGen      total 1044480K, used 3088K [0x0000000780000000, 0x00000007c0000000, 0x00000007c0000000)
  eden space 1040384K, 0% used [0x0000000780000000,0x0000000780000000,0x00000007bf800000)
  from space 4096K, 75% used [0x00000007bf800000,0x00000007bfb041d0,0x00000007bfc00000)
  to   space 4096K, 0% used [0x00000007bfc00000,0x00000007bfc00000,0x00000007c0000000)
 ParOldGen       total 2097152K, used 96196K [0x0000000700000000, 0x0000000780000000, 0x0000000780000000)
  object space 2097152K, 4% used [0x0000000700000000,0x0000000705df1318,0x0000000780000000)
 Metaspace       used 114587K, capacity 118937K, committed 119592K, reserved 1155072K
  class space    used 13950K, capacity 14864K, committed 14976K, reserved 1048576K
}
{Heap before GC invocations=170 (full 4):
 PSYoungGen      total 1044480K, used 1043472K [0x0000000780000000, 0x00000007c0000000, 0x00000007c0000000)
  eden space 1040384K, 100% used [0x0000000780000000,0x00000007bf800000,0x00000007bf800000)
  from space 4096K, 75% used [0x00000007bf800000,0x00000007bfb041d0,0x00000007bfc00000)
  to   space 4096K, 0% used [0x00000007bfc00000,0x00000007bfc00000,0x00000007c0000000)
 ParOldGen       total 2097152K, used 96196K [0x0000000700000000, 0x0000000780000000, 0x0000000780000000)
  object space 2097152K, 4% used [0x0000000700000000,0x0000000705df1318,0x0000000780000000)
 Metaspace       used 114587K, capacity 118937K, committed 119592K, reserved 1155072K
  class space    used 13950K, capacity 14864K, committed 14976K, reserved 1048576K
2020-10-27T04:09:22.374+0800: 50375.425: [GC (Allocation Failure) [PSYoungGen: 1043472K->3296K(1044480K)] 1139669K->99493K(3141632K), 0.1886765 secs] [Times: user=0.28 sys=0.05, real=0.19 secs] 
Heap after GC invocations=170 (full 4):
 PSYoungGen      total 1044480K, used 3296K [0x0000000780000000, 0x00000007c0000000, 0x00000007c0000000)
  eden space 1040384K, 0% used [0x0000000780000000,0x0000000780000000,0x00000007bf800000)
  from space 4096K, 80% used [0x00000007bfc00000,0x00000007bff38220,0x00000007c0000000)
  to   space 4096K, 0% used [0x00000007bf800000,0x00000007bf800000,0x00000007bfc00000)
 ParOldGen       total 2097152K, used 96196K [0x0000000700000000, 0x0000000780000000, 0x0000000780000000)
  object space 2097152K, 4% used [0x0000000700000000,0x0000000705df1318,0x0000000780000000)
 Metaspace       used 114587K, capacity 118937K, committed 119592K, reserved 1155072K
  class space    used 13950K, capacity 14864K, committed 14976K, reserved 1048576K
}
{Heap before GC invocations=171 (full 4):
 PSYoungGen      total 1044480K, used 1043680K [0x0000000780000000, 0x00000007c0000000, 0x00000007c0000000)
  eden space 1040384K, 100% used [0x0000000780000000,0x00000007bf800000,0x00000007bf800000)
  from space 4096K, 80% used [0x00000007bfc00000,0x00000007bff38220,0x00000007c0000000)
  to   space 4096K, 0% used [0x00000007bf800000,0x00000007bf800000,0x00000007bfc00000)
 ParOldGen       total 2097152K, used 96196K [0x0000000700000000, 0x0000000780000000, 0x0000000780000000)
  object space 2097152K, 4% used [0x0000000700000000,0x0000000705df1318,0x0000000780000000)
 Metaspace       used 114587K, capacity 118937K, committed 119592K, reserved 1155072K
  class space    used 13950K, capacity 14864K, committed 14976K, reserved 1048576K
2020-10-27T04:14:47.382+0800: 50700.432: [GC (Allocation Failure) [PSYoungGen: 1043680K->2800K(1044480K)] 1139877K->99005K(3141632K), 0.0801412 secs] [Times: user=0.16 sys=0.03, real=0.08 secs] 
Heap after GC invocations=171 (full 4):
 PSYoungGen      total 1044480K, used 2800K [0x0000000780000000, 0x00000007c0000000, 0x00000007c0000000)
  eden space 1040384K, 0% used [0x0000000780000000,0x0000000780000000,0x00000007bf800000)
  from space 4096K, 68% used [0x00000007bf800000,0x00000007bfabc1f0,0x00000007bfc00000)
  to   space 4096K, 0% used [0x00000007bfc00000,0x00000007bfc00000,0x00000007c0000000)
 ParOldGen       total 2097152K, used 96204K [0x0000000700000000, 0x0000000780000000, 0x0000000780000000)
  object space 2097152K, 4% used [0x0000000700000000,0x0000000705df3318,0x0000000780000000)
 Metaspace       used 114587K, capacity 118937K, committed 119592K, reserved 1155072K
  class space    used 13950K, capacity 14864K, committed 14976K, reserved 1048576K
}
{Heap before GC invocations=172 (full 4):
 PSYoungGen      total 1044480K, used 1043184K [0x0000000780000000, 0x00000007c0000000, 0x00000007c0000000)
  eden space 1040384K, 100% used [0x0000000780000000,0x00000007bf800000,0x00000007bf800000)
  from space 4096K, 68% used [0x00000007bf800000,0x00000007bfabc1f0,0x00000007bfc00000)
  to   space 4096K, 0% used [0x00000007bfc00000,0x00000007bfc00000,0x00000007c0000000)
 ParOldGen       total 2097152K, used 96204K [0x0000000700000000, 0x0000000780000000, 0x0000000780000000)
  object space 2097152K, 4% used [0x0000000700000000,0x0000000705df3318,0x0000000780000000)
 Metaspace       used 114587K, capacity 118937K, committed 119592K, reserved 1155072K
  class space    used 13950K, capacity 14864K, committed 14976K, reserved 1048576K
2020-10-27T04:20:12.366+0800: 51025.417: [GC (Allocation Failure) [PSYoungGen: 1043184K->2928K(1044480K)] 1139389K->99149K(3141632K), 0.0915508 secs] [Times: user=0.10 sys=0.03, real=0.09 secs] 
Heap after GC invocations=172 (full 4):
 PSYoungGen      total 1044480K, used 2928K [0x0000000780000000, 0x00000007c0000000, 0x00000007c0000000)
  eden space 1040384K, 0% used [0x0000000780000000,0x0000000780000000,0x00000007bf800000)
  from space 4096K, 71% used [0x00000007bfc00000,0x00000007bfedc210,0x00000007c0000000)
  to   space 4096K, 0% used [0x00000007bf800000,0x00000007bf800000,0x00000007bfc00000)
 ParOldGen       total 2097152K, used 96220K [0x0000000700000000, 0x0000000780000000, 0x0000000780000000)
  object space 2097152K, 4% used [0x0000000700000000,0x0000000705df7318,0x0000000780000000)
 Metaspace       used 114587K, capacity 118937K, committed 119592K, reserved 1155072K
  class space    used 13950K, capacity 14864K, committed 14976K, reserved 1048576K
}
{Heap before GC invocations=173 (full 4):
 PSYoungGen      total 1044480K, used 1043312K [0x0000000780000000, 0x00000007c0000000, 0x00000007c0000000)
  eden space 1040384K, 100% used [0x0000000780000000,0x00000007bf800000,0x00000007bf800000)
  from space 4096K, 71% used [0x00000007bfc00000,0x00000007bfedc210,0x00000007c0000000)
  to   space 4096K, 0% used [0x00000007bf800000,0x00000007bf800000,0x00000007bfc00000)
 ParOldGen       total 2097152K, used 96220K [0x0000000700000000, 0x0000000780000000, 0x0000000780000000)
  object space 2097152K, 4% used [0x0000000700000000,0x0000000705df7318,0x0000000780000000)
 Metaspace       used 114587K, capacity 118937K, committed 119592K, reserved 1155072K
  class space    used 13950K, capacity 14864K, committed 14976K, reserved 1048576K
2020-10-27T04:25:37.377+0800: 51350.428: [GC (Allocation Failure) [PSYoungGen: 1043312K->3344K(1044480K)] 1139533K->99565K(3141632K), 0.0818768 secs] [Times: user=0.10 sys=0.05, real=0.08 secs] 
Heap after GC invocations=173 (full 4):
 PSYoungGen      total 1044480K, used 3344K [0x0000000780000000, 0x00000007c0000000, 0x00000007c0000000)
  eden space 1040384K, 0% used [0x0000000780000000,0x0000000780000000,0x00000007bf800000)
  from space 4096K, 81% used [0x00000007bf800000,0x00000007bfb44230,0x00000007bfc00000)
  to   space 4096K, 0% used [0x00000007bfc00000,0x00000007bfc00000,0x00000007c0000000)
 ParOldGen       total 2097152K, used 96220K [0x0000000700000000, 0x0000000780000000, 0x0000000780000000)
  object space 2097152K, 4% used [0x0000000700000000,0x0000000705df7318,0x0000000780000000)
 Metaspace       used 114587K, capacity 118937K, committed 119592K, reserved 1155072K
  class space    used 13950K, capacity 14864K, committed 14976K, reserved 1048576K
}
{Heap before GC invocations=174 (full 4):
 PSYoungGen      total 1044480K, used 1043728K [0x0000000780000000, 0x00000007c0000000, 0x00000007c0000000)
  eden space 1040384K, 100% used [0x0000000780000000,0x00000007bf800000,0x00000007bf800000)
  from space 4096K, 81% used [0x00000007bf800000,0x00000007bfb44230,0x00000007bfc00000)
  to   space 4096K, 0% used [0x00000007bfc00000,0x00000007bfc00000,0x00000007c0000000)
 ParOldGen       total 2097152K, used 96220K [0x0000000700000000, 0x0000000780000000, 0x0000000780000000)
  object space 2097152K, 4% used [0x0000000700000000,0x0000000705df7318,0x0000000780000000)
 Metaspace       used 114587K, capacity 118937K, committed 119592K, reserved 1155072K
  class space    used 13950K, capacity 14864K, committed 14976K, reserved 1048576K
2020-10-27T04:31:02.354+0800: 51675.405: [GC (Allocation Failure) [PSYoungGen: 1043728K->2896K(1044480K)] 1139949K->99117K(3141632K), 0.0206589 secs] [Times: user=0.12 sys=0.02, real=0.02 secs] 
Heap after GC invocations=174 (full 4):
 PSYoungGen      total 1044480K, used 2896K [0x0000000780000000, 0x00000007c0000000, 0x00000007c0000000)
  eden space 1040384K, 0% used [0x0000000780000000,0x0000000780000000,0x00000007bf800000)
  from space 4096K, 70% used [0x00000007bfc00000,0x00000007bfed41d0,0x00000007c0000000)
  to   space 4096K, 0% used [0x00000007bf800000,0x00000007bf800000,0x00000007bfc00000)
 ParOldGen       total 2097152K, used 96220K [0x0000000700000000, 0x0000000780000000, 0x0000000780000000)
  object space 2097152K, 4% used [0x0000000700000000,0x0000000705df7318,0x0000000780000000)
 Metaspace       used 114587K, capacity 118937K, committed 119592K, reserved 1155072K
  class space    used 13950K, capacity 14864K, committed 14976K, reserved 1048576K
}
{Heap before GC invocations=175 (full 4):
 PSYoungGen      total 1044480K, used 1043280K [0x0000000780000000, 0x00000007c0000000, 0x00000007c0000000)
  eden space 1040384K, 100% used [0x0000000780000000,0x00000007bf800000,0x00000007bf800000)
  from space 4096K, 70% used [0x00000007bfc00000,0x00000007bfed41d0,0x00000007c0000000)
  to   space 4096K, 0% used [0x00000007bf800000,0x00000007bf800000,0x00000007bfc00000)
 ParOldGen       total 2097152K, used 96220K [0x0000000700000000, 0x0000000780000000, 0x0000000780000000)
  object space 2097152K, 4% used [0x0000000700000000,0x0000000705df7318,0x0000000780000000)
 Metaspace       used 114587K, capacity 118937K, committed 119592K, reserved 1155072K
  class space    used 13950K, capacity 14864K, committed 14976K, reserved 1048576K
2020-10-27T04:36:22.400+0800: 51995.450: [GC (Allocation Failure) [PSYoungGen: 1043280K->3440K(1044480K)] 1139501K->99661K(3141632K), 0.0657238 secs] [Times: user=0.14 sys=0.01, real=0.06 secs] 
Heap after GC invocations=175 (full 4):
 PSYoungGen      total 1044480K, used 3440K [0x0000000780000000, 0x00000007c0000000, 0x00000007c0000000)
  eden space 1040384K, 0% used [0x0000000780000000,0x0000000780000000,0x00000007bf800000)
  from space 4096K, 83% used [0x00000007bf800000,0x00000007bfb5c230,0x00000007bfc00000)
  to   space 4096K, 0% used [0x00000007bfc00000,0x00000007bfc00000,0x00000007c0000000)
 ParOldGen       total 2097152K, used 96220K [0x0000000700000000, 0x0000000780000000, 0x0000000780000000)
  object space 2097152K, 4% used [0x0000000700000000,0x0000000705df7318,0x0000000780000000)
 Metaspace       used 114587K, capacity 118937K, committed 119592K, reserved 1155072K
  class space    used 13950K, capacity 14864K, committed 14976K, reserved 1048576K
}
{Heap before GC invocations=176 (full 4):
 PSYoungGen      total 1044480K, used 1043824K [0x0000000780000000, 0x00000007c0000000, 0x00000007c0000000)
  eden space 1040384K, 100% used [0x0000000780000000,0x00000007bf800000,0x00000007bf800000)
  from space 4096K, 83% used [0x00000007bf800000,0x00000007bfb5c230,0x00000007bfc00000)
  to   space 4096K, 0% used [0x00000007bfc00000,0x00000007bfc00000,0x00000007c0000000)
 ParOldGen       total 2097152K, used 96220K [0x0000000700000000, 0x0000000780000000, 0x0000000780000000)
  object space 2097152K, 4% used [0x0000000700000000,0x0000000705df7318,0x0000000780000000)
 Metaspace       used 114587K, capacity 118937K, committed 119592K, reserved 1155072K
  class space    used 13950K, capacity 14864K, committed 14976K, reserved 1048576K
2020-10-27T04:41:47.398+0800: 52320.449: [GC (Allocation Failure) [PSYoungGen: 1043824K->2976K(1044480K)] 1140045K->99237K(3141632K), 0.0654776 secs] [Times: user=0.17 sys=0.00, real=0.06 secs] 
Heap after GC invocations=176 (full 4):
 PSYoungGen      total 1044480K, used 2976K [0x0000000780000000, 0x00000007c0000000, 0x00000007c0000000)
  eden space 1040384K, 0% used [0x0000000780000000,0x0000000780000000,0x00000007bf800000)
  from space 4096K, 72% used [0x00000007bfc00000,0x00000007bfee8220,0x00000007c0000000)
  to   space 4096K, 0% used [0x00000007bf800000,0x00000007bf800000,0x00000007bfc00000)
 ParOldGen       total 2097152K, used 96260K [0x0000000700000000, 0x0000000780000000, 0x0000000780000000)
  object space 2097152K, 4% used [0x0000000700000000,0x0000000705e01318,0x0000000780000000)
 Metaspace       used 114587K, capacity 118937K, committed 119592K, reserved 1155072K
  class space    used 13950K, capacity 14864K, committed 14976K, reserved 1048576K
}
{Heap before GC invocations=177 (full 4):
 PSYoungGen      total 1044480K, used 1043360K [0x0000000780000000, 0x00000007c0000000, 0x00000007c0000000)
  eden space 1040384K, 100% used [0x0000000780000000,0x00000007bf800000,0x00000007bf800000)
  from space 4096K, 72% used [0x00000007bfc00000,0x00000007bfee8220,0x00000007c0000000)
  to   space 4096K, 0% used [0x00000007bf800000,0x00000007bf800000,0x00000007bfc00000)
 ParOldGen       total 2097152K, used 96260K [0x0000000700000000, 0x0000000780000000, 0x0000000780000000)
  object space 2097152K, 4% used [0x0000000700000000,0x0000000705e01318,0x0000000780000000)
 Metaspace       used 114587K, capacity 118937K, committed 119592K, reserved 1155072K
  class space    used 13950K, capacity 14864K, committed 14976K, reserved 1048576K
2020-10-27T04:47:12.393+0800: 52645.444: [GC (Allocation Failure) [PSYoungGen: 1043360K->2864K(1044480K)] 1139621K->99165K(3141632K), 1.0695099 secs] [Times: user=1.63 sys=0.06, real=1.07 secs] 
Heap after GC invocations=177 (full 4):
 PSYoungGen      total 1044480K, used 2864K [0x0000000780000000, 0x00000007c0000000, 0x00000007c0000000)
  eden space 1040384K, 0% used [0x0000000780000000,0x0000000780000000,0x00000007bf800000)
  from space 4096K, 69% used [0x00000007bf800000,0x00000007bfacc1d0,0x00000007bfc00000)
  to   space 4096K, 0% used [0x00000007bfc00000,0x00000007bfc00000,0x00000007c0000000)
 ParOldGen       total 2097152K, used 96300K [0x0000000700000000, 0x0000000780000000, 0x0000000780000000)
  object space 2097152K, 4% used [0x0000000700000000,0x0000000705e0b318,0x0000000780000000)
 Metaspace       used 114587K, capacity 118937K, committed 119592K, reserved 1155072K
  class space    used 13950K, capacity 14864K, committed 14976K, reserved 1048576K
}
{Heap before GC invocations=178 (full 4):
 PSYoungGen      total 1044480K, used 1043248K [0x0000000780000000, 0x00000007c0000000, 0x00000007c0000000)
  eden space 1040384K, 100% used [0x0000000780000000,0x00000007bf800000,0x00000007bf800000)
  from space 4096K, 69% used [0x00000007bf800000,0x00000007bfacc1d0,0x00000007bfc00000)
  to   space 4096K, 0% used [0x00000007bfc00000,0x00000007bfc00000,0x00000007c0000000)
 ParOldGen       total 2097152K, used 96300K [0x0000000700000000, 0x0000000780000000, 0x0000000780000000)
  object space 2097152K, 4% used [0x0000000700000000,0x0000000705e0b318,0x0000000780000000)
 Metaspace       used 114587K, capacity 118937K, committed 119592K, reserved 1155072K
  class space    used 13950K, capacity 14864K, committed 14976K, reserved 1048576K
2020-10-27T04:52:37.384+0800: 52970.434: [GC (Allocation Failure) [PSYoungGen: 1043248K->2832K(1044480K)] 1139549K->99133K(3141632K), 0.0849368 secs] [Times: user=0.18 sys=0.04, real=0.09 secs] 
Heap after GC invocations=178 (full 4):
 PSYoungGen      total 1044480K, used 2832K [0x0000000780000000, 0x00000007c0000000, 0x00000007c0000000)
  eden space 1040384K, 0% used [0x0000000780000000,0x0000000780000000,0x00000007bf800000)
  from space 4096K, 69% used [0x00000007bfc00000,0x00000007bfec4210,0x00000007c0000000)
  to   space 4096K, 0% used [0x00000007bf800000,0x00000007bf800000,0x00000007bfc00000)
 ParOldGen       total 2097152K, used 96300K [0x0000000700000000, 0x0000000780000000, 0x0000000780000000)
  object space 2097152K, 4% used [0x0000000700000000,0x0000000705e0b318,0x0000000780000000)
 Metaspace       used 114587K, capacity 118937K, committed 119592K, reserved 1155072K
  class space    used 13950K, capacity 14864K, committed 14976K, reserved 1048576K
}
{Heap before GC invocations=179 (full 4):
 PSYoungGen      total 1044480K, used 1043216K [0x0000000780000000, 0x00000007c0000000, 0x00000007c0000000)
  eden space 1040384K, 100% used [0x0000000780000000,0x00000007bf800000,0x00000007bf800000)
  from space 4096K, 69% used [0x00000007bfc00000,0x00000007bfec4210,0x00000007c0000000)
  to   space 4096K, 0% used [0x00000007bf800000,0x00000007bf800000,0x00000007bfc00000)
 ParOldGen       total 2097152K, used 96300K [0x0000000700000000, 0x0000000780000000, 0x0000000780000000)
  object space 2097152K, 4% used [0x0000000700000000,0x0000000705e0b318,0x0000000780000000)
 Metaspace       used 114587K, capacity 118937K, committed 119592K, reserved 1155072K
  class space    used 13950K, capacity 14864K, committed 14976K, reserved 1048576K
2020-10-27T04:58:02.368+0800: 53295.419: [GC (Allocation Failure) [PSYoungGen: 1043216K->3360K(1044480K)] 1139517K->99661K(3141632K), 0.1925398 secs] [Times: user=0.27 sys=0.05, real=0.19 secs] 
Heap after GC invocations=179 (full 4):
 PSYoungGen      total 1044480K, used 3360K [0x0000000780000000, 0x00000007c0000000, 0x00000007c0000000)
  eden space 1040384K, 0% used [0x0000000780000000,0x0000000780000000,0x00000007bf800000)
  from space 4096K, 82% used [0x00000007bf800000,0x00000007bfb48260,0x00000007bfc00000)
  to   space 4096K, 0% used [0x00000007bfc00000,0x00000007bfc00000,0x00000007c0000000)
 ParOldGen       total 2097152K, used 96300K [0x0000000700000000, 0x0000000780000000, 0x0000000780000000)
  object space 2097152K, 4% used [0x0000000700000000,0x0000000705e0b318,0x0000000780000000)
 Metaspace       used 114587K, capacity 118937K, committed 119592K, reserved 1155072K
  class space    used 13950K, capacity 14864K, committed 14976K, reserved 1048576K
}
{Heap before GC invocations=180 (full 4):
 PSYoungGen      total 1044480K, used 1043744K [0x0000000780000000, 0x00000007c0000000, 0x00000007c0000000)
  eden space 1040384K, 100% used [0x0000000780000000,0x00000007bf800000,0x00000007bf800000)
  from space 4096K, 82% used [0x00000007bf800000,0x00000007bfb48260,0x00000007bfc00000)
  to   space 4096K, 0% used [0x00000007bfc00000,0x00000007bfc00000,0x00000007c0000000)
 ParOldGen       total 2097152K, used 96300K [0x0000000700000000, 0x0000000780000000, 0x0000000780000000)
  object space 2097152K, 4% used [0x0000000700000000,0x0000000705e0b318,0x0000000780000000)
 Metaspace       used 114587K, capacity 118937K, committed 119592K, reserved 1155072K
  class space    used 13950K, capacity 14864K, committed 14976K, reserved 1048576K
2020-10-27T05:03:22.620+0800: 53615.671: [GC (Allocation Failure) [PSYoungGen: 1043744K->2960K(1044480K)] 1140045K->99261K(3141632K), 1.9422781 secs] [Times: user=3.04 sys=0.02, real=1.94 secs] 
Heap after GC invocations=180 (full 4):
 PSYoungGen      total 1044480K, used 2960K [0x0000000780000000, 0x00000007c0000000, 0x00000007c0000000)
  eden space 1040384K, 0% used [0x0000000780000000,0x0000000780000000,0x00000007bf800000)
  from space 4096K, 72% used [0x00000007bfc00000,0x00000007bfee41f0,0x00000007c0000000)
  to   space 4096K, 0% used [0x00000007bf800000,0x00000007bf800000,0x00000007bfc00000)
 ParOldGen       total 2097152K, used 96300K [0x0000000700000000, 0x0000000780000000, 0x0000000780000000)
  object space 2097152K, 4% used [0x0000000700000000,0x0000000705e0b318,0x0000000780000000)
 Metaspace       used 114587K, capacity 118937K, committed 119592K, reserved 1155072K
  class space    used 13950K, capacity 14864K, committed 14976K, reserved 1048576K
}
{Heap before GC invocations=181 (full 4):
 PSYoungGen      total 1044480K, used 1043344K [0x0000000780000000, 0x00000007c0000000, 0x00000007c0000000)
  eden space 1040384K, 100% used [0x0000000780000000,0x00000007bf800000,0x00000007bf800000)
  from space 4096K, 72% used [0x00000007bfc00000,0x00000007bfee41f0,0x00000007c0000000)
  to   space 4096K, 0% used [0x00000007bf800000,0x00000007bf800000,0x00000007bfc00000)
 ParOldGen       total 2097152K, used 96300K [0x0000000700000000, 0x0000000780000000, 0x0000000780000000)
  object space 2097152K, 4% used [0x0000000700000000,0x0000000705e0b318,0x0000000780000000)
 Metaspace       used 114587K, capacity 118937K, committed 119592K, reserved 1155072K
  class space    used 13950K, capacity 14864K, committed 14976K, reserved 1048576K
2020-10-27T05:08:48.432+0800: 53941.483: [GC (Allocation Failure) [PSYoungGen: 1043344K->3312K(1044480K)] 1139645K->99613K(3141632K), 0.0313734 secs] [Times: user=0.21 sys=0.02, real=0.03 secs] 
Heap after GC invocations=181 (full 4):
 PSYoungGen      total 1044480K, used 3312K [0x0000000780000000, 0x00000007c0000000, 0x00000007c0000000)
  eden space 1040384K, 0% used [0x0000000780000000,0x0000000780000000,0x00000007bf800000)
  from space 4096K, 80% used [0x00000007bf800000,0x00000007bfb3c210,0x00000007bfc00000)
  to   space 4096K, 0% used [0x00000007bfc00000,0x00000007bfc00000,0x00000007c0000000)
 ParOldGen       total 2097152K, used 96300K [0x0000000700000000, 0x0000000780000000, 0x0000000780000000)
  object space 2097152K, 4% used [0x0000000700000000,0x0000000705e0b318,0x0000000780000000)
 Metaspace       used 114587K, capacity 118937K, committed 119592K, reserved 1155072K
  class space    used 13950K, capacity 14864K, committed 14976K, reserved 1048576K
}
{Heap before GC invocations=182 (full 4):
 PSYoungGen      total 1044480K, used 1043696K [0x0000000780000000, 0x00000007c0000000, 0x00000007c0000000)
  eden space 1040384K, 100% used [0x0000000780000000,0x00000007bf800000,0x00000007bf800000)
  from space 4096K, 80% used [0x00000007bf800000,0x00000007bfb3c210,0x00000007bfc00000)
  to   space 4096K, 0% used [0x00000007bfc00000,0x00000007bfc00000,0x00000007c0000000)
 ParOldGen       total 2097152K, used 96300K [0x0000000700000000, 0x0000000780000000, 0x0000000780000000)
  object space 2097152K, 4% used [0x0000000700000000,0x0000000705e0b318,0x0000000780000000)
 Metaspace       used 114587K, capacity 118937K, committed 119592K, reserved 1155072K
  class space    used 13950K, capacity 14864K, committed 14976K, reserved 1048576K
2020-10-27T05:14:12.424+0800: 54265.475: [GC (Allocation Failure) [PSYoungGen: 1043696K->2848K(1044480K)] 1139997K->99157K(3141632K), 0.0392693 secs] [Times: user=0.14 sys=0.04, real=0.04 secs] 
Heap after GC invocations=182 (full 4):
 PSYoungGen      total 1044480K, used 2848K [0x0000000780000000, 0x00000007c0000000, 0x00000007c0000000)
  eden space 1040384K, 0% used [0x0000000780000000,0x0000000780000000,0x00000007bf800000)
  from space 4096K, 69% used [0x00000007bfc00000,0x00000007bfec81a0,0x00000007c0000000)
  to   space 4096K, 0% used [0x00000007bf800000,0x00000007bf800000,0x00000007bfc00000)
 ParOldGen       total 2097152K, used 96308K [0x0000000700000000, 0x0000000780000000, 0x0000000780000000)
  object space 2097152K, 4% used [0x0000000700000000,0x0000000705e0d318,0x0000000780000000)
 Metaspace       used 114587K, capacity 118937K, committed 119592K, reserved 1155072K
  class space    used 13950K, capacity 14864K, committed 14976K, reserved 1048576K
}
{Heap before GC invocations=183 (full 4):
 PSYoungGen      total 1044480K, used 1043232K [0x0000000780000000, 0x00000007c0000000, 0x00000007c0000000)
  eden space 1040384K, 100% used [0x0000000780000000,0x00000007bf800000,0x00000007bf800000)
  from space 4096K, 69% used [0x00000007bfc00000,0x00000007bfec81a0,0x00000007c0000000)
  to   space 4096K, 0% used [0x00000007bf800000,0x00000007bf800000,0x00000007bfc00000)
 ParOldGen       total 2097152K, used 96308K [0x0000000700000000, 0x0000000780000000, 0x0000000780000000)
  object space 2097152K, 4% used [0x0000000700000000,0x0000000705e0d318,0x0000000780000000)
 Metaspace       used 114587K, capacity 118937K, committed 119592K, reserved 1155072K
  class space    used 13950K, capacity 14864K, committed 14976K, reserved 1048576K
2020-10-27T05:19:37.400+0800: 54590.451: [GC (Allocation Failure) [PSYoungGen: 1043232K->2880K(1044480K)] 1139541K->99197K(3141632K), 0.1650831 secs] [Times: user=0.34 sys=0.02, real=0.16 secs] 
Heap after GC invocations=183 (full 4):
 PSYoungGen      total 1044480K, used 2880K [0x0000000780000000, 0x00000007c0000000, 0x00000007c0000000)
  eden space 1040384K, 0% used [0x0000000780000000,0x0000000780000000,0x00000007bf800000)
  from space 4096K, 70% used [0x00000007bf800000,0x00000007bfad0200,0x00000007bfc00000)
  to   space 4096K, 0% used [0x00000007bfc00000,0x00000007bfc00000,0x00000007c0000000)
 ParOldGen       total 2097152K, used 96316K [0x0000000700000000, 0x0000000780000000, 0x0000000780000000)
  object space 2097152K, 4% used [0x0000000700000000,0x0000000705e0f318,0x0000000780000000)
 Metaspace       used 114587K, capacity 118937K, committed 119592K, reserved 1155072K
  class space    used 13950K, capacity 14864K, committed 14976K, reserved 1048576K
}
{Heap before GC invocations=184 (full 4):
 PSYoungGen      total 1044480K, used 1043264K [0x0000000780000000, 0x00000007c0000000, 0x00000007c0000000)
  eden space 1040384K, 100% used [0x0000000780000000,0x00000007bf800000,0x00000007bf800000)
  from space 4096K, 70% used [0x00000007bf800000,0x00000007bfad0200,0x00000007bfc00000)
  to   space 4096K, 0% used [0x00000007bfc00000,0x00000007bfc00000,0x00000007c0000000)
 ParOldGen       total 2097152K, used 96316K [0x0000000700000000, 0x0000000780000000, 0x0000000780000000)
  object space 2097152K, 4% used [0x0000000700000000,0x0000000705e0f318,0x0000000780000000)
 Metaspace       used 114589K, capacity 118937K, committed 119592K, reserved 1155072K
  class space    used 13951K, capacity 14864K, committed 14976K, reserved 1048576K
2020-10-27T05:25:02.372+0800: 54915.422: [GC (Allocation Failure) [PSYoungGen: 1043264K->3472K(1044480K)] 1139581K->99789K(3141632K), 0.0923190 secs] [Times: user=0.22 sys=0.02, real=0.09 secs] 
Heap after GC invocations=184 (full 4):
 PSYoungGen      total 1044480K, used 3472K [0x0000000780000000, 0x00000007c0000000, 0x00000007c0000000)
  eden space 1040384K, 0% used [0x0000000780000000,0x0000000780000000,0x00000007bf800000)
  from space 4096K, 84% used [0x00000007bfc00000,0x00000007bff64230,0x00000007c0000000)
  to   space 4096K, 0% used [0x00000007bf800000,0x00000007bf800000,0x00000007bfc00000)
 ParOldGen       total 2097152K, used 96316K [0x0000000700000000, 0x0000000780000000, 0x0000000780000000)
  object space 2097152K, 4% used [0x0000000700000000,0x0000000705e0f318,0x0000000780000000)
 Metaspace       used 114589K, capacity 118937K, committed 119592K, reserved 1155072K
  class space    used 13951K, capacity 14864K, committed 14976K, reserved 1048576K
}
{Heap before GC invocations=185 (full 4):
 PSYoungGen      total 1044480K, used 1043856K [0x0000000780000000, 0x00000007c0000000, 0x00000007c0000000)
  eden space 1040384K, 100% used [0x0000000780000000,0x00000007bf800000,0x00000007bf800000)
  from space 4096K, 84% used [0x00000007bfc00000,0x00000007bff64230,0x00000007c0000000)
  to   space 4096K, 0% used [0x00000007bf800000,0x00000007bf800000,0x00000007bfc00000)
 ParOldGen       total 2097152K, used 96316K [0x0000000700000000, 0x0000000780000000, 0x0000000780000000)
  object space 2097152K, 4% used [0x0000000700000000,0x0000000705e0f318,0x0000000780000000)
 Metaspace       used 114589K, capacity 118937K, committed 119592K, reserved 1155072K
  class space    used 13951K, capacity 14864K, committed 14976K, reserved 1048576K
2020-10-27T05:30:27.375+0800: 55240.426: [GC (Allocation Failure) [PSYoungGen: 1043856K->2816K(1044480K)] 1140173K->99133K(3141632K), 0.1802283 secs] [Times: user=0.25 sys=0.02, real=0.18 secs] 
Heap after GC invocations=185 (full 4):
 PSYoungGen      total 1044480K, used 2816K [0x0000000780000000, 0x00000007c0000000, 0x00000007c0000000)
  eden space 1040384K, 0% used [0x0000000780000000,0x0000000780000000,0x00000007bf800000)
  from space 4096K, 68% used [0x00000007bf800000,0x00000007bfac0220,0x00000007bfc00000)
  to   space 4096K, 0% used [0x00000007bfc00000,0x00000007bfc00000,0x00000007c0000000)
 ParOldGen       total 2097152K, used 96316K [0x0000000700000000, 0x0000000780000000, 0x0000000780000000)
  object space 2097152K, 4% used [0x0000000700000000,0x0000000705e0f318,0x0000000780000000)
 Metaspace       used 114589K, capacity 118937K, committed 119592K, reserved 1155072K
  class space    used 13951K, capacity 14864K, committed 14976K, reserved 1048576K
}
{Heap before GC invocations=186 (full 4):
 PSYoungGen      total 1044480K, used 1043200K [0x0000000780000000, 0x00000007c0000000, 0x00000007c0000000)
  eden space 1040384K, 100% used [0x0000000780000000,0x00000007bf800000,0x00000007bf800000)
  from space 4096K, 68% used [0x00000007bf800000,0x00000007bfac0220,0x00000007bfc00000)
  to   space 4096K, 0% used [0x00000007bfc00000,0x00000007bfc00000,0x00000007c0000000)
 ParOldGen       total 2097152K, used 96316K [0x0000000700000000, 0x0000000780000000, 0x0000000780000000)
  object space 2097152K, 4% used [0x0000000700000000,0x0000000705e0f318,0x0000000780000000)
 Metaspace       used 114589K, capacity 118937K, committed 119592K, reserved 1155072K
  class space    used 13951K, capacity 14864K, committed 14976K, reserved 1048576K
2020-10-27T05:35:52.364+0800: 55565.415: [GC (Allocation Failure) [PSYoungGen: 1043200K->3456K(1044480K)] 1139517K->99773K(3141632K), 0.0970047 secs] [Times: user=0.14 sys=0.03, real=0.10 secs] 
Heap after GC invocations=186 (full 4):
 PSYoungGen      total 1044480K, used 3456K [0x0000000780000000, 0x00000007c0000000, 0x00000007c0000000)
  eden space 1040384K, 0% used [0x0000000780000000,0x0000000780000000,0x00000007bf800000)
  from space 4096K, 84% used [0x00000007bfc00000,0x00000007bff60280,0x00000007c0000000)
  to   space 4096K, 0% used [0x00000007bf800000,0x00000007bf800000,0x00000007bfc00000)
 ParOldGen       total 2097152K, used 96316K [0x0000000700000000, 0x0000000780000000, 0x0000000780000000)
  object space 2097152K, 4% used [0x0000000700000000,0x0000000705e0f318,0x0000000780000000)
 Metaspace       used 114589K, capacity 118937K, committed 119592K, reserved 1155072K
  class space    used 13951K, capacity 14864K, committed 14976K, reserved 1048576K
}
{Heap before GC invocations=187 (full 4):
 PSYoungGen      total 1044480K, used 1043840K [0x0000000780000000, 0x00000007c0000000, 0x00000007c0000000)
  eden space 1040384K, 100% used [0x0000000780000000,0x00000007bf800000,0x00000007bf800000)
  from space 4096K, 84% used [0x00000007bfc00000,0x00000007bff60280,0x00000007c0000000)
  to   space 4096K, 0% used [0x00000007bf800000,0x00000007bf800000,0x00000007bfc00000)
 ParOldGen       total 2097152K, used 96316K [0x0000000700000000, 0x0000000780000000, 0x0000000780000000)
  object space 2097152K, 4% used [0x0000000700000000,0x0000000705e0f318,0x0000000780000000)
 Metaspace       used 114589K, capacity 118937K, committed 119592K, reserved 1155072K
  class space    used 13951K, capacity 14864K, committed 14976K, reserved 1048576K
2020-10-27T05:41:17.390+0800: 55890.441: [GC (Allocation Failure) [PSYoungGen: 1043840K->2912K(1044480K)] 1140157K->99229K(3141632K), 0.0722666 secs] [Times: user=0.20 sys=0.02, real=0.07 secs] 
Heap after GC invocations=187 (full 4):
 PSYoungGen      total 1044480K, used 2912K [0x0000000780000000, 0x00000007c0000000, 0x00000007c0000000)
  eden space 1040384K, 0% used [0x0000000780000000,0x0000000780000000,0x00000007bf800000)
  from space 4096K, 71% used [0x00000007bf800000,0x00000007bfad8220,0x00000007bfc00000)
  to   space 4096K, 0% used [0x00000007bfc00000,0x00000007bfc00000,0x00000007c0000000)
 ParOldGen       total 2097152K, used 96316K [0x0000000700000000, 0x0000000780000000, 0x0000000780000000)
  object space 2097152K, 4% used [0x0000000700000000,0x0000000705e0f318,0x0000000780000000)
 Metaspace       used 114589K, capacity 118937K, committed 119592K, reserved 1155072K
  class space    used 13951K, capacity 14864K, committed 14976K, reserved 1048576K
}
{Heap before GC invocations=188 (full 4):
 PSYoungGen      total 1044480K, used 1043296K [0x0000000780000000, 0x00000007c0000000, 0x00000007c0000000)
  eden space 1040384K, 100% used [0x0000000780000000,0x00000007bf800000,0x00000007bf800000)
  from space 4096K, 71% used [0x00000007bf800000,0x00000007bfad8220,0x00000007bfc00000)
  to   space 4096K, 0% used [0x00000007bfc00000,0x00000007bfc00000,0x00000007c0000000)
 ParOldGen       total 2097152K, used 96316K [0x0000000700000000, 0x0000000780000000, 0x0000000780000000)
  object space 2097152K, 4% used [0x0000000700000000,0x0000000705e0f318,0x0000000780000000)
 Metaspace       used 114589K, capacity 118937K, committed 119592K, reserved 1155072K
  class space    used 13951K, capacity 14864K, committed 14976K, reserved 1048576K
2020-10-27T05:46:42.363+0800: 56215.414: [GC (Allocation Failure) [PSYoungGen: 1043296K->2960K(1044480K)] 1139613K->99293K(3141632K), 0.0958645 secs] [Times: user=0.13 sys=0.02, real=0.10 secs] 
Heap after GC invocations=188 (full 4):
 PSYoungGen      total 1044480K, used 2960K [0x0000000780000000, 0x00000007c0000000, 0x00000007c0000000)
  eden space 1040384K, 0% used [0x0000000780000000,0x0000000780000000,0x00000007bf800000)
  from space 4096K, 72% used [0x00000007bfc00000,0x00000007bfee4230,0x00000007c0000000)
  to   space 4096K, 0% used [0x00000007bf800000,0x00000007bf800000,0x00000007bfc00000)
 ParOldGen       total 2097152K, used 96332K [0x0000000700000000, 0x0000000780000000, 0x0000000780000000)
  object space 2097152K, 4% used [0x0000000700000000,0x0000000705e13318,0x0000000780000000)
 Metaspace       used 114589K, capacity 118937K, committed 119592K, reserved 1155072K
  class space    used 13951K, capacity 14864K, committed 14976K, reserved 1048576K
}
{Heap before GC invocations=189 (full 4):
 PSYoungGen      total 1044480K, used 1043344K [0x0000000780000000, 0x00000007c0000000, 0x00000007c0000000)
  eden space 1040384K, 100% used [0x0000000780000000,0x00000007bf800000,0x00000007bf800000)
  from space 4096K, 72% used [0x00000007bfc00000,0x00000007bfee4230,0x00000007c0000000)
  to   space 4096K, 0% used [0x00000007bf800000,0x00000007bf800000,0x00000007bfc00000)
 ParOldGen       total 2097152K, used 96332K [0x0000000700000000, 0x0000000780000000, 0x0000000780000000)
  object space 2097152K, 4% used [0x0000000700000000,0x0000000705e13318,0x0000000780000000)
 Metaspace       used 114589K, capacity 118937K, committed 119592K, reserved 1155072K
  class space    used 13951K, capacity 14864K, committed 14976K, reserved 1048576K
2020-10-27T05:52:02.596+0800: 56535.646: [GC (Allocation Failure) [PSYoungGen: 1043344K->3008K(1044480K)] 1139677K->99405K(3141632K), 0.0736679 secs] [Times: user=0.25 sys=0.01, real=0.08 secs] 
Heap after GC invocations=189 (full 4):
 PSYoungGen      total 1044480K, used 3008K [0x0000000780000000, 0x00000007c0000000, 0x00000007c0000000)
  eden space 1040384K, 0% used [0x0000000780000000,0x0000000780000000,0x00000007bf800000)
  from space 4096K, 73% used [0x00000007bf800000,0x00000007bfaf01c0,0x00000007bfc00000)
  to   space 4096K, 0% used [0x00000007bfc00000,0x00000007bfc00000,0x00000007c0000000)
 ParOldGen       total 2097152K, used 96396K [0x0000000700000000, 0x0000000780000000, 0x0000000780000000)
  object space 2097152K, 4% used [0x0000000700000000,0x0000000705e23318,0x0000000780000000)
 Metaspace       used 114589K, capacity 118937K, committed 119592K, reserved 1155072K
  class space    used 13951K, capacity 14864K, committed 14976K, reserved 1048576K
}
{Heap before GC invocations=190 (full 4):
 PSYoungGen      total 1044480K, used 1043392K [0x0000000780000000, 0x00000007c0000000, 0x00000007c0000000)
  eden space 1040384K, 100% used [0x0000000780000000,0x00000007bf800000,0x00000007bf800000)
  from space 4096K, 73% used [0x00000007bf800000,0x00000007bfaf01c0,0x00000007bfc00000)
  to   space 4096K, 0% used [0x00000007bfc00000,0x00000007bfc00000,0x00000007c0000000)
 ParOldGen       total 2097152K, used 96396K [0x0000000700000000, 0x0000000780000000, 0x0000000780000000)
  object space 2097152K, 4% used [0x0000000700000000,0x0000000705e23318,0x0000000780000000)
 Metaspace       used 114589K, capacity 118937K, committed 119592K, reserved 1155072K
  class space    used 13951K, capacity 14864K, committed 14976K, reserved 1048576K
2020-10-27T05:57:27.385+0800: 56860.436: [GC (Allocation Failure) [PSYoungGen: 1043392K->3312K(1044480K)] 1139789K->99709K(3141632K), 0.0772707 secs] [Times: user=0.15 sys=0.02, real=0.08 secs] 
Heap after GC invocations=190 (full 4):
 PSYoungGen      total 1044480K, used 3312K [0x0000000780000000, 0x00000007c0000000, 0x00000007c0000000)
  eden space 1040384K, 0% used [0x0000000780000000,0x0000000780000000,0x00000007bf800000)
  from space 4096K, 80% used [0x00000007bfc00000,0x00000007bff3c250,0x00000007c0000000)
  to   space 4096K, 0% used [0x00000007bf800000,0x00000007bf800000,0x00000007bfc00000)
 ParOldGen       total 2097152K, used 96396K [0x0000000700000000, 0x0000000780000000, 0x0000000780000000)
  object space 2097152K, 4% used [0x0000000700000000,0x0000000705e23318,0x0000000780000000)
 Metaspace       used 114589K, capacity 118937K, committed 119592K, reserved 1155072K
  class space    used 13951K, capacity 14864K, committed 14976K, reserved 1048576K
}
{Heap before GC invocations=191 (full 4):
 PSYoungGen      total 1044480K, used 1043696K [0x0000000780000000, 0x00000007c0000000, 0x00000007c0000000)
  eden space 1040384K, 100% used [0x0000000780000000,0x00000007bf800000,0x00000007bf800000)
  from space 4096K, 80% used [0x00000007bfc00000,0x00000007bff3c250,0x00000007c0000000)
  to   space 4096K, 0% used [0x00000007bf800000,0x00000007bf800000,0x00000007bfc00000)
 ParOldGen       total 2097152K, used 96396K [0x0000000700000000, 0x0000000780000000, 0x0000000780000000)
  object space 2097152K, 4% used [0x0000000700000000,0x0000000705e23318,0x0000000780000000)
 Metaspace       used 114589K, capacity 118937K, committed 119592K, reserved 1155072K
  class space    used 13951K, capacity 14864K, committed 14976K, reserved 1048576K
2020-10-27T06:02:52.384+0800: 57185.435: [GC (Allocation Failure) [PSYoungGen: 1043696K->2976K(1044480K)] 1140093K->99373K(3141632K), 0.0755956 secs] [Times: user=0.12 sys=0.01, real=0.08 secs] 
Heap after GC invocations=191 (full 4):
 PSYoungGen      total 1044480K, used 2976K [0x0000000780000000, 0x00000007c0000000, 0x00000007c0000000)
  eden space 1040384K, 0% used [0x0000000780000000,0x0000000780000000,0x00000007bf800000)
  from space 4096K, 72% used [0x00000007bf800000,0x00000007bfae81a0,0x00000007bfc00000)
  to   space 4096K, 0% used [0x00000007bfc00000,0x00000007bfc00000,0x00000007c0000000)
 ParOldGen       total 2097152K, used 96396K [0x0000000700000000, 0x0000000780000000, 0x0000000780000000)
  object space 2097152K, 4% used [0x0000000700000000,0x0000000705e23318,0x0000000780000000)
 Metaspace       used 114589K, capacity 118937K, committed 119592K, reserved 1155072K
  class space    used 13951K, capacity 14864K, committed 14976K, reserved 1048576K
}
{Heap before GC invocations=192 (full 4):
 PSYoungGen      total 1044480K, used 1043360K [0x0000000780000000, 0x00000007c0000000, 0x00000007c0000000)
  eden space 1040384K, 100% used [0x0000000780000000,0x00000007bf800000,0x00000007bf800000)
  from space 4096K, 72% used [0x00000007bf800000,0x00000007bfae81a0,0x00000007bfc00000)
  to   space 4096K, 0% used [0x00000007bfc00000,0x00000007bfc00000,0x00000007c0000000)
 ParOldGen       total 2097152K, used 96396K [0x0000000700000000, 0x0000000780000000, 0x0000000780000000)
  object space 2097152K, 4% used [0x0000000700000000,0x0000000705e23318,0x0000000780000000)
 Metaspace       used 114589K, capacity 118937K, committed 119592K, reserved 1155072K
  class space    used 13951K, capacity 14864K, committed 14976K, reserved 1048576K
2020-10-27T06:08:17.379+0800: 57510.430: [GC (Allocation Failure) [PSYoungGen: 1043360K->3376K(1044480K)] 1139757K->99781K(3141632K), 0.0831217 secs] [Times: user=0.15 sys=0.02, real=0.08 secs] 
Heap after GC invocations=192 (full 4):
 PSYoungGen      total 1044480K, used 3376K [0x0000000780000000, 0x00000007c0000000, 0x00000007c0000000)
  eden space 1040384K, 0% used [0x0000000780000000,0x0000000780000000,0x00000007bf800000)
  from space 4096K, 82% used [0x00000007bfc00000,0x00000007bff4c250,0x00000007c0000000)
  to   space 4096K, 0% used [0x00000007bf800000,0x00000007bf800000,0x00000007bfc00000)
 ParOldGen       total 2097152K, used 96404K [0x0000000700000000, 0x0000000780000000, 0x0000000780000000)
  object space 2097152K, 4% used [0x0000000700000000,0x0000000705e25318,0x0000000780000000)
 Metaspace       used 114589K, capacity 118937K, committed 119592K, reserved 1155072K
  class space    used 13951K, capacity 14864K, committed 14976K, reserved 1048576K
}
{Heap before GC invocations=193 (full 4):
 PSYoungGen      total 1044480K, used 1043760K [0x0000000780000000, 0x00000007c0000000, 0x00000007c0000000)
  eden space 1040384K, 100% used [0x0000000780000000,0x00000007bf800000,0x00000007bf800000)
  from space 4096K, 82% used [0x00000007bfc00000,0x00000007bff4c250,0x00000007c0000000)
  to   space 4096K, 0% used [0x00000007bf800000,0x00000007bf800000,0x00000007bfc00000)
 ParOldGen       total 2097152K, used 96404K [0x0000000700000000, 0x0000000780000000, 0x0000000780000000)
  object space 2097152K, 4% used [0x0000000700000000,0x0000000705e25318,0x0000000780000000)
 Metaspace       used 114589K, capacity 118937K, committed 119592K, reserved 1155072K
  class space    used 13951K, capacity 14864K, committed 14976K, reserved 1048576K
2020-10-27T06:13:42.365+0800: 57835.416: [GC (Allocation Failure) [PSYoungGen: 1043760K->2976K(1044480K)] 1140165K->99389K(3141632K), 0.0167792 secs] [Times: user=0.10 sys=0.01, real=0.02 secs] 
Heap after GC invocations=193 (full 4):
 PSYoungGen      total 1044480K, used 2976K [0x0000000780000000, 0x00000007c0000000, 0x00000007c0000000)
  eden space 1040384K, 0% used [0x0000000780000000,0x0000000780000000,0x00000007bf800000)
  from space 4096K, 72% used [0x00000007bf800000,0x00000007bfae8160,0x00000007bfc00000)
  to   space 4096K, 0% used [0x00000007bfc00000,0x00000007bfc00000,0x00000007c0000000)
 ParOldGen       total 2097152K, used 96412K [0x0000000700000000, 0x0000000780000000, 0x0000000780000000)
  object space 2097152K, 4% used [0x0000000700000000,0x0000000705e27318,0x0000000780000000)
 Metaspace       used 114589K, capacity 118937K, committed 119592K, reserved 1155072K
  class space    used 13951K, capacity 14864K, committed 14976K, reserved 1048576K
}
{Heap before GC invocations=194 (full 4):
 PSYoungGen      total 1044480K, used 1043360K [0x0000000780000000, 0x00000007c0000000, 0x00000007c0000000)
  eden space 1040384K, 100% used [0x0000000780000000,0x00000007bf800000,0x00000007bf800000)
  from space 4096K, 72% used [0x00000007bf800000,0x00000007bfae8160,0x00000007bfc00000)
  to   space 4096K, 0% used [0x00000007bfc00000,0x00000007bfc00000,0x00000007c0000000)
 ParOldGen       total 2097152K, used 96412K [0x0000000700000000, 0x0000000780000000, 0x0000000780000000)
  object space 2097152K, 4% used [0x0000000700000000,0x0000000705e27318,0x0000000780000000)
 Metaspace       used 114589K, capacity 118937K, committed 119592K, reserved 1155072K
  class space    used 13951K, capacity 14864K, committed 14976K, reserved 1048576K
2020-10-27T06:19:07.376+0800: 58160.427: [GC (Allocation Failure) [PSYoungGen: 1043360K->2960K(1044480K)] 1139773K->99389K(3141632K), 0.0887927 secs] [Times: user=0.20 sys=0.02, real=0.09 secs] 
Heap after GC invocations=194 (full 4):
 PSYoungGen      total 1044480K, used 2960K [0x0000000780000000, 0x00000007c0000000, 0x00000007c0000000)
  eden space 1040384K, 0% used [0x0000000780000000,0x0000000780000000,0x00000007bf800000)
  from space 4096K, 72% used [0x00000007bfc00000,0x00000007bfee4210,0x00000007c0000000)
  to   space 4096K, 0% used [0x00000007bf800000,0x00000007bf800000,0x00000007bfc00000)
 ParOldGen       total 2097152K, used 96428K [0x0000000700000000, 0x0000000780000000, 0x0000000780000000)
  object space 2097152K, 4% used [0x0000000700000000,0x0000000705e2b318,0x0000000780000000)
 Metaspace       used 114589K, capacity 118937K, committed 119592K, reserved 1155072K
  class space    used 13951K, capacity 14864K, committed 14976K, reserved 1048576K
}
{Heap before GC invocations=195 (full 4):
 PSYoungGen      total 1044480K, used 1043334K [0x0000000780000000, 0x00000007c0000000, 0x00000007c0000000)
  eden space 1040384K, 99% used [0x0000000780000000,0x00000007bf7fd878,0x00000007bf800000)
  from space 4096K, 72% used [0x00000007bfc00000,0x00000007bfee4210,0x00000007c0000000)
  to   space 4096K, 0% used [0x00000007bf800000,0x00000007bf800000,0x00000007bfc00000)
 ParOldGen       total 2097152K, used 96428K [0x0000000700000000, 0x0000000780000000, 0x0000000780000000)
  object space 2097152K, 4% used [0x0000000700000000,0x0000000705e2b318,0x0000000780000000)
 Metaspace       used 114589K, capacity 118937K, committed 119592K, reserved 1155072K
  class space    used 13951K, capacity 14864K, committed 14976K, reserved 1048576K
2020-10-27T06:24:32.358+0800: 58485.409: [GC (Allocation Failure) [PSYoungGen: 1043334K->3460K(1044480K)] 1139763K->99945K(3141632K), 0.0171742 secs] [Times: user=0.09 sys=0.03, real=0.01 secs] 
Heap after GC invocations=195 (full 4):
 PSYoungGen      total 1044480K, used 3460K [0x0000000780000000, 0x00000007c0000000, 0x00000007c0000000)
  eden space 1040384K, 0% used [0x0000000780000000,0x0000000780000000,0x00000007bf800000)
  from space 4096K, 84% used [0x00000007bf800000,0x00000007bfb61208,0x00000007bfc00000)
  to   space 4096K, 0% used [0x00000007bfc00000,0x00000007bfc00000,0x00000007c0000000)
 ParOldGen       total 2097152K, used 96484K [0x0000000700000000, 0x0000000780000000, 0x0000000780000000)
  object space 2097152K, 4% used [0x0000000700000000,0x0000000705e39318,0x0000000780000000)
 Metaspace       used 114589K, capacity 118937K, committed 119592K, reserved 1155072K
  class space    used 13951K, capacity 14864K, committed 14976K, reserved 1048576K
}
{Heap before GC invocations=196 (full 4):
 PSYoungGen      total 1044480K, used 1043844K [0x0000000780000000, 0x00000007c0000000, 0x00000007c0000000)
  eden space 1040384K, 100% used [0x0000000780000000,0x00000007bf800000,0x00000007bf800000)
  from space 4096K, 84% used [0x00000007bf800000,0x00000007bfb61208,0x00000007bfc00000)
  to   space 4096K, 0% used [0x00000007bfc00000,0x00000007bfc00000,0x00000007c0000000)
 ParOldGen       total 2097152K, used 96484K [0x0000000700000000, 0x0000000780000000, 0x0000000780000000)
  object space 2097152K, 4% used [0x0000000700000000,0x0000000705e39318,0x0000000780000000)
 Metaspace       used 114589K, capacity 118937K, committed 119592K, reserved 1155072K
  class space    used 13951K, capacity 14864K, committed 14976K, reserved 1048576K
2020-10-27T06:29:57.371+0800: 58810.422: [GC (Allocation Failure) [PSYoungGen: 1043844K->3008K(1044480K)] 1140329K->99525K(3141632K), 0.0912334 secs] [Times: user=0.18 sys=0.02, real=0.09 secs] 
Heap after GC invocations=196 (full 4):
 PSYoungGen      total 1044480K, used 3008K [0x0000000780000000, 0x00000007c0000000, 0x00000007c0000000)
  eden space 1040384K, 0% used [0x0000000780000000,0x0000000780000000,0x00000007bf800000)
  from space 4096K, 73% used [0x00000007bfc00000,0x00000007bfef01e0,0x00000007c0000000)
  to   space 4096K, 0% used [0x00000007bf800000,0x00000007bf800000,0x00000007bfc00000)
 ParOldGen       total 2097152K, used 96516K [0x0000000700000000, 0x0000000780000000, 0x0000000780000000)
  object space 2097152K, 4% used [0x0000000700000000,0x0000000705e41318,0x0000000780000000)
 Metaspace       used 114589K, capacity 118937K, committed 119592K, reserved 1155072K
  class space    used 13951K, capacity 14864K, committed 14976K, reserved 1048576K
}
{Heap before GC invocations=197 (full 4):
 PSYoungGen      total 1044480K, used 1043392K [0x0000000780000000, 0x00000007c0000000, 0x00000007c0000000)
  eden space 1040384K, 100% used [0x0000000780000000,0x00000007bf800000,0x00000007bf800000)
  from space 4096K, 73% used [0x00000007bfc00000,0x00000007bfef01e0,0x00000007c0000000)
  to   space 4096K, 0% used [0x00000007bf800000,0x00000007bf800000,0x00000007bfc00000)
 ParOldGen       total 2097152K, used 96516K [0x0000000700000000, 0x0000000780000000, 0x0000000780000000)
  object space 2097152K, 4% used [0x0000000700000000,0x0000000705e41318,0x0000000780000000)
 Metaspace       used 114589K, capacity 118937K, committed 119592K, reserved 1155072K
  class space    used 13951K, capacity 14864K, committed 14976K, reserved 1048576K
2020-10-27T06:35:17.395+0800: 59130.446: [GC (Allocation Failure) [PSYoungGen: 1043392K->3424K(1044480K)] 1139909K->99941K(3141632K), 0.1682487 secs] [Times: user=0.31 sys=0.03, real=0.17 secs] 
Heap after GC invocations=197 (full 4):
 PSYoungGen      total 1044480K, used 3424K [0x0000000780000000, 0x00000007c0000000, 0x00000007c0000000)
  eden space 1040384K, 0% used [0x0000000780000000,0x0000000780000000,0x00000007bf800000)
  from space 4096K, 83% used [0x00000007bf800000,0x00000007bfb58220,0x00000007bfc00000)
  to   space 4096K, 0% used [0x00000007bfc00000,0x00000007bfc00000,0x00000007c0000000)
 ParOldGen       total 2097152K, used 96516K [0x0000000700000000, 0x0000000780000000, 0x0000000780000000)
  object space 2097152K, 4% used [0x0000000700000000,0x0000000705e41318,0x0000000780000000)
 Metaspace       used 114589K, capacity 118937K, committed 119592K, reserved 1155072K
  class space    used 13951K, capacity 14864K, committed 14976K, reserved 1048576K
}
{Heap before GC invocations=198 (full 4):
 PSYoungGen      total 1044480K, used 1043808K [0x0000000780000000, 0x00000007c0000000, 0x00000007c0000000)
  eden space 1040384K, 100% used [0x0000000780000000,0x00000007bf800000,0x00000007bf800000)
  from space 4096K, 83% used [0x00000007bf800000,0x00000007bfb58220,0x00000007bfc00000)
  to   space 4096K, 0% used [0x00000007bfc00000,0x00000007bfc00000,0x00000007c0000000)
 ParOldGen       total 2097152K, used 96516K [0x0000000700000000, 0x0000000780000000, 0x0000000780000000)
  object space 2097152K, 4% used [0x0000000700000000,0x0000000705e41318,0x0000000780000000)
 Metaspace       used 114589K, capacity 118937K, committed 119592K, reserved 1155072K
  class space    used 13951K, capacity 14864K, committed 14976K, reserved 1048576K
2020-10-27T06:40:42.401+0800: 59455.452: [GC (Allocation Failure) [PSYoungGen: 1043808K->2896K(1044480K)] 1140325K->99413K(3141632K), 0.0670715 secs] [Times: user=0.18 sys=0.03, real=0.07 secs] 
Heap after GC invocations=198 (full 4):
 PSYoungGen      total 1044480K, used 2896K [0x0000000780000000, 0x00000007c0000000, 0x00000007c0000000)
  eden space 1040384K, 0% used [0x0000000780000000,0x0000000780000000,0x00000007bf800000)
  from space 4096K, 70% used [0x00000007bfc00000,0x00000007bfed41f0,0x00000007c0000000)
  to   space 4096K, 0% used [0x00000007bf800000,0x00000007bf800000,0x00000007bfc00000)
 ParOldGen       total 2097152K, used 96516K [0x0000000700000000, 0x0000000780000000, 0x0000000780000000)
  object space 2097152K, 4% used [0x0000000700000000,0x0000000705e41318,0x0000000780000000)
 Metaspace       used 114589K, capacity 118937K, committed 119592K, reserved 1155072K
  class space    used 13951K, capacity 14864K, committed 14976K, reserved 1048576K
}
{Heap before GC invocations=199 (full 4):
 PSYoungGen      total 1044480K, used 1043280K [0x0000000780000000, 0x00000007c0000000, 0x00000007c0000000)
  eden space 1040384K, 100% used [0x0000000780000000,0x00000007bf800000,0x00000007bf800000)
  from space 4096K, 70% used [0x00000007bfc00000,0x00000007bfed41f0,0x00000007c0000000)
  to   space 4096K, 0% used [0x00000007bf800000,0x00000007bf800000,0x00000007bfc00000)
 ParOldGen       total 2097152K, used 96516K [0x0000000700000000, 0x0000000780000000, 0x0000000780000000)
  object space 2097152K, 4% used [0x0000000700000000,0x0000000705e41318,0x0000000780000000)
 Metaspace       used 114593K, capacity 118937K, committed 119592K, reserved 1155072K
  class space    used 13951K, capacity 14864K, committed 14976K, reserved 1048576K
2020-10-27T06:46:07.392+0800: 59780.443: [GC (Allocation Failure) [PSYoungGen: 1043280K->2928K(1044480K)] 1139797K->99493K(3141632K), 0.0694177 secs] [Times: user=0.16 sys=0.02, real=0.07 secs] 
Heap after GC invocations=199 (full 4):
 PSYoungGen      total 1044480K, used 2928K [0x0000000780000000, 0x00000007c0000000, 0x00000007c0000000)
  eden space 1040384K, 0% used [0x0000000780000000,0x0000000780000000,0x00000007bf800000)
  from space 4096K, 71% used [0x00000007bf800000,0x00000007bfadc210,0x00000007bfc00000)
  to   space 4096K, 0% used [0x00000007bfc00000,0x00000007bfc00000,0x00000007c0000000)
 ParOldGen       total 2097152K, used 96564K [0x0000000700000000, 0x0000000780000000, 0x0000000780000000)
  object space 2097152K, 4% used [0x0000000700000000,0x0000000705e4d318,0x0000000780000000)
 Metaspace       used 114593K, capacity 118937K, committed 119592K, reserved 1155072K
  class space    used 13951K, capacity 14864K, committed 14976K, reserved 1048576K
}
{Heap before GC invocations=200 (full 4):
 PSYoungGen      total 1044480K, used 1043312K [0x0000000780000000, 0x00000007c0000000, 0x00000007c0000000)
  eden space 1040384K, 100% used [0x0000000780000000,0x00000007bf800000,0x00000007bf800000)
  from space 4096K, 71% used [0x00000007bf800000,0x00000007bfadc210,0x00000007bfc00000)
  to   space 4096K, 0% used [0x00000007bfc00000,0x00000007bfc00000,0x00000007c0000000)
 ParOldGen       total 2097152K, used 96564K [0x0000000700000000, 0x0000000780000000, 0x0000000780000000)
  object space 2097152K, 4% used [0x0000000700000000,0x0000000705e4d318,0x0000000780000000)
 Metaspace       used 114593K, capacity 118937K, committed 119592K, reserved 1155072K
  class space    used 13951K, capacity 14864K, committed 14976K, reserved 1048576K
2020-10-27T06:51:32.375+0800: 60105.426: [GC (Allocation Failure) [PSYoungGen: 1043312K->3376K(1044480K)] 1139877K->99941K(3141632K), 0.0868346 secs] [Times: user=0.11 sys=0.02, real=0.09 secs] 
Heap after GC invocations=200 (full 4):
 PSYoungGen      total 1044480K, used 3376K [0x0000000780000000, 0x00000007c0000000, 0x00000007c0000000)
  eden space 1040384K, 0% used [0x0000000780000000,0x0000000780000000,0x00000007bf800000)
  from space 4096K, 82% used [0x00000007bfc00000,0x00000007bff4c230,0x00000007c0000000)
  to   space 4096K, 0% used [0x00000007bf800000,0x00000007bf800000,0x00000007bfc00000)
 ParOldGen       total 2097152K, used 96564K [0x0000000700000000, 0x0000000780000000, 0x0000000780000000)
  object space 2097152K, 4% used [0x0000000700000000,0x0000000705e4d318,0x0000000780000000)
 Metaspace       used 114593K, capacity 118937K, committed 119592K, reserved 1155072K
  class space    used 13951K, capacity 14864K, committed 14976K, reserved 1048576K
}
{Heap before GC invocations=201 (full 4):
 PSYoungGen      total 1044480K, used 1043760K [0x0000000780000000, 0x00000007c0000000, 0x00000007c0000000)
  eden space 1040384K, 100% used [0x0000000780000000,0x00000007bf800000,0x00000007bf800000)
  from space 4096K, 82% used [0x00000007bfc00000,0x00000007bff4c230,0x00000007c0000000)
  to   space 4096K, 0% used [0x00000007bf800000,0x00000007bf800000,0x00000007bfc00000)
 ParOldGen       total 2097152K, used 96564K [0x0000000700000000, 0x0000000780000000, 0x0000000780000000)
  object space 2097152K, 4% used [0x0000000700000000,0x0000000705e4d318,0x0000000780000000)
 Metaspace       used 114593K, capacity 118937K, committed 119592K, reserved 1155072K
  class space    used 13951K, capacity 14864K, committed 14976K, reserved 1048576K
2020-10-27T06:56:57.369+0800: 60430.419: [GC (Allocation Failure) [PSYoungGen: 1043760K->2896K(1044480K)] 1140325K->99469K(3141632K), 0.0930077 secs] [Times: user=0.16 sys=0.04, real=0.09 secs] 
Heap after GC invocations=201 (full 4):
 PSYoungGen      total 1044480K, used 2896K [0x0000000780000000, 0x00000007c0000000, 0x00000007c0000000)
  eden space 1040384K, 0% used [0x0000000780000000,0x0000000780000000,0x00000007bf800000)
  from space 4096K, 70% used [0x00000007bf800000,0x00000007bfad4210,0x00000007bfc00000)
  to   space 4096K, 0% used [0x00000007bfc00000,0x00000007bfc00000,0x00000007c0000000)
 ParOldGen       total 2097152K, used 96572K [0x0000000700000000, 0x0000000780000000, 0x0000000780000000)
  object space 2097152K, 4% used [0x0000000700000000,0x0000000705e4f318,0x0000000780000000)
 Metaspace       used 114593K, capacity 118937K, committed 119592K, reserved 1155072K
  class space    used 13951K, capacity 14864K, committed 14976K, reserved 1048576K
}
{Heap before GC invocations=202 (full 4):
 PSYoungGen      total 1044480K, used 1043280K [0x0000000780000000, 0x00000007c0000000, 0x00000007c0000000)
  eden space 1040384K, 100% used [0x0000000780000000,0x00000007bf800000,0x00000007bf800000)
  from space 4096K, 70% used [0x00000007bf800000,0x00000007bfad4210,0x00000007bfc00000)
  to   space 4096K, 0% used [0x00000007bfc00000,0x00000007bfc00000,0x00000007c0000000)
 ParOldGen       total 2097152K, used 96572K [0x0000000700000000, 0x0000000780000000, 0x0000000780000000)
  object space 2097152K, 4% used [0x0000000700000000,0x0000000705e4f318,0x0000000780000000)
 Metaspace       used 114594K, capacity 118937K, committed 119592K, reserved 1155072K
  class space    used 13951K, capacity 14864K, committed 14976K, reserved 1048576K
2020-10-27T07:02:17.550+0800: 60750.601: [GC (Allocation Failure) [PSYoungGen: 1043280K->2976K(1044480K)] 1139853K->99549K(3141632K), 0.1116464 secs] [Times: user=0.19 sys=0.04, real=0.11 secs] 
Heap after GC invocations=202 (full 4):
 PSYoungGen      total 1044480K, used 2976K [0x0000000780000000, 0x00000007c0000000, 0x00000007c0000000)
  eden space 1040384K, 0% used [0x0000000780000000,0x0000000780000000,0x00000007bf800000)
  from space 4096K, 72% used [0x00000007bfc00000,0x00000007bfee8200,0x00000007c0000000)
  to   space 4096K, 0% used [0x00000007bf800000,0x00000007bf800000,0x00000007bfc00000)
 ParOldGen       total 2097152K, used 96572K [0x0000000700000000, 0x0000000780000000, 0x0000000780000000)
  object space 2097152K, 4% used [0x0000000700000000,0x0000000705e4f318,0x0000000780000000)
 Metaspace       used 114594K, capacity 118937K, committed 119592K, reserved 1155072K
  class space    used 13951K, capacity 14864K, committed 14976K, reserved 1048576K
}
{Heap before GC invocations=203 (full 4):
 PSYoungGen      total 1044480K, used 1043360K [0x0000000780000000, 0x00000007c0000000, 0x00000007c0000000)
  eden space 1040384K, 100% used [0x0000000780000000,0x00000007bf800000,0x00000007bf800000)
  from space 4096K, 72% used [0x00000007bfc00000,0x00000007bfee8200,0x00000007c0000000)
  to   space 4096K, 0% used [0x00000007bf800000,0x00000007bf800000,0x00000007bfc00000)
 ParOldGen       total 2097152K, used 96572K [0x0000000700000000, 0x0000000780000000, 0x0000000780000000)
  object space 2097152K, 4% used [0x0000000700000000,0x0000000705e4f318,0x0000000780000000)
 Metaspace       used 114594K, capacity 118937K, committed 119592K, reserved 1155072K
  class space    used 13951K, capacity 14864K, committed 14976K, reserved 1048576K
2020-10-27T07:07:42.391+0800: 61075.441: [GC (Allocation Failure) [PSYoungGen: 1043360K->3424K(1044480K)] 1139933K->100021K(3141632K), 0.0683613 secs] [Times: user=0.11 sys=0.01, real=0.07 secs] 
Heap after GC invocations=203 (full 4):
 PSYoungGen      total 1044480K, used 3424K [0x0000000780000000, 0x00000007c0000000, 0x00000007c0000000)
  eden space 1040384K, 0% used [0x0000000780000000,0x0000000780000000,0x00000007bf800000)
  from space 4096K, 83% used [0x00000007bf800000,0x00000007bfb58260,0x00000007bfc00000)
  to   space 4096K, 0% used [0x00000007bfc00000,0x00000007bfc00000,0x00000007c0000000)
 ParOldGen       total 2097152K, used 96596K [0x0000000700000000, 0x0000000780000000, 0x0000000780000000)
  object space 2097152K, 4% used [0x0000000700000000,0x0000000705e55318,0x0000000780000000)
 Metaspace       used 114594K, capacity 118937K, committed 119592K, reserved 1155072K
  class space    used 13951K, capacity 14864K, committed 14976K, reserved 1048576K
}
{Heap before GC invocations=204 (full 4):
 PSYoungGen      total 1044480K, used 1043808K [0x0000000780000000, 0x00000007c0000000, 0x00000007c0000000)
  eden space 1040384K, 100% used [0x0000000780000000,0x00000007bf800000,0x00000007bf800000)
  from space 4096K, 83% used [0x00000007bf800000,0x00000007bfb58260,0x00000007bfc00000)
  to   space 4096K, 0% used [0x00000007bfc00000,0x00000007bfc00000,0x00000007c0000000)
 ParOldGen       total 2097152K, used 96596K [0x0000000700000000, 0x0000000780000000, 0x0000000780000000)
  object space 2097152K, 4% used [0x0000000700000000,0x0000000705e55318,0x0000000780000000)
 Metaspace       used 114594K, capacity 118937K, committed 119592K, reserved 1155072K
  class space    used 13951K, capacity 14864K, committed 14976K, reserved 1048576K
2020-10-27T07:13:07.440+0800: 61400.490: [GC (Allocation Failure) [PSYoungGen: 1043808K->2960K(1044480K)] 1140405K->99573K(3141632K), 0.0252177 secs] [Times: user=0.12 sys=0.05, real=0.02 secs] 
Heap after GC invocations=204 (full 4):
 PSYoungGen      total 1044480K, used 2960K [0x0000000780000000, 0x00000007c0000000, 0x00000007c0000000)
  eden space 1040384K, 0% used [0x0000000780000000,0x0000000780000000,0x00000007bf800000)
  from space 4096K, 72% used [0x00000007bfc00000,0x00000007bfee4210,0x00000007c0000000)
  to   space 4096K, 0% used [0x00000007bf800000,0x00000007bf800000,0x00000007bfc00000)
 ParOldGen       total 2097152K, used 96612K [0x0000000700000000, 0x0000000780000000, 0x0000000780000000)
  object space 2097152K, 4% used [0x0000000700000000,0x0000000705e59318,0x0000000780000000)
 Metaspace       used 114594K, capacity 118937K, committed 119592K, reserved 1155072K
  class space    used 13951K, capacity 14864K, committed 14976K, reserved 1048576K
}
{Heap before GC invocations=205 (full 4):
 PSYoungGen      total 1044480K, used 1043344K [0x0000000780000000, 0x00000007c0000000, 0x00000007c0000000)
  eden space 1040384K, 100% used [0x0000000780000000,0x00000007bf800000,0x00000007bf800000)
  from space 4096K, 72% used [0x00000007bfc00000,0x00000007bfee4210,0x00000007c0000000)
  to   space 4096K, 0% used [0x00000007bf800000,0x00000007bf800000,0x00000007bfc00000)
 ParOldGen       total 2097152K, used 96612K [0x0000000700000000, 0x0000000780000000, 0x0000000780000000)
  object space 2097152K, 4% used [0x0000000700000000,0x0000000705e59318,0x0000000780000000)
 Metaspace       used 114594K, capacity 118937K, committed 119592K, reserved 1155072K
  class space    used 13951K, capacity 14864K, committed 14976K, reserved 1048576K
2020-10-27T07:18:32.403+0800: 61725.454: [GC (Allocation Failure) [PSYoungGen: 1043344K->3024K(1044480K)] 1139957K->99645K(3141632K), 0.0584986 secs] [Times: user=0.15 sys=0.02, real=0.06 secs] 
Heap after GC invocations=205 (full 4):
 PSYoungGen      total 1044480K, used 3024K [0x0000000780000000, 0x00000007c0000000, 0x00000007c0000000)
  eden space 1040384K, 0% used [0x0000000780000000,0x0000000780000000,0x00000007bf800000)
  from space 4096K, 73% used [0x00000007bf800000,0x00000007bfaf41d0,0x00000007bfc00000)
  to   space 4096K, 0% used [0x00000007bfc00000,0x00000007bfc00000,0x00000007c0000000)
 ParOldGen       total 2097152K, used 96620K [0x0000000700000000, 0x0000000780000000, 0x0000000780000000)
  object space 2097152K, 4% used [0x0000000700000000,0x0000000705e5b318,0x0000000780000000)
 Metaspace       used 114594K, capacity 118937K, committed 119592K, reserved 1155072K
  class space    used 13951K, capacity 14864K, committed 14976K, reserved 1048576K
}
{Heap before GC invocations=206 (full 4):
 PSYoungGen      total 1044480K, used 1043408K [0x0000000780000000, 0x00000007c0000000, 0x00000007c0000000)
  eden space 1040384K, 100% used [0x0000000780000000,0x00000007bf800000,0x00000007bf800000)
  from space 4096K, 73% used [0x00000007bf800000,0x00000007bfaf41d0,0x00000007bfc00000)
  to   space 4096K, 0% used [0x00000007bfc00000,0x00000007bfc00000,0x00000007c0000000)
 ParOldGen       total 2097152K, used 96620K [0x0000000700000000, 0x0000000780000000, 0x0000000780000000)
  object space 2097152K, 4% used [0x0000000700000000,0x0000000705e5b318,0x0000000780000000)
 Metaspace       used 114594K, capacity 118937K, committed 119592K, reserved 1155072K
  class space    used 13951K, capacity 14864K, committed 14976K, reserved 1048576K
2020-10-27T07:23:57.394+0800: 62050.445: [GC (Allocation Failure) [PSYoungGen: 1043408K->3456K(1044480K)] 1140029K->100077K(3141632K), 0.0715289 secs] [Times: user=0.16 sys=0.03, real=0.08 secs] 
Heap after GC invocations=206 (full 4):
 PSYoungGen      total 1044480K, used 3456K [0x0000000780000000, 0x00000007c0000000, 0x00000007c0000000)
  eden space 1040384K, 0% used [0x0000000780000000,0x0000000780000000,0x00000007bf800000)
  from space 4096K, 84% used [0x00000007bfc00000,0x00000007bff60260,0x00000007c0000000)
  to   space 4096K, 0% used [0x00000007bf800000,0x00000007bf800000,0x00000007bfc00000)
 ParOldGen       total 2097152K, used 96620K [0x0000000700000000, 0x0000000780000000, 0x0000000780000000)
  object space 2097152K, 4% used [0x0000000700000000,0x0000000705e5b318,0x0000000780000000)
 Metaspace       used 114594K, capacity 118937K, committed 119592K, reserved 1155072K
  class space    used 13951K, capacity 14864K, committed 14976K, reserved 1048576K
}
{Heap before GC invocations=207 (full 4):
 PSYoungGen      total 1044480K, used 1043840K [0x0000000780000000, 0x00000007c0000000, 0x00000007c0000000)
  eden space 1040384K, 100% used [0x0000000780000000,0x00000007bf800000,0x00000007bf800000)
  from space 4096K, 84% used [0x00000007bfc00000,0x00000007bff60260,0x00000007c0000000)
  to   space 4096K, 0% used [0x00000007bf800000,0x00000007bf800000,0x00000007bfc00000)
 ParOldGen       total 2097152K, used 96620K [0x0000000700000000, 0x0000000780000000, 0x0000000780000000)
  object space 2097152K, 4% used [0x0000000700000000,0x0000000705e5b318,0x0000000780000000)
 Metaspace       used 114594K, capacity 118937K, committed 119592K, reserved 1155072K
  class space    used 13951K, capacity 14864K, committed 14976K, reserved 1048576K
2020-10-27T07:29:22.365+0800: 62375.416: [GC (Allocation Failure) [PSYoungGen: 1043840K->2960K(1044480K)] 1140461K->99581K(3141632K), 0.0935535 secs] [Times: user=0.15 sys=0.01, real=0.10 secs] 
Heap after GC invocations=207 (full 4):
 PSYoungGen      total 1044480K, used 2960K [0x0000000780000000, 0x00000007c0000000, 0x00000007c0000000)
  eden space 1040384K, 0% used [0x0000000780000000,0x0000000780000000,0x00000007bf800000)
  from space 4096K, 72% used [0x00000007bf800000,0x00000007bfae4210,0x00000007bfc00000)
  to   space 4096K, 0% used [0x00000007bfc00000,0x00000007bfc00000,0x00000007c0000000)
 ParOldGen       total 2097152K, used 96620K [0x0000000700000000, 0x0000000780000000, 0x0000000780000000)
  object space 2097152K, 4% used [0x0000000700000000,0x0000000705e5b318,0x0000000780000000)
 Metaspace       used 114594K, capacity 118937K, committed 119592K, reserved 1155072K
  class space    used 13951K, capacity 14864K, committed 14976K, reserved 1048576K
}
{Heap before GC invocations=208 (full 4):
 PSYoungGen      total 1044480K, used 1043344K [0x0000000780000000, 0x00000007c0000000, 0x00000007c0000000)
  eden space 1040384K, 100% used [0x0000000780000000,0x00000007bf800000,0x00000007bf800000)
  from space 4096K, 72% used [0x00000007bf800000,0x00000007bfae4210,0x00000007bfc00000)
  to   space 4096K, 0% used [0x00000007bfc00000,0x00000007bfc00000,0x00000007c0000000)
 ParOldGen       total 2097152K, used 96620K [0x0000000700000000, 0x0000000780000000, 0x0000000780000000)
  object space 2097152K, 4% used [0x0000000700000000,0x0000000705e5b318,0x0000000780000000)
 Metaspace       used 114594K, capacity 118937K, committed 119592K, reserved 1155072K
  class space    used 13951K, capacity 14864K, committed 14976K, reserved 1048576K
2020-10-27T07:34:47.367+0800: 62700.418: [GC (Allocation Failure) [PSYoungGen: 1043344K->3312K(1044480K)] 1139965K->99933K(3141632K), 0.0942243 secs] [Times: user=0.18 sys=0.00, real=0.09 secs] 
Heap after GC invocations=208 (full 4):
 PSYoungGen      total 1044480K, used 3312K [0x0000000780000000, 0x00000007c0000000, 0x00000007c0000000)
  eden space 1040384K, 0% used [0x0000000780000000,0x0000000780000000,0x00000007bf800000)
  from space 4096K, 80% used [0x00000007bfc00000,0x00000007bff3c290,0x00000007c0000000)
  to   space 4096K, 0% used [0x00000007bf800000,0x00000007bf800000,0x00000007bfc00000)
 ParOldGen       total 2097152K, used 96620K [0x0000000700000000, 0x0000000780000000, 0x0000000780000000)
  object space 2097152K, 4% used [0x0000000700000000,0x0000000705e5b318,0x0000000780000000)
 Metaspace       used 114594K, capacity 118937K, committed 119592K, reserved 1155072K
  class space    used 13951K, capacity 14864K, committed 14976K, reserved 1048576K
}
{Heap before GC invocations=209 (full 4):
 PSYoungGen      total 1044480K, used 1043696K [0x0000000780000000, 0x00000007c0000000, 0x00000007c0000000)
  eden space 1040384K, 100% used [0x0000000780000000,0x00000007bf800000,0x00000007bf800000)
  from space 4096K, 80% used [0x00000007bfc00000,0x00000007bff3c290,0x00000007c0000000)
  to   space 4096K, 0% used [0x00000007bf800000,0x00000007bf800000,0x00000007bfc00000)
 ParOldGen       total 2097152K, used 96620K [0x0000000700000000, 0x0000000780000000, 0x0000000780000000)
  object space 2097152K, 4% used [0x0000000700000000,0x0000000705e5b318,0x0000000780000000)
 Metaspace       used 114594K, capacity 118937K, committed 119592K, reserved 1155072K
  class space    used 13951K, capacity 14864K, committed 14976K, reserved 1048576K
2020-10-27T07:40:07.493+0800: 63020.543: [GC (Allocation Failure) [PSYoungGen: 1043696K->2864K(1044480K)] 1140317K->99493K(3141632K), 0.0695724 secs] [Times: user=0.19 sys=0.03, real=0.07 secs] 
Heap after GC invocations=209 (full 4):
 PSYoungGen      total 1044480K, used 2864K [0x0000000780000000, 0x00000007c0000000, 0x00000007c0000000)
  eden space 1040384K, 0% used [0x0000000780000000,0x0000000780000000,0x00000007bf800000)
  from space 4096K, 69% used [0x00000007bf800000,0x00000007bfacc1b0,0x00000007bfc00000)
  to   space 4096K, 0% used [0x00000007bfc00000,0x00000007bfc00000,0x00000007c0000000)
 ParOldGen       total 2097152K, used 96628K [0x0000000700000000, 0x0000000780000000, 0x0000000780000000)
  object space 2097152K, 4% used [0x0000000700000000,0x0000000705e5d318,0x0000000780000000)
 Metaspace       used 114594K, capacity 118937K, committed 119592K, reserved 1155072K
  class space    used 13951K, capacity 14864K, committed 14976K, reserved 1048576K
}
{Heap before GC invocations=210 (full 4):
 PSYoungGen      total 1044480K, used 1043248K [0x0000000780000000, 0x00000007c0000000, 0x00000007c0000000)
  eden space 1040384K, 100% used [0x0000000780000000,0x00000007bf800000,0x00000007bf800000)
  from space 4096K, 69% used [0x00000007bf800000,0x00000007bfacc1b0,0x00000007bfc00000)
  to   space 4096K, 0% used [0x00000007bfc00000,0x00000007bfc00000,0x00000007c0000000)
 ParOldGen       total 2097152K, used 96628K [0x0000000700000000, 0x0000000780000000, 0x0000000780000000)
  object space 2097152K, 4% used [0x0000000700000000,0x0000000705e5d318,0x0000000780000000)
 Metaspace       used 114594K, capacity 118937K, committed 119592K, reserved 1155072K
  class space    used 13951K, capacity 14864K, committed 14976K, reserved 1048576K
2020-10-27T07:45:37.355+0800: 63350.406: [GC (Allocation Failure) [PSYoungGen: 1043248K->2928K(1044480K)] 1139877K->99557K(3141632K), 0.1140720 secs] [Times: user=0.26 sys=0.02, real=0.12 secs] 
Heap after GC invocations=210 (full 4):
 PSYoungGen      total 1044480K, used 2928K [0x0000000780000000, 0x00000007c0000000, 0x00000007c0000000)
  eden space 1040384K, 0% used [0x0000000780000000,0x0000000780000000,0x00000007bf800000)
  from space 4096K, 71% used [0x00000007bfc00000,0x00000007bfedc230,0x00000007c0000000)
  to   space 4096K, 0% used [0x00000007bf800000,0x00000007bf800000,0x00000007bfc00000)
 ParOldGen       total 2097152K, used 96628K [0x0000000700000000, 0x0000000780000000, 0x0000000780000000)
  object space 2097152K, 4% used [0x0000000700000000,0x0000000705e5d318,0x0000000780000000)
 Metaspace       used 114594K, capacity 118937K, committed 119592K, reserved 1155072K
  class space    used 13951K, capacity 14864K, committed 14976K, reserved 1048576K
}
{Heap before GC invocations=211 (full 4):
 PSYoungGen      total 1044480K, used 1043312K [0x0000000780000000, 0x00000007c0000000, 0x00000007c0000000)
  eden space 1040384K, 100% used [0x0000000780000000,0x00000007bf800000,0x00000007bf800000)
  from space 4096K, 71% used [0x00000007bfc00000,0x00000007bfedc230,0x00000007c0000000)
  to   space 4096K, 0% used [0x00000007bf800000,0x00000007bf800000,0x00000007bfc00000)
 ParOldGen       total 2097152K, used 96628K [0x0000000700000000, 0x0000000780000000, 0x0000000780000000)
  object space 2097152K, 4% used [0x0000000700000000,0x0000000705e5d318,0x0000000780000000)
 Metaspace       used 114594K, capacity 118937K, committed 119592K, reserved 1155072K
  class space    used 13951K, capacity 14864K, committed 14976K, reserved 1048576K
2020-10-27T07:50:57.399+0800: 63670.450: [GC (Allocation Failure) [PSYoungGen: 1043312K->3392K(1044480K)] 1139941K->100021K(3141632K), 0.1623507 secs] [Times: user=0.26 sys=0.01, real=0.16 secs] 
Heap after GC invocations=211 (full 4):
 PSYoungGen      total 1044480K, used 3392K [0x0000000780000000, 0x00000007c0000000, 0x00000007c0000000)
  eden space 1040384K, 0% used [0x0000000780000000,0x0000000780000000,0x00000007bf800000)
  from space 4096K, 82% used [0x00000007bf800000,0x00000007bfb50260,0x00000007bfc00000)
  to   space 4096K, 0% used [0x00000007bfc00000,0x00000007bfc00000,0x00000007c0000000)
 ParOldGen       total 2097152K, used 96628K [0x0000000700000000, 0x0000000780000000, 0x0000000780000000)
  object space 2097152K, 4% used [0x0000000700000000,0x0000000705e5d318,0x0000000780000000)
 Metaspace       used 114594K, capacity 118937K, committed 119592K, reserved 1155072K
  class space    used 13951K, capacity 14864K, committed 14976K, reserved 1048576K
}
{Heap before GC invocations=212 (full 4):
 PSYoungGen      total 1044480K, used 1043776K [0x0000000780000000, 0x00000007c0000000, 0x00000007c0000000)
  eden space 1040384K, 100% used [0x0000000780000000,0x00000007bf800000,0x00000007bf800000)
  from space 4096K, 82% used [0x00000007bf800000,0x00000007bfb50260,0x00000007bfc00000)
  to   space 4096K, 0% used [0x00000007bfc00000,0x00000007bfc00000,0x00000007c0000000)
 ParOldGen       total 2097152K, used 96628K [0x0000000700000000, 0x0000000780000000, 0x0000000780000000)
  object space 2097152K, 4% used [0x0000000700000000,0x0000000705e5d318,0x0000000780000000)
 Metaspace       used 114594K, capacity 118937K, committed 119592K, reserved 1155072K
  class space    used 13951K, capacity 14864K, committed 14976K, reserved 1048576K
2020-10-27T07:56:22.622+0800: 63995.673: [GC (Allocation Failure) [PSYoungGen: 1043776K->2784K(1044480K)] 1140405K->99421K(3141632K), 0.0407296 secs] [Times: user=0.16 sys=0.09, real=0.04 secs] 
Heap after GC invocations=212 (full 4):
 PSYoungGen      total 1044480K, used 2784K [0x0000000780000000, 0x00000007c0000000, 0x00000007c0000000)
  eden space 1040384K, 0% used [0x0000000780000000,0x0000000780000000,0x00000007bf800000)
  from space 4096K, 67% used [0x00000007bfc00000,0x00000007bfeb81c0,0x00000007c0000000)
  to   space 4096K, 0% used [0x00000007bf800000,0x00000007bf800000,0x00000007bfc00000)
 ParOldGen       total 2097152K, used 96636K [0x0000000700000000, 0x0000000780000000, 0x0000000780000000)
  object space 2097152K, 4% used [0x0000000700000000,0x0000000705e5f318,0x0000000780000000)
 Metaspace       used 114594K, capacity 118937K, committed 119592K, reserved 1155072K
  class space    used 13951K, capacity 14864K, committed 14976K, reserved 1048576K
}
{Heap before GC invocations=213 (full 4):
 PSYoungGen      total 1044480K, used 1043168K [0x0000000780000000, 0x00000007c0000000, 0x00000007c0000000)
  eden space 1040384K, 100% used [0x0000000780000000,0x00000007bf800000,0x00000007bf800000)
  from space 4096K, 67% used [0x00000007bfc00000,0x00000007bfeb81c0,0x00000007c0000000)
  to   space 4096K, 0% used [0x00000007bf800000,0x00000007bf800000,0x00000007bfc00000)
 ParOldGen       total 2097152K, used 96636K [0x0000000700000000, 0x0000000780000000, 0x0000000780000000)
  object space 2097152K, 4% used [0x0000000700000000,0x0000000705e5f318,0x0000000780000000)
 Metaspace       used 114595K, capacity 118937K, committed 119592K, reserved 1155072K
  class space    used 13951K, capacity 14864K, committed 14976K, reserved 1048576K
2020-10-27T08:01:47.382+0800: 64320.433: [GC (Allocation Failure) [PSYoungGen: 1043168K->3104K(1044480K)] 1139805K->99741K(3141632K), 0.0785348 secs] [Times: user=0.12 sys=0.02, real=0.08 secs] 
Heap after GC invocations=213 (full 4):
 PSYoungGen      total 1044480K, used 3104K [0x0000000780000000, 0x00000007c0000000, 0x00000007c0000000)
  eden space 1040384K, 0% used [0x0000000780000000,0x0000000780000000,0x00000007bf800000)
  from space 4096K, 75% used [0x00000007bf800000,0x00000007bfb081c0,0x00000007bfc00000)
  to   space 4096K, 0% used [0x00000007bfc00000,0x00000007bfc00000,0x00000007c0000000)
 ParOldGen       total 2097152K, used 96636K [0x0000000700000000, 0x0000000780000000, 0x0000000780000000)
  object space 2097152K, 4% used [0x0000000700000000,0x0000000705e5f318,0x0000000780000000)
 Metaspace       used 114595K, capacity 118937K, committed 119592K, reserved 1155072K
  class space    used 13951K, capacity 14864K, committed 14976K, reserved 1048576K
}
{Heap before GC invocations=214 (full 4):
 PSYoungGen      total 1044480K, used 1043488K [0x0000000780000000, 0x00000007c0000000, 0x00000007c0000000)
  eden space 1040384K, 100% used [0x0000000780000000,0x00000007bf800000,0x00000007bf800000)
  from space 4096K, 75% used [0x00000007bf800000,0x00000007bfb081c0,0x00000007bfc00000)
  to   space 4096K, 0% used [0x00000007bfc00000,0x00000007bfc00000,0x00000007c0000000)
 ParOldGen       total 2097152K, used 96636K [0x0000000700000000, 0x0000000780000000, 0x0000000780000000)
  object space 2097152K, 4% used [0x0000000700000000,0x0000000705e5f318,0x0000000780000000)
 Metaspace       used 114595K, capacity 118937K, committed 119592K, reserved 1155072K
  class space    used 13951K, capacity 14864K, committed 14976K, reserved 1048576K
2020-10-27T08:07:12.397+0800: 64645.448: [GC (Allocation Failure) [PSYoungGen: 1043488K->3220K(1044480K)] 1140125K->99857K(3141632K), 0.0670110 secs] [Times: user=0.18 sys=0.02, real=0.06 secs] 
Heap after GC invocations=214 (full 4):
 PSYoungGen      total 1044480K, used 3220K [0x0000000780000000, 0x00000007c0000000, 0x00000007c0000000)
  eden space 1040384K, 0% used [0x0000000780000000,0x0000000780000000,0x00000007bf800000)
  from space 4096K, 78% used [0x00000007bfc00000,0x00000007bff251f8,0x00000007c0000000)
  to   space 4096K, 0% used [0x00000007bf800000,0x00000007bf800000,0x00000007bfc00000)
 ParOldGen       total 2097152K, used 96636K [0x0000000700000000, 0x0000000780000000, 0x0000000780000000)
  object space 2097152K, 4% used [0x0000000700000000,0x0000000705e5f318,0x0000000780000000)
 Metaspace       used 114595K, capacity 118937K, committed 119592K, reserved 1155072K
  class space    used 13951K, capacity 14864K, committed 14976K, reserved 1048576K
}
{Heap before GC invocations=215 (full 4):
 PSYoungGen      total 1044480K, used 1043604K [0x0000000780000000, 0x00000007c0000000, 0x00000007c0000000)
  eden space 1040384K, 100% used [0x0000000780000000,0x00000007bf800000,0x00000007bf800000)
  from space 4096K, 78% used [0x00000007bfc00000,0x00000007bff251f8,0x00000007c0000000)
  to   space 4096K, 0% used [0x00000007bf800000,0x00000007bf800000,0x00000007bfc00000)
 ParOldGen       total 2097152K, used 96636K [0x0000000700000000, 0x0000000780000000, 0x0000000780000000)
  object space 2097152K, 4% used [0x0000000700000000,0x0000000705e5f318,0x0000000780000000)
 Metaspace       used 114595K, capacity 118937K, committed 119592K, reserved 1155072K
  class space    used 13951K, capacity 14864K, committed 14976K, reserved 1048576K
2020-10-27T08:12:37.380+0800: 64970.430: [GC (Allocation Failure) [PSYoungGen: 1043604K->2944K(1044480K)] 1140241K->99581K(3141632K), 0.0903101 secs] [Times: user=0.21 sys=0.02, real=0.09 secs] 
Heap after GC invocations=215 (full 4):
 PSYoungGen      total 1044480K, used 2944K [0x0000000780000000, 0x00000007c0000000, 0x00000007c0000000)
  eden space 1040384K, 0% used [0x0000000780000000,0x0000000780000000,0x00000007bf800000)
  from space 4096K, 71% used [0x00000007bf800000,0x00000007bfae0220,0x00000007bfc00000)
  to   space 4096K, 0% used [0x00000007bfc00000,0x00000007bfc00000,0x00000007c0000000)
 ParOldGen       total 2097152K, used 96636K [0x0000000700000000, 0x0000000780000000, 0x0000000780000000)
  object space 2097152K, 4% used [0x0000000700000000,0x0000000705e5f318,0x0000000780000000)
 Metaspace       used 114595K, capacity 118937K, committed 119592K, reserved 1155072K
  class space    used 13951K, capacity 14864K, committed 14976K, reserved 1048576K
}
{Heap before GC invocations=216 (full 4):
 PSYoungGen      total 1044480K, used 1043328K [0x0000000780000000, 0x00000007c0000000, 0x00000007c0000000)
  eden space 1040384K, 100% used [0x0000000780000000,0x00000007bf800000,0x00000007bf800000)
  from space 4096K, 71% used [0x00000007bf800000,0x00000007bfae0220,0x00000007bfc00000)
  to   space 4096K, 0% used [0x00000007bfc00000,0x00000007bfc00000,0x00000007c0000000)
 ParOldGen       total 2097152K, used 96636K [0x0000000700000000, 0x0000000780000000, 0x0000000780000000)
  object space 2097152K, 4% used [0x0000000700000000,0x0000000705e5f318,0x0000000780000000)
 Metaspace       used 114595K, capacity 118937K, committed 119592K, reserved 1155072K
  class space    used 13951K, capacity 14864K, committed 14976K, reserved 1048576K
2020-10-27T08:18:02.378+0800: 65295.429: [GC (Allocation Failure) [PSYoungGen: 1043328K->3024K(1044480K)] 1139965K->99661K(3141632K), 0.0797033 secs] [Times: user=0.12 sys=0.02, real=0.08 secs] 
Heap after GC invocations=216 (full 4):
 PSYoungGen      total 1044480K, used 3024K [0x0000000780000000, 0x00000007c0000000, 0x00000007c0000000)
  eden space 1040384K, 0% used [0x0000000780000000,0x0000000780000000,0x00000007bf800000)
  from space 4096K, 73% used [0x00000007bfc00000,0x00000007bfef4210,0x00000007c0000000)
  to   space 4096K, 0% used [0x00000007bf800000,0x00000007bf800000,0x00000007bfc00000)
 ParOldGen       total 2097152K, used 96636K [0x0000000700000000, 0x0000000780000000, 0x0000000780000000)
  object space 2097152K, 4% used [0x0000000700000000,0x0000000705e5f318,0x0000000780000000)
 Metaspace       used 114595K, capacity 118937K, committed 119592K, reserved 1155072K
  class space    used 13951K, capacity 14864K, committed 14976K, reserved 1048576K
}
{Heap before GC invocations=217 (full 4):
 PSYoungGen      total 1044480K, used 1043408K [0x0000000780000000, 0x00000007c0000000, 0x00000007c0000000)
  eden space 1040384K, 100% used [0x0000000780000000,0x00000007bf800000,0x00000007bf800000)
  from space 4096K, 73% used [0x00000007bfc00000,0x00000007bfef4210,0x00000007c0000000)
  to   space 4096K, 0% used [0x00000007bf800000,0x00000007bf800000,0x00000007bfc00000)
 ParOldGen       total 2097152K, used 96636K [0x0000000700000000, 0x0000000780000000, 0x0000000780000000)
  object space 2097152K, 4% used [0x0000000700000000,0x0000000705e5f318,0x0000000780000000)
 Metaspace       used 114603K, capacity 118937K, committed 119592K, reserved 1155072K
  class space    used 13951K, capacity 14864K, committed 14976K, reserved 1048576K
2020-10-27T08:23:27.366+0800: 65620.417: [GC (Allocation Failure) [PSYoungGen: 1043408K->3360K(1044480K)] 1140045K->100005K(3141632K), 0.1038204 secs] [Times: user=0.25 sys=0.00, real=0.11 secs] 
Heap after GC invocations=217 (full 4):
 PSYoungGen      total 1044480K, used 3360K [0x0000000780000000, 0x00000007c0000000, 0x00000007c0000000)
  eden space 1040384K, 0% used [0x0000000780000000,0x0000000780000000,0x00000007bf800000)
  from space 4096K, 82% used [0x00000007bf800000,0x00000007bfb481a0,0x00000007bfc00000)
  to   space 4096K, 0% used [0x00000007bfc00000,0x00000007bfc00000,0x00000007c0000000)
 ParOldGen       total 2097152K, used 96644K [0x0000000700000000, 0x0000000780000000, 0x0000000780000000)
  object space 2097152K, 4% used [0x0000000700000000,0x0000000705e61318,0x0000000780000000)
 Metaspace       used 114603K, capacity 118937K, committed 119592K, reserved 1155072K
  class space    used 13951K, capacity 14864K, committed 14976K, reserved 1048576K
}
{Heap before GC invocations=218 (full 4):
 PSYoungGen      total 1044480K, used 1043744K [0x0000000780000000, 0x00000007c0000000, 0x00000007c0000000)
  eden space 1040384K, 100% used [0x0000000780000000,0x00000007bf800000,0x00000007bf800000)
  from space 4096K, 82% used [0x00000007bf800000,0x00000007bfb481a0,0x00000007bfc00000)
  to   space 4096K, 0% used [0x00000007bfc00000,0x00000007bfc00000,0x00000007c0000000)
 ParOldGen       total 2097152K, used 96644K [0x0000000700000000, 0x0000000780000000, 0x0000000780000000)
  object space 2097152K, 4% used [0x0000000700000000,0x0000000705e61318,0x0000000780000000)
 Metaspace       used 114603K, capacity 118937K, committed 119592K, reserved 1155072K
  class space    used 13951K, capacity 14864K, committed 14976K, reserved 1048576K
2020-10-27T08:28:52.365+0800: 65945.415: [GC (Allocation Failure) [PSYoungGen: 1043744K->2928K(1044480K)] 1140389K->99573K(3141632K), 0.0192771 secs] [Times: user=0.12 sys=0.01, real=0.02 secs] 
Heap after GC invocations=218 (full 4):
 PSYoungGen      total 1044480K, used 2928K [0x0000000780000000, 0x00000007c0000000, 0x00000007c0000000)
  eden space 1040384K, 0% used [0x0000000780000000,0x0000000780000000,0x00000007bf800000)
  from space 4096K, 71% used [0x00000007bfc00000,0x00000007bfedc1f0,0x00000007c0000000)
  to   space 4096K, 0% used [0x00000007bf800000,0x00000007bf800000,0x00000007bfc00000)
 ParOldGen       total 2097152K, used 96644K [0x0000000700000000, 0x0000000780000000, 0x0000000780000000)
  object space 2097152K, 4% used [0x0000000700000000,0x0000000705e61318,0x0000000780000000)
 Metaspace       used 114603K, capacity 118937K, committed 119592K, reserved 1155072K
  class space    used 13951K, capacity 14864K, committed 14976K, reserved 1048576K
}
{Heap before GC invocations=219 (full 4):
 PSYoungGen      total 1044480K, used 1043312K [0x0000000780000000, 0x00000007c0000000, 0x00000007c0000000)
  eden space 1040384K, 100% used [0x0000000780000000,0x00000007bf800000,0x00000007bf800000)
  from space 4096K, 71% used [0x00000007bfc00000,0x00000007bfedc1f0,0x00000007c0000000)
  to   space 4096K, 0% used [0x00000007bf800000,0x00000007bf800000,0x00000007bfc00000)
 ParOldGen       total 2097152K, used 96644K [0x0000000700000000, 0x0000000780000000, 0x0000000780000000)
  object space 2097152K, 4% used [0x0000000700000000,0x0000000705e61318,0x0000000780000000)
 Metaspace       used 114603K, capacity 118937K, committed 119592K, reserved 1155072K
  class space    used 13951K, capacity 14864K, committed 14976K, reserved 1048576K
2020-10-27T08:34:12.565+0800: 66265.616: [GC (Allocation Failure) [PSYoungGen: 1043312K->3408K(1044480K)] 1139957K->100069K(3141632K), 0.0186782 secs] [Times: user=0.12 sys=0.01, real=0.02 secs] 
Heap after GC invocations=219 (full 4):
 PSYoungGen      total 1044480K, used 3408K [0x0000000780000000, 0x00000007c0000000, 0x00000007c0000000)
  eden space 1040384K, 0% used [0x0000000780000000,0x0000000780000000,0x00000007bf800000)
  from space 4096K, 83% used [0x00000007bf800000,0x00000007bfb54250,0x00000007bfc00000)
  to   space 4096K, 0% used [0x00000007bfc00000,0x00000007bfc00000,0x00000007c0000000)
 ParOldGen       total 2097152K, used 96660K [0x0000000700000000, 0x0000000780000000, 0x0000000780000000)
  object space 2097152K, 4% used [0x0000000700000000,0x0000000705e65318,0x0000000780000000)
 Metaspace       used 114603K, capacity 118937K, committed 119592K, reserved 1155072K
  class space    used 13951K, capacity 14864K, committed 14976K, reserved 1048576K
}
{Heap before GC invocations=220 (full 4):
 PSYoungGen      total 1044480K, used 1043792K [0x0000000780000000, 0x00000007c0000000, 0x00000007c0000000)
  eden space 1040384K, 100% used [0x0000000780000000,0x00000007bf800000,0x00000007bf800000)
  from space 4096K, 83% used [0x00000007bf800000,0x00000007bfb54250,0x00000007bfc00000)
  to   space 4096K, 0% used [0x00000007bfc00000,0x00000007bfc00000,0x00000007c0000000)
 ParOldGen       total 2097152K, used 96660K [0x0000000700000000, 0x0000000780000000, 0x0000000780000000)
  object space 2097152K, 4% used [0x0000000700000000,0x0000000705e65318,0x0000000780000000)
 Metaspace       used 114603K, capacity 118937K, committed 119592K, reserved 1155072K
  class space    used 13951K, capacity 14864K, committed 14976K, reserved 1048576K
2020-10-27T08:39:37.396+0800: 66590.447: [GC (Allocation Failure) [PSYoungGen: 1043792K->2880K(1044480K)] 1140453K->99541K(3141632K), 0.0657048 secs] [Times: user=0.14 sys=0.01, real=0.07 secs] 
Heap after GC invocations=220 (full 4):
 PSYoungGen      total 1044480K, used 2880K [0x0000000780000000, 0x00000007c0000000, 0x00000007c0000000)
  eden space 1040384K, 0% used [0x0000000780000000,0x0000000780000000,0x00000007bf800000)
  from space 4096K, 70% used [0x00000007bfc00000,0x00000007bfed01a0,0x00000007c0000000)
  to   space 4096K, 0% used [0x00000007bf800000,0x00000007bf800000,0x00000007bfc00000)
 ParOldGen       total 2097152K, used 96660K [0x0000000700000000, 0x0000000780000000, 0x0000000780000000)
  object space 2097152K, 4% used [0x0000000700000000,0x0000000705e65318,0x0000000780000000)
 Metaspace       used 114603K, capacity 118937K, committed 119592K, reserved 1155072K
  class space    used 13951K, capacity 14864K, committed 14976K, reserved 1048576K
}
{Heap before GC invocations=221 (full 4):
 PSYoungGen      total 1044480K, used 1043264K [0x0000000780000000, 0x00000007c0000000, 0x00000007c0000000)
  eden space 1040384K, 100% used [0x0000000780000000,0x00000007bf800000,0x00000007bf800000)
  from space 4096K, 70% used [0x00000007bfc00000,0x00000007bfed01a0,0x00000007c0000000)
  to   space 4096K, 0% used [0x00000007bf800000,0x00000007bf800000,0x00000007bfc00000)
 ParOldGen       total 2097152K, used 96660K [0x0000000700000000, 0x0000000780000000, 0x0000000780000000)
  object space 2097152K, 4% used [0x0000000700000000,0x0000000705e65318,0x0000000780000000)
 Metaspace       used 114603K, capacity 118937K, committed 119592K, reserved 1155072K
  class space    used 13951K, capacity 14864K, committed 14976K, reserved 1048576K
2020-10-27T08:45:02.395+0800: 66915.445: [GC (Allocation Failure) [PSYoungGen: 1043264K->2768K(1044480K)] 1139925K->99437K(3141632K), 0.0632208 secs] [Times: user=0.09 sys=0.02, real=0.07 secs] 
Heap after GC invocations=221 (full 4):
 PSYoungGen      total 1044480K, used 2768K [0x0000000780000000, 0x00000007c0000000, 0x00000007c0000000)
  eden space 1040384K, 0% used [0x0000000780000000,0x0000000780000000,0x00000007bf800000)
  from space 4096K, 67% used [0x00000007bf800000,0x00000007bfab41d0,0x00000007bfc00000)
  to   space 4096K, 0% used [0x00000007bfc00000,0x00000007bfc00000,0x00000007c0000000)
 ParOldGen       total 2097152K, used 96668K [0x0000000700000000, 0x0000000780000000, 0x0000000780000000)
  object space 2097152K, 4% used [0x0000000700000000,0x0000000705e67318,0x0000000780000000)
 Metaspace       used 114603K, capacity 118937K, committed 119592K, reserved 1155072K
  class space    used 13951K, capacity 14864K, committed 14976K, reserved 1048576K
}
{Heap before GC invocations=222 (full 4):
 PSYoungGen      total 1044480K, used 1043152K [0x0000000780000000, 0x00000007c0000000, 0x00000007c0000000)
  eden space 1040384K, 100% used [0x0000000780000000,0x00000007bf800000,0x00000007bf800000)
  from space 4096K, 67% used [0x00000007bf800000,0x00000007bfab41d0,0x00000007bfc00000)
  to   space 4096K, 0% used [0x00000007bfc00000,0x00000007bfc00000,0x00000007c0000000)
 ParOldGen       total 2097152K, used 96668K [0x0000000700000000, 0x0000000780000000, 0x0000000780000000)
  object space 2097152K, 4% used [0x0000000700000000,0x0000000705e67318,0x0000000780000000)
 Metaspace       used 114603K, capacity 118937K, committed 119592K, reserved 1155072K
  class space    used 13951K, capacity 14864K, committed 14976K, reserved 1048576K
2020-10-27T08:50:27.378+0800: 67240.428: [GC (Allocation Failure) [PSYoungGen: 1043152K->3408K(1044480K)] 1139821K->100077K(3141632K), 0.0173882 secs] [Times: user=0.09 sys=0.01, real=0.01 secs] 
Heap after GC invocations=222 (full 4):
 PSYoungGen      total 1044480K, used 3408K [0x0000000780000000, 0x00000007c0000000, 0x00000007c0000000)
  eden space 1040384K, 0% used [0x0000000780000000,0x0000000780000000,0x00000007bf800000)
  from space 4096K, 83% used [0x00000007bfc00000,0x00000007bff542b0,0x00000007c0000000)
  to   space 4096K, 0% used [0x00000007bf800000,0x00000007bf800000,0x00000007bfc00000)
 ParOldGen       total 2097152K, used 96668K [0x0000000700000000, 0x0000000780000000, 0x0000000780000000)
  object space 2097152K, 4% used [0x0000000700000000,0x0000000705e67318,0x0000000780000000)
 Metaspace       used 114603K, capacity 118937K, committed 119592K, reserved 1155072K
  class space    used 13951K, capacity 14864K, committed 14976K, reserved 1048576K
}
{Heap before GC invocations=223 (full 4):
 PSYoungGen      total 1044480K, used 1043792K [0x0000000780000000, 0x00000007c0000000, 0x00000007c0000000)
  eden space 1040384K, 100% used [0x0000000780000000,0x00000007bf800000,0x00000007bf800000)
  from space 4096K, 83% used [0x00000007bfc00000,0x00000007bff542b0,0x00000007c0000000)
  to   space 4096K, 0% used [0x00000007bf800000,0x00000007bf800000,0x00000007bfc00000)
 ParOldGen       total 2097152K, used 96668K [0x0000000700000000, 0x0000000780000000, 0x0000000780000000)
  object space 2097152K, 4% used [0x0000000700000000,0x0000000705e67318,0x0000000780000000)
 Metaspace       used 114603K, capacity 118937K, committed 119592K, reserved 1155072K
  class space    used 13951K, capacity 14864K, committed 14976K, reserved 1048576K
2020-10-27T08:55:52.373+0800: 67565.424: [GC (Allocation Failure) [PSYoungGen: 1043792K->3008K(1044480K)] 1140461K->99685K(3141632K), 0.0852416 secs] [Times: user=0.13 sys=0.01, real=0.09 secs] 
Heap after GC invocations=223 (full 4):
 PSYoungGen      total 1044480K, used 3008K [0x0000000780000000, 0x00000007c0000000, 0x00000007c0000000)
  eden space 1040384K, 0% used [0x0000000780000000,0x0000000780000000,0x00000007bf800000)
  from space 4096K, 73% used [0x00000007bf800000,0x00000007bfaf0180,0x00000007bfc00000)
  to   space 4096K, 0% used [0x00000007bfc00000,0x00000007bfc00000,0x00000007c0000000)
 ParOldGen       total 2097152K, used 96676K [0x0000000700000000, 0x0000000780000000, 0x0000000780000000)
  object space 2097152K, 4% used [0x0000000700000000,0x0000000705e69318,0x0000000780000000)
 Metaspace       used 114603K, capacity 118937K, committed 119592K, reserved 1155072K
  class space    used 13951K, capacity 14864K, committed 14976K, reserved 1048576K
}
{Heap before GC invocations=224 (full 4):
 PSYoungGen      total 1044480K, used 1043392K [0x0000000780000000, 0x00000007c0000000, 0x00000007c0000000)
  eden space 1040384K, 100% used [0x0000000780000000,0x00000007bf800000,0x00000007bf800000)
  from space 4096K, 73% used [0x00000007bf800000,0x00000007bfaf0180,0x00000007bfc00000)
  to   space 4096K, 0% used [0x00000007bfc00000,0x00000007bfc00000,0x00000007c0000000)
 ParOldGen       total 2097152K, used 96676K [0x0000000700000000, 0x0000000780000000, 0x0000000780000000)
  object space 2097152K, 4% used [0x0000000700000000,0x0000000705e69318,0x0000000780000000)
 Metaspace       used 114603K, capacity 118937K, committed 119592K, reserved 1155072K
  class space    used 13951K, capacity 14864K, committed 14976K, reserved 1048576K
2020-10-27T09:01:17.365+0800: 67890.416: [GC (Allocation Failure) [PSYoungGen: 1043392K->3184K(1044480K)] 1140069K->99861K(3141632K), 0.0943154 secs] [Times: user=0.13 sys=0.02, real=0.10 secs] 
Heap after GC invocations=224 (full 4):
 PSYoungGen      total 1044480K, used 3184K [0x0000000780000000, 0x00000007c0000000, 0x00000007c0000000)
  eden space 1040384K, 0% used [0x0000000780000000,0x0000000780000000,0x00000007bf800000)
  from space 4096K, 77% used [0x00000007bfc00000,0x00000007bff1c1b0,0x00000007c0000000)
  to   space 4096K, 0% used [0x00000007bf800000,0x00000007bf800000,0x00000007bfc00000)
 ParOldGen       total 2097152K, used 96676K [0x0000000700000000, 0x0000000780000000, 0x0000000780000000)
  object space 2097152K, 4% used [0x0000000700000000,0x0000000705e69318,0x0000000780000000)
 Metaspace       used 114603K, capacity 118937K, committed 119592K, reserved 1155072K
  class space    used 13951K, capacity 14864K, committed 14976K, reserved 1048576K
}
{Heap before GC invocations=225 (full 4):
 PSYoungGen      total 1044480K, used 1043568K [0x0000000780000000, 0x00000007c0000000, 0x00000007c0000000)
  eden space 1040384K, 100% used [0x0000000780000000,0x00000007bf800000,0x00000007bf800000)
  from space 4096K, 77% used [0x00000007bfc00000,0x00000007bff1c1b0,0x00000007c0000000)
  to   space 4096K, 0% used [0x00000007bf800000,0x00000007bf800000,0x00000007bfc00000)
 ParOldGen       total 2097152K, used 96676K [0x0000000700000000, 0x0000000780000000, 0x0000000780000000)
  object space 2097152K, 4% used [0x0000000700000000,0x0000000705e69318,0x0000000780000000)
 Metaspace       used 114603K, capacity 118937K, committed 119592K, reserved 1155072K
  class space    used 13951K, capacity 14864K, committed 14976K, reserved 1048576K
2020-10-27T09:06:42.358+0800: 68215.409: [GC (Allocation Failure) [PSYoungGen: 1043568K->3280K(1044480K)] 1140245K->99957K(3141632K), 0.0157509 secs] [Times: user=0.10 sys=0.02, real=0.01 secs] 
Heap after GC invocations=225 (full 4):
 PSYoungGen      total 1044480K, used 3280K [0x0000000780000000, 0x00000007c0000000, 0x00000007c0000000)
  eden space 1040384K, 0% used [0x0000000780000000,0x0000000780000000,0x00000007bf800000)
  from space 4096K, 80% used [0x00000007bf800000,0x00000007bfb34270,0x00000007bfc00000)
  to   space 4096K, 0% used [0x00000007bfc00000,0x00000007bfc00000,0x00000007c0000000)
 ParOldGen       total 2097152K, used 96676K [0x0000000700000000, 0x0000000780000000, 0x0000000780000000)
  object space 2097152K, 4% used [0x0000000700000000,0x0000000705e69318,0x0000000780000000)
 Metaspace       used 114603K, capacity 118937K, committed 119592K, reserved 1155072K
  class space    used 13951K, capacity 14864K, committed 14976K, reserved 1048576K
}
{Heap before GC invocations=226 (full 4):
 PSYoungGen      total 1044480K, used 1043664K [0x0000000780000000, 0x00000007c0000000, 0x00000007c0000000)
  eden space 1040384K, 100% used [0x0000000780000000,0x00000007bf800000,0x00000007bf800000)
  from space 4096K, 80% used [0x00000007bf800000,0x00000007bfb34270,0x00000007bfc00000)
  to   space 4096K, 0% used [0x00000007bfc00000,0x00000007bfc00000,0x00000007c0000000)
 ParOldGen       total 2097152K, used 96676K [0x0000000700000000, 0x0000000780000000, 0x0000000780000000)
  object space 2097152K, 4% used [0x0000000700000000,0x0000000705e69318,0x0000000780000000)
 Metaspace       used 114603K, capacity 118937K, committed 119592K, reserved 1155072K
  class space    used 13951K, capacity 14864K, committed 14976K, reserved 1048576K
2020-10-27T09:12:07.359+0800: 68540.410: [GC (Allocation Failure) [PSYoungGen: 1043664K->3008K(1044480K)] 1140341K->99685K(3141632K), 0.0174243 secs] [Times: user=0.12 sys=0.02, real=0.02 secs] 
Heap after GC invocations=226 (full 4):
 PSYoungGen      total 1044480K, used 3008K [0x0000000780000000, 0x00000007c0000000, 0x00000007c0000000)
  eden space 1040384K, 0% used [0x0000000780000000,0x0000000780000000,0x00000007bf800000)
  from space 4096K, 73% used [0x00000007bfc00000,0x00000007bfef01e0,0x00000007c0000000)
  to   space 4096K, 0% used [0x00000007bf800000,0x00000007bf800000,0x00000007bfc00000)
 ParOldGen       total 2097152K, used 96676K [0x0000000700000000, 0x0000000780000000, 0x0000000780000000)
  object space 2097152K, 4% used [0x0000000700000000,0x0000000705e69318,0x0000000780000000)
 Metaspace       used 114603K, capacity 118937K, committed 119592K, reserved 1155072K
  class space    used 13951K, capacity 14864K, committed 14976K, reserved 1048576K
}
{Heap before GC invocations=227 (full 4):
 PSYoungGen      total 1044480K, used 1043392K [0x0000000780000000, 0x00000007c0000000, 0x00000007c0000000)
  eden space 1040384K, 100% used [0x0000000780000000,0x00000007bf800000,0x00000007bf800000)
  from space 4096K, 73% used [0x00000007bfc00000,0x00000007bfef01e0,0x00000007c0000000)
  to   space 4096K, 0% used [0x00000007bf800000,0x00000007bf800000,0x00000007bfc00000)
 ParOldGen       total 2097152K, used 96676K [0x0000000700000000, 0x0000000780000000, 0x0000000780000000)
  object space 2097152K, 4% used [0x0000000700000000,0x0000000705e69318,0x0000000780000000)
 Metaspace       used 114603K, capacity 118937K, committed 119592K, reserved 1155072K
  class space    used 13951K, capacity 14864K, committed 14976K, reserved 1048576K
2020-10-27T09:17:27.830+0800: 68860.881: [GC (Allocation Failure) [PSYoungGen: 1043392K->2720K(1044480K)] 1140069K->99445K(3141632K), 0.0245612 secs] [Times: user=0.10 sys=0.03, real=0.02 secs] 
Heap after GC invocations=227 (full 4):
 PSYoungGen      total 1044480K, used 2720K [0x0000000780000000, 0x00000007c0000000, 0x00000007c0000000)
  eden space 1040384K, 0% used [0x0000000780000000,0x0000000780000000,0x00000007bf800000)
  from space 4096K, 66% used [0x00000007bf800000,0x00000007bfaa8240,0x00000007bfc00000)
  to   space 4096K, 0% used [0x00000007bfc00000,0x00000007bfc00000,0x00000007c0000000)
 ParOldGen       total 2097152K, used 96724K [0x0000000700000000, 0x0000000780000000, 0x0000000780000000)
  object space 2097152K, 4% used [0x0000000700000000,0x0000000705e75318,0x0000000780000000)
 Metaspace       used 114603K, capacity 118937K, committed 119592K, reserved 1155072K
  class space    used 13951K, capacity 14864K, committed 14976K, reserved 1048576K
}
{Heap before GC invocations=228 (full 4):
 PSYoungGen      total 1044480K, used 1043104K [0x0000000780000000, 0x00000007c0000000, 0x00000007c0000000)
  eden space 1040384K, 100% used [0x0000000780000000,0x00000007bf800000,0x00000007bf800000)
  from space 4096K, 66% used [0x00000007bf800000,0x00000007bfaa8240,0x00000007bfc00000)
  to   space 4096K, 0% used [0x00000007bfc00000,0x00000007bfc00000,0x00000007c0000000)
 ParOldGen       total 2097152K, used 96724K [0x0000000700000000, 0x0000000780000000, 0x0000000780000000)
  object space 2097152K, 4% used [0x0000000700000000,0x0000000705e75318,0x0000000780000000)
 Metaspace       used 114603K, capacity 118937K, committed 119592K, reserved 1155072K
  class space    used 13951K, capacity 14864K, committed 14976K, reserved 1048576K
2020-10-27T09:22:52.438+0800: 69185.489: [GC (Allocation Failure) [PSYoungGen: 1043104K->3104K(1044480K)] 1139829K->99845K(3141632K), 0.0255918 secs] [Times: user=0.13 sys=0.03, real=0.02 secs] 
Heap after GC invocations=228 (full 4):
 PSYoungGen      total 1044480K, used 3104K [0x0000000780000000, 0x00000007c0000000, 0x00000007c0000000)
  eden space 1040384K, 0% used [0x0000000780000000,0x0000000780000000,0x00000007bf800000)
  from space 4096K, 75% used [0x00000007bfc00000,0x00000007bff08240,0x00000007c0000000)
  to   space 4096K, 0% used [0x00000007bf800000,0x00000007bf800000,0x00000007bfc00000)
 ParOldGen       total 2097152K, used 96740K [0x0000000700000000, 0x0000000780000000, 0x0000000780000000)
  object space 2097152K, 4% used [0x0000000700000000,0x0000000705e79318,0x0000000780000000)
 Metaspace       used 114603K, capacity 118937K, committed 119592K, reserved 1155072K
  class space    used 13951K, capacity 14864K, committed 14976K, reserved 1048576K
}
{Heap before GC invocations=229 (full 4):
 PSYoungGen      total 1044480K, used 1043488K [0x0000000780000000, 0x00000007c0000000, 0x00000007c0000000)
  eden space 1040384K, 100% used [0x0000000780000000,0x00000007bf800000,0x00000007bf800000)
  from space 4096K, 75% used [0x00000007bfc00000,0x00000007bff08240,0x00000007c0000000)
  to   space 4096K, 0% used [0x00000007bf800000,0x00000007bf800000,0x00000007bfc00000)
 ParOldGen       total 2097152K, used 96740K [0x0000000700000000, 0x0000000780000000, 0x0000000780000000)
  object space 2097152K, 4% used [0x0000000700000000,0x0000000705e79318,0x0000000780000000)
 Metaspace       used 114603K, capacity 118937K, committed 119592K, reserved 1155072K
  class space    used 13951K, capacity 14864K, committed 14976K, reserved 1048576K
2020-10-27T09:28:17.394+0800: 69510.444: [GC (Allocation Failure) [PSYoungGen: 1043488K->2944K(1044480K)] 1140229K->99685K(3141632K), 0.0819838 secs] [Times: user=0.05 sys=0.09, real=0.08 secs] 
Heap after GC invocations=229 (full 4):
 PSYoungGen      total 1044480K, used 2944K [0x0000000780000000, 0x00000007c0000000, 0x00000007c0000000)
  eden space 1040384K, 0% used [0x0000000780000000,0x0000000780000000,0x00000007bf800000)
  from space 4096K, 71% used [0x00000007bf800000,0x00000007bfae0200,0x00000007bfc00000)
  to   space 3584K, 0% used [0x00000007bfc80000,0x00000007bfc80000,0x00000007c0000000)
 ParOldGen       total 2097152K, used 96740K [0x0000000700000000, 0x0000000780000000, 0x0000000780000000)
  object space 2097152K, 4% used [0x0000000700000000,0x0000000705e79318,0x0000000780000000)
 Metaspace       used 114603K, capacity 118937K, committed 119592K, reserved 1155072K
  class space    used 13951K, capacity 14864K, committed 14976K, reserved 1048576K
}
{Heap before GC invocations=230 (full 4):
 PSYoungGen      total 1044480K, used 1043328K [0x0000000780000000, 0x00000007c0000000, 0x00000007c0000000)
  eden space 1040384K, 100% used [0x0000000780000000,0x00000007bf800000,0x00000007bf800000)
  from space 4096K, 71% used [0x00000007bf800000,0x00000007bfae0200,0x00000007bfc00000)
  to   space 3584K, 0% used [0x00000007bfc80000,0x00000007bfc80000,0x00000007c0000000)
 ParOldGen       total 2097152K, used 96740K [0x0000000700000000, 0x0000000780000000, 0x0000000780000000)
  object space 2097152K, 4% used [0x0000000700000000,0x0000000705e79318,0x0000000780000000)
 Metaspace       used 114603K, capacity 118937K, committed 119592K, reserved 1155072K
  class space    used 13951K, capacity 14864K, committed 14976K, reserved 1048576K
2020-10-27T09:33:42.379+0800: 69835.430: [GC (Allocation Failure) [PSYoungGen: 1043328K->3424K(1043968K)] 1140069K->100165K(3141120K), 0.0851934 secs] [Times: user=0.17 sys=0.02, real=0.08 secs] 
Heap after GC invocations=230 (full 4):
 PSYoungGen      total 1043968K, used 3424K [0x0000000780000000, 0x00000007c0000000, 0x00000007c0000000)
  eden space 1040384K, 0% used [0x0000000780000000,0x0000000780000000,0x00000007bf800000)
  from space 3584K, 95% used [0x00000007bfc80000,0x00000007bffd8260,0x00000007c0000000)
  to   space 4096K, 0% used [0x00000007bf800000,0x00000007bf800000,0x00000007bfc00000)
 ParOldGen       total 2097152K, used 96740K [0x0000000700000000, 0x0000000780000000, 0x0000000780000000)
  object space 2097152K, 4% used [0x0000000700000000,0x0000000705e79318,0x0000000780000000)
 Metaspace       used 114603K, capacity 118937K, committed 119592K, reserved 1155072K
  class space    used 13951K, capacity 14864K, committed 14976K, reserved 1048576K
}
{Heap before GC invocations=231 (full 4):
 PSYoungGen      total 1043968K, used 1043808K [0x0000000780000000, 0x00000007c0000000, 0x00000007c0000000)
  eden space 1040384K, 100% used [0x0000000780000000,0x00000007bf800000,0x00000007bf800000)
  from space 3584K, 95% used [0x00000007bfc80000,0x00000007bffd8260,0x00000007c0000000)
  to   space 4096K, 0% used [0x00000007bf800000,0x00000007bf800000,0x00000007bfc00000)
 ParOldGen       total 2097152K, used 96740K [0x0000000700000000, 0x0000000780000000, 0x0000000780000000)
  object space 2097152K, 4% used [0x0000000700000000,0x0000000705e79318,0x0000000780000000)
 Metaspace       used 114603K, capacity 118937K, committed 119592K, reserved 1155072K
  class space    used 13951K, capacity 14864K, committed 14976K, reserved 1048576K
2020-10-27T09:39:07.360+0800: 70160.411: [GC (Allocation Failure) [PSYoungGen: 1043808K->3008K(1044480K)] 1140549K->99749K(3141632K), 0.1017136 secs] [Times: user=0.19 sys=0.01, real=0.10 secs] 
Heap after GC invocations=231 (full 4):
 PSYoungGen      total 1044480K, used 3008K [0x0000000780000000, 0x00000007c0000000, 0x00000007c0000000)
  eden space 1040384K, 0% used [0x0000000780000000,0x0000000780000000,0x00000007bf800000)
  from space 4096K, 73% used [0x00000007bf800000,0x00000007bfaf01c0,0x00000007bfc00000)
  to   space 4096K, 0% used [0x00000007bfc00000,0x00000007bfc00000,0x00000007c0000000)
 ParOldGen       total 2097152K, used 96740K [0x0000000700000000, 0x0000000780000000, 0x0000000780000000)
  object space 2097152K, 4% used [0x0000000700000000,0x0000000705e79318,0x0000000780000000)
 Metaspace       used 114603K, capacity 118937K, committed 119592K, reserved 1155072K
  class space    used 13951K, capacity 14864K, committed 14976K, reserved 1048576K
}
{Heap before GC invocations=232 (full 4):
 PSYoungGen      total 1044480K, used 1043392K [0x0000000780000000, 0x00000007c0000000, 0x00000007c0000000)
  eden space 1040384K, 100% used [0x0000000780000000,0x00000007bf800000,0x00000007bf800000)
  from space 4096K, 73% used [0x00000007bf800000,0x00000007bfaf01c0,0x00000007bfc00000)
  to   space 4096K, 0% used [0x00000007bfc00000,0x00000007bfc00000,0x00000007c0000000)
 ParOldGen       total 2097152K, used 96740K [0x0000000700000000, 0x0000000780000000, 0x0000000780000000)
  object space 2097152K, 4% used [0x0000000700000000,0x0000000705e79318,0x0000000780000000)
 Metaspace       used 114603K, capacity 118937K, committed 119592K, reserved 1155072K
  class space    used 13951K, capacity 14864K, committed 14976K, reserved 1048576K
2020-10-27T09:44:32.374+0800: 70485.425: [GC (Allocation Failure) [PSYoungGen: 1043392K->2928K(1044480K)] 1140133K->99709K(3141632K), 0.0893722 secs] [Times: user=0.19 sys=0.01, real=0.09 secs] 
Heap after GC invocations=232 (full 4):
 PSYoungGen      total 1044480K, used 2928K [0x0000000780000000, 0x00000007c0000000, 0x00000007c0000000)
  eden space 1040384K, 0% used [0x0000000780000000,0x0000000780000000,0x00000007bf800000)
  from space 4096K, 71% used [0x00000007bfc00000,0x00000007bfedc190,0x00000007c0000000)
  to   space 4096K, 0% used [0x00000007bf800000,0x00000007bf800000,0x00000007bfc00000)
 ParOldGen       total 2097152K, used 96780K [0x0000000700000000, 0x0000000780000000, 0x0000000780000000)
  object space 2097152K, 4% used [0x0000000700000000,0x0000000705e83318,0x0000000780000000)
 Metaspace       used 114603K, capacity 118937K, committed 119592K, reserved 1155072K
  class space    used 13951K, capacity 14864K, committed 14976K, reserved 1048576K
}
{Heap before GC invocations=233 (full 4):
 PSYoungGen      total 1044480K, used 1043312K [0x0000000780000000, 0x00000007c0000000, 0x00000007c0000000)
  eden space 1040384K, 100% used [0x0000000780000000,0x00000007bf800000,0x00000007bf800000)
  from space 4096K, 71% used [0x00000007bfc00000,0x00000007bfedc190,0x00000007c0000000)
  to   space 4096K, 0% used [0x00000007bf800000,0x00000007bf800000,0x00000007bfc00000)
 ParOldGen       total 2097152K, used 96780K [0x0000000700000000, 0x0000000780000000, 0x0000000780000000)
  object space 2097152K, 4% used [0x0000000700000000,0x0000000705e83318,0x0000000780000000)
 Metaspace       used 114609K, capacity 118941K, committed 119592K, reserved 1155072K
  class space    used 13951K, capacity 14864K, committed 14976K, reserved 1048576K
2020-10-27T09:49:53.288+0800: 70806.338: [GC (Allocation Failure) [PSYoungGen: 1043312K->3456K(1044480K)] 1140093K->100237K(3141632K), 0.0198237 secs] [Times: user=0.12 sys=0.00, real=0.02 secs] 
Heap after GC invocations=233 (full 4):
 PSYoungGen      total 1044480K, used 3456K [0x0000000780000000, 0x00000007c0000000, 0x00000007c0000000)
  eden space 1040384K, 0% used [0x0000000780000000,0x0000000780000000,0x00000007bf800000)
  from space 4096K, 84% used [0x00000007bf800000,0x00000007bfb60240,0x00000007bfc00000)
  to   space 4096K, 0% used [0x00000007bfc00000,0x00000007bfc00000,0x00000007c0000000)
 ParOldGen       total 2097152K, used 96780K [0x0000000700000000, 0x0000000780000000, 0x0000000780000000)
  object space 2097152K, 4% used [0x0000000700000000,0x0000000705e83318,0x0000000780000000)
 Metaspace       used 114609K, capacity 118941K, committed 119592K, reserved 1155072K
  class space    used 13951K, capacity 14864K, committed 14976K, reserved 1048576K
}
{Heap before GC invocations=234 (full 4):
 PSYoungGen      total 1044480K, used 1043840K [0x0000000780000000, 0x00000007c0000000, 0x00000007c0000000)
  eden space 1040384K, 100% used [0x0000000780000000,0x00000007bf800000,0x00000007bf800000)
  from space 4096K, 84% used [0x00000007bf800000,0x00000007bfb60240,0x00000007bfc00000)
  to   space 4096K, 0% used [0x00000007bfc00000,0x00000007bfc00000,0x00000007c0000000)
 ParOldGen       total 2097152K, used 96780K [0x0000000700000000, 0x0000000780000000, 0x0000000780000000)
  object space 2097152K, 4% used [0x0000000700000000,0x0000000705e83318,0x0000000780000000)
 Metaspace       used 114609K, capacity 118941K, committed 119592K, reserved 1155072K
  class space    used 13951K, capacity 14864K, committed 14976K, reserved 1048576K
2020-10-27T09:55:22.356+0800: 71135.407: [GC (Allocation Failure) [PSYoungGen: 1043840K->2656K(1044480K)] 1140621K->99445K(3141632K), 0.0210358 secs] [Times: user=0.09 sys=0.02, real=0.02 secs] 
Heap after GC invocations=234 (full 4):
 PSYoungGen      total 1044480K, used 2656K [0x0000000780000000, 0x00000007c0000000, 0x00000007c0000000)
  eden space 1040384K, 0% used [0x0000000780000000,0x0000000780000000,0x00000007bf800000)
  from space 4096K, 64% used [0x00000007bfc00000,0x00000007bfe98220,0x00000007c0000000)
  to   space 4096K, 0% used [0x00000007bf800000,0x00000007bf800000,0x00000007bfc00000)
 ParOldGen       total 2097152K, used 96788K [0x0000000700000000, 0x0000000780000000, 0x0000000780000000)
  object space 2097152K, 4% used [0x0000000700000000,0x0000000705e85318,0x0000000780000000)
 Metaspace       used 114609K, capacity 118941K, committed 119592K, reserved 1155072K
  class space    used 13951K, capacity 14864K, committed 14976K, reserved 1048576K
}
{Heap before GC invocations=235 (full 4):
 PSYoungGen      total 1044480K, used 1043040K [0x0000000780000000, 0x00000007c0000000, 0x00000007c0000000)
  eden space 1040384K, 100% used [0x0000000780000000,0x00000007bf800000,0x00000007bf800000)
  from space 4096K, 64% used [0x00000007bfc00000,0x00000007bfe98220,0x00000007c0000000)
  to   space 4096K, 0% used [0x00000007bf800000,0x00000007bf800000,0x00000007bfc00000)
 ParOldGen       total 2097152K, used 96788K [0x0000000700000000, 0x0000000780000000, 0x0000000780000000)
  object space 2097152K, 4% used [0x0000000700000000,0x0000000705e85318,0x0000000780000000)
 Metaspace       used 114609K, capacity 118941K, committed 119592K, reserved 1155072K
  class space    used 13951K, capacity 14864K, committed 14976K, reserved 1048576K
2020-10-27T10:00:42.394+0800: 71455.444: [GC (Allocation Failure) [PSYoungGen: 1043040K->3120K(1044480K)] 1139829K->99909K(3141632K), 0.0675122 secs] [Times: user=0.12 sys=0.02, real=0.07 secs] 
Heap after GC invocations=235 (full 4):
 PSYoungGen      total 1044480K, used 3120K [0x0000000780000000, 0x00000007c0000000, 0x00000007c0000000)
  eden space 1040384K, 0% used [0x0000000780000000,0x0000000780000000,0x00000007bf800000)
  from space 4096K, 76% used [0x00000007bf800000,0x00000007bfb0c210,0x00000007bfc00000)
  to   space 4096K, 0% used [0x00000007bfc00000,0x00000007bfc00000,0x00000007c0000000)
 ParOldGen       total 2097152K, used 96788K [0x0000000700000000, 0x0000000780000000, 0x0000000780000000)
  object space 2097152K, 4% used [0x0000000700000000,0x0000000705e85318,0x0000000780000000)
 Metaspace       used 114609K, capacity 118941K, committed 119592K, reserved 1155072K
  class space    used 13951K, capacity 14864K, committed 14976K, reserved 1048576K
}
{Heap before GC invocations=236 (full 4):
 PSYoungGen      total 1044480K, used 1043504K [0x0000000780000000, 0x00000007c0000000, 0x00000007c0000000)
  eden space 1040384K, 100% used [0x0000000780000000,0x00000007bf800000,0x00000007bf800000)
  from space 4096K, 76% used [0x00000007bf800000,0x00000007bfb0c210,0x00000007bfc00000)
  to   space 4096K, 0% used [0x00000007bfc00000,0x00000007bfc00000,0x00000007c0000000)
 ParOldGen       total 2097152K, used 96788K [0x0000000700000000, 0x0000000780000000, 0x0000000780000000)
  object space 2097152K, 4% used [0x0000000700000000,0x0000000705e85318,0x0000000780000000)
 Metaspace       used 114609K, capacity 118941K, committed 119592K, reserved 1155072K
  class space    used 13951K, capacity 14864K, committed 14976K, reserved 1048576K
2020-10-27T10:06:07.412+0800: 71780.463: [GC (Allocation Failure) [PSYoungGen: 1043504K->3232K(1044480K)] 1140293K->100021K(3141632K), 0.0488652 secs] [Times: user=0.14 sys=0.02, real=0.05 secs] 
Heap after GC invocations=236 (full 4):
 PSYoungGen      total 1044480K, used 3232K [0x0000000780000000, 0x00000007c0000000, 0x00000007c0000000)
  eden space 1040384K, 0% used [0x0000000780000000,0x0000000780000000,0x00000007bf800000)
  from space 4096K, 78% used [0x00000007bfc00000,0x00000007bff28240,0x00000007c0000000)
  to   space 4096K, 0% used [0x00000007bf800000,0x00000007bf800000,0x00000007bfc00000)
 ParOldGen       total 2097152K, used 96788K [0x0000000700000000, 0x0000000780000000, 0x0000000780000000)
  object space 2097152K, 4% used [0x0000000700000000,0x0000000705e85318,0x0000000780000000)
 Metaspace       used 114609K, capacity 118941K, committed 119592K, reserved 1155072K
  class space    used 13951K, capacity 14864K, committed 14976K, reserved 1048576K
}
{Heap before GC invocations=237 (full 4):
 PSYoungGen      total 1044480K, used 1043616K [0x0000000780000000, 0x00000007c0000000, 0x00000007c0000000)
  eden space 1040384K, 100% used [0x0000000780000000,0x00000007bf800000,0x00000007bf800000)
  from space 4096K, 78% used [0x00000007bfc00000,0x00000007bff28240,0x00000007c0000000)
  to   space 4096K, 0% used [0x00000007bf800000,0x00000007bf800000,0x00000007bfc00000)
 ParOldGen       total 2097152K, used 96788K [0x0000000700000000, 0x0000000780000000, 0x0000000780000000)
  object space 2097152K, 4% used [0x0000000700000000,0x0000000705e85318,0x0000000780000000)
 Metaspace       used 114609K, capacity 118941K, committed 119592K, reserved 1155072K
  class space    used 13951K, capacity 14864K, committed 14976K, reserved 1048576K
2020-10-27T10:11:32.391+0800: 72105.441: [GC (Allocation Failure) [PSYoungGen: 1043616K->2656K(1044480K)] 1140405K->99445K(3141632K), 0.0677008 secs] [Times: user=0.10 sys=0.02, real=0.07 secs] 
Heap after GC invocations=237 (full 4):
 PSYoungGen      total 1044480K, used 2656K [0x0000000780000000, 0x00000007c0000000, 0x00000007c0000000)
  eden space 1040384K, 0% used [0x0000000780000000,0x0000000780000000,0x00000007bf800000)
  from space 4096K, 64% used [0x00000007bf800000,0x00000007bfa98220,0x00000007bfc00000)
  to   space 4096K, 0% used [0x00000007bfc00000,0x00000007bfc00000,0x00000007c0000000)
 ParOldGen       total 2097152K, used 96788K [0x0000000700000000, 0x0000000780000000, 0x0000000780000000)
  object space 2097152K, 4% used [0x0000000700000000,0x0000000705e85318,0x0000000780000000)
 Metaspace       used 114609K, capacity 118941K, committed 119592K, reserved 1155072K
  class space    used 13951K, capacity 14864K, committed 14976K, reserved 1048576K
}
{Heap before GC invocations=238 (full 4):
 PSYoungGen      total 1044480K, used 1043040K [0x0000000780000000, 0x00000007c0000000, 0x00000007c0000000)
  eden space 1040384K, 100% used [0x0000000780000000,0x00000007bf800000,0x00000007bf800000)
  from space 4096K, 64% used [0x00000007bf800000,0x00000007bfa98220,0x00000007bfc00000)
  to   space 4096K, 0% used [0x00000007bfc00000,0x00000007bfc00000,0x00000007c0000000)
 ParOldGen       total 2097152K, used 96788K [0x0000000700000000, 0x0000000780000000, 0x0000000780000000)
  object space 2097152K, 4% used [0x0000000700000000,0x0000000705e85318,0x0000000780000000)
 Metaspace       used 114609K, capacity 118941K, committed 119592K, reserved 1155072K
  class space    used 13951K, capacity 14864K, committed 14976K, reserved 1048576K
2020-10-27T10:16:57.391+0800: 72430.442: [GC (Allocation Failure) [PSYoungGen: 1043040K->3456K(1044480K)] 1139829K->100245K(3141632K), 0.0663011 secs] [Times: user=0.12 sys=0.02, real=0.07 secs] 
Heap after GC invocations=238 (full 4):
 PSYoungGen      total 1044480K, used 3456K [0x0000000780000000, 0x00000007c0000000, 0x00000007c0000000)
  eden space 1040384K, 0% used [0x0000000780000000,0x0000000780000000,0x00000007bf800000)
  from space 4096K, 84% used [0x00000007bfc00000,0x00000007bff602a0,0x00000007c0000000)
  to   space 4096K, 0% used [0x00000007bf800000,0x00000007bf800000,0x00000007bfc00000)
 ParOldGen       total 2097152K, used 96788K [0x0000000700000000, 0x0000000780000000, 0x0000000780000000)
  object space 2097152K, 4% used [0x0000000700000000,0x0000000705e85318,0x0000000780000000)
 Metaspace       used 114609K, capacity 118941K, committed 119592K, reserved 1155072K
  class space    used 13951K, capacity 14864K, committed 14976K, reserved 1048576K
}
{Heap before GC invocations=239 (full 4):
 PSYoungGen      total 1044480K, used 1043840K [0x0000000780000000, 0x00000007c0000000, 0x00000007c0000000)
  eden space 1040384K, 100% used [0x0000000780000000,0x00000007bf800000,0x00000007bf800000)
  from space 4096K, 84% used [0x00000007bfc00000,0x00000007bff602a0,0x00000007c0000000)
  to   space 4096K, 0% used [0x00000007bf800000,0x00000007bf800000,0x00000007bfc00000)
 ParOldGen       total 2097152K, used 96788K [0x0000000700000000, 0x0000000780000000, 0x0000000780000000)
  object space 2097152K, 4% used [0x0000000700000000,0x0000000705e85318,0x0000000780000000)
 Metaspace       used 114609K, capacity 118941K, committed 119592K, reserved 1155072K
  class space    used 13951K, capacity 14864K, committed 14976K, reserved 1048576K
2020-10-27T10:22:22.367+0800: 72755.417: [GC (Allocation Failure) [PSYoungGen: 1043840K->2992K(1044480K)] 1140629K->99781K(3141632K), 0.0923924 secs] [Times: user=0.13 sys=0.02, real=0.09 secs] 
Heap after GC invocations=239 (full 4):
 PSYoungGen      total 1044480K, used 2992K [0x0000000780000000, 0x00000007c0000000, 0x00000007c0000000)
  eden space 1040384K, 0% used [0x0000000780000000,0x0000000780000000,0x00000007bf800000)
  from space 4096K, 73% used [0x00000007bf800000,0x00000007bfaec250,0x00000007bfc00000)
  to   space 4096K, 0% used [0x00000007bfc00000,0x00000007bfc00000,0x00000007c0000000)
 ParOldGen       total 2097152K, used 96788K [0x0000000700000000, 0x0000000780000000, 0x0000000780000000)
  object space 2097152K, 4% used [0x0000000700000000,0x0000000705e85318,0x0000000780000000)
 Metaspace       used 114609K, capacity 118941K, committed 119592K, reserved 1155072K
  class space    used 13951K, capacity 14864K, committed 14976K, reserved 1048576K
}
{Heap before GC invocations=240 (full 4):
 PSYoungGen      total 1044480K, used 1043376K [0x0000000780000000, 0x00000007c0000000, 0x00000007c0000000)
  eden space 1040384K, 100% used [0x0000000780000000,0x00000007bf800000,0x00000007bf800000)
  from space 4096K, 73% used [0x00000007bf800000,0x00000007bfaec250,0x00000007bfc00000)
  to   space 4096K, 0% used [0x00000007bfc00000,0x00000007bfc00000,0x00000007c0000000)
 ParOldGen       total 2097152K, used 96788K [0x0000000700000000, 0x0000000780000000, 0x0000000780000000)
  object space 2097152K, 4% used [0x0000000700000000,0x0000000705e85318,0x0000000780000000)
 Metaspace       used 114609K, capacity 118941K, committed 119592K, reserved 1155072K
  class space    used 13951K, capacity 14864K, committed 14976K, reserved 1048576K
2020-10-27T10:27:47.369+0800: 73080.420: [GC (Allocation Failure) [PSYoungGen: 1043376K->2960K(1044480K)] 1140165K->99749K(3141632K), 0.0858055 secs] [Times: user=0.13 sys=0.01, real=0.08 secs] 
Heap after GC invocations=240 (full 4):
 PSYoungGen      total 1044480K, used 2960K [0x0000000780000000, 0x00000007c0000000, 0x00000007c0000000)
  eden space 1040384K, 0% used [0x0000000780000000,0x0000000780000000,0x00000007bf800000)
  from space 4096K, 72% used [0x00000007bfc00000,0x00000007bfee4250,0x00000007c0000000)
  to   space 4096K, 0% used [0x00000007bf800000,0x00000007bf800000,0x00000007bfc00000)
 ParOldGen       total 2097152K, used 96788K [0x0000000700000000, 0x0000000780000000, 0x0000000780000000)
  object space 2097152K, 4% used [0x0000000700000000,0x0000000705e85318,0x0000000780000000)
 Metaspace       used 114609K, capacity 118941K, committed 119592K, reserved 1155072K
  class space    used 13951K, capacity 14864K, committed 14976K, reserved 1048576K
}
{Heap before GC invocations=241 (full 4):
 PSYoungGen      total 1044480K, used 1043344K [0x0000000780000000, 0x00000007c0000000, 0x00000007c0000000)
  eden space 1040384K, 100% used [0x0000000780000000,0x00000007bf800000,0x00000007bf800000)
  from space 4096K, 72% used [0x00000007bfc00000,0x00000007bfee4250,0x00000007c0000000)
  to   space 4096K, 0% used [0x00000007bf800000,0x00000007bf800000,0x00000007bfc00000)
 ParOldGen       total 2097152K, used 96788K [0x0000000700000000, 0x0000000780000000, 0x0000000780000000)
  object space 2097152K, 4% used [0x0000000700000000,0x0000000705e85318,0x0000000780000000)
 Metaspace       used 114610K, capacity 118941K, committed 119592K, reserved 1155072K
  class space    used 13951K, capacity 14864K, committed 14976K, reserved 1048576K
2020-10-27T10:33:12.333+0800: 73405.384: [GC (Allocation Failure) [PSYoungGen: 1043344K->3248K(1044480K)] 1140133K->100045K(3141632K), 0.0310931 secs] [Times: user=0.19 sys=0.02, real=0.03 secs] 
Heap after GC invocations=241 (full 4):
 PSYoungGen      total 1044480K, used 3248K [0x0000000780000000, 0x00000007c0000000, 0x00000007c0000000)
  eden space 1040384K, 0% used [0x0000000780000000,0x0000000780000000,0x00000007bf800000)
  from space 4096K, 79% used [0x00000007bf800000,0x00000007bfb2c290,0x00000007bfc00000)
  to   space 4096K, 0% used [0x00000007bfc00000,0x00000007bfc00000,0x00000007c0000000)
 ParOldGen       total 2097152K, used 96796K [0x0000000700000000, 0x0000000780000000, 0x0000000780000000)
  object space 2097152K, 4% used [0x0000000700000000,0x0000000705e87318,0x0000000780000000)
 Metaspace       used 114610K, capacity 118941K, committed 119592K, reserved 1155072K
  class space    used 13951K, capacity 14864K, committed 14976K, reserved 1048576K
}
{Heap before GC invocations=242 (full 4):
 PSYoungGen      total 1044480K, used 1043632K [0x0000000780000000, 0x00000007c0000000, 0x00000007c0000000)
  eden space 1040384K, 100% used [0x0000000780000000,0x00000007bf800000,0x00000007bf800000)
  from space 4096K, 79% used [0x00000007bf800000,0x00000007bfb2c290,0x00000007bfc00000)
  to   space 4096K, 0% used [0x00000007bfc00000,0x00000007bfc00000,0x00000007c0000000)
 ParOldGen       total 2097152K, used 96796K [0x0000000700000000, 0x0000000780000000, 0x0000000780000000)
  object space 2097152K, 4% used [0x0000000700000000,0x0000000705e87318,0x0000000780000000)
 Metaspace       used 115320K, capacity 119809K, committed 120360K, reserved 1155072K
  class space    used 13997K, capacity 14906K, committed 14976K, reserved 1048576K
2020-10-27T10:37:57.384+0800: 73690.435: [GC (Allocation Failure) [PSYoungGen: 1043632K->4082K(1020928K)] 1140429K->131773K(3118080K), 0.0831474 secs] [Times: user=0.09 sys=0.09, real=0.09 secs] 
Heap after GC invocations=242 (full 4):
 PSYoungGen      total 1020928K, used 4082K [0x0000000780000000, 0x00000007c0000000, 0x00000007c0000000)
  eden space 1016832K, 0% used [0x0000000780000000,0x0000000780000000,0x00000007be100000)
  from space 4096K, 99% used [0x00000007bfc00000,0x00000007bfffc808,0x00000007c0000000)
  to   space 15872K, 0% used [0x00000007be100000,0x00000007be100000,0x00000007bf080000)
 ParOldGen       total 2097152K, used 127691K [0x0000000700000000, 0x0000000780000000, 0x0000000780000000)
  object space 2097152K, 6% used [0x0000000700000000,0x0000000707cb2f28,0x0000000780000000)
 Metaspace       used 115320K, capacity 119809K, committed 120360K, reserved 1155072K
  class space    used 13997K, capacity 14906K, committed 14976K, reserved 1048576K
}
{Heap before GC invocations=243 (full 4):
 PSYoungGen      total 1020928K, used 1020914K [0x0000000780000000, 0x00000007c0000000, 0x00000007c0000000)
  eden space 1016832K, 100% used [0x0000000780000000,0x00000007be100000,0x00000007be100000)
  from space 4096K, 99% used [0x00000007bfc00000,0x00000007bfffc808,0x00000007c0000000)
  to   space 15872K, 0% used [0x00000007be100000,0x00000007be100000,0x00000007bf080000)
 ParOldGen       total 2097152K, used 127691K [0x0000000700000000, 0x0000000780000000, 0x0000000780000000)
  object space 2097152K, 6% used [0x0000000700000000,0x0000000707cb2f28,0x0000000780000000)
 Metaspace       used 115682K, capacity 120269K, committed 120616K, reserved 1155072K
  class space    used 14020K, capacity 14950K, committed 14976K, reserved 1048576K
2020-10-27T10:42:47.376+0800: 73980.427: [GC (Allocation Failure) [PSYoungGen: 1020914K->15870K(1032704K)] 1148605K->151202K(3129856K), 0.1006999 secs] [Times: user=0.10 sys=0.14, real=0.11 secs] 
Heap after GC invocations=243 (full 4):
 PSYoungGen      total 1032704K, used 15870K [0x0000000780000000, 0x00000007c0000000, 0x00000007c0000000)
  eden space 1016832K, 0% used [0x0000000780000000,0x0000000780000000,0x00000007be100000)
  from space 15872K, 99% used [0x00000007be100000,0x00000007bf07fb78,0x00000007bf080000)
  to   space 15872K, 0% used [0x00000007bf080000,0x00000007bf080000,0x00000007c0000000)
 ParOldGen       total 2097152K, used 135331K [0x0000000700000000, 0x0000000780000000, 0x0000000780000000)
  object space 2097152K, 6% used [0x0000000700000000,0x0000000708428d30,0x0000000780000000)
 Metaspace       used 115682K, capacity 120269K, committed 120616K, reserved 1155072K
  class space    used 14020K, capacity 14950K, committed 14976K, reserved 1048576K
}
{Heap before GC invocations=244 (full 4):
 PSYoungGen      total 1032704K, used 1032702K [0x0000000780000000, 0x00000007c0000000, 0x00000007c0000000)
  eden space 1016832K, 100% used [0x0000000780000000,0x00000007be100000,0x00000007be100000)
  from space 15872K, 99% used [0x00000007be100000,0x00000007bf07fb78,0x00000007bf080000)
  to   space 15872K, 0% used [0x00000007bf080000,0x00000007bf080000,0x00000007c0000000)
 ParOldGen       total 2097152K, used 135331K [0x0000000700000000, 0x0000000780000000, 0x0000000780000000)
  object space 2097152K, 6% used [0x0000000700000000,0x0000000708428d30,0x0000000780000000)
 Metaspace       used 115827K, capacity 120381K, committed 120872K, reserved 1155072K
  class space    used 14024K, capacity 14958K, committed 14976K, reserved 1048576K
2020-10-27T10:47:37.392+0800: 74270.443: [GC (Allocation Failure) [PSYoungGen: 1032702K->15867K(1010176K)] 1168034K->162479K(3107328K), 0.2702435 secs] [Times: user=0.28 sys=0.15, real=0.27 secs] 
Heap after GC invocations=244 (full 4):
 PSYoungGen      total 1010176K, used 15867K [0x0000000780000000, 0x00000007c0000000, 0x00000007c0000000)
  eden space 994304K, 0% used [0x0000000780000000,0x0000000780000000,0x00000007bcb00000)
  from space 15872K, 99% used [0x00000007bf080000,0x00000007bfffef88,0x00000007c0000000)
  to   space 27136K, 0% used [0x00000007bcb00000,0x00000007bcb00000,0x00000007be580000)
 ParOldGen       total 2097152K, used 146611K [0x0000000700000000, 0x0000000780000000, 0x0000000780000000)
  object space 2097152K, 6% used [0x0000000700000000,0x0000000708f2cdb0,0x0000000780000000)
 Metaspace       used 115827K, capacity 120381K, committed 120872K, reserved 1155072K
  class space    used 14024K, capacity 14958K, committed 14976K, reserved 1048576K
}
{Heap before GC invocations=245 (full 4):
 PSYoungGen      total 1010176K, used 1010171K [0x0000000780000000, 0x00000007c0000000, 0x00000007c0000000)
  eden space 994304K, 100% used [0x0000000780000000,0x00000007bcb00000,0x00000007bcb00000)
  from space 15872K, 99% used [0x00000007bf080000,0x00000007bfffef88,0x00000007c0000000)
  to   space 27136K, 0% used [0x00000007bcb00000,0x00000007bcb00000,0x00000007be580000)
 ParOldGen       total 2097152K, used 146611K [0x0000000700000000, 0x0000000780000000, 0x0000000780000000)
  object space 2097152K, 6% used [0x0000000700000000,0x0000000708f2cdb0,0x0000000780000000)
 Metaspace       used 115827K, capacity 120381K, committed 120872K, reserved 1155072K
  class space    used 14024K, capacity 14958K, committed 14976K, reserved 1048576K
2020-10-27T10:52:37.413+0800: 74570.464: [GC (Allocation Failure) [PSYoungGen: 1010171K->17052K(1011712K)] 1156783K->163672K(3108864K), 0.3483667 secs] [Times: user=0.50 sys=0.11, real=0.35 secs] 
Heap after GC invocations=245 (full 4):
 PSYoungGen      total 1011712K, used 17052K [0x0000000780000000, 0x00000007c0000000, 0x00000007c0000000)
  eden space 994304K, 0% used [0x0000000780000000,0x0000000780000000,0x00000007bcb00000)
  from space 17408K, 97% used [0x00000007bcb00000,0x00000007bdba73c8,0x00000007bdc00000)
  to   space 27648K, 0% used [0x00000007be500000,0x00000007be500000,0x00000007c0000000)
 ParOldGen       total 2097152K, used 146619K [0x0000000700000000, 0x0000000780000000, 0x0000000780000000)
  object space 2097152K, 6% used [0x0000000700000000,0x0000000708f2edb0,0x0000000780000000)
 Metaspace       used 115827K, capacity 120381K, committed 120872K, reserved 1155072K
  class space    used 14024K, capacity 14958K, committed 14976K, reserved 1048576K
}
{Heap before GC invocations=246 (full 4):
 PSYoungGen      total 1011712K, used 1011356K [0x0000000780000000, 0x00000007c0000000, 0x00000007c0000000)
  eden space 994304K, 100% used [0x0000000780000000,0x00000007bcb00000,0x00000007bcb00000)
  from space 17408K, 97% used [0x00000007bcb00000,0x00000007bdba73c8,0x00000007bdc00000)
  to   space 27648K, 0% used [0x00000007be500000,0x00000007be500000,0x00000007c0000000)
 ParOldGen       total 2097152K, used 146619K [0x0000000700000000, 0x0000000780000000, 0x0000000780000000)
  object space 2097152K, 6% used [0x0000000700000000,0x0000000708f2edb0,0x0000000780000000)
 Metaspace       used 115827K, capacity 120381K, committed 120872K, reserved 1155072K
  class space    used 14024K, capacity 14958K, committed 14976K, reserved 1048576K
2020-10-27T10:57:37.800+0800: 74870.851: [GC (Allocation Failure) [PSYoungGen: 1011356K->17067K(1018880K)] 1157976K->163687K(3116032K), 0.2600239 secs] [Times: user=0.40 sys=0.09, real=0.26 secs] 
Heap after GC invocations=246 (full 4):
 PSYoungGen      total 1018880K, used 17067K [0x0000000780000000, 0x00000007c0000000, 0x00000007c0000000)
  eden space 991232K, 0% used [0x0000000780000000,0x0000000780000000,0x00000007bc800000)
  from space 27648K, 61% used [0x00000007be500000,0x00000007bf5aaf58,0x00000007c0000000)
  to   space 28672K, 0% used [0x00000007bc800000,0x00000007bc800000,0x00000007be400000)
 ParOldGen       total 2097152K, used 146619K [0x0000000700000000, 0x0000000780000000, 0x0000000780000000)
  object space 2097152K, 6% used [0x0000000700000000,0x0000000708f2edb0,0x0000000780000000)
 Metaspace       used 115827K, capacity 120381K, committed 120872K, reserved 1155072K
  class space    used 14024K, capacity 14958K, committed 14976K, reserved 1048576K
}
{Heap before GC invocations=247 (full 4):
 PSYoungGen      total 1018880K, used 1008299K [0x0000000780000000, 0x00000007c0000000, 0x00000007c0000000)
  eden space 991232K, 100% used [0x0000000780000000,0x00000007bc800000,0x00000007bc800000)
  from space 27648K, 61% used [0x00000007be500000,0x00000007bf5aaf58,0x00000007c0000000)
  to   space 28672K, 0% used [0x00000007bc800000,0x00000007bc800000,0x00000007be400000)
 ParOldGen       total 2097152K, used 146619K [0x0000000700000000, 0x0000000780000000, 0x0000000780000000)
  object space 2097152K, 6% used [0x0000000700000000,0x0000000708f2edb0,0x0000000780000000)
 Metaspace       used 115829K, capacity 120381K, committed 120872K, reserved 1155072K
  class space    used 14024K, capacity 14958K, committed 14976K, reserved 1048576K
2020-10-27T11:02:38.081+0800: 75171.132: [GC (Allocation Failure) [PSYoungGen: 1008299K->17083K(1008640K)] 1154919K->163703K(3105792K), 0.1825329 secs] [Times: user=0.32 sys=0.08, real=0.18 secs] 
Heap after GC invocations=247 (full 4):
 PSYoungGen      total 1008640K, used 17083K [0x0000000780000000, 0x00000007c0000000, 0x00000007c0000000)
  eden space 991232K, 0% used [0x0000000780000000,0x0000000780000000,0x00000007bc800000)
  from space 17408K, 98% used [0x00000007bc800000,0x00000007bd8aef88,0x00000007bd900000)
  to   space 29184K, 0% used [0x00000007be380000,0x00000007be380000,0x00000007c0000000)
 ParOldGen       total 2097152K, used 146619K [0x0000000700000000, 0x0000000780000000, 0x0000000780000000)
  object space 2097152K, 6% used [0x0000000700000000,0x0000000708f2edb0,0x0000000780000000)
 Metaspace       used 115829K, capacity 120381K, committed 120872K, reserved 1155072K
  class space    used 14024K, capacity 14958K, committed 14976K, reserved 1048576K
}
{Heap before GC invocations=248 (full 4):
 PSYoungGen      total 1008640K, used 1008315K [0x0000000780000000, 0x00000007c0000000, 0x00000007c0000000)
  eden space 991232K, 100% used [0x0000000780000000,0x00000007bc800000,0x00000007bc800000)
  from space 17408K, 98% used [0x00000007bc800000,0x00000007bd8aef88,0x00000007bd900000)
  to   space 29184K, 0% used [0x00000007be380000,0x00000007be380000,0x00000007c0000000)
 ParOldGen       total 2097152K, used 146619K [0x0000000700000000, 0x0000000780000000, 0x0000000780000000)
  object space 2097152K, 6% used [0x0000000700000000,0x0000000708f2edb0,0x0000000780000000)
 Metaspace       used 115926K, capacity 120509K, committed 120872K, reserved 1155072K
  class space    used 14024K, capacity 14958K, committed 14976K, reserved 1048576K
2020-10-27T11:07:27.390+0800: 75460.441: [GC (Allocation Failure) [PSYoungGen: 1008315K->24502K(1013248K)] 1154935K->171130K(3110400K), 0.3777395 secs] [Times: user=0.46 sys=0.22, real=0.38 secs] 
Heap after GC invocations=248 (full 4):
 PSYoungGen      total 1013248K, used 24502K [0x0000000780000000, 0x00000007c0000000, 0x00000007c0000000)
  eden space 984064K, 0% used [0x0000000780000000,0x0000000780000000,0x00000007bc100000)
  from space 29184K, 83% used [0x00000007be380000,0x00000007bfb6da98,0x00000007c0000000)
  to   space 32256K, 0% used [0x00000007bc100000,0x00000007bc100000,0x00000007be080000)
 ParOldGen       total 2097152K, used 146627K [0x0000000700000000, 0x0000000780000000, 0x0000000780000000)
  object space 2097152K, 6% used [0x0000000700000000,0x0000000708f30db0,0x0000000780000000)
 Metaspace       used 115926K, capacity 120509K, committed 120872K, reserved 1155072K
  class space    used 14024K, capacity 14958K, committed 14976K, reserved 1048576K
}
{Heap before GC invocations=249 (full 4):
 PSYoungGen      total 1013248K, used 1008566K [0x0000000780000000, 0x00000007c0000000, 0x00000007c0000000)
  eden space 984064K, 100% used [0x0000000780000000,0x00000007bc100000,0x00000007bc100000)
  from space 29184K, 83% used [0x00000007be380000,0x00000007bfb6da98,0x00000007c0000000)
  to   space 32256K, 0% used [0x00000007bc100000,0x00000007bc100000,0x00000007be080000)
 ParOldGen       total 2097152K, used 146627K [0x0000000700000000, 0x0000000780000000, 0x0000000780000000)
  object space 2097152K, 6% used [0x0000000700000000,0x0000000708f30db0,0x0000000780000000)
 Metaspace       used 115926K, capacity 120509K, committed 120872K, reserved 1155072K
  class space    used 14024K, capacity 14958K, committed 14976K, reserved 1048576K
2020-10-27T11:12:27.374+0800: 75760.424: [GC (Allocation Failure) [PSYoungGen: 1008566K->24227K(1008640K)] 1155194K->170862K(3105792K), 0.3960070 secs] [Times: user=0.47 sys=0.24, real=0.40 secs] 
Heap after GC invocations=249 (full 4):
 PSYoungGen      total 1008640K, used 24227K [0x0000000780000000, 0x00000007c0000000, 0x00000007c0000000)
  eden space 984064K, 0% used [0x0000000780000000,0x0000000780000000,0x00000007bc100000)
  from space 24576K, 98% used [0x00000007bc100000,0x00000007bd8a8d88,0x00000007bd900000)
  to   space 34304K, 0% used [0x00000007bde80000,0x00000007bde80000,0x00000007c0000000)
 ParOldGen       total 2097152K, used 146635K [0x0000000700000000, 0x0000000780000000, 0x0000000780000000)
  object space 2097152K, 6% used [0x0000000700000000,0x0000000708f32db0,0x0000000780000000)
 Metaspace       used 115926K, capacity 120509K, committed 120872K, reserved 1155072K
  class space    used 14024K, capacity 14958K, committed 14976K, reserved 1048576K
}
{Heap before GC invocations=250 (full 4):
 PSYoungGen      total 1008640K, used 1008291K [0x0000000780000000, 0x00000007c0000000, 0x00000007c0000000)
  eden space 984064K, 100% used [0x0000000780000000,0x00000007bc100000,0x00000007bc100000)
  from space 24576K, 98% used [0x00000007bc100000,0x00000007bd8a8d88,0x00000007bd900000)
  to   space 34304K, 0% used [0x00000007bde80000,0x00000007bde80000,0x00000007c0000000)
 ParOldGen       total 2097152K, used 146635K [0x0000000700000000, 0x0000000780000000, 0x0000000780000000)
  object space 2097152K, 6% used [0x0000000700000000,0x0000000708f32db0,0x0000000780000000)
 Metaspace       used 115938K, capacity 120509K, committed 120872K, reserved 1155072K
  class space    used 14024K, capacity 14958K, committed 14976K, reserved 1048576K
2020-10-27T11:17:17.415+0800: 76050.466: [GC (Allocation Failure) [PSYoungGen: 1008291K->28950K(1007104K)] 1154926K->175594K(3104256K), 0.3502205 secs] [Times: user=0.20 sys=0.41, real=0.35 secs] 
Heap after GC invocations=250 (full 4):
 PSYoungGen      total 1007104K, used 28950K [0x0000000780000000, 0x00000007c0000000, 0x00000007c0000000)
  eden space 972800K, 0% used [0x0000000780000000,0x0000000780000000,0x00000007bb600000)
  from space 34304K, 84% used [0x00000007bde80000,0x00000007bfac5ac8,0x00000007c0000000)
  to   space 37888K, 0% used [0x00000007bb600000,0x00000007bb600000,0x00000007bdb00000)
 ParOldGen       total 2097152K, used 146643K [0x0000000700000000, 0x0000000780000000, 0x0000000780000000)
  object space 2097152K, 6% used [0x0000000700000000,0x0000000708f34db0,0x0000000780000000)
 Metaspace       used 115938K, capacity 120509K, committed 120872K, reserved 1155072K
  class space    used 14024K, capacity 14958K, committed 14976K, reserved 1048576K
}
{Heap before GC invocations=251 (full 4):
 PSYoungGen      total 1007104K, used 1001750K [0x0000000780000000, 0x00000007c0000000, 0x00000007c0000000)
  eden space 972800K, 100% used [0x0000000780000000,0x00000007bb600000,0x00000007bb600000)
  from space 34304K, 84% used [0x00000007bde80000,0x00000007bfac5ac8,0x00000007c0000000)
  to   space 37888K, 0% used [0x00000007bb600000,0x00000007bb600000,0x00000007bdb00000)
 ParOldGen       total 2097152K, used 146643K [0x0000000700000000, 0x0000000780000000, 0x0000000780000000)
  object space 2097152K, 6% used [0x0000000700000000,0x0000000708f34db0,0x0000000780000000)
 Metaspace       used 115939K, capacity 120509K, committed 120872K, reserved 1155072K
  class space    used 14024K, capacity 14958K, committed 14976K, reserved 1048576K
2020-10-27T11:22:13.420+0800: 76346.471: [GC (Allocation Failure) [PSYoungGen: 1001750K->28712K(1001984K)] 1148394K->175363K(3099136K), 0.2393145 secs] [Times: user=0.05 sys=0.41, real=0.24 secs] 
Heap after GC invocations=251 (full 4):
 PSYoungGen      total 1001984K, used 28712K [0x0000000780000000, 0x00000007c0000000, 0x00000007c0000000)
  eden space 972800K, 0% used [0x0000000780000000,0x0000000780000000,0x00000007bb600000)
  from space 29184K, 98% used [0x00000007bb600000,0x00000007bd20a160,0x00000007bd280000)
  to   space 40448K, 0% used [0x00000007bd880000,0x00000007bd880000,0x00000007c0000000)
 ParOldGen       total 2097152K, used 146651K [0x0000000700000000, 0x0000000780000000, 0x0000000780000000)
  object space 2097152K, 6% used [0x0000000700000000,0x0000000708f36db0,0x0000000780000000)
 Metaspace       used 115939K, capacity 120509K, committed 120872K, reserved 1155072K
  class space    used 14024K, capacity 14958K, committed 14976K, reserved 1048576K
}
{Heap before GC invocations=252 (full 4):
 PSYoungGen      total 1001984K, used 1001512K [0x0000000780000000, 0x00000007c0000000, 0x00000007c0000000)
  eden space 972800K, 100% used [0x0000000780000000,0x00000007bb600000,0x00000007bb600000)
  from space 29184K, 98% used [0x00000007bb600000,0x00000007bd20a160,0x00000007bd280000)
  to   space 40448K, 0% used [0x00000007bd880000,0x00000007bd880000,0x00000007c0000000)
 ParOldGen       total 2097152K, used 146651K [0x0000000700000000, 0x0000000780000000, 0x0000000780000000)
  object space 2097152K, 6% used [0x0000000700000000,0x0000000708f36db0,0x0000000780000000)
 Metaspace       used 115939K, capacity 120509K, committed 120872K, reserved 1155072K
  class space    used 14024K, capacity 14958K, committed 14976K, reserved 1048576K
2020-10-27T11:27:07.415+0800: 76640.466: [GC (Allocation Failure) [PSYoungGen: 1001512K->28855K(1004032K)] 1148163K->175507K(3101184K), 0.2480354 secs] [Times: user=0.07 sys=0.40, real=0.25 secs] 
Heap after GC invocations=252 (full 4):
 PSYoungGen      total 1004032K, used 28855K [0x0000000780000000, 0x00000007c0000000, 0x00000007c0000000)
  eden space 963584K, 0% used [0x0000000780000000,0x0000000780000000,0x00000007bad00000)
  from space 40448K, 71% used [0x00000007bd880000,0x00000007bf4adf48,0x00000007c0000000)
  to   space 42496K, 0% used [0x00000007bad00000,0x00000007bad00000,0x00000007bd680000)
 ParOldGen       total 2097152K, used 146651K [0x0000000700000000, 0x0000000780000000, 0x0000000780000000)
  object space 2097152K, 6% used [0x0000000700000000,0x0000000708f36db0,0x0000000780000000)
 Metaspace       used 115939K, capacity 120509K, committed 120872K, reserved 1155072K
  class space    used 14024K, capacity 14958K, committed 14976K, reserved 1048576K
}
{Heap before GC invocations=253 (full 4):
 PSYoungGen      total 1004032K, used 992439K [0x0000000780000000, 0x00000007c0000000, 0x00000007c0000000)
  eden space 963584K, 100% used [0x0000000780000000,0x00000007bad00000,0x00000007bad00000)
  from space 40448K, 71% used [0x00000007bd880000,0x00000007bf4adf48,0x00000007c0000000)
  to   space 42496K, 0% used [0x00000007bad00000,0x00000007bad00000,0x00000007bd680000)
 ParOldGen       total 2097152K, used 146651K [0x0000000700000000, 0x0000000780000000, 0x0000000780000000)
  object space 2097152K, 6% used [0x0000000700000000,0x0000000708f36db0,0x0000000780000000)
 Metaspace       used 115944K, capacity 120509K, committed 120872K, reserved 1155072K
  class space    used 14024K, capacity 14958K, committed 14976K, reserved 1048576K
2020-10-27T11:32:02.381+0800: 76935.432: [GC (Allocation Failure) [PSYoungGen: 992439K->28759K(992768K)] 1139091K->175530K(3089920K), 0.2804164 secs] [Times: user=0.19 sys=0.29, real=0.28 secs] 
Heap after GC invocations=253 (full 4):
 PSYoungGen      total 992768K, used 28759K [0x0000000780000000, 0x00000007c0000000, 0x00000007c0000000)
  eden space 963584K, 0% used [0x0000000780000000,0x0000000780000000,0x00000007bad00000)
  from space 29184K, 98% used [0x00000007bad00000,0x00000007bc915cc8,0x00000007bc980000)
  to   space 44032K, 0% used [0x00000007bd500000,0x00000007bd500000,0x00000007c0000000)
 ParOldGen       total 2097152K, used 146771K [0x0000000700000000, 0x0000000780000000, 0x0000000780000000)
  object space 2097152K, 6% used [0x0000000700000000,0x0000000708f54df0,0x0000000780000000)
 Metaspace       used 115944K, capacity 120509K, committed 120872K, reserved 1155072K
  class space    used 14024K, capacity 14958K, committed 14976K, reserved 1048576K
}
{Heap before GC invocations=254 (full 4):
 PSYoungGen      total 992768K, used 992343K [0x0000000780000000, 0x00000007c0000000, 0x00000007c0000000)
  eden space 963584K, 100% used [0x0000000780000000,0x00000007bad00000,0x00000007bad00000)
  from space 29184K, 98% used [0x00000007bad00000,0x00000007bc915cc8,0x00000007bc980000)
  to   space 44032K, 0% used [0x00000007bd500000,0x00000007bd500000,0x00000007c0000000)
 ParOldGen       total 2097152K, used 146771K [0x0000000700000000, 0x0000000780000000, 0x0000000780000000)
  object space 2097152K, 6% used [0x0000000700000000,0x0000000708f54df0,0x0000000780000000)
 Metaspace       used 115944K, capacity 120509K, committed 120872K, reserved 1155072K
  class space    used 14024K, capacity 14958K, committed 14976K, reserved 1048576K
2020-10-27T11:36:52.397+0800: 77225.448: [GC (Allocation Failure) [PSYoungGen: 992343K->28663K(1002496K)] 1139114K->175435K(3099648K), 0.2649657 secs] [Times: user=0.11 sys=0.37, real=0.26 secs] 
Heap after GC invocations=254 (full 4):
 PSYoungGen      total 1002496K, used 28663K [0x0000000780000000, 0x00000007c0000000, 0x00000007c0000000)
  eden space 958464K, 0% used [0x0000000780000000,0x0000000780000000,0x00000007ba800000)
  from space 44032K, 65% used [0x00000007bd500000,0x00000007bf0fdf28,0x00000007c0000000)
  to   space 45056K, 0% used [0x00000007ba800000,0x00000007ba800000,0x00000007bd400000)
 ParOldGen       total 2097152K, used 146771K [0x0000000700000000, 0x0000000780000000, 0x0000000780000000)
  object space 2097152K, 6% used [0x0000000700000000,0x0000000708f54df0,0x0000000780000000)
 Metaspace       used 115944K, capacity 120509K, committed 120872K, reserved 1155072K
  class space    used 14024K, capacity 14958K, committed 14976K, reserved 1048576K
}
{Heap before GC invocations=255 (full 4):
 PSYoungGen      total 1002496K, used 987127K [0x0000000780000000, 0x00000007c0000000, 0x00000007c0000000)
  eden space 958464K, 100% used [0x0000000780000000,0x00000007ba800000,0x00000007ba800000)
  from space 44032K, 65% used [0x00000007bd500000,0x00000007bf0fdf28,0x00000007c0000000)
  to   space 45056K, 0% used [0x00000007ba800000,0x00000007ba800000,0x00000007bd400000)
 ParOldGen       total 2097152K, used 146771K [0x0000000700000000, 0x0000000780000000, 0x0000000780000000)
  object space 2097152K, 6% used [0x0000000700000000,0x0000000708f54df0,0x0000000780000000)
 Metaspace       used 115944K, capacity 120509K, committed 120872K, reserved 1155072K
  class space    used 14024K, capacity 14958K, committed 14976K, reserved 1048576K
2020-10-27T11:41:42.419+0800: 77515.470: [GC (Allocation Failure) [PSYoungGen: 987127K->28649K(987136K)] 1133899K->175420K(3084288K), 0.2478141 secs] [Times: user=0.28 sys=0.23, real=0.25 secs] 
Heap after GC invocations=255 (full 4):
 PSYoungGen      total 987136K, used 28649K [0x0000000780000000, 0x00000007c0000000, 0x00000007c0000000)
  eden space 958464K, 0% used [0x0000000780000000,0x0000000780000000,0x00000007ba800000)
  from space 28672K, 99% used [0x00000007ba800000,0x00000007bc3fa5a0,0x00000007bc400000)
  to   space 45568K, 0% used [0x00000007bd380000,0x00000007bd380000,0x00000007c0000000)
 ParOldGen       total 2097152K, used 146771K [0x0000000700000000, 0x0000000780000000, 0x0000000780000000)
  object space 2097152K, 6% used [0x0000000700000000,0x0000000708f54df0,0x0000000780000000)
 Metaspace       used 115944K, capacity 120509K, committed 120872K, reserved 1155072K
  class space    used 14024K, capacity 14958K, committed 14976K, reserved 1048576K
}
{Heap before GC invocations=256 (full 4):
 PSYoungGen      total 987136K, used 987113K [0x0000000780000000, 0x00000007c0000000, 0x00000007c0000000)
  eden space 958464K, 100% used [0x0000000780000000,0x00000007ba800000,0x00000007ba800000)
  from space 28672K, 99% used [0x00000007ba800000,0x00000007bc3fa5a0,0x00000007bc400000)
  to   space 45568K, 0% used [0x00000007bd380000,0x00000007bd380000,0x00000007c0000000)
 ParOldGen       total 2097152K, used 146771K [0x0000000700000000, 0x0000000780000000, 0x0000000780000000)
  object space 2097152K, 6% used [0x0000000700000000,0x0000000708f54df0,0x0000000780000000)
 Metaspace       used 115944K, capacity 120509K, committed 120872K, reserved 1155072K
  class space    used 14024K, capacity 14958K, committed 14976K, reserved 1048576K
2020-10-27T11:46:32.377+0800: 77805.427: [GC (Allocation Failure) [PSYoungGen: 987113K->29639K(1000960K)] 1133884K->176427K(3098112K), 0.1907151 secs] [Times: user=0.13 sys=0.26, real=0.19 secs] 
Heap after GC invocations=256 (full 4):
 PSYoungGen      total 1000960K, used 29639K [0x0000000780000000, 0x00000007c0000000, 0x00000007c0000000)
  eden space 955392K, 0% used [0x0000000780000000,0x0000000780000000,0x00000007ba500000)
  from space 45568K, 65% used [0x00000007bd380000,0x00000007bf071e18,0x00000007c0000000)
  to   space 46592K, 0% used [0x00000007ba500000,0x00000007ba500000,0x00000007bd280000)
 ParOldGen       total 2097152K, used 146787K [0x0000000700000000, 0x0000000780000000, 0x0000000780000000)
  object space 2097152K, 6% used [0x0000000700000000,0x0000000708f58df0,0x0000000780000000)
 Metaspace       used 115944K, capacity 120509K, committed 120872K, reserved 1155072K
  class space    used 14024K, capacity 14958K, committed 14976K, reserved 1048576K
}
{Heap before GC invocations=257 (full 4):
 PSYoungGen      total 1000960K, used 985031K [0x0000000780000000, 0x00000007c0000000, 0x00000007c0000000)
  eden space 955392K, 100% used [0x0000000780000000,0x00000007ba500000,0x00000007ba500000)
  from space 45568K, 65% used [0x00000007bd380000,0x00000007bf071e18,0x00000007c0000000)
  to   space 46592K, 0% used [0x00000007ba500000,0x00000007ba500000,0x00000007bd280000)
 ParOldGen       total 2097152K, used 146787K [0x0000000700000000, 0x0000000780000000, 0x0000000780000000)
  object space 2097152K, 6% used [0x0000000700000000,0x0000000708f58df0,0x0000000780000000)
 Metaspace       used 115944K, capacity 120509K, committed 120872K, reserved 1155072K
  class space    used 14024K, capacity 14958K, committed 14976K, reserved 1048576K
2020-10-27T11:51:17.407+0800: 78090.458: [GC (Allocation Failure) [PSYoungGen: 985031K->26827K(1001984K)] 1131819K->175632K(3099136K), 0.2486101 secs] [Times: user=0.09 sys=0.30, real=0.25 secs] 
Heap after GC invocations=257 (full 4):
 PSYoungGen      total 1001984K, used 26827K [0x0000000780000000, 0x00000007c0000000, 0x00000007c0000000)
  eden space 955392K, 0% used [0x0000000780000000,0x0000000780000000,0x00000007ba500000)
  from space 46592K, 57% used [0x00000007ba500000,0x00000007bbf32c88,0x00000007bd280000)
  to   space 45568K, 0% used [0x00000007bd380000,0x00000007bd380000,0x00000007c0000000)
 ParOldGen       total 2097152K, used 148805K [0x0000000700000000, 0x0000000780000000, 0x0000000780000000)
  object space 2097152K, 7% used [0x0000000700000000,0x0000000709151688,0x0000000780000000)
 Metaspace       used 115944K, capacity 120509K, committed 120872K, reserved 1155072K
  class space    used 14024K, capacity 14958K, committed 14976K, reserved 1048576K
}
{Heap before GC invocations=258 (full 4):
 PSYoungGen      total 1001984K, used 982219K [0x0000000780000000, 0x00000007c0000000, 0x00000007c0000000)
  eden space 955392K, 100% used [0x0000000780000000,0x00000007ba500000,0x00000007ba500000)
  from space 46592K, 57% used [0x00000007ba500000,0x00000007bbf32c88,0x00000007bd280000)
  to   space 45568K, 0% used [0x00000007bd380000,0x00000007bd380000,0x00000007c0000000)
 ParOldGen       total 2097152K, used 148805K [0x0000000700000000, 0x0000000780000000, 0x0000000780000000)
  object space 2097152K, 7% used [0x0000000700000000,0x0000000709151688,0x0000000780000000)
 Metaspace       used 115944K, capacity 120509K, committed 120872K, reserved 1155072K
  class space    used 14024K, capacity 14958K, committed 14976K, reserved 1048576K
2020-10-27T11:56:07.406+0800: 78380.457: [GC (Allocation Failure) [PSYoungGen: 982219K->22566K(1005056K)] 1131024K->175782K(3102208K), 1.2578338 secs] [Times: user=1.85 sys=0.12, real=1.25 secs] 
Heap after GC invocations=258 (full 4):
 PSYoungGen      total 1005056K, used 22566K [0x0000000780000000, 0x00000007c0000000, 0x00000007c0000000)
  eden space 959488K, 0% used [0x0000000780000000,0x0000000780000000,0x00000007ba900000)
  from space 45568K, 49% used [0x00000007bd380000,0x00000007be9899d0,0x00000007c0000000)
  to   space 43520K, 0% used [0x00000007ba900000,0x00000007ba900000,0x00000007bd380000)
 ParOldGen       total 2097152K, used 153215K [0x0000000700000000, 0x0000000780000000, 0x0000000780000000)
  object space 2097152K, 7% used [0x0000000700000000,0x000000070959ff40,0x0000000780000000)
 Metaspace       used 115944K, capacity 120509K, committed 120872K, reserved 1155072K
  class space    used 14024K, capacity 14958K, committed 14976K, reserved 1048576K
}
{Heap before GC invocations=259 (full 4):
 PSYoungGen      total 1005056K, used 982054K [0x0000000780000000, 0x00000007c0000000, 0x00000007c0000000)
  eden space 959488K, 100% used [0x0000000780000000,0x00000007ba900000,0x00000007ba900000)
  from space 45568K, 49% used [0x00000007bd380000,0x00000007be9899d0,0x00000007c0000000)
  to   space 43520K, 0% used [0x00000007ba900000,0x00000007ba900000,0x00000007bd380000)
 ParOldGen       total 2097152K, used 153215K [0x0000000700000000, 0x0000000780000000, 0x0000000780000000)
  object space 2097152K, 7% used [0x0000000700000000,0x000000070959ff40,0x0000000780000000)
 Metaspace       used 115944K, capacity 120509K, committed 120872K, reserved 1155072K
  class space    used 14024K, capacity 14958K, committed 14976K, reserved 1048576K
2020-10-27T12:00:57.413+0800: 78670.464: [GC (Allocation Failure) [PSYoungGen: 982054K->13596K(1003008K)] 1135270K->175726K(3100160K), 0.1509431 secs] [Times: user=0.09 sys=0.26, real=0.15 secs] 
Heap after GC invocations=259 (full 4):
 PSYoungGen      total 1003008K, used 13596K [0x0000000780000000, 0x00000007c0000000, 0x00000007c0000000)
  eden space 959488K, 0% used [0x0000000780000000,0x0000000780000000,0x00000007ba900000)
  from space 43520K, 31% used [0x00000007ba900000,0x00000007bb6470a0,0x00000007bd380000)
  to   space 43008K, 0% used [0x00000007bd600000,0x00000007bd600000,0x00000007c0000000)
 ParOldGen       total 2097152K, used 162130K [0x0000000700000000, 0x0000000780000000, 0x0000000780000000)
  object space 2097152K, 7% used [0x0000000700000000,0x0000000709e54a18,0x0000000780000000)
 Metaspace       used 115944K, capacity 120509K, committed 120872K, reserved 1155072K
  class space    used 14024K, capacity 14958K, committed 14976K, reserved 1048576K
}
{Heap before GC invocations=260 (full 4):
 PSYoungGen      total 1003008K, used 973084K [0x0000000780000000, 0x00000007c0000000, 0x00000007c0000000)
  eden space 959488K, 100% used [0x0000000780000000,0x00000007ba900000,0x00000007ba900000)
  from space 43520K, 31% used [0x00000007ba900000,0x00000007bb6470a0,0x00000007bd380000)
  to   space 43008K, 0% used [0x00000007bd600000,0x00000007bd600000,0x00000007c0000000)
 ParOldGen       total 2097152K, used 162130K [0x0000000700000000, 0x0000000780000000, 0x0000000780000000)
  object space 2097152K, 7% used [0x0000000700000000,0x0000000709e54a18,0x0000000780000000)
 Metaspace       used 115944K, capacity 120509K, committed 120872K, reserved 1155072K
  class space    used 14024K, capacity 14958K, committed 14976K, reserved 1048576K
2020-10-27T12:05:47.402+0800: 78960.453: [GC (Allocation Failure) [PSYoungGen: 973084K->13515K(1006592K)] 1135214K->175702K(3103744K), 0.1700665 secs] [Times: user=0.20 sys=0.16, real=0.17 secs] 
Heap after GC invocations=260 (full 4):
 PSYoungGen      total 1006592K, used 13515K [0x0000000780000000, 0x00000007c0000000, 0x00000007c0000000)
  eden space 963584K, 0% used [0x0000000780000000,0x0000000780000000,0x00000007bad00000)
  from space 43008K, 31% used [0x00000007bd600000,0x00000007be332e70,0x00000007c0000000)
  to   space 41984K, 0% used [0x00000007bad00000,0x00000007bad00000,0x00000007bd600000)
 ParOldGen       total 2097152K, used 162186K [0x0000000700000000, 0x0000000780000000, 0x0000000780000000)
  object space 2097152K, 7% used [0x0000000700000000,0x0000000709e62a18,0x0000000780000000)
 Metaspace       used 115944K, capacity 120509K, committed 120872K, reserved 1155072K
  class space    used 14024K, capacity 14958K, committed 14976K, reserved 1048576K
}
{Heap before GC invocations=261 (full 4):
 PSYoungGen      total 1006592K, used 977099K [0x0000000780000000, 0x00000007c0000000, 0x00000007c0000000)
  eden space 963584K, 100% used [0x0000000780000000,0x00000007bad00000,0x00000007bad00000)
  from space 43008K, 31% used [0x00000007bd600000,0x00000007be332e70,0x00000007c0000000)
  to   space 41984K, 0% used [0x00000007bad00000,0x00000007bad00000,0x00000007bd600000)
 ParOldGen       total 2097152K, used 162186K [0x0000000700000000, 0x0000000780000000, 0x0000000780000000)
  object space 2097152K, 7% used [0x0000000700000000,0x0000000709e62a18,0x0000000780000000)
 Metaspace       used 115944K, capacity 120509K, committed 120872K, reserved 1155072K
  class space    used 14024K, capacity 14958K, committed 14976K, reserved 1048576K
2020-10-27T12:10:42.374+0800: 79255.424: [GC (Allocation Failure) [PSYoungGen: 977099K->13580K(1005568K)] 1139286K->175767K(3102720K), 0.1901484 secs] [Times: user=0.24 sys=0.13, real=0.19 secs] 
Heap after GC invocations=261 (full 4):
 PSYoungGen      total 1005568K, used 13580K [0x0000000780000000, 0x00000007c0000000, 0x00000007c0000000)
  eden space 963584K, 0% used [0x0000000780000000,0x0000000780000000,0x00000007bad00000)
  from space 41984K, 32% used [0x00000007bad00000,0x00000007bba432d0,0x00000007bd600000)
  to   space 41472K, 0% used [0x00000007bd780000,0x00000007bd780000,0x00000007c0000000)
 ParOldGen       total 2097152K, used 162186K [0x0000000700000000, 0x0000000780000000, 0x0000000780000000)
  object space 2097152K, 7% used [0x0000000700000000,0x0000000709e62a18,0x0000000780000000)
 Metaspace       used 115944K, capacity 120509K, committed 120872K, reserved 1155072K
  class space    used 14024K, capacity 14958K, committed 14976K, reserved 1048576K
}
{Heap before GC invocations=262 (full 4):
 PSYoungGen      total 1005568K, used 977164K [0x0000000780000000, 0x00000007c0000000, 0x00000007c0000000)
  eden space 963584K, 100% used [0x0000000780000000,0x00000007bad00000,0x00000007bad00000)
  from space 41984K, 32% used [0x00000007bad00000,0x00000007bba432d0,0x00000007bd600000)
  to   space 41472K, 0% used [0x00000007bd780000,0x00000007bd780000,0x00000007c0000000)
 ParOldGen       total 2097152K, used 162186K [0x0000000700000000, 0x0000000780000000, 0x0000000780000000)
  object space 2097152K, 7% used [0x0000000700000000,0x0000000709e62a18,0x0000000780000000)
 Metaspace       used 115944K, capacity 120509K, committed 120872K, reserved 1155072K
  class space    used 14024K, capacity 14958K, committed 14976K, reserved 1048576K
2020-10-27T12:15:32.380+0800: 79545.431: [GC (Allocation Failure) [PSYoungGen: 977164K->14458K(1008640K)] 1139351K->176645K(3105792K), 0.1875193 secs] [Times: user=0.16 sys=0.17, real=0.19 secs] 
Heap after GC invocations=262 (full 4):
 PSYoungGen      total 1008640K, used 14458K [0x0000000780000000, 0x00000007c0000000, 0x00000007c0000000)
  eden space 967168K, 0% used [0x0000000780000000,0x0000000780000000,0x00000007bb080000)
  from space 41472K, 34% used [0x00000007bd780000,0x00000007be59eb00,0x00000007c0000000)
  to   space 39936K, 0% used [0x00000007bb080000,0x00000007bb080000,0x00000007bd780000)
 ParOldGen       total 2097152K, used 162186K [0x0000000700000000, 0x0000000780000000, 0x0000000780000000)
  object space 2097152K, 7% used [0x0000000700000000,0x0000000709e62a18,0x0000000780000000)
 Metaspace       used 115944K, capacity 120509K, committed 120872K, reserved 1155072K
  class space    used 14024K, capacity 14958K, committed 14976K, reserved 1048576K
}
{Heap before GC invocations=263 (full 4):
 PSYoungGen      total 1008640K, used 981626K [0x0000000780000000, 0x00000007c0000000, 0x00000007c0000000)
  eden space 967168K, 100% used [0x0000000780000000,0x00000007bb080000,0x00000007bb080000)
  from space 41472K, 34% used [0x00000007bd780000,0x00000007be59eb00,0x00000007c0000000)
  to   space 39936K, 0% used [0x00000007bb080000,0x00000007bb080000,0x00000007bd780000)
 ParOldGen       total 2097152K, used 162186K [0x0000000700000000, 0x0000000780000000, 0x0000000780000000)
  object space 2097152K, 7% used [0x0000000700000000,0x0000000709e62a18,0x0000000780000000)
 Metaspace       used 115944K, capacity 120509K, committed 120872K, reserved 1155072K
  class space    used 14024K, capacity 14958K, committed 14976K, reserved 1048576K
2020-10-27T12:20:22.452+0800: 79835.503: [GC (Allocation Failure) [PSYoungGen: 981626K->6548K(1007104K)] 1143813K->175850K(3104256K), 0.2176512 secs] [Times: user=0.37 sys=0.05, real=0.22 secs] 
Heap after GC invocations=263 (full 4):
 PSYoungGen      total 1007104K, used 6548K [0x0000000780000000, 0x00000007c0000000, 0x00000007c0000000)
  eden space 967168K, 0% used [0x0000000780000000,0x0000000780000000,0x00000007bb080000)
  from space 39936K, 16% used [0x00000007bb080000,0x00000007bb6e5040,0x00000007bd780000)
  to   space 40448K, 0% used [0x00000007bd880000,0x00000007bd880000,0x00000007c0000000)
 ParOldGen       total 2097152K, used 169302K [0x0000000700000000, 0x0000000780000000, 0x0000000780000000)
  object space 2097152K, 8% used [0x0000000700000000,0x000000070a555ac0,0x0000000780000000)
 Metaspace       used 115944K, capacity 120509K, committed 120872K, reserved 1155072K
  class space    used 14024K, capacity 14958K, committed 14976K, reserved 1048576K
}
{Heap before GC invocations=264 (full 4):
 PSYoungGen      total 1007104K, used 973716K [0x0000000780000000, 0x00000007c0000000, 0x00000007c0000000)
  eden space 967168K, 100% used [0x0000000780000000,0x00000007bb080000,0x00000007bb080000)
  from space 39936K, 16% used [0x00000007bb080000,0x00000007bb6e5040,0x00000007bd780000)
  to   space 40448K, 0% used [0x00000007bd880000,0x00000007bd880000,0x00000007c0000000)
 ParOldGen       total 2097152K, used 169302K [0x0000000700000000, 0x0000000780000000, 0x0000000780000000)
  object space 2097152K, 8% used [0x0000000700000000,0x000000070a555ac0,0x0000000780000000)
 Metaspace       used 115944K, capacity 120509K, committed 120872K, reserved 1155072K
  class space    used 14024K, capacity 14958K, committed 14976K, reserved 1048576K
2020-10-27T12:25:17.392+0800: 80130.442: [GC (Allocation Failure) [PSYoungGen: 973716K->6516K(1008640K)] 1143018K->175866K(3105792K), 0.1733963 secs] [Times: user=0.28 sys=0.10, real=0.17 secs] 
Heap after GC invocations=264 (full 4):
 PSYoungGen      total 1008640K, used 6516K [0x0000000780000000, 0x00000007c0000000, 0x00000007c0000000)
  eden space 968192K, 0% used [0x0000000780000000,0x0000000780000000,0x00000007bb180000)
  from space 40448K, 16% used [0x00000007bd880000,0x00000007bdedd040,0x00000007c0000000)
  to   space 39936K, 0% used [0x00000007bb180000,0x00000007bb180000,0x00000007bd880000)
 ParOldGen       total 2097152K, used 169350K [0x0000000700000000, 0x0000000780000000, 0x0000000780000000)
  object space 2097152K, 8% used [0x0000000700000000,0x000000070a561ac0,0x0000000780000000)
 Metaspace       used 115944K, capacity 120509K, committed 120872K, reserved 1155072K
  class space    used 14024K, capacity 14958K, committed 14976K, reserved 1048576K
}
{Heap before GC invocations=265 (full 4):
 PSYoungGen      total 1008640K, used 974708K [0x0000000780000000, 0x00000007c0000000, 0x00000007c0000000)
  eden space 968192K, 100% used [0x0000000780000000,0x00000007bb180000,0x00000007bb180000)
  from space 40448K, 16% used [0x00000007bd880000,0x00000007bdedd040,0x00000007c0000000)
  to   space 39936K, 0% used [0x00000007bb180000,0x00000007bb180000,0x00000007bd880000)
 ParOldGen       total 2097152K, used 169350K [0x0000000700000000, 0x0000000780000000, 0x0000000780000000)
  object space 2097152K, 8% used [0x0000000700000000,0x000000070a561ac0,0x0000000780000000)
 Metaspace       used 115944K, capacity 120509K, committed 120872K, reserved 1155072K
  class space    used 14024K, capacity 14958K, committed 14976K, reserved 1048576K
2020-10-27T12:30:07.415+0800: 80420.466: [GC (Allocation Failure) [PSYoungGen: 974708K->2896K(1008128K)] 1144058K->175937K(3105280K), 0.0483185 secs] [Times: user=0.16 sys=0.02, real=0.05 secs] 
Heap after GC invocations=265 (full 4):
 PSYoungGen      total 1008128K, used 2896K [0x0000000780000000, 0x00000007c0000000, 0x00000007c0000000)
  eden space 968192K, 0% used [0x0000000780000000,0x0000000780000000,0x00000007bb180000)
  from space 39936K, 7% used [0x00000007bb180000,0x00000007bb454250,0x00000007bd880000)
  to   space 40448K, 0% used [0x00000007bd880000,0x00000007bd880000,0x00000007c0000000)
 ParOldGen       total 2097152K, used 173040K [0x0000000700000000, 0x0000000780000000, 0x0000000780000000)
  object space 2097152K, 8% used [0x0000000700000000,0x000000070a8fc1f8,0x0000000780000000)
 Metaspace       used 115944K, capacity 120509K, committed 120872K, reserved 1155072K
  class space    used 14024K, capacity 14958K, committed 14976K, reserved 1048576K
}
{Heap before GC invocations=266 (full 4):
 PSYoungGen      total 1008128K, used 971088K [0x0000000780000000, 0x00000007c0000000, 0x00000007c0000000)
  eden space 968192K, 100% used [0x0000000780000000,0x00000007bb180000,0x00000007bb180000)
  from space 39936K, 7% used [0x00000007bb180000,0x00000007bb454250,0x00000007bd880000)
  to   space 40448K, 0% used [0x00000007bd880000,0x00000007bd880000,0x00000007c0000000)
 ParOldGen       total 2097152K, used 173040K [0x0000000700000000, 0x0000000780000000, 0x0000000780000000)
  object space 2097152K, 8% used [0x0000000700000000,0x000000070a8fc1f8,0x0000000780000000)
 Metaspace       used 115947K, capacity 120509K, committed 120872K, reserved 1155072K
  class space    used 14024K, capacity 14958K, committed 14976K, reserved 1048576K
2020-10-27T12:35:02.391+0800: 80715.442: [GC (Allocation Failure) [PSYoungGen: 971088K->2944K(1008640K)] 1144129K->176033K(3105792K), 0.0726790 secs] [Times: user=0.21 sys=0.00, real=0.07 secs] 
Heap after GC invocations=266 (full 4):
 PSYoungGen      total 1008640K, used 2944K [0x0000000780000000, 0x00000007c0000000, 0x00000007c0000000)
  eden space 968192K, 0% used [0x0000000780000000,0x0000000780000000,0x00000007bb180000)
  from space 40448K, 7% used [0x00000007bd880000,0x00000007bdb60260,0x00000007c0000000)
  to   space 39936K, 0% used [0x00000007bb180000,0x00000007bb180000,0x00000007bd880000)
 ParOldGen       total 2097152K, used 173088K [0x0000000700000000, 0x0000000780000000, 0x0000000780000000)
  object space 2097152K, 8% used [0x0000000700000000,0x000000070a9081f8,0x0000000780000000)
 Metaspace       used 115947K, capacity 120509K, committed 120872K, reserved 1155072K
  class space    used 14024K, capacity 14958K, committed 14976K, reserved 1048576K
}
{Heap before GC invocations=267 (full 4):
 PSYoungGen      total 1008640K, used 971136K [0x0000000780000000, 0x00000007c0000000, 0x00000007c0000000)
  eden space 968192K, 100% used [0x0000000780000000,0x00000007bb180000,0x00000007bb180000)
  from space 40448K, 7% used [0x00000007bd880000,0x00000007bdb60260,0x00000007c0000000)
  to   space 39936K, 0% used [0x00000007bb180000,0x00000007bb180000,0x00000007bd880000)
 ParOldGen       total 2097152K, used 173088K [0x0000000700000000, 0x0000000780000000, 0x0000000780000000)
  object space 2097152K, 8% used [0x0000000700000000,0x000000070a9081f8,0x0000000780000000)
 Metaspace       used 115947K, capacity 120509K, committed 120872K, reserved 1155072K
  class space    used 14024K, capacity 14958K, committed 14976K, reserved 1048576K
2020-10-27T12:39:52.406+0800: 81005.457: [GC (Allocation Failure) [PSYoungGen: 971136K->2896K(1008128K)] 1144225K->175984K(3105280K), 0.0551528 secs] [Times: user=0.10 sys=0.03, real=0.05 secs] 
Heap after GC invocations=267 (full 4):
 PSYoungGen      total 1008128K, used 2896K [0x0000000780000000, 0x00000007c0000000, 0x00000007c0000000)
  eden space 968192K, 0% used [0x0000000780000000,0x0000000780000000,0x00000007bb180000)
  from space 39936K, 7% used [0x00000007bb180000,0x00000007bb4541d0,0x00000007bd880000)
  to   space 39424K, 0% used [0x00000007bd980000,0x00000007bd980000,0x00000007c0000000)
 ParOldGen       total 2097152K, used 173088K [0x0000000700000000, 0x0000000780000000, 0x0000000780000000)
  object space 2097152K, 8% used [0x0000000700000000,0x000000070a9081f8,0x0000000780000000)
 Metaspace       used 115947K, capacity 120509K, committed 120872K, reserved 1155072K
  class space    used 14024K, capacity 14958K, committed 14976K, reserved 1048576K
}
{Heap before GC invocations=268 (full 4):
 PSYoungGen      total 1008128K, used 971088K [0x0000000780000000, 0x00000007c0000000, 0x00000007c0000000)
  eden space 968192K, 100% used [0x0000000780000000,0x00000007bb180000,0x00000007bb180000)
  from space 39936K, 7% used [0x00000007bb180000,0x00000007bb4541d0,0x00000007bd880000)
  to   space 39424K, 0% used [0x00000007bd980000,0x00000007bd980000,0x00000007c0000000)
 ParOldGen       total 2097152K, used 173088K [0x0000000700000000, 0x0000000780000000, 0x0000000780000000)
  object space 2097152K, 8% used [0x0000000700000000,0x000000070a9081f8,0x0000000780000000)
 Metaspace       used 115947K, capacity 120509K, committed 120872K, reserved 1155072K
  class space    used 14024K, capacity 14958K, committed 14976K, reserved 1048576K
2020-10-27T12:44:47.380+0800: 81300.431: [GC (Allocation Failure) [PSYoungGen: 971088K->3712K(1010176K)] 1144176K->176801K(3107328K), 0.0881389 secs] [Times: user=0.19 sys=0.02, real=0.09 secs] 
Heap after GC invocations=268 (full 4):
 PSYoungGen      total 1010176K, used 3712K [0x0000000780000000, 0x00000007c0000000, 0x00000007c0000000)
  eden space 970752K, 0% used [0x0000000780000000,0x0000000780000000,0x00000007bb400000)
  from space 39424K, 9% used [0x00000007bd980000,0x00000007bdd202a0,0x00000007c0000000)
  to   space 38400K, 0% used [0x00000007bb400000,0x00000007bb400000,0x00000007bd980000)
 ParOldGen       total 2097152K, used 173088K [0x0000000700000000, 0x0000000780000000, 0x0000000780000000)
  object space 2097152K, 8% used [0x0000000700000000,0x000000070a9081f8,0x0000000780000000)
 Metaspace       used 115947K, capacity 120509K, committed 120872K, reserved 1155072K
  class space    used 14024K, capacity 14958K, committed 14976K, reserved 1048576K
}
{Heap before GC invocations=269 (full 4):
 PSYoungGen      total 1010176K, used 974464K [0x0000000780000000, 0x00000007c0000000, 0x00000007c0000000)
  eden space 970752K, 100% used [0x0000000780000000,0x00000007bb400000,0x00000007bb400000)
  from space 39424K, 9% used [0x00000007bd980000,0x00000007bdd202a0,0x00000007c0000000)
  to   space 38400K, 0% used [0x00000007bb400000,0x00000007bb400000,0x00000007bd980000)
 ParOldGen       total 2097152K, used 173088K [0x0000000700000000, 0x0000000780000000, 0x0000000780000000)
  object space 2097152K, 8% used [0x0000000700000000,0x000000070a9081f8,0x0000000780000000)
 Metaspace       used 115947K, capacity 120509K, committed 120872K, reserved 1155072K
  class space    used 14024K, capacity 14958K, committed 14976K, reserved 1048576K
2020-10-27T12:49:37.414+0800: 81590.465: [GC (Allocation Failure) [PSYoungGen: 974464K->2608K(1009152K)] 1147553K->175696K(3106304K), 0.0546891 secs] [Times: user=0.11 sys=0.06, real=0.06 secs] 
Heap after GC invocations=269 (full 4):
 PSYoungGen      total 1009152K, used 2608K [0x0000000780000000, 0x00000007c0000000, 0x00000007c0000000)
  eden space 970752K, 0% used [0x0000000780000000,0x0000000780000000,0x00000007bb400000)
  from space 38400K, 6% used [0x00000007bb400000,0x00000007bb68c1b0,0x00000007bd980000)
  to   space 37376K, 0% used [0x00000007bdb80000,0x00000007bdb80000,0x00000007c0000000)
 ParOldGen       total 2097152K, used 173088K [0x0000000700000000, 0x0000000780000000, 0x0000000780000000)
  object space 2097152K, 8% used [0x0000000700000000,0x000000070a9081f8,0x0000000780000000)
 Metaspace       used 115947K, capacity 120509K, committed 120872K, reserved 1155072K
  class space    used 14024K, capacity 14958K, committed 14976K, reserved 1048576K
}
{Heap before GC invocations=270 (full 4):
 PSYoungGen      total 1009152K, used 973360K [0x0000000780000000, 0x00000007c0000000, 0x00000007c0000000)
  eden space 970752K, 100% used [0x0000000780000000,0x00000007bb400000,0x00000007bb400000)
  from space 38400K, 6% used [0x00000007bb400000,0x00000007bb68c1b0,0x00000007bd980000)
  to   space 37376K, 0% used [0x00000007bdb80000,0x00000007bdb80000,0x00000007c0000000)
 ParOldGen       total 2097152K, used 173088K [0x0000000700000000, 0x0000000780000000, 0x0000000780000000)
  object space 2097152K, 8% used [0x0000000700000000,0x000000070a9081f8,0x0000000780000000)
 Metaspace       used 115947K, capacity 120509K, committed 120872K, reserved 1155072K
  class space    used 14024K, capacity 14958K, committed 14976K, reserved 1048576K
2020-10-27T12:54:32.423+0800: 81885.474: [GC (Allocation Failure) [PSYoungGen: 973360K->2816K(1012224K)] 1146448K->175921K(3109376K), 0.1475472 secs] [Times: user=0.20 sys=0.11, real=0.15 secs] 
Heap after GC invocations=270 (full 4):
 PSYoungGen      total 1012224K, used 2816K [0x0000000780000000, 0x00000007c0000000, 0x00000007c0000000)
  eden space 974848K, 0% used [0x0000000780000000,0x0000000780000000,0x00000007bb800000)
  from space 37376K, 7% used [0x00000007bdb80000,0x00000007bde40260,0x00000007c0000000)
  to   space 36352K, 0% used [0x00000007bb800000,0x00000007bb800000,0x00000007bdb80000)
 ParOldGen       total 2097152K, used 173104K [0x0000000700000000, 0x0000000780000000, 0x0000000780000000)
  object space 2097152K, 8% used [0x0000000700000000,0x000000070a90c1f8,0x0000000780000000)
 Metaspace       used 115947K, capacity 120509K, committed 120872K, reserved 1155072K
  class space    used 14024K, capacity 14958K, committed 14976K, reserved 1048576K
}
{Heap before GC invocations=271 (full 4):
 PSYoungGen      total 1012224K, used 977664K [0x0000000780000000, 0x00000007c0000000, 0x00000007c0000000)
  eden space 974848K, 100% used [0x0000000780000000,0x00000007bb800000,0x00000007bb800000)
  from space 37376K, 7% used [0x00000007bdb80000,0x00000007bde40260,0x00000007c0000000)
  to   space 36352K, 0% used [0x00000007bb800000,0x00000007bb800000,0x00000007bdb80000)
 ParOldGen       total 2097152K, used 173104K [0x0000000700000000, 0x0000000780000000, 0x0000000780000000)
  object space 2097152K, 8% used [0x0000000700000000,0x000000070a90c1f8,0x0000000780000000)
 Metaspace       used 115947K, capacity 120509K, committed 120872K, reserved 1155072K
  class space    used 14024K, capacity 14958K, committed 14976K, reserved 1048576K
2020-10-27T12:59:27.408+0800: 82180.459: [GC (Allocation Failure) [PSYoungGen: 977664K->2800K(1011200K)] 1150769K->175968K(3108352K), 0.0571401 secs] [Times: user=0.16 sys=0.04, real=0.05 secs] 
Heap after GC invocations=271 (full 4):
 PSYoungGen      total 1011200K, used 2800K [0x0000000780000000, 0x00000007c0000000, 0x00000007c0000000)
  eden space 974848K, 0% used [0x0000000780000000,0x0000000780000000,0x00000007bb800000)
  from space 36352K, 7% used [0x00000007bb800000,0x00000007bbabc190,0x00000007bdb80000)
  to   space 34816K, 0% used [0x00000007bde00000,0x00000007bde00000,0x00000007c0000000)
 ParOldGen       total 2097152K, used 173168K [0x0000000700000000, 0x0000000780000000, 0x0000000780000000)
  object space 2097152K, 8% used [0x0000000700000000,0x000000070a91c1f8,0x0000000780000000)
 Metaspace       used 115947K, capacity 120509K, committed 120872K, reserved 1155072K
  class space    used 14024K, capacity 14958K, committed 14976K, reserved 1048576K
}
{Heap before GC invocations=272 (full 4):
 PSYoungGen      total 1011200K, used 977648K [0x0000000780000000, 0x00000007c0000000, 0x00000007c0000000)
  eden space 974848K, 100% used [0x0000000780000000,0x00000007bb800000,0x00000007bb800000)
  from space 36352K, 7% used [0x00000007bb800000,0x00000007bbabc190,0x00000007bdb80000)
  to   space 34816K, 0% used [0x00000007bde00000,0x00000007bde00000,0x00000007c0000000)
 ParOldGen       total 2097152K, used 173168K [0x0000000700000000, 0x0000000780000000, 0x0000000780000000)
  object space 2097152K, 8% used [0x0000000700000000,0x000000070a91c1f8,0x0000000780000000)
 Metaspace       used 115947K, capacity 120509K, committed 120872K, reserved 1155072K
  class space    used 14024K, capacity 14958K, committed 14976K, reserved 1048576K
2020-10-27T13:04:22.418+0800: 82475.469: [GC (Allocation Failure) [PSYoungGen: 977648K->2832K(1014784K)] 1150816K->176001K(3111936K), 0.0469303 secs] [Times: user=0.11 sys=0.09, real=0.04 secs] 
Heap after GC invocations=272 (full 4):
 PSYoungGen      total 1014784K, used 2832K [0x0000000780000000, 0x00000007c0000000, 0x00000007c0000000)
  eden space 979968K, 0% used [0x0000000780000000,0x0000000780000000,0x00000007bbd00000)
  from space 34816K, 8% used [0x00000007bde00000,0x00000007be0c4230,0x00000007c0000000)
  to   space 33792K, 0% used [0x00000007bbd00000,0x00000007bbd00000,0x00000007bde00000)
 ParOldGen       total 2097152K, used 173168K [0x0000000700000000, 0x0000000780000000, 0x0000000780000000)
  object space 2097152K, 8% used [0x0000000700000000,0x000000070a91c1f8,0x0000000780000000)
 Metaspace       used 115947K, capacity 120509K, committed 120872K, reserved 1155072K
  class space    used 14024K, capacity 14958K, committed 14976K, reserved 1048576K
}
{Heap before GC invocations=273 (full 4):
 PSYoungGen      total 1014784K, used 982800K [0x0000000780000000, 0x00000007c0000000, 0x00000007c0000000)
  eden space 979968K, 100% used [0x0000000780000000,0x00000007bbd00000,0x00000007bbd00000)
  from space 34816K, 8% used [0x00000007bde00000,0x00000007be0c4230,0x00000007c0000000)
  to   space 33792K, 0% used [0x00000007bbd00000,0x00000007bbd00000,0x00000007bde00000)
 ParOldGen       total 2097152K, used 173168K [0x0000000700000000, 0x0000000780000000, 0x0000000780000000)
  object space 2097152K, 8% used [0x0000000700000000,0x000000070a91c1f8,0x0000000780000000)
 Metaspace       used 115947K, capacity 120509K, committed 120872K, reserved 1155072K
  class space    used 14024K, capacity 14958K, committed 14976K, reserved 1048576K
2020-10-27T13:09:22.382+0800: 82775.433: [GC (Allocation Failure) [PSYoungGen: 982800K->2848K(1013760K)] 1155969K->176016K(3110912K), 0.0835323 secs] [Times: user=0.15 sys=0.08, real=0.09 secs] 
Heap after GC invocations=273 (full 4):
 PSYoungGen      total 1013760K, used 2848K [0x0000000780000000, 0x00000007c0000000, 0x00000007c0000000)
  eden space 979968K, 0% used [0x0000000780000000,0x0000000780000000,0x00000007bbd00000)
  from space 33792K, 8% used [0x00000007bbd00000,0x00000007bbfc81c0,0x00000007bde00000)
  to   space 32256K, 0% used [0x00000007be080000,0x00000007be080000,0x00000007c0000000)
 ParOldGen       total 2097152K, used 173168K [0x0000000700000000, 0x0000000780000000, 0x0000000780000000)
  object space 2097152K, 8% used [0x0000000700000000,0x000000070a91c1f8,0x0000000780000000)
 Metaspace       used 115947K, capacity 120509K, committed 120872K, reserved 1155072K
  class space    used 14024K, capacity 14958K, committed 14976K, reserved 1048576K
}
{Heap before GC invocations=274 (full 4):
 PSYoungGen      total 1013760K, used 982816K [0x0000000780000000, 0x00000007c0000000, 0x00000007c0000000)
  eden space 979968K, 100% used [0x0000000780000000,0x00000007bbd00000,0x00000007bbd00000)
  from space 33792K, 8% used [0x00000007bbd00000,0x00000007bbfc81c0,0x00000007bde00000)
  to   space 32256K, 0% used [0x00000007be080000,0x00000007be080000,0x00000007c0000000)
 ParOldGen       total 2097152K, used 173168K [0x0000000700000000, 0x0000000780000000, 0x0000000780000000)
  object space 2097152K, 8% used [0x0000000700000000,0x000000070a91c1f8,0x0000000780000000)
 Metaspace       used 115947K, capacity 120509K, committed 120872K, reserved 1155072K
  class space    used 14024K, capacity 14958K, committed 14976K, reserved 1048576K
2020-10-27T13:14:17.423+0800: 83070.474: [GC (Allocation Failure) [PSYoungGen: 982816K->3904K(1017856K)] 1155984K->177073K(3115008K), 0.0487056 secs] [Times: user=0.17 sys=0.08, real=0.05 secs] 
Heap after GC invocations=274 (full 4):
 PSYoungGen      total 1017856K, used 3904K [0x0000000780000000, 0x00000007c0000000, 0x00000007c0000000)
  eden space 985600K, 0% used [0x0000000780000000,0x0000000780000000,0x00000007bc280000)
  from space 32256K, 12% used [0x00000007be080000,0x00000007be450300,0x00000007c0000000)
  to   space 30720K, 0% used [0x00000007bc280000,0x00000007bc280000,0x00000007be080000)
 ParOldGen       total 2097152K, used 173168K [0x0000000700000000, 0x0000000780000000, 0x0000000780000000)
  object space 2097152K, 8% used [0x0000000700000000,0x000000070a91c1f8,0x0000000780000000)
 Metaspace       used 115947K, capacity 120509K, committed 120872K, reserved 1155072K
  class space    used 14024K, capacity 14958K, committed 14976K, reserved 1048576K
}
{Heap before GC invocations=275 (full 4):
 PSYoungGen      total 1017856K, used 989504K [0x0000000780000000, 0x00000007c0000000, 0x00000007c0000000)
  eden space 985600K, 100% used [0x0000000780000000,0x00000007bc280000,0x00000007bc280000)
  from space 32256K, 12% used [0x00000007be080000,0x00000007be450300,0x00000007c0000000)
  to   space 30720K, 0% used [0x00000007bc280000,0x00000007bc280000,0x00000007be080000)
 ParOldGen       total 2097152K, used 173168K [0x0000000700000000, 0x0000000780000000, 0x0000000780000000)
  object space 2097152K, 8% used [0x0000000700000000,0x000000070a91c1f8,0x0000000780000000)
 Metaspace       used 115947K, capacity 120509K, committed 120872K, reserved 1155072K
  class space    used 14024K, capacity 14958K, committed 14976K, reserved 1048576K
2020-10-27T13:19:17.386+0800: 83370.437: [GC (Allocation Failure) [PSYoungGen: 989504K->2896K(1016320K)] 1162673K->176073K(3113472K), 0.1721296 secs] [Times: user=0.25 sys=0.04, real=0.17 secs] 
Heap after GC invocations=275 (full 4):
 PSYoungGen      total 1016320K, used 2896K [0x0000000780000000, 0x00000007c0000000, 0x00000007c0000000)
  eden space 985600K, 0% used [0x0000000780000000,0x0000000780000000,0x00000007bc280000)
  from space 30720K, 9% used [0x00000007bc280000,0x00000007bc554210,0x00000007be080000)
  to   space 29184K, 0% used [0x00000007be380000,0x00000007be380000,0x00000007c0000000)
 ParOldGen       total 2097152K, used 173176K [0x0000000700000000, 0x0000000780000000, 0x0000000780000000)
  object space 2097152K, 8% used [0x0000000700000000,0x000000070a91e1f8,0x0000000780000000)
 Metaspace       used 115947K, capacity 120509K, committed 120872K, reserved 1155072K
  class space    used 14024K, capacity 14958K, committed 14976K, reserved 1048576K
}
{Heap before GC invocations=276 (full 4):
 PSYoungGen      total 1016320K, used 988496K [0x0000000780000000, 0x00000007c0000000, 0x00000007c0000000)
  eden space 985600K, 100% used [0x0000000780000000,0x00000007bc280000,0x00000007bc280000)
  from space 30720K, 9% used [0x00000007bc280000,0x00000007bc554210,0x00000007be080000)
  to   space 29184K, 0% used [0x00000007be380000,0x00000007be380000,0x00000007c0000000)
 ParOldGen       total 2097152K, used 173176K [0x0000000700000000, 0x0000000780000000, 0x0000000780000000)
  object space 2097152K, 8% used [0x0000000700000000,0x000000070a91e1f8,0x0000000780000000)
 Metaspace       used 115947K, capacity 120509K, committed 120872K, reserved 1155072K
  class space    used 14024K, capacity 14958K, committed 14976K, reserved 1048576K
2020-10-27T13:24:17.375+0800: 83670.425: [GC (Allocation Failure) [PSYoungGen: 988496K->2896K(1020928K)] 1161673K->176073K(3118080K), 0.2947606 secs] [Times: user=0.34 sys=0.16, real=0.30 secs] 
Heap after GC invocations=276 (full 4):
 PSYoungGen      total 1020928K, used 2896K [0x0000000780000000, 0x00000007c0000000, 0x00000007c0000000)
  eden space 991744K, 0% used [0x0000000780000000,0x0000000780000000,0x00000007bc880000)
  from space 29184K, 9% used [0x00000007be380000,0x00000007be654230,0x00000007c0000000)
  to   space 27648K, 0% used [0x00000007bc880000,0x00000007bc880000,0x00000007be380000)
 ParOldGen       total 2097152K, used 173176K [0x0000000700000000, 0x0000000780000000, 0x0000000780000000)
  object space 2097152K, 8% used [0x0000000700000000,0x000000070a91e1f8,0x0000000780000000)
 Metaspace       used 115947K, capacity 120509K, committed 120872K, reserved 1155072K
  class space    used 14024K, capacity 14958K, committed 14976K, reserved 1048576K
}
{Heap before GC invocations=277 (full 4):
 PSYoungGen      total 1020928K, used 994640K [0x0000000780000000, 0x00000007c0000000, 0x00000007c0000000)
  eden space 991744K, 100% used [0x0000000780000000,0x00000007bc880000,0x00000007bc880000)
  from space 29184K, 9% used [0x00000007be380000,0x00000007be654230,0x00000007c0000000)
  to   space 27648K, 0% used [0x00000007bc880000,0x00000007bc880000,0x00000007be380000)
 ParOldGen       total 2097152K, used 173176K [0x0000000700000000, 0x0000000780000000, 0x0000000780000000)
  object space 2097152K, 8% used [0x0000000700000000,0x000000070a91e1f8,0x0000000780000000)
 Metaspace       used 115947K, capacity 120509K, committed 120872K, reserved 1155072K
  class space    used 14024K, capacity 14958K, committed 14976K, reserved 1048576K
2020-10-27T13:29:17.380+0800: 83970.431: [GC (Allocation Failure) [PSYoungGen: 994640K->2896K(1019392K)] 1167817K->176080K(3116544K), 0.0817310 secs] [Times: user=0.16 sys=0.03, real=0.08 secs] 
Heap after GC invocations=277 (full 4):
 PSYoungGen      total 1019392K, used 2896K [0x0000000780000000, 0x00000007c0000000, 0x00000007c0000000)
  eden space 991744K, 0% used [0x0000000780000000,0x0000000780000000,0x00000007bc880000)
  from space 27648K, 10% used [0x00000007bc880000,0x00000007bcb541b0,0x00000007be380000)
  to   space 26624K, 0% used [0x00000007be600000,0x00000007be600000,0x00000007c0000000)
 ParOldGen       total 2097152K, used 173184K [0x0000000700000000, 0x0000000780000000, 0x0000000780000000)
  object space 2097152K, 8% used [0x0000000700000000,0x000000070a9201f8,0x0000000780000000)
 Metaspace       used 115947K, capacity 120509K, committed 120872K, reserved 1155072K
  class space    used 14024K, capacity 14958K, committed 14976K, reserved 1048576K
}
{Heap before GC invocations=278 (full 4):
 PSYoungGen      total 1019392K, used 994640K [0x0000000780000000, 0x00000007c0000000, 0x00000007c0000000)
  eden space 991744K, 100% used [0x0000000780000000,0x00000007bc880000,0x00000007bc880000)
  from space 27648K, 10% used [0x00000007bc880000,0x00000007bcb541b0,0x00000007be380000)
  to   space 26624K, 0% used [0x00000007be600000,0x00000007be600000,0x00000007c0000000)
 ParOldGen       total 2097152K, used 173184K [0x0000000700000000, 0x0000000780000000, 0x0000000780000000)
  object space 2097152K, 8% used [0x0000000700000000,0x000000070a9201f8,0x0000000780000000)
 Metaspace       used 115947K, capacity 120509K, committed 120872K, reserved 1155072K
  class space    used 14024K, capacity 14958K, committed 14976K, reserved 1048576K
2020-10-27T13:34:17.419+0800: 84270.469: [GC (Allocation Failure) [PSYoungGen: 994640K->2816K(1023488K)] 1167824K->176001K(3120640K), 0.0448047 secs] [Times: user=0.14 sys=0.01, real=0.04 secs] 
Heap after GC invocations=278 (full 4):
 PSYoungGen      total 1023488K, used 2816K [0x0000000780000000, 0x00000007c0000000, 0x00000007c0000000)
  eden space 996864K, 0% used [0x0000000780000000,0x0000000780000000,0x00000007bcd80000)
  from space 26624K, 10% used [0x00000007be600000,0x00000007be8c0220,0x00000007c0000000)
  to   space 25088K, 0% used [0x00000007bcd80000,0x00000007bcd80000,0x00000007be600000)
 ParOldGen       total 2097152K, used 173184K [0x0000000700000000, 0x0000000780000000, 0x0000000780000000)
  object space 2097152K, 8% used [0x0000000700000000,0x000000070a9201f8,0x0000000780000000)
 Metaspace       used 115947K, capacity 120509K, committed 120872K, reserved 1155072K
  class space    used 14024K, capacity 14958K, committed 14976K, reserved 1048576K
}
{Heap before GC invocations=279 (full 4):
 PSYoungGen      total 1023488K, used 999680K [0x0000000780000000, 0x00000007c0000000, 0x00000007c0000000)
  eden space 996864K, 100% used [0x0000000780000000,0x00000007bcd80000,0x00000007bcd80000)
  from space 26624K, 10% used [0x00000007be600000,0x00000007be8c0220,0x00000007c0000000)
  to   space 25088K, 0% used [0x00000007bcd80000,0x00000007bcd80000,0x00000007be600000)
 ParOldGen       total 2097152K, used 173184K [0x0000000700000000, 0x0000000780000000, 0x0000000780000000)
  object space 2097152K, 8% used [0x0000000700000000,0x000000070a9201f8,0x0000000780000000)
 Metaspace       used 115947K, capacity 120509K, committed 120872K, reserved 1155072K
  class space    used 14024K, capacity 14958K, committed 14976K, reserved 1048576K
2020-10-27T13:39:22.385+0800: 84575.435: [GC (Allocation Failure) [PSYoungGen: 999680K->2880K(1021952K)] 1172865K->176064K(3119104K), 0.0756869 secs] [Times: user=0.13 sys=0.02, real=0.08 secs] 
Heap after GC invocations=279 (full 4):
 PSYoungGen      total 1021952K, used 2880K [0x0000000780000000, 0x00000007c0000000, 0x00000007c0000000)
  eden space 996864K, 0% used [0x0000000780000000,0x0000000780000000,0x00000007bcd80000)
  from space 25088K, 11% used [0x00000007bcd80000,0x00000007bd050200,0x00000007be600000)
  to   space 24064K, 0% used [0x00000007be880000,0x00000007be880000,0x00000007c0000000)
 ParOldGen       total 2097152K, used 173184K [0x0000000700000000, 0x0000000780000000, 0x0000000780000000)
  object space 2097152K, 8% used [0x0000000700000000,0x000000070a9201f8,0x0000000780000000)
 Metaspace       used 115947K, capacity 120509K, committed 120872K, reserved 1155072K
  class space    used 14024K, capacity 14958K, committed 14976K, reserved 1048576K
}
{Heap before GC invocations=280 (full 4):
 PSYoungGen      total 1021952K, used 999744K [0x0000000780000000, 0x00000007c0000000, 0x00000007c0000000)
  eden space 996864K, 100% used [0x0000000780000000,0x00000007bcd80000,0x00000007bcd80000)
  from space 25088K, 11% used [0x00000007bcd80000,0x00000007bd050200,0x00000007be600000)
  to   space 24064K, 0% used [0x00000007be880000,0x00000007be880000,0x00000007c0000000)
 ParOldGen       total 2097152K, used 173184K [0x0000000700000000, 0x0000000780000000, 0x0000000780000000)
  object space 2097152K, 8% used [0x0000000700000000,0x000000070a9201f8,0x0000000780000000)
 Metaspace       used 115947K, capacity 120509K, committed 120872K, reserved 1155072K
  class space    used 14024K, capacity 14958K, committed 14976K, reserved 1048576K
2020-10-27T13:44:22.398+0800: 84875.449: [GC (Allocation Failure) [PSYoungGen: 999744K->4000K(1026048K)] 1172928K->177185K(3123200K), 0.0675207 secs] [Times: user=0.15 sys=0.04, real=0.07 secs] 
Heap after GC invocations=280 (full 4):
 PSYoungGen      total 1026048K, used 4000K [0x0000000780000000, 0x00000007c0000000, 0x00000007c0000000)
  eden space 1001984K, 0% used [0x0000000780000000,0x0000000780000000,0x00000007bd280000)
  from space 24064K, 16% used [0x00000007be880000,0x00000007bec68360,0x00000007c0000000)
  to   space 22528K, 0% used [0x00000007bd280000,0x00000007bd280000,0x00000007be880000)
 ParOldGen       total 2097152K, used 173184K [0x0000000700000000, 0x0000000780000000, 0x0000000780000000)
  object space 2097152K, 8% used [0x0000000700000000,0x000000070a9201f8,0x0000000780000000)
 Metaspace       used 115947K, capacity 120509K, committed 120872K, reserved 1155072K
  class space    used 14024K, capacity 14958K, committed 14976K, reserved 1048576K
}
{Heap before GC invocations=281 (full 4):
 PSYoungGen      total 1026048K, used 1005984K [0x0000000780000000, 0x00000007c0000000, 0x00000007c0000000)
  eden space 1001984K, 100% used [0x0000000780000000,0x00000007bd280000,0x00000007bd280000)
  from space 24064K, 16% used [0x00000007be880000,0x00000007bec68360,0x00000007c0000000)
  to   space 22528K, 0% used [0x00000007bd280000,0x00000007bd280000,0x00000007be880000)
 ParOldGen       total 2097152K, used 173184K [0x0000000700000000, 0x0000000780000000, 0x0000000780000000)
  object space 2097152K, 8% used [0x0000000700000000,0x000000070a9201f8,0x0000000780000000)
 Metaspace       used 115947K, capacity 120509K, committed 120872K, reserved 1155072K
  class space    used 14024K, capacity 14958K, committed 14976K, reserved 1048576K
2020-10-27T13:49:27.371+0800: 85180.422: [GC (Allocation Failure) [PSYoungGen: 1005984K->2832K(1024512K)] 1179169K->176017K(3121664K), 0.0912436 secs] [Times: user=0.17 sys=0.06, real=0.09 secs] 
Heap after GC invocations=281 (full 4):
 PSYoungGen      total 1024512K, used 2832K [0x0000000780000000, 0x00000007c0000000, 0x00000007c0000000)
  eden space 1001984K, 0% used [0x0000000780000000,0x0000000780000000,0x00000007bd280000)
  from space 22528K, 12% used [0x00000007bd280000,0x00000007bd544230,0x00000007be880000)
  to   space 20992K, 0% used [0x00000007beb80000,0x00000007beb80000,0x00000007c0000000)
 ParOldGen       total 2097152K, used 173184K [0x0000000700000000, 0x0000000780000000, 0x0000000780000000)
  object space 2097152K, 8% used [0x0000000700000000,0x000000070a9201f8,0x0000000780000000)
 Metaspace       used 115947K, capacity 120509K, committed 120872K, reserved 1155072K
  class space    used 14024K, capacity 14958K, committed 14976K, reserved 1048576K
}
{Heap before GC invocations=282 (full 4):
 PSYoungGen      total 1024512K, used 1004816K [0x0000000780000000, 0x00000007c0000000, 0x00000007c0000000)
  eden space 1001984K, 100% used [0x0000000780000000,0x00000007bd280000,0x00000007bd280000)
  from space 22528K, 12% used [0x00000007bd280000,0x00000007bd544230,0x00000007be880000)
  to   space 20992K, 0% used [0x00000007beb80000,0x00000007beb80000,0x00000007c0000000)
 ParOldGen       total 2097152K, used 173184K [0x0000000700000000, 0x0000000780000000, 0x0000000780000000)
  object space 2097152K, 8% used [0x0000000700000000,0x000000070a9201f8,0x0000000780000000)
 Metaspace       used 115947K, capacity 120509K, committed 120872K, reserved 1155072K
  class space    used 14024K, capacity 14958K, committed 14976K, reserved 1048576K
2020-10-27T13:54:27.705+0800: 85480.756: [GC (Allocation Failure) [PSYoungGen: 1004816K->2912K(1028608K)] 1178001K->176104K(3125760K), 0.0236262 secs] [Times: user=0.10 sys=0.02, real=0.03 secs] 
Heap after GC invocations=282 (full 4):
 PSYoungGen      total 1028608K, used 2912K [0x0000000780000000, 0x00000007c0000000, 0x00000007c0000000)
  eden space 1007616K, 0% used [0x0000000780000000,0x0000000780000000,0x00000007bd800000)
  from space 20992K, 13% used [0x00000007beb80000,0x00000007bee581a0,0x00000007c0000000)
  to   space 19968K, 0% used [0x00000007bd800000,0x00000007bd800000,0x00000007beb80000)
 ParOldGen       total 2097152K, used 173192K [0x0000000700000000, 0x0000000780000000, 0x0000000780000000)
  object space 2097152K, 8% used [0x0000000700000000,0x000000070a9221f8,0x0000000780000000)
 Metaspace       used 115947K, capacity 120509K, committed 120872K, reserved 1155072K
  class space    used 14024K, capacity 14958K, committed 14976K, reserved 1048576K
}
{Heap before GC invocations=283 (full 4):
 PSYoungGen      total 1028608K, used 1010528K [0x0000000780000000, 0x00000007c0000000, 0x00000007c0000000)
  eden space 1007616K, 100% used [0x0000000780000000,0x00000007bd800000,0x00000007bd800000)
  from space 20992K, 13% used [0x00000007beb80000,0x00000007bee581a0,0x00000007c0000000)
  to   space 19968K, 0% used [0x00000007bd800000,0x00000007bd800000,0x00000007beb80000)
 ParOldGen       total 2097152K, used 173192K [0x0000000700000000, 0x0000000780000000, 0x0000000780000000)
  object space 2097152K, 8% used [0x0000000700000000,0x000000070a9221f8,0x0000000780000000)
 Metaspace       used 115947K, capacity 120509K, committed 120872K, reserved 1155072K
  class space    used 14024K, capacity 14958K, committed 14976K, reserved 1048576K
2020-10-27T13:59:32.412+0800: 85785.463: [GC (Allocation Failure) [PSYoungGen: 1010528K->2848K(1027584K)] 1183720K->176048K(3124736K), 0.1486223 secs] [Times: user=0.28 sys=0.02, real=0.15 secs] 
Heap after GC invocations=283 (full 4):
 PSYoungGen      total 1027584K, used 2848K [0x0000000780000000, 0x00000007c0000000, 0x00000007c0000000)
  eden space 1007616K, 0% used [0x0000000780000000,0x0000000780000000,0x00000007bd800000)
  from space 19968K, 14% used [0x00000007bd800000,0x00000007bdac8180,0x00000007beb80000)
  to   space 18944K, 0% used [0x00000007bed80000,0x00000007bed80000,0x00000007c0000000)
 ParOldGen       total 2097152K, used 173200K [0x0000000700000000, 0x0000000780000000, 0x0000000780000000)
  object space 2097152K, 8% used [0x0000000700000000,0x000000070a9241f8,0x0000000780000000)
 Metaspace       used 115947K, capacity 120509K, committed 120872K, reserved 1155072K
  class space    used 14024K, capacity 14958K, committed 14976K, reserved 1048576K
}
{Heap before GC invocations=284 (full 4):
 PSYoungGen      total 1027584K, used 1010464K [0x0000000780000000, 0x00000007c0000000, 0x00000007c0000000)
  eden space 1007616K, 100% used [0x0000000780000000,0x00000007bd800000,0x00000007bd800000)
  from space 19968K, 14% used [0x00000007bd800000,0x00000007bdac8180,0x00000007beb80000)
  to   space 18944K, 0% used [0x00000007bed80000,0x00000007bed80000,0x00000007c0000000)
 ParOldGen       total 2097152K, used 173200K [0x0000000700000000, 0x0000000780000000, 0x0000000780000000)
  object space 2097152K, 8% used [0x0000000700000000,0x000000070a9241f8,0x0000000780000000)
 Metaspace       used 115947K, capacity 120509K, committed 120872K, reserved 1155072K
  class space    used 14024K, capacity 14958K, committed 14976K, reserved 1048576K
2020-10-27T14:04:42.367+0800: 86095.418: [GC (Allocation Failure) [PSYoungGen: 1010464K->2848K(1030656K)] 1183664K->176048K(3127808K), 0.0963655 secs] [Times: user=0.20 sys=0.03, real=0.09 secs] 
Heap after GC invocations=284 (full 4):
 PSYoungGen      total 1030656K, used 2848K [0x0000000780000000, 0x00000007c0000000, 0x00000007c0000000)
  eden space 1011712K, 0% used [0x0000000780000000,0x0000000780000000,0x00000007bdc00000)
  from space 18944K, 15% used [0x00000007bed80000,0x00000007bf0481e0,0x00000007c0000000)
  to   space 17920K, 0% used [0x00000007bdc00000,0x00000007bdc00000,0x00000007bed80000)
 ParOldGen       total 2097152K, used 173200K [0x0000000700000000, 0x0000000780000000, 0x0000000780000000)
  object space 2097152K, 8% used [0x0000000700000000,0x000000070a9241f8,0x0000000780000000)
 Metaspace       used 115947K, capacity 120509K, committed 120872K, reserved 1155072K
  class space    used 14024K, capacity 14958K, committed 14976K, reserved 1048576K
}
{Heap before GC invocations=285 (full 4):
 PSYoungGen      total 1030656K, used 1014560K [0x0000000780000000, 0x00000007c0000000, 0x00000007c0000000)
  eden space 1011712K, 100% used [0x0000000780000000,0x00000007bdc00000,0x00000007bdc00000)
  from space 18944K, 15% used [0x00000007bed80000,0x00000007bf0481e0,0x00000007c0000000)
  to   space 17920K, 0% used [0x00000007bdc00000,0x00000007bdc00000,0x00000007bed80000)
 ParOldGen       total 2097152K, used 173200K [0x0000000700000000, 0x0000000780000000, 0x0000000780000000)
  object space 2097152K, 8% used [0x0000000700000000,0x000000070a9241f8,0x0000000780000000)
 Metaspace       used 115947K, capacity 120509K, committed 120872K, reserved 1155072K
  class space    used 14024K, capacity 14958K, committed 14976K, reserved 1048576K
2020-10-27T14:09:47.394+0800: 86400.445: [GC (Allocation Failure) [PSYoungGen: 1014560K->2928K(1029632K)] 1187760K->176128K(3126784K), 0.0232533 secs] [Times: user=0.09 sys=0.02, real=0.03 secs] 
Heap after GC invocations=285 (full 4):
 PSYoungGen      total 1029632K, used 2928K [0x0000000780000000, 0x00000007c0000000, 0x00000007c0000000)
  eden space 1011712K, 0% used [0x0000000780000000,0x0000000780000000,0x00000007bdc00000)
  from space 17920K, 16% used [0x00000007bdc00000,0x00000007bdedc1b0,0x00000007bed80000)
  to   space 16896K, 0% used [0x00000007bef80000,0x00000007bef80000,0x00000007c0000000)
 ParOldGen       total 2097152K, used 173200K [0x0000000700000000, 0x0000000780000000, 0x0000000780000000)
  object space 2097152K, 8% used [0x0000000700000000,0x000000070a9241f8,0x0000000780000000)
 Metaspace       used 115947K, capacity 120509K, committed 120872K, reserved 1155072K
  class space    used 14024K, capacity 14958K, committed 14976K, reserved 1048576K
}
{Heap before GC invocations=286 (full 4):
 PSYoungGen      total 1029632K, used 1014640K [0x0000000780000000, 0x00000007c0000000, 0x00000007c0000000)
  eden space 1011712K, 100% used [0x0000000780000000,0x00000007bdc00000,0x00000007bdc00000)
  from space 17920K, 16% used [0x00000007bdc00000,0x00000007bdedc1b0,0x00000007bed80000)
  to   space 16896K, 0% used [0x00000007bef80000,0x00000007bef80000,0x00000007c0000000)
 ParOldGen       total 2097152K, used 173200K [0x0000000700000000, 0x0000000780000000, 0x0000000780000000)
  object space 2097152K, 8% used [0x0000000700000000,0x000000070a9241f8,0x0000000780000000)
 Metaspace       used 115947K, capacity 120509K, committed 120872K, reserved 1155072K
  class space    used 14024K, capacity 14958K, committed 14976K, reserved 1048576K
2020-10-27T14:14:52.380+0800: 86705.431: [GC (Allocation Failure) [PSYoungGen: 1014640K->3760K(1032704K)] 1187840K->176969K(3129856K), 0.0841898 secs] [Times: user=0.10 sys=0.07, real=0.08 secs] 
Heap after GC invocations=286 (full 4):
 PSYoungGen      total 1032704K, used 3760K [0x0000000780000000, 0x00000007c0000000, 0x00000007c0000000)
  eden space 1015808K, 0% used [0x0000000780000000,0x0000000780000000,0x00000007be000000)
  from space 16896K, 22% used [0x00000007bef80000,0x00000007bf32c2b0,0x00000007c0000000)
  to   space 15872K, 0% used [0x00000007be000000,0x00000007be000000,0x00000007bef80000)
 ParOldGen       total 2097152K, used 173208K [0x0000000700000000, 0x0000000780000000, 0x0000000780000000)
  object space 2097152K, 8% used [0x0000000700000000,0x000000070a9261f8,0x0000000780000000)
 Metaspace       used 115947K, capacity 120509K, committed 120872K, reserved 1155072K
  class space    used 14024K, capacity 14958K, committed 14976K, reserved 1048576K
}
{Heap before GC invocations=287 (full 4):
 PSYoungGen      total 1032704K, used 1019568K [0x0000000780000000, 0x00000007c0000000, 0x00000007c0000000)
  eden space 1015808K, 100% used [0x0000000780000000,0x00000007be000000,0x00000007be000000)
  from space 16896K, 22% used [0x00000007bef80000,0x00000007bf32c2b0,0x00000007c0000000)
  to   space 15872K, 0% used [0x00000007be000000,0x00000007be000000,0x00000007bef80000)
 ParOldGen       total 2097152K, used 173208K [0x0000000700000000, 0x0000000780000000, 0x0000000780000000)
  object space 2097152K, 8% used [0x0000000700000000,0x000000070a9261f8,0x0000000780000000)
 Metaspace       used 116273K, capacity 120849K, committed 121128K, reserved 1155072K
  class space    used 14029K, capacity 14962K, committed 14976K, reserved 1048576K
2020-10-27T14:19:32.410+0800: 86985.461: [GC (Allocation Failure) [PSYoungGen: 1019568K->15870K(1031680K)] 1192777K->205960K(3128832K), 0.1577876 secs] [Times: user=0.12 sys=0.25, real=0.16 secs] 
Heap after GC invocations=287 (full 4):
 PSYoungGen      total 1031680K, used 15870K [0x0000000780000000, 0x00000007c0000000, 0x00000007c0000000)
  eden space 1015808K, 0% used [0x0000000780000000,0x0000000780000000,0x00000007be000000)
  from space 15872K, 99% used [0x00000007be000000,0x00000007bef7f968,0x00000007bef80000)
  to   space 16896K, 0% used [0x00000007bef80000,0x00000007bef80000,0x00000007c0000000)
 ParOldGen       total 2097152K, used 190090K [0x0000000700000000, 0x0000000780000000, 0x0000000780000000)
  object space 2097152K, 9% used [0x0000000700000000,0x000000070b9a2890,0x0000000780000000)
 Metaspace       used 116273K, capacity 120849K, committed 121128K, reserved 1155072K
  class space    used 14029K, capacity 14962K, committed 14976K, reserved 1048576K
}
{Heap before GC invocations=288 (full 4):
 PSYoungGen      total 1031680K, used 1031678K [0x0000000780000000, 0x00000007c0000000, 0x00000007c0000000)
  eden space 1015808K, 100% used [0x0000000780000000,0x00000007be000000,0x00000007be000000)
  from space 15872K, 99% used [0x00000007be000000,0x00000007bef7f968,0x00000007bef80000)
  to   space 16896K, 0% used [0x00000007bef80000,0x00000007bef80000,0x00000007c0000000)
 ParOldGen       total 2097152K, used 190090K [0x0000000700000000, 0x0000000780000000, 0x0000000780000000)
  object space 2097152K, 9% used [0x0000000700000000,0x000000070b9a2890,0x0000000780000000)
 Metaspace       used 116862K, capacity 121461K, committed 121768K, reserved 1157120K
  class space    used 14094K, capacity 15026K, committed 15104K, reserved 1048576K
2020-10-27T14:24:07.340+0800: 87260.391: [GC (Allocation Failure) [PSYoungGen: 1031678K->16893K(983552K)] 1221768K->244862K(3080704K), 0.4249317 secs] [Times: user=0.06 sys=0.67, real=0.42 secs] 
Heap after GC invocations=288 (full 4):
 PSYoungGen      total 983552K, used 16893K [0x0000000780000000, 0x00000007c0000000, 0x00000007c0000000)
  eden space 966656K, 0% used [0x0000000780000000,0x0000000780000000,0x00000007bb000000)
  from space 16896K, 99% used [0x00000007bef80000,0x00000007bffff480,0x00000007c0000000)
  to   space 40960K, 0% used [0x00000007bb000000,0x00000007bb000000,0x00000007bd800000)
 ParOldGen       total 2097152K, used 227969K [0x0000000700000000, 0x0000000780000000, 0x0000000780000000)
  object space 2097152K, 10% used [0x0000000700000000,0x000000070dea05a8,0x0000000780000000)
 Metaspace       used 116862K, capacity 121461K, committed 121768K, reserved 1157120K
  class space    used 14094K, capacity 15026K, committed 15104K, reserved 1048576K
}
{Heap before GC invocations=289 (full 4):
 PSYoungGen      total 983552K, used 983549K [0x0000000780000000, 0x00000007c0000000, 0x00000007c0000000)
  eden space 966656K, 100% used [0x0000000780000000,0x00000007bb000000,0x00000007bb000000)
  from space 16896K, 99% used [0x00000007bef80000,0x00000007bffff480,0x00000007c0000000)
  to   space 40960K, 0% used [0x00000007bb000000,0x00000007bb000000,0x00000007bd800000)
 ParOldGen       total 2097152K, used 227969K [0x0000000700000000, 0x0000000780000000, 0x0000000780000000)
  object space 2097152K, 10% used [0x0000000700000000,0x000000070dea05a8,0x0000000780000000)
 Metaspace       used 117180K, capacity 121779K, committed 122024K, reserved 1157120K
  class space    used 14112K, capacity 15039K, committed 15104K, reserved 1048576K
2020-10-27T14:28:02.824+0800: 87495.875: [GC (Allocation Failure) [PSYoungGen: 983549K->40948K(1007616K)] 1211518K->310392K(3104768K), 0.6345514 secs] [Times: user=0.00 sys=1.05, real=0.64 secs] 
Heap after GC invocations=289 (full 4):
 PSYoungGen      total 1007616K, used 40948K [0x0000000780000000, 0x00000007c0000000, 0x00000007c0000000)
  eden space 966656K, 0% used [0x0000000780000000,0x0000000780000000,0x00000007bb000000)
  from space 40960K, 99% used [0x00000007bb000000,0x00000007bd7fd388,0x00000007bd800000)
  to   space 40960K, 0% used [0x00000007bd800000,0x00000007bd800000,0x00000007c0000000)
 ParOldGen       total 2097152K, used 269443K [0x0000000700000000, 0x0000000780000000, 0x0000000780000000)
  object space 2097152K, 12% used [0x0000000700000000,0x0000000710720d48,0x0000000780000000)
 Metaspace       used 117180K, capacity 121779K, committed 122024K, reserved 1157120K
  class space    used 14112K, capacity 15039K, committed 15104K, reserved 1048576K
}
{Heap before GC invocations=290 (full 4):
 PSYoungGen      total 1007616K, used 1007604K [0x0000000780000000, 0x00000007c0000000, 0x00000007c0000000)
  eden space 966656K, 100% used [0x0000000780000000,0x00000007bb000000,0x00000007bb000000)
  from space 40960K, 99% used [0x00000007bb000000,0x00000007bd7fd388,0x00000007bd800000)
  to   space 40960K, 0% used [0x00000007bd800000,0x00000007bd800000,0x00000007c0000000)
 ParOldGen       total 2097152K, used 269443K [0x0000000700000000, 0x0000000780000000, 0x0000000780000000)
  object space 2097152K, 12% used [0x0000000700000000,0x0000000710720d48,0x0000000780000000)
 Metaspace       used 117372K, capacity 122087K, committed 122280K, reserved 1157120K
  class space    used 14129K, capacity 15069K, committed 15104K, reserved 1048576K
2020-10-27T14:32:37.445+0800: 87770.496: [GC (Allocation Failure) [PSYoungGen: 1007604K->40946K(945152K)] 1277048K->322639K(3042304K), 0.4195557 secs] [Times: user=0.27 sys=0.46, real=0.42 secs] 
Heap after GC invocations=290 (full 4):
 PSYoungGen      total 945152K, used 40946K [0x0000000780000000, 0x00000007c0000000, 0x00000007c0000000)
  eden space 904192K, 0% used [0x0000000780000000,0x0000000780000000,0x00000007b7300000)
  from space 40960K, 99% used [0x00000007bd800000,0x00000007bfffcbc8,0x00000007c0000000)
  to   space 72192K, 0% used [0x00000007b7300000,0x00000007b7300000,0x00000007bb980000)
 ParOldGen       total 2097152K, used 281693K [0x0000000700000000, 0x0000000780000000, 0x0000000780000000)
  object space 2097152K, 13% used [0x0000000700000000,0x0000000711317410,0x0000000780000000)
 Metaspace       used 117372K, capacity 122087K, committed 122280K, reserved 1157120K
  class space    used 14129K, capacity 15069K, committed 15104K, reserved 1048576K
}
{Heap before GC invocations=291 (full 4):
 PSYoungGen      total 945152K, used 945138K [0x0000000780000000, 0x00000007c0000000, 0x00000007c0000000)
  eden space 904192K, 100% used [0x0000000780000000,0x00000007b7300000,0x00000007b7300000)
  from space 40960K, 99% used [0x00000007bd800000,0x00000007bfffcbc8,0x00000007c0000000)
  to   space 72192K, 0% used [0x00000007b7300000,0x00000007b7300000,0x00000007bb980000)
 ParOldGen       total 2097152K, used 281693K [0x0000000700000000, 0x0000000780000000, 0x0000000780000000)
  object space 2097152K, 13% used [0x0000000700000000,0x0000000711317410,0x0000000780000000)
 Metaspace       used 117372K, capacity 122087K, committed 122280K, reserved 1157120K
  class space    used 14129K, capacity 15069K, committed 15104K, reserved 1048576K
2020-10-27T14:37:07.420+0800: 88040.471: [GC (Allocation Failure) [PSYoungGen: 945138K->42197K(946688K)] 1226831K->323898K(3043840K), 0.3464474 secs] [Times: user=0.16 sys=0.47, real=0.35 secs] 
Heap after GC invocations=291 (full 4):
 PSYoungGen      total 946688K, used 42197K [0x0000000780000000, 0x00000007c0000000, 0x00000007c0000000)
  eden space 904192K, 0% used [0x0000000780000000,0x0000000780000000,0x00000007b7300000)
  from space 42496K, 99% used [0x00000007b7300000,0x00000007b9c356a8,0x00000007b9c80000)
  to   space 74752K, 0% used [0x00000007bb700000,0x00000007bb700000,0x00000007c0000000)
 ParOldGen       total 2097152K, used 281701K [0x0000000700000000, 0x0000000780000000, 0x0000000780000000)
  object space 2097152K, 13% used [0x0000000700000000,0x0000000711319410,0x0000000780000000)
 Metaspace       used 117372K, capacity 122087K, committed 122280K, reserved 1157120K
  class space    used 14129K, capacity 15069K, committed 15104K, reserved 1048576K
}
{Heap before GC invocations=292 (full 4):
 PSYoungGen      total 946688K, used 946389K [0x0000000780000000, 0x00000007c0000000, 0x00000007c0000000)
  eden space 904192K, 100% used [0x0000000780000000,0x00000007b7300000,0x00000007b7300000)
  from space 42496K, 99% used [0x00000007b7300000,0x00000007b9c356a8,0x00000007b9c80000)
  to   space 74752K, 0% used [0x00000007bb700000,0x00000007bb700000,0x00000007c0000000)
 ParOldGen       total 2097152K, used 281701K [0x0000000700000000, 0x0000000780000000, 0x0000000780000000)
  object space 2097152K, 13% used [0x0000000700000000,0x0000000711319410,0x0000000780000000)
 Metaspace       used 117511K, capacity 122215K, committed 122280K, reserved 1157120K
  class space    used 14129K, capacity 15069K, committed 15104K, reserved 1048576K
2020-10-27T14:41:17.891+0800: 88290.942: [GC (Allocation Failure) [PSYoungGen: 946389K->58796K(958464K)] 1228090K->340505K(3055616K), 0.4810149 secs] [Times: user=0.16 sys=0.69, real=0.48 secs] 
Heap after GC invocations=292 (full 4):
 PSYoungGen      total 958464K, used 58796K [0x0000000780000000, 0x00000007c0000000, 0x00000007c0000000)
  eden space 883712K, 0% used [0x0000000780000000,0x0000000780000000,0x00000007b5f00000)
  from space 74752K, 78% used [0x00000007bb700000,0x00000007bf06b180,0x00000007c0000000)
  to   space 82432K, 0% used [0x00000007b5f00000,0x00000007b5f00000,0x00000007baf80000)
 ParOldGen       total 2097152K, used 281709K [0x0000000700000000, 0x0000000780000000, 0x0000000780000000)
  object space 2097152K, 13% used [0x0000000700000000,0x000000071131b410,0x0000000780000000)
 Metaspace       used 117511K, capacity 122215K, committed 122280K, reserved 1157120K
  class space    used 14129K, capacity 15069K, committed 15104K, reserved 1048576K
}
{Heap before GC invocations=293 (full 4):
 PSYoungGen      total 958464K, used 942508K [0x0000000780000000, 0x00000007c0000000, 0x00000007c0000000)
  eden space 883712K, 100% used [0x0000000780000000,0x00000007b5f00000,0x00000007b5f00000)
  from space 74752K, 78% used [0x00000007bb700000,0x00000007bf06b180,0x00000007c0000000)
  to   space 82432K, 0% used [0x00000007b5f00000,0x00000007b5f00000,0x00000007baf80000)
 ParOldGen       total 2097152K, used 281709K [0x0000000700000000, 0x0000000780000000, 0x0000000780000000)
  object space 2097152K, 13% used [0x0000000700000000,0x000000071131b410,0x0000000780000000)
 Metaspace       used 117551K, capacity 122279K, committed 122536K, reserved 1157120K
  class space    used 14129K, capacity 15069K, committed 15104K, reserved 1048576K
2020-10-27T14:45:28.609+0800: 88541.660: [GC (Allocation Failure) [PSYoungGen: 942508K->67941K(951808K)] 1224217K->349658K(3048960K), 0.3556684 secs] [Times: user=0.08 sys=0.57, real=0.35 secs] 
Heap after GC invocations=293 (full 4):
 PSYoungGen      total 951808K, used 67941K [0x0000000780000000, 0x00000007c0000000, 0x00000007c0000000)
  eden space 883712K, 0% used [0x0000000780000000,0x0000000780000000,0x00000007b5f00000)
  from space 68096K, 99% used [0x00000007b5f00000,0x00000007ba1595e8,0x00000007ba180000)
  to   space 91648K, 0% used [0x00000007ba680000,0x00000007ba680000,0x00000007c0000000)
 ParOldGen       total 2097152K, used 281717K [0x0000000700000000, 0x0000000780000000, 0x0000000780000000)
  object space 2097152K, 13% used [0x0000000700000000,0x000000071131d410,0x0000000780000000)
 Metaspace       used 117551K, capacity 122279K, committed 122536K, reserved 1157120K
  class space    used 14129K, capacity 15069K, committed 15104K, reserved 1048576K
}
{Heap before GC invocations=294 (full 4):
 PSYoungGen      total 951808K, used 951653K [0x0000000780000000, 0x00000007c0000000, 0x00000007c0000000)
  eden space 883712K, 100% used [0x0000000780000000,0x00000007b5f00000,0x00000007b5f00000)
  from space 68096K, 99% used [0x00000007b5f00000,0x00000007ba1595e8,0x00000007ba180000)
  to   space 91648K, 0% used [0x00000007ba680000,0x00000007ba680000,0x00000007c0000000)
 ParOldGen       total 2097152K, used 281717K [0x0000000700000000, 0x0000000780000000, 0x0000000780000000)
  object space 2097152K, 13% used [0x0000000700000000,0x000000071131d410,0x0000000780000000)
 Metaspace       used 117551K, capacity 122279K, committed 122536K, reserved 1157120K
  class space    used 14129K, capacity 15069K, committed 15104K, reserved 1048576K
2020-10-27T14:49:47.460+0800: 88800.511: [GC (Allocation Failure) [PSYoungGen: 951653K->67571K(942592K)] 1233370K->349288K(3039744K), 0.5055247 secs] [Times: user=0.07 sys=0.73, real=0.51 secs] 
Heap after GC invocations=294 (full 4):
 PSYoungGen      total 942592K, used 67571K [0x0000000780000000, 0x00000007c0000000, 0x00000007c0000000)
  eden space 850944K, 0% used [0x0000000780000000,0x0000000780000000,0x00000007b3f00000)
  from space 91648K, 73% used [0x00000007ba680000,0x00000007be87cfc8,0x00000007c0000000)
  to   space 98816K, 0% used [0x00000007b3f00000,0x00000007b3f00000,0x00000007b9f80000)
 ParOldGen       total 2097152K, used 281717K [0x0000000700000000, 0x0000000780000000, 0x0000000780000000)
  object space 2097152K, 13% used [0x0000000700000000,0x000000071131d410,0x0000000780000000)
 Metaspace       used 117551K, capacity 122279K, committed 122536K, reserved 1157120K
  class space    used 14129K, capacity 15069K, committed 15104K, reserved 1048576K
}
{Heap before GC invocations=295 (full 4):
 PSYoungGen      total 942592K, used 918515K [0x0000000780000000, 0x00000007c0000000, 0x00000007c0000000)
  eden space 850944K, 100% used [0x0000000780000000,0x00000007b3f00000,0x00000007b3f00000)
  from space 91648K, 73% used [0x00000007ba680000,0x00000007be87cfc8,0x00000007c0000000)
  to   space 98816K, 0% used [0x00000007b3f00000,0x00000007b3f00000,0x00000007b9f80000)
 ParOldGen       total 2097152K, used 281717K [0x0000000700000000, 0x0000000780000000, 0x0000000780000000)
  object space 2097152K, 13% used [0x0000000700000000,0x000000071131d410,0x0000000780000000)
 Metaspace       used 117551K, capacity 122279K, committed 122536K, reserved 1157120K
  class space    used 14129K, capacity 15069K, committed 15104K, reserved 1048576K
2020-10-27T14:53:58.584+0800: 89051.634: [GC (Allocation Failure) [PSYoungGen: 918515K->67442K(918528K)] 1200232K->349159K(3015680K), 0.4807636 secs] [Times: user=0.06 sys=0.73, real=0.48 secs] 
Heap after GC invocations=295 (full 4):
 PSYoungGen      total 918528K, used 67442K [0x0000000780000000, 0x00000007c0000000, 0x00000007c0000000)
  eden space 850944K, 0% used [0x0000000780000000,0x0000000780000000,0x00000007b3f00000)
  from space 67584K, 99% used [0x00000007b3f00000,0x00000007b80dcae8,0x00000007b8100000)
  to   space 104448K, 0% used [0x00000007b9a00000,0x00000007b9a00000,0x00000007c0000000)
 ParOldGen       total 2097152K, used 281717K [0x0000000700000000, 0x0000000780000000, 0x0000000780000000)
  object space 2097152K, 13% used [0x0000000700000000,0x000000071131d410,0x0000000780000000)
 Metaspace       used 117551K, capacity 122279K, committed 122536K, reserved 1157120K
  class space    used 14129K, capacity 15069K, committed 15104K, reserved 1048576K
}
{Heap before GC invocations=296 (full 4):
 PSYoungGen      total 918528K, used 918386K [0x0000000780000000, 0x00000007c0000000, 0x00000007c0000000)
  eden space 850944K, 100% used [0x0000000780000000,0x00000007b3f00000,0x00000007b3f00000)
  from space 67584K, 99% used [0x00000007b3f00000,0x00000007b80dcae8,0x00000007b8100000)
  to   space 104448K, 0% used [0x00000007b9a00000,0x00000007b9a00000,0x00000007c0000000)
 ParOldGen       total 2097152K, used 281717K [0x0000000700000000, 0x0000000780000000, 0x0000000780000000)
  object space 2097152K, 13% used [0x0000000700000000,0x000000071131d410,0x0000000780000000)
 Metaspace       used 117551K, capacity 122279K, committed 122536K, reserved 1157120K
  class space    used 14129K, capacity 15069K, committed 15104K, reserved 1048576K
2020-10-27T14:58:07.443+0800: 89300.493: [GC (Allocation Failure) [PSYoungGen: 918386K->68102K(934912K)] 1200103K->349819K(3032064K), 0.4491305 secs] [Times: user=0.01 sys=0.80, real=0.45 secs] 
Heap after GC invocations=296 (full 4):
 PSYoungGen      total 934912K, used 68102K [0x0000000780000000, 0x00000007c0000000, 0x00000007c0000000)
  eden space 830464K, 0% used [0x0000000780000000,0x0000000780000000,0x00000007b2b00000)
  from space 104448K, 65% used [0x00000007b9a00000,0x00000007bdc81ae8,0x00000007c0000000)
  to   space 109056K, 0% used [0x00000007b2b00000,0x00000007b2b00000,0x00000007b9580000)
 ParOldGen       total 2097152K, used 281717K [0x0000000700000000, 0x0000000780000000, 0x0000000780000000)
  object space 2097152K, 13% used [0x0000000700000000,0x000000071131d410,0x0000000780000000)
 Metaspace       used 117551K, capacity 122279K, committed 122536K, reserved 1157120K
  class space    used 14129K, capacity 15069K, committed 15104K, reserved 1048576K
}
{Heap before GC invocations=297 (full 4):
 PSYoungGen      total 934912K, used 898566K [0x0000000780000000, 0x00000007c0000000, 0x00000007c0000000)
  eden space 830464K, 100% used [0x0000000780000000,0x00000007b2b00000,0x00000007b2b00000)
  from space 104448K, 65% used [0x00000007b9a00000,0x00000007bdc81ae8,0x00000007c0000000)
  to   space 109056K, 0% used [0x00000007b2b00000,0x00000007b2b00000,0x00000007b9580000)
 ParOldGen       total 2097152K, used 281717K [0x0000000700000000, 0x0000000780000000, 0x0000000780000000)
  object space 2097152K, 13% used [0x0000000700000000,0x000000071131d410,0x0000000780000000)
 Metaspace       used 117551K, capacity 122279K, committed 122536K, reserved 1157120K
  class space    used 14129K, capacity 15069K, committed 15104K, reserved 1048576K
2020-10-27T15:02:12.437+0800: 89545.488: [GC (Allocation Failure) [PSYoungGen: 898566K->68047K(898560K)] 1180283K->349764K(2995712K), 0.6235708 secs] [Times: user=0.00 sys=1.01, real=0.62 secs] 
Heap after GC invocations=297 (full 4):
 PSYoungGen      total 898560K, used 68047K [0x0000000780000000, 0x00000007c0000000, 0x00000007c0000000)
  eden space 830464K, 0% used [0x0000000780000000,0x0000000780000000,0x00000007b2b00000)
  from space 68096K, 99% used [0x00000007b2b00000,0x00000007b6d73c88,0x00000007b6d80000)
  to   space 112128K, 0% used [0x00000007b9280000,0x00000007b9280000,0x00000007c0000000)
 ParOldGen       total 2097152K, used 281717K [0x0000000700000000, 0x0000000780000000, 0x0000000780000000)
  object space 2097152K, 13% used [0x0000000700000000,0x000000071131d410,0x0000000780000000)
 Metaspace       used 117551K, capacity 122279K, committed 122536K, reserved 1157120K
  class space    used 14129K, capacity 15069K, committed 15104K, reserved 1048576K
}
{Heap before GC invocations=298 (full 4):
 PSYoungGen      total 898560K, used 898511K [0x0000000780000000, 0x00000007c0000000, 0x00000007c0000000)
  eden space 830464K, 100% used [0x0000000780000000,0x00000007b2b00000,0x00000007b2b00000)
  from space 68096K, 99% used [0x00000007b2b00000,0x00000007b6d73c88,0x00000007b6d80000)
  to   space 112128K, 0% used [0x00000007b9280000,0x00000007b9280000,0x00000007c0000000)
 ParOldGen       total 2097152K, used 281717K [0x0000000700000000, 0x0000000780000000, 0x0000000780000000)
  object space 2097152K, 13% used [0x0000000700000000,0x000000071131d410,0x0000000780000000)
 Metaspace       used 117551K, capacity 122279K, committed 122536K, reserved 1157120K
  class space    used 14129K, capacity 15069K, committed 15104K, reserved 1048576K
2020-10-27T15:06:17.455+0800: 89790.505: [GC (Allocation Failure) [PSYoungGen: 898511K->68069K(932352K)] 1180228K->349786K(3029504K), 0.8212024 secs] [Times: user=0.00 sys=1.31, real=0.83 secs] 
Heap after GC invocations=298 (full 4):
 PSYoungGen      total 932352K, used 68069K [0x0000000780000000, 0x00000007c0000000, 0x00000007c0000000)
  eden space 820224K, 0% used [0x0000000780000000,0x0000000780000000,0x00000007b2100000)
  from space 112128K, 60% used [0x00000007b9280000,0x00000007bd4f96f8,0x00000007c0000000)
  to   space 114176K, 0% used [0x00000007b2100000,0x00000007b2100000,0x00000007b9080000)
 ParOldGen       total 2097152K, used 281717K [0x0000000700000000, 0x0000000780000000, 0x0000000780000000)
  object space 2097152K, 13% used [0x0000000700000000,0x000000071131d410,0x0000000780000000)
 Metaspace       used 117551K, capacity 122279K, committed 122536K, reserved 1157120K
  class space    used 14129K, capacity 15069K, committed 15104K, reserved 1048576K
}
{Heap before GC invocations=299 (full 4):
 PSYoungGen      total 932352K, used 888293K [0x0000000780000000, 0x00000007c0000000, 0x00000007c0000000)
  eden space 820224K, 100% used [0x0000000780000000,0x00000007b2100000,0x00000007b2100000)
  from space 112128K, 60% used [0x00000007b9280000,0x00000007bd4f96f8,0x00000007c0000000)
  to   space 114176K, 0% used [0x00000007b2100000,0x00000007b2100000,0x00000007b9080000)
 ParOldGen       total 2097152K, used 281717K [0x0000000700000000, 0x0000000780000000, 0x0000000780000000)
  object space 2097152K, 13% used [0x0000000700000000,0x000000071131d410,0x0000000780000000)
 Metaspace       used 117551K, capacity 122279K, committed 122536K, reserved 1157120K
  class space    used 14129K, capacity 15069K, committed 15104K, reserved 1048576K
2020-10-27T15:10:17.427+0800: 90030.477: [GC (Allocation Failure) [PSYoungGen: 888293K->68125K(888832K)] 1170010K->349842K(2985984K), 0.5391304 secs] [Times: user=0.13 sys=0.82, real=0.55 secs] 
Heap after GC invocations=299 (full 4):
 PSYoungGen      total 888832K, used 68125K [0x0000000780000000, 0x00000007c0000000, 0x00000007c0000000)
  eden space 820224K, 0% used [0x0000000780000000,0x0000000780000000,0x00000007b2100000)
  from space 68608K, 99% used [0x00000007b2100000,0x00000007b63877c8,0x00000007b6400000)
  to   space 115200K, 0% used [0x00000007b8f80000,0x00000007b8f80000,0x00000007c0000000)
 ParOldGen       total 2097152K, used 281717K [0x0000000700000000, 0x0000000780000000, 0x0000000780000000)
  object space 2097152K, 13% used [0x0000000700000000,0x000000071131d410,0x0000000780000000)
 Metaspace       used 117551K, capacity 122279K, committed 122536K, reserved 1157120K
  class space    used 14129K, capacity 15069K, committed 15104K, reserved 1048576K
}
{Heap before GC invocations=300 (full 4):
 PSYoungGen      total 888832K, used 888349K [0x0000000780000000, 0x00000007c0000000, 0x00000007c0000000)
  eden space 820224K, 100% used [0x0000000780000000,0x00000007b2100000,0x00000007b2100000)
  from space 68608K, 99% used [0x00000007b2100000,0x00000007b63877c8,0x00000007b6400000)
  to   space 115200K, 0% used [0x00000007b8f80000,0x00000007b8f80000,0x00000007c0000000)
 ParOldGen       total 2097152K, used 281717K [0x0000000700000000, 0x0000000780000000, 0x0000000780000000)
  object space 2097152K, 13% used [0x0000000700000000,0x000000071131d410,0x0000000780000000)
 Metaspace       used 117552K, capacity 122279K, committed 122536K, reserved 1157120K
  class space    used 14130K, capacity 15069K, committed 15104K, reserved 1048576K
2020-10-27T15:14:18.954+0800: 90272.005: [GC (Allocation Failure) [PSYoungGen: 888349K->68558K(932352K)] 1170066K->350275K(3029504K), 0.4143828 secs] [Times: user=0.02 sys=0.71, real=0.42 secs] 
Heap after GC invocations=300 (full 4):
 PSYoungGen      total 932352K, used 68558K [0x0000000780000000, 0x00000007c0000000, 0x00000007c0000000)
  eden space 817152K, 0% used [0x0000000780000000,0x0000000780000000,0x00000007b1e00000)
  from space 115200K, 59% used [0x00000007b8f80000,0x00000007bd273aa8,0x00000007c0000000)
  to   space 115712K, 0% used [0x00000007b1e00000,0x00000007b1e00000,0x00000007b8f00000)
 ParOldGen       total 2097152K, used 281717K [0x0000000700000000, 0x0000000780000000, 0x0000000780000000)
  object space 2097152K, 13% used [0x0000000700000000,0x000000071131d410,0x0000000780000000)
 Metaspace       used 117552K, capacity 122279K, committed 122536K, reserved 1157120K
  class space    used 14130K, capacity 15069K, committed 15104K, reserved 1048576K
}
{Heap before GC invocations=301 (full 4):
 PSYoungGen      total 932352K, used 885710K [0x0000000780000000, 0x00000007c0000000, 0x00000007c0000000)
  eden space 817152K, 100% used [0x0000000780000000,0x00000007b1e00000,0x00000007b1e00000)
  from space 115200K, 59% used [0x00000007b8f80000,0x00000007bd273aa8,0x00000007c0000000)
  to   space 115712K, 0% used [0x00000007b1e00000,0x00000007b1e00000,0x00000007b8f00000)
 ParOldGen       total 2097152K, used 281717K [0x0000000700000000, 0x0000000780000000, 0x0000000780000000)
  object space 2097152K, 13% used [0x0000000700000000,0x000000071131d410,0x0000000780000000)
 Metaspace       used 117552K, capacity 122279K, committed 122536K, reserved 1157120K
  class space    used 14130K, capacity 15069K, committed 15104K, reserved 1048576K
2020-10-27T15:18:19.386+0800: 90512.437: [GC (Allocation Failure) [PSYoungGen: 885710K->67922K(932864K)] 1167427K->349735K(3030016K), 0.1773999 secs] [Times: user=0.09 sys=0.29, real=0.17 secs] 
Heap after GC invocations=301 (full 4):
 PSYoungGen      total 932864K, used 67922K [0x0000000780000000, 0x00000007c0000000, 0x00000007c0000000)
  eden space 817152K, 0% used [0x0000000780000000,0x0000000780000000,0x00000007b1e00000)
  from space 115712K, 58% used [0x00000007b1e00000,0x00000007b6054b98,0x00000007b8f00000)
  to   space 115712K, 0% used [0x00000007b8f00000,0x00000007b8f00000,0x00000007c0000000)
 ParOldGen       total 2097152K, used 281813K [0x0000000700000000, 0x0000000780000000, 0x0000000780000000)
  object space 2097152K, 13% used [0x0000000700000000,0x0000000711335420,0x0000000780000000)
 Metaspace       used 117552K, capacity 122279K, committed 122536K, reserved 1157120K
  class space    used 14130K, capacity 15069K, committed 15104K, reserved 1048576K
}
{Heap before GC invocations=302 (full 4):
 PSYoungGen      total 932864K, used 885074K [0x0000000780000000, 0x00000007c0000000, 0x00000007c0000000)
  eden space 817152K, 100% used [0x0000000780000000,0x00000007b1e00000,0x00000007b1e00000)
  from space 115712K, 58% used [0x00000007b1e00000,0x00000007b6054b98,0x00000007b8f00000)
  to   space 115712K, 0% used [0x00000007b8f00000,0x00000007b8f00000,0x00000007c0000000)
 ParOldGen       total 2097152K, used 281813K [0x0000000700000000, 0x0000000780000000, 0x0000000780000000)
  object space 2097152K, 13% used [0x0000000700000000,0x0000000711335420,0x0000000780000000)
 Metaspace       used 117552K, capacity 122279K, committed 122536K, reserved 1157120K
  class space    used 14130K, capacity 15069K, committed 15104K, reserved 1048576K
2020-10-27T15:22:19.583+0800: 90752.634: [GC (Allocation Failure) [PSYoungGen: 885074K->60881K(935936K)] 1166887K->349841K(3033088K), 0.1837752 secs] [Times: user=0.14 sys=0.28, real=0.19 secs] 
